Component: ARM Compiler 5.06 update 6 (build 750) Tool: armlink [4d35ed]

==============================================================================

Section Cross References

    startup_stm32f303xe.o(RESET) refers to startup_stm32f303xe.o(STACK) for __initial_sp
    startup_stm32f303xe.o(RESET) refers to startup_stm32f303xe.o(.text) for Reset_Handler
    startup_stm32f303xe.o(RESET) refers to stm32f3xx_it.o(i.NMI_Handler) for NMI_Handler
    startup_stm32f303xe.o(RESET) refers to stm32f3xx_it.o(i.HardFault_Handler) for HardFault_Handler
    startup_stm32f303xe.o(RESET) refers to stm32f3xx_it.o(i.MemManage_Handler) for MemManage_Handler
    startup_stm32f303xe.o(RESET) refers to stm32f3xx_it.o(i.BusFault_Handler) for BusFault_Handler
    startup_stm32f303xe.o(RESET) refers to stm32f3xx_it.o(i.UsageFault_Handler) for UsageFault_Handler
    startup_stm32f303xe.o(RESET) refers to stm32f3xx_it.o(i.SVC_Handler) for SVC_Handler
    startup_stm32f303xe.o(RESET) refers to stm32f3xx_it.o(i.DebugMon_Handler) for DebugMon_Handler
    startup_stm32f303xe.o(RESET) refers to stm32f3xx_it.o(i.PendSV_Handler) for PendSV_Handler
    startup_stm32f303xe.o(RESET) refers to stm32f3xx_it.o(i.SysTick_Handler) for SysTick_Handler
    startup_stm32f303xe.o(RESET) refers to stm32f3xx_it.o(i.EXTI0_IRQHandler) for EXTI0_IRQHandler
    startup_stm32f303xe.o(RESET) refers to stm32f3xx_it.o(i.USB_LP_CAN_RX0_IRQHandler) for USB_LP_CAN_RX0_IRQHandler
    startup_stm32f303xe.o(.text) refers to system_stm32f3xx.o(i.SystemInit) for SystemInit
    startup_stm32f303xe.o(.text) refers to entry.o(.ARM.Collect$$$$00000000) for __main
    main.o(i.MX_GPIO_Init) refers to memseta.o(.text) for __aeabi_memclr4
    main.o(i.MX_GPIO_Init) refers to stm32f3xx_hal_gpio.o(i.HAL_GPIO_WritePin) for HAL_GPIO_WritePin
    main.o(i.MX_GPIO_Init) refers to stm32f3xx_hal_gpio.o(i.HAL_GPIO_Init) for HAL_GPIO_Init
    main.o(i.MX_GPIO_Init) refers to stm32f3xx_hal_cortex.o(i.HAL_NVIC_SetPriority) for HAL_NVIC_SetPriority
    main.o(i.MX_GPIO_Init) refers to stm32f3xx_hal_cortex.o(i.HAL_NVIC_EnableIRQ) for HAL_NVIC_EnableIRQ
    main.o(i.MX_USART3_UART_Init) refers to stm32f3xx_hal_uart.o(i.HAL_UART_Init) for HAL_UART_Init
    main.o(i.MX_USART3_UART_Init) refers to main.o(.bss) for .bss
    main.o(i.SystemClock_Config) refers to memseta.o(.text) for __aeabi_memclr4
    main.o(i.SystemClock_Config) refers to stm32f3xx_hal_rcc.o(i.HAL_RCC_OscConfig) for HAL_RCC_OscConfig
    main.o(i.SystemClock_Config) refers to stm32f3xx_hal_rcc.o(i.HAL_RCC_ClockConfig) for HAL_RCC_ClockConfig
    main.o(i.SystemClock_Config) refers to stm32f3xx_hal_rcc_ex.o(i.HAL_RCCEx_PeriphCLKConfig) for HAL_RCCEx_PeriphCLKConfig
    main.o(i.main) refers to stm32f3xx_hal.o(i.HAL_Init) for HAL_Init
    main.o(i.main) refers to main.o(i.SystemClock_Config) for SystemClock_Config
    main.o(i.main) refers to main.o(i.MX_GPIO_Init) for MX_GPIO_Init
    main.o(i.main) refers to stm32f3xx_hal_rtc.o(i.HAL_RTC_Init) for HAL_RTC_Init
    main.o(i.main) refers to main.o(i.MX_USART3_UART_Init) for MX_USART3_UART_Init
    main.o(i.main) refers to stm32f3xx_hal_pcd.o(i.HAL_PCD_Init) for HAL_PCD_Init
    main.o(i.main) refers to app_x-cube-ble1.o(i.MX_BlueNRG_MS_Init) for MX_BlueNRG_MS_Init
    main.o(i.main) refers to app_x-cube-ble1.o(i.MX_BlueNRG_MS_Process) for MX_BlueNRG_MS_Process
    main.o(i.main) refers to main.o(.bss) for .bss
    hci_tl_interface.o(i.HCI_TL_SPI_DeInit) refers to stm32f3xx_hal_gpio.o(i.HAL_GPIO_DeInit) for HAL_GPIO_DeInit
    hci_tl_interface.o(i.HCI_TL_SPI_Init) refers to stm32f3xx_hal_gpio.o(i.HAL_GPIO_Init) for HAL_GPIO_Init
    hci_tl_interface.o(i.HCI_TL_SPI_Init) refers to stm32f3xx_nucleo_bus.o(i.BSP_SPI1_Init) for BSP_SPI1_Init
    hci_tl_interface.o(i.HCI_TL_SPI_Receive) refers to stm32f3xx_hal_gpio.o(i.HAL_GPIO_WritePin) for HAL_GPIO_WritePin
    hci_tl_interface.o(i.HCI_TL_SPI_Receive) refers to stm32f3xx_nucleo_bus.o(i.BSP_SPI1_SendRecv) for BSP_SPI1_SendRecv
    hci_tl_interface.o(i.HCI_TL_SPI_Reset) refers to stm32f3xx_hal_gpio.o(i.HAL_GPIO_WritePin) for HAL_GPIO_WritePin
    hci_tl_interface.o(i.HCI_TL_SPI_Reset) refers to stm32f3xx_hal.o(i.HAL_Delay) for HAL_Delay
    hci_tl_interface.o(i.HCI_TL_SPI_Send) refers to stm32f3xx_hal.o(i.HAL_GetTick) for HAL_GetTick
    hci_tl_interface.o(i.HCI_TL_SPI_Send) refers to stm32f3xx_hal_gpio.o(i.HAL_GPIO_WritePin) for HAL_GPIO_WritePin
    hci_tl_interface.o(i.HCI_TL_SPI_Send) refers to stm32f3xx_nucleo_bus.o(i.BSP_SPI1_SendRecv) for BSP_SPI1_SendRecv
    hci_tl_interface.o(i.HCI_TL_SPI_Send) refers to hci_tl_interface.o(.bss) for .bss
    hci_tl_interface.o(i.hci_tl_lowlevel_init) refers to hci_tl.o(i.hci_register_io_bus) for hci_register_io_bus
    hci_tl_interface.o(i.hci_tl_lowlevel_init) refers to stm32f3xx_hal_exti.o(i.HAL_EXTI_GetHandle) for HAL_EXTI_GetHandle
    hci_tl_interface.o(i.hci_tl_lowlevel_init) refers to stm32f3xx_hal_exti.o(i.HAL_EXTI_RegisterCallback) for HAL_EXTI_RegisterCallback
[...]
    ../Middlewares/ST/BlueNRG-MS/hci/controller/bluenrg_l2cap_aci.c 0x00000000   Number         0  bluenrg_l2cap_aci.o ABSOLUTE
    ../Middlewares/ST/BlueNRG-MS/hci/controller/bluenrg_updater_aci.c 0x00000000   Number         0  bluenrg_updater_aci.o ABSOLUTE
    ../Middlewares/ST/BlueNRG-MS/hci/controller/bluenrg_utils_small.c 0x00000000   Number         0  bluenrg_utils_small.o ABSOLUTE
    ../Middlewares/ST/BlueNRG-MS/hci/hci_le.c 0x00000000   Number         0  hci_le.o ABSOLUTE
    ../Middlewares/ST/BlueNRG-MS/hci/hci_tl_patterns/Basic/hci_tl.c 0x00000000   Number         0  hci_tl.o ABSOLUTE
    ../Middlewares/ST/BlueNRG-MS/utils/ble_list.c 0x00000000   Number         0  ble_list.o ABSOLUTE
    ../Src/app_x-cube-ble1.c                 0x00000000   Number         0  app_x-cube-ble1.o ABSOLUTE
    ../Src/gatt_db.c                         0x00000000   Number         0  gatt_db.o ABSOLUTE
    ../Src/hci_tl_interface.c                0x00000000   Number         0  hci_tl_interface.o ABSOLUTE
    ../Src/main.c                            0x00000000   Number         0  main.o ABSOLUTE
    ../Src/sensor.c                          0x00000000   Number         0  sensor.o ABSOLUTE
    ../Src/stm32f3xx_hal_exti.c              0x00000000   Number         0  stm32f3xx_hal_exti.o ABSOLUTE
    ../Src/stm32f3xx_hal_msp.c               0x00000000   Number         0  stm32f3xx_hal_msp.o ABSOLUTE
    ../Src/stm32f3xx_it.c                    0x00000000   Number         0  stm32f3xx_it.o ABSOLUTE
    ../Src/stm32f3xx_nucleo_bus.c            0x00000000   Number         0  stm32f3xx_nucleo_bus.o ABSOLUTE
    ../Src/system_stm32f3xx.c                0x00000000   Number         0  system_stm32f3xx.o ABSOLUTE
    ../clib/microlib/division.c              0x00000000   Number         0  uldiv.o ABSOLUTE
    ../clib/microlib/init/entry.s            0x00000000   Number         0  entry8b.o ABSOLUTE
    ../clib/microlib/init/entry.s            0x00000000   Number         0  entry7a.o ABSOLUTE
    ../clib/microlib/init/entry.s            0x00000000   Number         0  entry7b.o ABSOLUTE
    ../clib/microlib/init/entry.s            0x00000000   Number         0  entry8a.o ABSOLUTE
    ../clib/microlib/init/entry.s            0x00000000   Number         0  entry.o ABSOLUTE
    ../clib/microlib/init/entry.s            0x00000000   Number         0  entry2.o ABSOLUTE
    ../clib/microlib/init/entry.s            0x00000000   Number         0  entry11b.o ABSOLUTE
    ../clib/microlib/init/entry.s            0x00000000   Number         0  entry5.o ABSOLUTE
    ../clib/microlib/init/entry.s            0x00000000   Number         0  entry11a.o ABSOLUTE
    ../clib/microlib/init/entry.s            0x00000000   Number         0  entry10b.o ABSOLUTE
    ../clib/microlib/init/entry.s            0x00000000   Number         0  entry10a.o ABSOLUTE
    ../clib/microlib/init/entry.s            0x00000000   Number         0  entry9b.o ABSOLUTE
    ../clib/microlib/init/entry.s            0x00000000   Number         0  entry9a.o ABSOLUTE
    ../clib/microlib/longlong.c              0x00000000   Number         0  llushr.o ABSOLUTE
    ../clib/microlib/longlong.c              0x00000000   Number         0  llshl.o ABSOLUTE
    ../clib/microlib/longlong.c              0x00000000   Number         0  llsshr.o ABSOLUTE
    ../clib/microlib/stdlib/rand.c           0x00000000   Number         0  rand.o ABSOLUTE
    ../clib/microlib/string/memcpy.c         0x00000000   Number         0  memcpya.o ABSOLUTE
    ../clib/microlib/string/memcpy.c         0x00000000   Number         0  memcpyb.o ABSOLUTE
    ../clib/microlib/string/memset.c         0x00000000   Number         0  memseta.o ABSOLUTE
    ../clib/microlib/string/strlen.c         0x00000000   Number         0  strlen.o ABSOLUTE
    ../clib/microlib/stubs.s                 0x00000000   Number         0  iusefp.o ABSOLUTE
    ../fplib/microlib/d2f.c                  0x00000000   Number         0  d2f.o ABSOLUTE
    ../fplib/microlib/fpadd.c                0x00000000   Number         0  dadd.o ABSOLUTE
    ../fplib/microlib/fpepilogue.c           0x00000000   Number         0  fepilogue.o ABSOLUTE
    ../fplib/microlib/fpepilogue.c           0x00000000   Number         0  depilogue.o ABSOLUTE
    ../fplib/microlib/fpflt.c                0x00000000   Number         0  dfltul.o ABSOLUTE
    ..\Drivers\BSP\STM32F3xx_Nucleo\stm32f3xx_nucleo.c 0x00000000   Number         0  stm32f3xx_nucleo.o ABSOLUTE
    ..\Drivers\STM32F3xx_HAL_Driver\Src\stm32f3xx_hal.c 0x00000000   Number         0  stm32f3xx_hal.o ABSOLUTE
    ..\Drivers\STM32F3xx_HAL_Driver\Src\stm32f3xx_hal_cortex.c 0x00000000   Number         0  stm32f3xx_hal_cortex.o ABSOLUTE
    ..\Drivers\STM32F3xx_HAL_Driver\Src\stm32f3xx_hal_dma.c 0x00000000   Number         0  stm32f3xx_hal_dma.o ABSOLUTE
    ..\Drivers\STM32F3xx_HAL_Driver\Src\stm32f3xx_hal_flash.c 0x00000000   Number         0  stm32f3xx_hal_flash.o ABSOLUTE
    ..\Drivers\STM32F3xx_HAL_Driver\Src\stm32f3xx_hal_flash_ex.c 0x00000000   Number         0  stm32f3xx_hal_flash_ex.o ABSOLUTE
    ..\Drivers\STM32F3xx_HAL_Driver\Src\stm32f3xx_hal_gpio.c 0x00000000   Number         0  stm32f3xx_hal_gpio.o ABSOLUTE
    ..\Drivers\STM32F3xx_HAL_Driver\Src\stm32f3xx_hal_i2c.c 0x00000000   Number         0  stm32f3xx_hal_i2c.o ABSOLUTE
    ..\Drivers\STM32F3xx_HAL_Driver\Src\stm32f3xx_hal_i2c_ex.c 0x00000000   Number         0  stm32f3xx_hal_i2c_ex.o ABSOLUTE
    ..\Drivers\STM32F3xx_HAL_Driver\Src\stm32f3xx_hal_pcd.c 0x00000000   Number         0  stm32f3xx_hal_pcd.o ABSOLUTE
    ..\Drivers\STM32F3xx_HAL_Driver\Src\stm32f3xx_hal_pcd_ex.c 0x00000000   Number         0  stm32f3xx_hal_pcd_ex.o ABSOLUTE
    ..\Drivers\STM32F3xx_HAL_Driver\Src\stm32f3xx_hal_pwr.c 0x00000000   Number         0  stm32f3xx_hal_pwr.o ABSOLUTE
    ..\Drivers\STM32F3xx_HAL_Driver\Src\stm32f3xx_hal_pwr_ex.c 0x00000000   Number         0  stm32f3xx_hal_pwr_ex.o ABSOLUTE
    ..\Drivers\STM32F3xx_HAL_Driver\Src\stm32f3xx_hal_rcc.c 0x00000000   Number         0  stm32f3xx_hal_rcc.o ABSOLUTE
    ..\Drivers\STM32F3xx_HAL_Driver\Src\stm32f3xx_hal_rcc_ex.c 0x00000000   Number         0  stm32f3xx_hal_rcc_ex.o ABSOLUTE
    ..\Drivers\STM32F3xx_HAL_Driver\Src\stm32f3xx_hal_rtc.c 0x00000000   Number         0  stm32f3xx_hal_rtc.o ABSOLUTE
    ..\Drivers\STM32F3xx_HAL_Driver\Src\stm32f3xx_hal_rtc_ex.c 0x00000000   Number         0  stm32f3xx_hal_rtc_ex.o ABSOLUTE
    ..\Drivers\STM32F3xx_HAL_Driver\Src\stm32f3xx_hal_spi.c 0x00000000   Number         0  stm32f3xx_hal_spi.o ABSOLUTE
    ..\Drivers\STM32F3xx_HAL_Driver\Src\stm32f3xx_hal_spi_ex.c 0x00000000   Number         0  stm32f3xx_hal_spi_ex.o ABSOLUTE
    ..\Drivers\STM32F3xx_HAL_Driver\Src\stm32f3xx_hal_tim.c 0x00000000   Number         0  stm32f3xx_hal_tim.o ABSOLUTE
    ..\Drivers\STM32F3xx_HAL_Driver\Src\stm32f3xx_hal_tim_ex.c 0x00000000   Number         0  stm32f3xx_hal_tim_ex.o ABSOLUTE
    ..\Drivers\STM32F3xx_HAL_Driver\Src\stm32f3xx_hal_uart.c 0x00000000   Number         0  stm32f3xx_hal_uart.o ABSOLUTE
    ..\Drivers\STM32F3xx_HAL_Driver\Src\stm32f3xx_hal_uart_ex.c 0x00000000   Number         0  stm32f3xx_hal_uart_ex.o ABSOLUTE
    ..\Middlewares\ST\BlueNRG-MS\hci\controller\bluenrg_gap_aci.c 0x00000000   Number         0  bluenrg_gap_aci.o ABSOLUTE
    ..\Middlewares\ST\BlueNRG-MS\hci\controller\bluenrg_gatt_aci.c 0x00000000   Number         0  bluenrg_gatt_aci.o ABSOLUTE
    ..\Middlewares\ST\BlueNRG-MS\hci\controller\bluenrg_hal_aci.c 0x00000000   Number         0  bluenrg_hal_aci.o ABSOLUTE
    ..\Middlewares\ST\BlueNRG-MS\hci\controller\bluenrg_l2cap_aci.c 0x00000000   Number         0  bluenrg_l2cap_aci.o ABSOLUTE
    ..\Middlewares\ST\BlueNRG-MS\hci\controller\bluenrg_updater_aci.c 0x00000000   Number         0  bluenrg_updater_aci.o ABSOLUTE
    ..\Middlewares\ST\BlueNRG-MS\hci\controller\bluenrg_utils_small.c 0x00000000   Number         0  bluenrg_utils_small.o ABSOLUTE
    ..\Middlewares\ST\BlueNRG-MS\hci\hci_le.c 0x00000000   Number         0  hci_le.o ABSOLUTE
    ..\Middlewares\ST\BlueNRG-MS\hci\hci_tl_patterns\Basic\hci_tl.c 0x00000000   Number         0  hci_tl.o ABSOLUTE
    ..\Middlewares\ST\BlueNRG-MS\utils\ble_list.c 0x00000000   Number         0  ble_list.o ABSOLUTE
    ..\Src\app_x-cube-ble1.c                 0x00000000   Number         0  app_x-cube-ble1.o ABSOLUTE
    ..\Src\gatt_db.c                         0x00000000   Number         0  gatt_db.o ABSOLUTE
    ..\Src\hci_tl_interface.c                0x00000000   Number         0  hci_tl_interface.o ABSOLUTE
    ..\Src\main.c                            0x00000000   Number         0  main.o ABSOLUTE
    ..\Src\sensor.c                          0x00000000   Number         0  sensor.o ABSOLUTE
    ..\Src\stm32f3xx_hal_exti.c              0x00000000   Number         0  stm32f3xx_hal_exti.o ABSOLUTE
    ..\Src\stm32f3xx_hal_msp.c               0x00000000   Number         0  stm32f3xx_hal_msp.o ABSOLUTE
    ..\Src\stm32f3xx_it.c                    0x00000000   Number         0  stm32f3xx_it.o ABSOLUTE
    ..\Src\stm32f3xx_nucleo_bus.c            0x00000000   Number         0  stm32f3xx_nucleo_bus.o ABSOLUTE
    ..\Src\system_stm32f3xx.c                0x00000000   Number         0  system_stm32f3xx.o ABSOLUTE
    dc.s                                     0x00000000   Number         0  dc.o ABSOLUTE
    handlers.s                               0x00000000   Number         0  handlers.o ABSOLUTE
    init.s                                   0x00000000   Number         0  init.o ABSOLUTE
    startup_stm32f303xe.s                    0x00000000   Number         0  startup_stm32f303xe.o ABSOLUTE
    RESET                                    0x08000000   Section      404  startup_stm32f303xe.o(RESET)
    .ARM.Collect$$$$00000000                 0x08000194   Section        0  entry.o(.ARM.Collect$$$$00000000)
    .ARM.Collect$$$$00000001                 0x08000194   Section        4  entry2.o(.ARM.Collect$$$$00000001)
    .ARM.Collect$$$$00000004                 0x08000198   Section        4  entry5.o(.ARM.Collect$$$$00000004)
    .ARM.Collect$$$$00000008                 0x0800019c   Section        0  entry7b.o(.ARM.Collect$$$$00000008)
    .ARM.Collect$$$$0000000A                 0x0800019c   Section        0  entry8b.o(.ARM.Collect$$$$0000000A)
    .ARM.Collect$$$$0000000B                 0x0800019c   Section        8  entry9a.o(.ARM.Collect$$$$0000000B)
    .ARM.Collect$$$$0000000D                 0x080001a4   Section        0  entry10a.o(.ARM.Collect$$$$0000000D)
    .ARM.Collect$$$$0000000F                 0x080001a4   Section        0  entry11a.o(.ARM.Collect$$$$0000000F)
    .ARM.Collect$$$$00002712                 0x080001a4   Section        4  entry2.o(.ARM.Collect$$$$00002712)
    __lit__00000000                          0x080001a4   Data           4  entry2.o(.ARM.Collect$$$$00002712)
    .text                                    0x080001a8   Section       36  startup_stm32f303xe.o(.text)
    $v0                                      0x080001a8   Number         0  startup_stm32f303xe.o(.text)
    .text                                    0x080001cc   Section        0  uldiv.o(.text)
    .text                                    0x0800022e   Section        0  llushr.o(.text)
    .text                                    0x08000250   Section        0  rand.o(.text)
    .text                                    0x08000274   Section        0  memcpya.o(.text)
    .text                                    0x08000298   Section        0  memseta.o(.text)
    .text                                    0x080002bc   Section        0  strlen.o(.text)
    .text                                    0x080002ca   Section        0  dadd.o(.text)
    .text                                    0x08000418   Section        0  dfltul.o(.text)
    .text                                    0x08000430   Section        0  d2f.o(.text)
    .text                                    0x08000468   Section        0  llshl.o(.text)
    .text                                    0x08000486   Section        0  llsshr.o(.text)
    .text                                    0x080004aa   Section        0  iusefp.o(.text)
    .text                                    0x080004aa   Section        0  fepilogue.o(.text)
    .text                                    0x08000518   Section        0  depilogue.o(.text)
    .text                                    0x080005d4   Section       36  init.o(.text)
    i.Acc_Update                             0x080005f8   Section        0  gatt_db.o(i.Acc_Update)
    i.Add_HWServW2ST_Service                 0x080006bc   Section        0  gatt_db.o(i.Add_HWServW2ST_Service)
    i.Add_SWServW2ST_Service                 0x08000840   Section        0  gatt_db.o(i.Add_SWServW2ST_Service)
    i.BSP_COM_Init                           0x0800093c   Section        0  stm32f3xx_nucleo.o(i.BSP_COM_Init)
    i.BSP_GetTick                            0x080009bc   Section        0  stm32f3xx_nucleo_bus.o(i.BSP_GetTick)
    i.BSP_LED_Init                           0x080009c0   Section        0  stm32f3xx_nucleo.o(i.BSP_LED_Init)
    i.BSP_LED_Toggle                         0x08000a18   Section        0  stm32f3xx_nucleo.o(i.BSP_LED_Toggle)
    i.BSP_PB_Callback                        0x08000a38   Section        0  app_x-cube-ble1.o(i.BSP_PB_Callback)
    i.BSP_PB_GetState                        0x08000a44   Section        0  stm32f3xx_nucleo.o(i.BSP_PB_GetState)
    i.BSP_PB_Init                            0x08000a68   Section        0  stm32f3xx_nucleo.o(i.BSP_PB_Init)
    i.BSP_SPI1_Init                          0x08000b14   Section        0  stm32f3xx_nucleo_bus.o(i.BSP_SPI1_Init)
    i.BSP_SPI1_SendRecv                      0x08000b54   Section        0  stm32f3xx_nucleo_bus.o(i.BSP_SPI1_SendRecv)
    i.BUTTON_USER_EXTI_Callback              0x08000b78   Section        0  stm32f3xx_nucleo.o(i.BUTTON_USER_EXTI_Callback)
    BUTTON_USER_EXTI_Callback                0x08000b79   Thumb Code    10  stm32f3xx_nucleo.o(i.BUTTON_USER_EXTI_Callback)
    i.BlueMS_Environmental_Update            0x08000b84   Section        0  gatt_db.o(i.BlueMS_Environmental_Update)
    i.BusFault_Handler                       0x08000bdc   Section        0  stm32f3xx_it.o(i.BusFault_Handler)
    i.DebugMon_Handler                       0x08000bde   Section        0  stm32f3xx_it.o(i.DebugMon_Handler)
    i.EXTI0_IRQHandler                       0x08000be0   Section        0  stm32f3xx_it.o(i.EXTI0_IRQHandler)
    i.GAP_ConnectionComplete_CB              0x08000bec   Section        0  sensor.o(i.GAP_ConnectionComplete_CB)
    i.GAP_DisconnectionComplete_CB           0x08000c00   Section        0  sensor.o(i.GAP_DisconnectionComplete_CB)
    i.HAL_Delay                              0x08000c14   Section        0  stm32f3xx_hal.o(i.HAL_Delay)
    i.HAL_EXTI_GetHandle                     0x08000c38   Section        0  stm32f3xx_hal_exti.o(i.HAL_EXTI_GetHandle)
    i.HAL_EXTI_IRQHandler                    0x08000c44   Section        0  stm32f3xx_hal_exti.o(i.HAL_EXTI_IRQHandler)
    i.HAL_EXTI_RegisterCallback              0x08000c68   Section        0  stm32f3xx_hal_exti.o(i.HAL_EXTI_RegisterCallback)
    i.HAL_GPIO_DeInit                        0x08000c78   Section        0  stm32f3xx_hal_gpio.o(i.HAL_GPIO_DeInit)
    i.HAL_GPIO_Init                          0x08000db8   Section        0  stm32f3xx_hal_gpio.o(i.HAL_GPIO_Init)
    i.HAL_GPIO_ReadPin                       0x08000f84   Section        0  stm32f3xx_hal_gpio.o(i.HAL_GPIO_ReadPin)
    i.HAL_GPIO_TogglePin                     0x08000f8e   Section        0  stm32f3xx_hal_gpio.o(i.HAL_GPIO_TogglePin)
    i.HAL_GPIO_WritePin                      0x08000f96   Section        0  stm32f3xx_hal_gpio.o(i.HAL_GPIO_WritePin)
    i.HAL_GetTick                            0x08000fa0   Section        0  stm32f3xx_hal.o(i.HAL_GetTick)
    i.HAL_IncTick                            0x08000fac   Section        0  stm32f3xx_hal.o(i.HAL_IncTick)
    i.HAL_Init                               0x08000fbc   Section        0  stm32f3xx_hal.o(i.HAL_Init)
    i.HAL_InitTick                           0x08000fe0   Section        0  stm32f3xx_hal.o(i.HAL_InitTick)
    i.HAL_MspInit                            0x08001020   Section        0  stm32f3xx_hal_msp.o(i.HAL_MspInit)
    i.HAL_NVIC_EnableIRQ                     0x0800104c   Section        0  stm32f3xx_hal_cortex.o(i.HAL_NVIC_EnableIRQ)
    i.HAL_NVIC_SetPriority                   0x08001064   Section        0  stm32f3xx_hal_cortex.o(i.HAL_NVIC_SetPriority)
    i.HAL_NVIC_SetPriorityGrouping           0x080010a4   Section        0  stm32f3xx_hal_cortex.o(i.HAL_NVIC_SetPriorityGrouping)
    i.HAL_PCD_DataInStageCallback            0x080010c8   Section        0  stm32f3xx_hal_pcd.o(i.HAL_PCD_DataInStageCallback)
    i.HAL_PCD_DataOutStageCallback           0x080010ca   Section        0  stm32f3xx_hal_pcd.o(i.HAL_PCD_DataOutStageCallback)
    i.HAL_PCD_EP_Receive                     0x080010cc   Section        0  stm32f3xx_hal_pcd.o(i.HAL_PCD_EP_Receive)
    i.HAL_PCD_EP_Transmit                    0x0800116e   Section        0  stm32f3xx_hal_pcd.o(i.HAL_PCD_EP_Transmit)
    i.HAL_PCD_IRQHandler                     0x0800123a   Section        0  stm32f3xx_hal_pcd.o(i.HAL_PCD_IRQHandler)
    i.HAL_PCD_Init                           0x0800132a   Section        0  stm32f3xx_hal_pcd.o(i.HAL_PCD_Init)
    i.HAL_PCD_MspInit                        0x080013d0   Section        0  stm32f3xx_hal_msp.o(i.HAL_PCD_MspInit)
    i.HAL_PCD_ResetCallback                  0x0800140c   Section        0  stm32f3xx_hal_pcd.o(i.HAL_PCD_ResetCallback)
    i.HAL_PCD_ResumeCallback                 0x0800140e   Section        0  stm32f3xx_hal_pcd.o(i.HAL_PCD_ResumeCallback)
    i.HAL_PCD_SOFCallback                    0x08001410   Section        0  stm32f3xx_hal_pcd.o(i.HAL_PCD_SOFCallback)
    i.HAL_PCD_SetAddress                     0x08001412   Section        0  stm32f3xx_hal_pcd.o(i.HAL_PCD_SetAddress)
    i.HAL_PCD_SetupStageCallback             0x0800143e   Section        0  stm32f3xx_hal_pcd.o(i.HAL_PCD_SetupStageCallback)
    i.HAL_PCD_SuspendCallback                0x08001440   Section        0  stm32f3xx_hal_pcd.o(i.HAL_PCD_SuspendCallback)
    i.HAL_RCCEx_PeriphCLKConfig              0x08001444   Section        0  stm32f3xx_hal_rcc_ex.o(i.HAL_RCCEx_PeriphCLKConfig)
    i.HAL_RCC_ClockConfig                    0x080016d8   Section        0  stm32f3xx_hal_rcc.o(i.HAL_RCC_ClockConfig)
    i.HAL_RCC_GetPCLK1Freq                   0x0800181c   Section        0  stm32f3xx_hal_rcc.o(i.HAL_RCC_GetPCLK1Freq)
    i.HAL_RCC_GetPCLK2Freq                   0x0800184c   Section        0  stm32f3xx_hal_rcc.o(i.HAL_RCC_GetPCLK2Freq)
    i.HAL_RCC_GetSysClockFreq                0x0800187c   Section        0  stm32f3xx_hal_rcc.o(i.HAL_RCC_GetSysClockFreq)
    i.HAL_RCC_OscConfig                      0x080018d4   Section        0  stm32f3xx_hal_rcc.o(i.HAL_RCC_OscConfig)
    i.HAL_RTC_Init                           0x08001e6c   Section        0  stm32f3xx_hal_rtc.o(i.HAL_RTC_Init)
    i.HAL_RTC_MspInit                        0x08001f18   Section        0  stm32f3xx_hal_msp.o(i.HAL_RTC_MspInit)
    i.HAL_RTC_WaitForSynchro                 0x08001f40   Section        0  stm32f3xx_hal_rtc.o(i.HAL_RTC_WaitForSynchro)
    i.HAL_SPI_GetState                       0x08001f76   Section        0  stm32f3xx_hal_spi.o(i.HAL_SPI_GetState)
    i.HAL_SPI_Init                           0x08001f7c   Section        0  stm32f3xx_hal_spi.o(i.HAL_SPI_Init)
    i.HAL_SPI_MspInit                        0x08002032   Section        0  stm32f3xx_hal_spi.o(i.HAL_SPI_MspInit)
    i.HAL_SPI_TransmitReceive                0x08002034   Section        0  stm32f3xx_hal_spi.o(i.HAL_SPI_TransmitReceive)
    i.HAL_SYSTICK_Config                     0x08002272   Section        0  stm32f3xx_hal_cortex.o(i.HAL_SYSTICK_Config)
    i.HAL_UART_Init                          0x0800229a   Section        0  stm32f3xx_hal_uart.o(i.HAL_UART_Init)
    i.HAL_UART_MspInit                       0x08002304   Section        0  stm32f3xx_hal_msp.o(i.HAL_UART_MspInit)
    i.HCI_TL_SPI_DeInit                      0x0800236c   Section        0  hci_tl_interface.o(i.HCI_TL_SPI_DeInit)
    i.HCI_TL_SPI_Init                        0x08002390   Section        0  hci_tl_interface.o(i.HCI_TL_SPI_Init)
    i.HCI_TL_SPI_Receive                     0x080023f4   Section        0  hci_tl_interface.o(i.HCI_TL_SPI_Receive)
    i.HCI_TL_SPI_Reset                       0x08002470   Section        0  hci_tl_interface.o(i.HCI_TL_SPI_Reset)
    i.HCI_TL_SPI_Send                        0x080024a0   Section        0  hci_tl_interface.o(i.HCI_TL_SPI_Send)
    i.HardFault_Handler                      0x08002530   Section        0  stm32f3xx_it.o(i.HardFault_Handler)
    i.MX_BlueNRG_MS_Init                     0x08002534   Section        0  app_x-cube-ble1.o(i.MX_BlueNRG_MS_Init)
    i.MX_BlueNRG_MS_Process                  0x08002650   Section        0  app_x-cube-ble1.o(i.MX_BlueNRG_MS_Process)
    i.MX_GPIO_Init                           0x08002660   Section        0  main.o(i.MX_GPIO_Init)
    MX_GPIO_Init                             0x08002661   Thumb Code   318  main.o(i.MX_GPIO_Init)
    i.MX_SPI1_Init                           0x080027b4   Section        0  stm32f3xx_nucleo_bus.o(i.MX_SPI1_Init)
    i.MX_USART2_UART_Init                    0x080027f8   Section        0  stm32f3xx_nucleo.o(i.MX_USART2_UART_Init)
    i.MX_USART3_UART_Init                    0x08002828   Section        0  main.o(i.MX_USART3_UART_Init)
    MX_USART3_UART_Init                      0x08002829   Thumb Code    36  main.o(i.MX_USART3_UART_Init)
    i.MemManage_Handler                      0x08002854   Section        0  stm32f3xx_it.o(i.MemManage_Handler)
    i.NMI_Handler                            0x08002856   Section        0  stm32f3xx_it.o(i.NMI_Handler)
    i.NVIC_SetPriority                       0x08002858   Section        0  stm32f3xx_hal_cortex.o(i.NVIC_SetPriority)
    NVIC_SetPriority                         0x08002859   Thumb Code    32  stm32f3xx_hal_cortex.o(i.NVIC_SetPriority)
    i.PCD_EP_ISR_Handler                     0x08002878   Section        0  stm32f3xx_hal_pcd.o(i.PCD_EP_ISR_Handler)
    PCD_EP_ISR_Handler                       0x08002879   Thumb Code   812  stm32f3xx_hal_pcd.o(i.PCD_EP_ISR_Handler)
    i.PCD_ReadPMA                            0x08002ba4   Section        0  stm32f3xx_hal_pcd_ex.o(i.PCD_ReadPMA)
    i.PCD_WritePMA                           0x08002bcc   Section        0  stm32f3xx_hal_pcd_ex.o(i.PCD_WritePMA)
    i.PendSV_Handler                         0x08002bf2   Section        0  stm32f3xx_it.o(i.PendSV_Handler)
    i.Quat_Update                            0x08002bf4   Section        0  gatt_db.o(i.Quat_Update)
    i.RTC_EnterInitMode                      0x08002c54   Section        0  stm32f3xx_hal_rtc.o(i.RTC_EnterInitMode)
    i.Read_Request_CB                        0x08002c90   Section        0  gatt_db.o(i.Read_Request_CB)
    i.Reset_Motion_Values                    0x08002d74   Section        0  app_x-cube-ble1.o(i.Reset_Motion_Values)
    Reset_Motion_Values                      0x08002d75   Thumb Code   234  app_x-cube-ble1.o(i.Reset_Motion_Values)
    i.SPI1_MspInit                           0x08002e70   Section        0  stm32f3xx_nucleo_bus.o(i.SPI1_MspInit)
    SPI1_MspInit                             0x08002e71   Thumb Code    96  stm32f3xx_nucleo_bus.o(i.SPI1_MspInit)
    i.SPI_EndRxTxTransaction                 0x08002ed8   Section        0  stm32f3xx_hal_spi.o(i.SPI_EndRxTxTransaction)
    SPI_EndRxTxTransaction                   0x08002ed9   Thumb Code    72  stm32f3xx_hal_spi.o(i.SPI_EndRxTxTransaction)
    i.SPI_WaitFifoStateUntilTimeout          0x08002f20   Section        0  stm32f3xx_hal_spi.o(i.SPI_WaitFifoStateUntilTimeout)
    SPI_WaitFifoStateUntilTimeout            0x08002f21   Thumb Code   158  stm32f3xx_hal_spi.o(i.SPI_WaitFifoStateUntilTimeout)
    i.SPI_WaitFlagStateUntilTimeout          0x08002fbe   Section        0  stm32f3xx_hal_spi.o(i.SPI_WaitFlagStateUntilTimeout)
    SPI_WaitFlagStateUntilTimeout            0x08002fbf   Thumb Code   148  stm32f3xx_hal_spi.o(i.SPI_WaitFlagStateUntilTimeout)
    i.SVC_Handler                            0x08003052   Section        0  stm32f3xx_it.o(i.SVC_Handler)
    i.Set_DeviceConnectable                  0x08003054   Section        0  sensor.o(i.Set_DeviceConnectable)
    i.Set_Random_Environmental_Values        0x080030fc   Section        0  app_x-cube-ble1.o(i.Set_Random_Environmental_Values)
    Set_Random_Environmental_Values          0x080030fd   Thumb Code    92  app_x-cube-ble1.o(i.Set_Random_Environmental_Values)
    i.Set_Random_Motion_Values               0x08003168   Section        0  app_x-cube-ble1.o(i.Set_Random_Motion_Values)
    Set_Random_Motion_Values                 0x08003169   Thumb Code  1228  app_x-cube-ble1.o(i.Set_Random_Motion_Values)
    i.SysTick_Handler                        0x08003634   Section        0  stm32f3xx_it.o(i.SysTick_Handler)
    i.SystemClock_Config                     0x08003638   Section        0  main.o(i.SystemClock_Config)
    i.SystemInit                             0x080036b0   Section        0  system_stm32f3xx.o(i.SystemInit)
    i.UART_AdvFeatureConfig                  0x08003718   Section        0  stm32f3xx_hal_uart.o(i.UART_AdvFeatureConfig)
    i.UART_CheckIdleState                    0x080037e0   Section        0  stm32f3xx_hal_uart.o(i.UART_CheckIdleState)
    i.UART_SetConfig                         0x0800383c   Section        0  stm32f3xx_hal_uart.o(i.UART_SetConfig)
    i.UART_WaitOnFlagUntilTimeout            0x08003a14   Section        0  stm32f3xx_hal_uart.o(i.UART_WaitOnFlagUntilTimeout)
    i.USB_LP_CAN_RX0_IRQHandler              0x08003a78   Section        0  stm32f3xx_it.o(i.USB_LP_CAN_RX0_IRQHandler)
    i.UsageFault_Handler                     0x08003a84   Section        0  stm32f3xx_it.o(i.UsageFault_Handler)
    i.User_Process                           0x08003a88   Section        0  app_x-cube-ble1.o(i.User_Process)
    User_Process                             0x08003a89   Thumb Code   142  app_x-cube-ble1.o(i.User_Process)
    i.__scatterload_copy                     0x08003b38   Section       14  handlers.o(i.__scatterload_copy)
    i.__scatterload_null                     0x08003b46   Section        2  handlers.o(i.__scatterload_null)
    i.__scatterload_zeroinit                 0x08003b48   Section       14  handlers.o(i.__scatterload_zeroinit)
    i.aci_gap_init_IDB04A1                   0x08003b56   Section        0  bluenrg_gap_aci.o(i.aci_gap_init_IDB04A1)
    i.aci_gap_init_IDB05A1                   0x08003bbe   Section        0  bluenrg_gap_aci.o(i.aci_gap_init_IDB05A1)
    i.aci_gap_set_auth_requirement           0x08003c2e   Section        0  bluenrg_gap_aci.o(i.aci_gap_set_auth_requirement)
    i.aci_gap_set_discoverable               0x08003ca2   Section        0  bluenrg_gap_aci.o(i.aci_gap_set_discoverable)
    i.aci_gap_update_adv_data                0x08003d6e   Section        0  bluenrg_gap_aci.o(i.aci_gap_update_adv_data)
    i.aci_gatt_add_char                      0x08003dc6   Section        0  bluenrg_gatt_aci.o(i.aci_gatt_add_char)
    i.aci_gatt_add_serv                      0x08003e7c   Section        0  bluenrg_gatt_aci.o(i.aci_gatt_add_serv)
    i.aci_gatt_allow_read                    0x08003ef8   Section        0  bluenrg_gatt_aci.o(i.aci_gatt_allow_read)
    i.aci_gatt_init                          0x08003f3e   Section        0  bluenrg_gatt_aci.o(i.aci_gatt_init)
    i.aci_gatt_update_char_value             0x08003f78   Section        0  bluenrg_gatt_aci.o(i.aci_gatt_update_char_value)
    i.aci_hal_set_tx_power_level             0x08003ff2   Section        0  bluenrg_hal_aci.o(i.aci_hal_set_tx_power_level)
    i.aci_hal_write_config_data              0x0800403a   Section        0  bluenrg_hal_aci.o(i.aci_hal_write_config_data)
    i.getBlueNRGVersion                      0x08004098   Section        0  bluenrg_utils_small.o(i.getBlueNRGVersion)
    i.hci_init                               0x080040e4   Section        0  hci_tl.o(i.hci_init)
    i.hci_le_read_local_version              0x08004140   Section        0  hci_le.o(i.hci_le_read_local_version)
    i.hci_le_set_scan_resp_data              0x080041bc   Section        0  hci_le.o(i.hci_le_set_scan_resp_data)
    i.hci_notify_asynch_evt                  0x0800421c   Section        0  hci_tl.o(i.hci_notify_asynch_evt)
    i.hci_register_io_bus                    0x08004284   Section        0  hci_tl.o(i.hci_register_io_bus)
    i.hci_reset                              0x080042a0   Section        0  hci_le.o(i.hci_reset)
    i.hci_send_req                           0x080042d8   Section        0  hci_tl.o(i.hci_send_req)
    i.hci_tl_lowlevel_init                   0x08004460   Section        0  hci_tl_interface.o(i.hci_tl_lowlevel_init)
    i.hci_tl_lowlevel_isr                    0x080044cc   Section        0  hci_tl_interface.o(i.hci_tl_lowlevel_isr)
    i.hci_user_evt_proc                      0x080044ec   Section        0  hci_tl.o(i.hci_user_evt_proc)
    i.list_get_size                          0x08004528   Section        0  ble_list.o(i.list_get_size)
    i.list_init_head                         0x08004544   Section        0  ble_list.o(i.list_init_head)
    i.list_insert_head                       0x0800454a   Section        0  ble_list.o(i.list_insert_head)
    i.list_insert_tail                       0x08004562   Section        0  ble_list.o(i.list_insert_tail)
    i.list_is_empty                          0x0800457a   Section        0  ble_list.o(i.list_is_empty)
    i.list_remove_head                       0x08004592   Section        0  ble_list.o(i.list_remove_head)
    i.list_remove_node                       0x080045b6   Section        0  ble_list.o(i.list_remove_node)
    i.list_remove_tail                       0x080045cc   Section        0  ble_list.o(i.list_remove_tail)
    i.main                                   0x080045f0   Section        0  main.o(i.main)
    i.move_list                              0x08004650   Section        0  hci_tl.o(i.move_list)
    move_list                                0x08004651   Thumb Code    36  hci_tl.o(i.move_list)
    i.user_notify                            0x08004674   Section        0  sensor.o(i.user_notify)
    .constdata                               0x080046b4   Section       20  stm32f3xx_nucleo.o(.constdata)
    BUTTON_IRQn                              0x080046b4   Data           1  stm32f3xx_nucleo.o(.constdata)
    LED_PIN                                  0x080046b6   Data           2  stm32f3xx_nucleo.o(.constdata)
    BUTTON_PIN                               0x080046b8   Data           2  stm32f3xx_nucleo.o(.constdata)
    ButtonCallback                           0x080046bc   Data           4  stm32f3xx_nucleo.o(.constdata)
    BSP_BUTTON_PRIO                          0x080046c0   Data           4  stm32f3xx_nucleo.o(.constdata)
    BUTTON_EXTI_LINE                         0x080046c4   Data           4  stm32f3xx_nucleo.o(.constdata)
    .constdata                               0x080046c8   Section       32  stm32f3xx_hal_rcc.o(.constdata)
    .constdata                               0x080046e8   Section       16  system_stm32f3xx.o(.constdata)
    .constdata                               0x080046f8   Section        8  system_stm32f3xx.o(.constdata)
    .data                                    0x20000000   Section        8  hci_tl_interface.o(.data)
    .data                                    0x20000008   Section       14  app_x-cube-ble1.o(.data)
    user_button_init_state                   0x20000009   Data           1  app_x-cube-ble1.o(.data)
    user_button_pressed                      0x2000000a   Data           1  app_x-cube-ble1.o(.data)
    counter                                  0x2000000c   Data           4  app_x-cube-ble1.o(.data)
    .data                                    0x20000016   Section       10  gatt_db.o(.data)
    .data                                    0x20000020   Section        8  sensor.o(.data)
    .data                                    0x20000028   Section        4  stm32f3xx_nucleo_bus.o(.data)
    SPI1InitCounter                          0x20000028   Data           4  stm32f3xx_nucleo_bus.o(.data)
    .data                                    0x2000002c   Section       24  stm32f3xx_nucleo.o(.data)
    COM_ActiveLogPort                        0x2000002c   Data           1  stm32f3xx_nucleo.o(.data)
    LED_PORT                                 0x20000030   Data           4  stm32f3xx_nucleo.o(.data)
    BUTTON_PORT                              0x20000034   Data           4  stm32f3xx_nucleo.o(.data)
    .data                                    0x20000044   Section       12  stm32f3xx_hal.o(.data)
    .data                                    0x20000050   Section        4  system_stm32f3xx.o(.data)
    .data                                    0x20000054   Section       16  hci_tl.o(.data)
    .data                                    0x20000064   Section        4  rand.o(.data)
    _rand_state                              0x20000064   Data           4  rand.o(.data)
    .bss                                     0x20000068   Section     1080  main.o(.bss)
    .bss                                     0x200004a0   Section      255  hci_tl_interface.o(.bss)
    read_char_buf                            0x200004a0   Data         255  hci_tl_interface.o(.bss)
    .bss                                     0x200005a0   Section       32  gatt_db.o(.bss)
    .bss                                     0x200005c0   Section       12  sensor.o(.bss)
    .bss                                     0x200005cc   Section       12  sensor.o(.bss)
    .bss                                     0x200005d8   Section       12  sensor.o(.bss)
    .bss                                     0x200005e4   Section       12  sensor.o(.bss)
    .bss                                     0x200005f0   Section      100  stm32f3xx_nucleo_bus.o(.bss)
    .bss                                     0x20000654   Section      112  stm32f3xx_nucleo.o(.bss)
    .bss                                     0x200006c4   Section      732  hci_tl.o(.bss)
    hciReadPacketBuffer                      0x200006c4   Data         700  hci_tl.o(.bss)
    hciContext                               0x20000980   Data          32  hci_tl.o(.bss)
    STACK                                    0x200009a0   Section     1024  startup_stm32f303xe.o(STACK)

    Global Symbols

    Symbol Name                              Value     Ov Type        Size  Object(Section)

    BuildAttributes$$THM_ISAv4$E$P$D$K$B$S$7EM$VFPi3$EXTD16$VFPS$VFMA$PE$A:L22UL41UL21$X:L11$S22US41US21$IEEE1$IW$USESV6$~STKCKD$USESV7$~SHL$OTIME$ROPI$EBA8$MICROLIB$REQ8$PRES8$EABIv2 0x00000000   Number         0  anon$$obj.o ABSOLUTE
    __ARM_use_no_argv                        0x00000000   Number         0  main.o ABSOLUTE
    __cpp_initialize__aeabi_                  - Undefined Weak Reference
    __cxa_finalize                            - Undefined Weak Reference
    __decompress                              - Undefined Weak Reference
    _clock_init                               - Undefined Weak Reference
    _microlib_exit                            - Undefined Weak Reference
    __Vectors_Size                           0x00000194   Number         0  startup_stm32f303xe.o ABSOLUTE
    __Vectors                                0x08000000   Data           4  startup_stm32f303xe.o(RESET)
    __Vectors_End                            0x08000194   Data           0  startup_stm32f303xe.o(RESET)
    __main                                   0x08000195   Thumb Code     0  entry.o(.ARM.Collect$$$$00000000)
    _main_stk                                0x08000195   Thumb Code     0  entry2.o(.ARM.Collect$$$$00000001)
    _main_scatterload                        0x08000199   Thumb Code     0  entry5.o(.ARM.Collect$$$$00000004)
    __main_after_scatterload                 0x0800019d   Thumb Code     0  entry5.o(.ARM.Collect$$$$00000004)
    _main_clock                              0x0800019d   Thumb Code     0  entry7b.o(.ARM.Collect$$$$00000008)
    _main_cpp_init                           0x0800019d   Thumb Code     0  entry8b.o(.ARM.Collect$$$$0000000A)
    _main_init                               0x0800019d   Thumb Code     0  entry9a.o(.ARM.Collect$$$$0000000B)
    __rt_final_cpp                           0x080001a5   Thumb Code     0  entry10a.o(.ARM.Collect$$$$0000000D)
    __rt_final_exit                          0x080001a5   Thumb Code     0  entry11a.o(.ARM.Collect$$$$0000000F)
    Reset_Handler                            0x080001a9   Thumb Code     8  startup_stm32f303xe.o(.text)
    ADC1_2_IRQHandler                        0x080001c3   Thumb Code     0  startup_stm32f303xe.o(.text)
    ADC3_IRQHandler                          0x080001c3   Thumb Code     0  startup_stm32f303xe.o(.text)
    ADC4_IRQHandler                          0x080001c3   Thumb Code     0  startup_stm32f303xe.o(.text)
    CAN_RX1_IRQHandler                       0x080001c3   Thumb Code     0  startup_stm32f303xe.o(.text)
    CAN_SCE_IRQHandler                       0x080001c3   Thumb Code     0  startup_stm32f303xe.o(.text)
    COMP1_2_3_IRQHandler                     0x080001c3   Thumb Code     0  startup_stm32f303xe.o(.text)
    COMP4_5_6_IRQHandler                     0x080001c3   Thumb Code     0  startup_stm32f303xe.o(.text)
    COMP7_IRQHandler                         0x080001c3   Thumb Code     0  startup_stm32f303xe.o(.text)
    DMA1_Channel1_IRQHandler                 0x080001c3   Thumb Code     0  startup_stm32f303xe.o(.text)
    DMA1_Channel2_IRQHandler                 0x080001c3   Thumb Code     0  startup_stm32f303xe.o(.text)
    DMA1_Channel3_IRQHandler                 0x080001c3   Thumb Code     0  startup_stm32f303xe.o(.text)
    DMA1_Channel4_IRQHandler                 0x080001c3   Thumb Code     0  startup_stm32f303xe.o(.text)
    DMA1_Channel5_IRQHandler                 0x080001c3   Thumb Code     0  startup_stm32f303xe.o(.text)
    DMA1_Channel6_IRQHandler                 0x080001c3   Thumb Code     0  startup_stm32f303xe.o(.text)
    DMA1_Channel7_IRQHandler                 0x080001c3   Thumb Code     0  startup_stm32f303xe.o(.text)
    DMA2_Channel1_IRQHandler                 0x080001c3   Thumb Code     0  startup_stm32f303xe.o(.text)
    DMA2_Channel2_IRQHandler                 0x080001c3   Thumb Code     0  startup_stm32f303xe.o(.text)
    DMA2_Channel3_IRQHandler                 0x080001c3   Thumb Code     0  startup_stm32f303xe.o(.text)
    DMA2_Channel4_IRQHandler                 0x080001c3   Thumb Code     0  startup_stm32f303xe.o(.text)
    DMA2_Channel5_IRQHandler                 0x080001c3   Thumb Code     0  startup_stm32f303xe.o(.text)
    EXTI15_10_IRQHandler                     0x080001c3   Thumb Code     0  startup_stm32f303xe.o(.text)
    EXTI1_IRQHandler                         0x080001c3   Thumb Code     0  startup_stm32f303xe.o(.text)
    EXTI2_TSC_IRQHandler                     0x080001c3   Thumb Code     0  startup_stm32f303xe.o(.text)
    EXTI3_IRQHandler                         0x080001c3   Thumb Code     0  startup_stm32f303xe.o(.text)
    EXTI4_IRQHandler                         0x080001c3   Thumb Code     0  startup_stm32f303xe.o(.text)
    EXTI9_5_IRQHandler                       0x080001c3   Thumb Code     0  startup_stm32f303xe.o(.text)
    FLASH_IRQHandler                         0x080001c3   Thumb Code     0  startup_stm32f303xe.o(.text)
    FMC_IRQHandler                           0x080001c3   Thumb Code     0  startup_stm32f303xe.o(.text)
    FPU_IRQHandler                           0x080001c3   Thumb Code     0  startup_stm32f303xe.o(.text)
    I2C1_ER_IRQHandler                       0x080001c3   Thumb Code     0  startup_stm32f303xe.o(.text)
    I2C1_EV_IRQHandler                       0x080001c3   Thumb Code     0  startup_stm32f303xe.o(.text)
    I2C2_ER_IRQHandler                       0x080001c3   Thumb Code     0  startup_stm32f303xe.o(.text)
    I2C2_EV_IRQHandler                       0x080001c3   Thumb Code     0  startup_stm32f303xe.o(.text)
    I2C3_ER_IRQHandler                       0x080001c3   Thumb Code     0  startup_stm32f303xe.o(.text)
    I2C3_EV_IRQHandler                       0x080001c3   Thumb Code     0  startup_stm32f303xe.o(.text)
    PVD_IRQHandler                           0x080001c3   Thumb Code     0  startup_stm32f303xe.o(.text)
    RCC_IRQHandler                           0x080001c3   Thumb Code     0  startup_stm32f303xe.o(.text)
    RTC_Alarm_IRQHandler                     0x080001c3   Thumb Code     0  startup_stm32f303xe.o(.text)
    RTC_WKUP_IRQHandler                      0x080001c3   Thumb Code     0  startup_stm32f303xe.o(.text)
    SPI1_IRQHandler                          0x080001c3   Thumb Code     0  startup_stm32f303xe.o(.text)
    SPI2_IRQHandler                          0x080001c3   Thumb Code     0  startup_stm32f303xe.o(.text)
    SPI3_IRQHandler                          0x080001c3   Thumb Code     0  startup_stm32f303xe.o(.text)
    SPI4_IRQHandler                          0x080001c3   Thumb Code     0  startup_stm32f303xe.o(.text)
    TAMP_STAMP_IRQHandler                    0x080001c3   Thumb Code     0  startup_stm32f303xe.o(.text)
    TIM1_BRK_TIM15_IRQHandler                0x080001c3   Thumb Code     0  startup_stm32f303xe.o(.text)
    TIM1_CC_IRQHandler                       0x080001c3   Thumb Code     0  startup_stm32f303xe.o(.text)
    TIM1_TRG_COM_TIM17_IRQHandler            0x080001c3   Thumb Code     0  startup_stm32f303xe.o(.text)
    TIM1_UP_TIM16_IRQHandler                 0x080001c3   Thumb Code     0  startup_stm32f303xe.o(.text)
    TIM20_BRK_IRQHandler                     0x080001c3   Thumb Code     0  startup_stm32f303xe.o(.text)
    TIM20_CC_IRQHandler                      0x080001c3   Thumb Code     0  startup_stm32f303xe.o(.text)
    TIM20_TRG_COM_IRQHandler                 0x080001c3   Thumb Code     0  startup_stm32f303xe.o(.text)
    TIM20_UP_IRQHandler                      0x080001c3   Thumb Code     0  startup_stm32f303xe.o(.text)
    TIM2_IRQHandler                          0x080001c3   Thumb Code     0  startup_stm32f303xe.o(.text)
    TIM3_IRQHandler                          0x080001c3   Thumb Code     0  startup_stm32f303xe.o(.text)
    TIM4_IRQHandler                          0x080001c3   Thumb Code     0  startup_stm32f303xe.o(.text)
    TIM6_DAC_IRQHandler                      0x080001c3   Thumb Code     0  startup_stm32f303xe.o(.text)
    TIM7_IRQHandler                          0x080001c3   Thumb Code     0  startup_stm32f303xe.o(.text)
    TIM8_BRK_IRQHandler                      0x080001c3   Thumb Code     0  startup_stm32f303xe.o(.text)
    TIM8_CC_IRQHandler                       0x080001c3   Thumb Code     0  startup_stm32f303xe.o(.text)
    TIM8_TRG_COM_IRQHandler                  0x080001c3   Thumb Code     0  startup_stm32f303xe.o(.text)
    TIM8_UP_IRQHandler                       0x080001c3   Thumb Code     0  startup_stm32f303xe.o(.text)
    UART4_IRQHandler                         0x080001c3   Thumb Code     0  startup_stm32f303xe.o(.text)
    UART5_IRQHandler                         0x080001c3   Thumb Code     0  startup_stm32f303xe.o(.text)
    USART1_IRQHandler                        0x080001c3   Thumb Code     0  startup_stm32f303xe.o(.text)
    USART2_IRQHandler                        0x080001c3   Thumb Code     0  startup_stm32f303xe.o(.text)
    USART3_IRQHandler                        0x080001c3   Thumb Code     0  startup_stm32f303xe.o(.text)
    USBWakeUp_IRQHandler                     0x080001c3   Thumb Code     0  startup_stm32f303xe.o(.text)
    USBWakeUp_RMP_IRQHandler                 0x080001c3   Thumb Code     0  startup_stm32f303xe.o(.text)
    USB_HP_CAN_TX_IRQHandler                 0x080001c3   Thumb Code     0  startup_stm32f303xe.o(.text)
    USB_HP_IRQHandler                        0x080001c3   Thumb Code     0  startup_stm32f303xe.o(.text)
    USB_LP_IRQHandler                        0x080001c3   Thumb Code     0  startup_stm32f303xe.o(.text)
    WWDG_IRQHandler                          0x080001c3   Thumb Code     0  startup_stm32f303xe.o(.text)
    __aeabi_uldivmod                         0x080001cd   Thumb Code    98  uldiv.o(.text)
    __aeabi_llsr                             0x0800022f   Thumb Code    32  llushr.o(.text)
    _ll_ushift_r                             0x0800022f   Thumb Code     0  llushr.o(.text)
    rand                                     0x08000251   Thumb Code    20  rand.o(.text)
    srand                                    0x08000265   Thumb Code     6  rand.o(.text)
    __aeabi_memcpy                           0x08000275   Thumb Code    36  memcpya.o(.text)
    __aeabi_memcpy4                          0x08000275   Thumb Code     0  memcpya.o(.text)
    __aeabi_memcpy8                          0x08000275   Thumb Code     0  memcpya.o(.text)
    __aeabi_memset                           0x08000299   Thumb Code    14  memseta.o(.text)
    __aeabi_memset4                          0x08000299   Thumb Code     0  memseta.o(.text)
    __aeabi_memset8                          0x08000299   Thumb Code     0  memseta.o(.text)
    __aeabi_memclr                           0x080002a7   Thumb Code     4  memseta.o(.text)
    __aeabi_memclr4                          0x080002a7   Thumb Code     0  memseta.o(.text)
    __aeabi_memclr8                          0x080002a7   Thumb Code     0  memseta.o(.text)
    _memset$wrapper                          0x080002ab   Thumb Code    18  memseta.o(.text)
    strlen                                   0x080002bd   Thumb Code    14  strlen.o(.text)
    __aeabi_dadd                             0x080002cb   Thumb Code   322  dadd.o(.text)
    __aeabi_dsub                             0x0800040d   Thumb Code     6  dadd.o(.text)
    __aeabi_drsub                            0x08000413   Thumb Code     6  dadd.o(.text)
    __aeabi_ul2d                             0x08000419   Thumb Code    24  dfltul.o(.text)
    __aeabi_d2f                              0x08000431   Thumb Code    56  d2f.o(.text)
    __aeabi_llsl                             0x08000469   Thumb Code    30  llshl.o(.text)
    _ll_shift_l                              0x08000469   Thumb Code     0  llshl.o(.text)
    __aeabi_lasr                             0x08000487   Thumb Code    36  llsshr.o(.text)
    _ll_sshift_r                             0x08000487   Thumb Code     0  llsshr.o(.text)
    __I$use$fp                               0x080004ab   Thumb Code     0  iusefp.o(.text)
    _float_round                             0x080004ab   Thumb Code    18  fepilogue.o(.text)
    _float_epilogue                          0x080004bd   Thumb Code    92  fepilogue.o(.text)
    _double_round                            0x08000519   Thumb Code    30  depilogue.o(.text)
    _double_epilogue                         0x08000537   Thumb Code   156  depilogue.o(.text)
    __scatterload                            0x080005d5   Thumb Code    28  init.o(.text)
    __scatterload_rt2                        0x080005d5   Thumb Code     0  init.o(.text)
    Acc_Update                               0x080005f9   Thumb Code   192  gatt_db.o(i.Acc_Update)
    Add_HWServW2ST_Service                   0x080006bd   Thumb Code   380  gatt_db.o(i.Add_HWServW2ST_Service)
    Add_SWServW2ST_Service                   0x08000841   Thumb Code   244  gatt_db.o(i.Add_SWServW2ST_Service)
    BSP_COM_Init                             0x0800093d   Thumb Code   114  stm32f3xx_nucleo.o(i.BSP_COM_Init)
    BSP_GetTick                              0x080009bd   Thumb Code     4  stm32f3xx_nucleo_bus.o(i.BSP_GetTick)
    BSP_LED_Init                             0x080009c1   Thumb Code    74  stm32f3xx_nucleo.o(i.BSP_LED_Init)
    BSP_LED_Toggle                           0x08000a19   Thumb Code    22  stm32f3xx_nucleo.o(i.BSP_LED_Toggle)
    BSP_PB_Callback                          0x08000a39   Thumb Code     8  app_x-cube-ble1.o(i.BSP_PB_Callback)
    BSP_PB_GetState                          0x08000a45   Thumb Code    28  stm32f3xx_nucleo.o(i.BSP_PB_GetState)
    BSP_PB_Init                              0x08000a69   Thumb Code   154  stm32f3xx_nucleo.o(i.BSP_PB_Init)
    BSP_SPI1_Init                            0x08000b15   Thumb Code    52  stm32f3xx_nucleo_bus.o(i.BSP_SPI1_Init)
    BSP_SPI1_SendRecv                        0x08000b55   Thumb Code    30  stm32f3xx_nucleo_bus.o(i.BSP_SPI1_SendRecv)
    BlueMS_Environmental_Update              0x08000b85   Thumb Code    84  gatt_db.o(i.BlueMS_Environmental_Update)
    BusFault_Handler                         0x08000bdd   Thumb Code     2  stm32f3xx_it.o(i.BusFault_Handler)
    DebugMon_Handler                         0x08000bdf   Thumb Code     2  stm32f3xx_it.o(i.DebugMon_Handler)
    EXTI0_IRQHandler                         0x08000be1   Thumb Code     6  stm32f3xx_it.o(i.EXTI0_IRQHandler)
    GAP_ConnectionComplete_CB                0x08000bed   Thumb Code    16  sensor.o(i.GAP_ConnectionComplete_CB)
    GAP_DisconnectionComplete_CB             0x08000c01   Thumb Code    14  sensor.o(i.GAP_DisconnectionComplete_CB)
    HAL_Delay                                0x08000c15   Thumb Code    32  stm32f3xx_hal.o(i.HAL_Delay)
    HAL_EXTI_GetHandle                       0x08000c39   Thumb Code    12  stm32f3xx_hal_exti.o(i.HAL_EXTI_GetHandle)
    HAL_EXTI_IRQHandler                      0x08000c45   Thumb Code    30  stm32f3xx_hal_exti.o(i.HAL_EXTI_IRQHandler)
    HAL_EXTI_RegisterCallback                0x08000c69   Thumb Code    14  stm32f3xx_hal_exti.o(i.HAL_EXTI_RegisterCallback)
    HAL_GPIO_DeInit                          0x08000c79   Thumb Code   288  stm32f3xx_hal_gpio.o(i.HAL_GPIO_DeInit)
    HAL_GPIO_Init                            0x08000db9   Thumb Code   422  stm32f3xx_hal_gpio.o(i.HAL_GPIO_Init)
    HAL_GPIO_ReadPin                         0x08000f85   Thumb Code    10  stm32f3xx_hal_gpio.o(i.HAL_GPIO_ReadPin)
    HAL_GPIO_TogglePin                       0x08000f8f   Thumb Code     8  stm32f3xx_hal_gpio.o(i.HAL_GPIO_TogglePin)
    HAL_GPIO_WritePin                        0x08000f97   Thumb Code    10  stm32f3xx_hal_gpio.o(i.HAL_GPIO_WritePin)
    HAL_GetTick                              0x08000fa1   Thumb Code     6  stm32f3xx_hal.o(i.HAL_GetTick)
    HAL_IncTick                              0x08000fad   Thumb Code    12  stm32f3xx_hal.o(i.HAL_IncTick)
    HAL_Init                                 0x08000fbd   Thumb Code    32  stm32f3xx_hal.o(i.HAL_Init)
    HAL_InitTick                             0x08000fe1   Thumb Code    54  stm32f3xx_hal.o(i.HAL_InitTick)
    HAL_MspInit                              0x08001021   Thumb Code    38  stm32f3xx_hal_msp.o(i.HAL_MspInit)
    HAL_NVIC_EnableIRQ                       0x0800104d   Thumb Code    22  stm32f3xx_hal_cortex.o(i.HAL_NVIC_EnableIRQ)
    HAL_NVIC_SetPriority                     0x08001065   Thumb Code    60  stm32f3xx_hal_cortex.o(i.HAL_NVIC_SetPriority)
    HAL_NVIC_SetPriorityGrouping             0x080010a5   Thumb Code    26  stm32f3xx_hal_cortex.o(i.HAL_NVIC_SetPriorityGrouping)
    HAL_PCD_DataInStageCallback              0x080010c9   Thumb Code     2  stm32f3xx_hal_pcd.o(i.HAL_PCD_DataInStageCallback)
    HAL_PCD_DataOutStageCallback             0x080010cb   Thumb Code     2  stm32f3xx_hal_pcd.o(i.HAL_PCD_DataOutStageCallback)
    HAL_PCD_EP_Receive                       0x080010cd   Thumb Code   162  stm32f3xx_hal_pcd.o(i.HAL_PCD_EP_Receive)
    HAL_PCD_EP_Transmit                      0x0800116f   Thumb Code   204  stm32f3xx_hal_pcd.o(i.HAL_PCD_EP_Transmit)
    HAL_PCD_IRQHandler                       0x0800123b   Thumb Code   240  stm32f3xx_hal_pcd.o(i.HAL_PCD_IRQHandler)
    HAL_PCD_Init                             0x0800132b   Thumb Code   166  stm32f3xx_hal_pcd.o(i.HAL_PCD_Init)
    HAL_PCD_MspInit                          0x080013d1   Thumb Code    50  stm32f3xx_hal_msp.o(i.HAL_PCD_MspInit)
    HAL_PCD_ResetCallback                    0x0800140d   Thumb Code     2  stm32f3xx_hal_pcd.o(i.HAL_PCD_ResetCallback)
    HAL_PCD_ResumeCallback                   0x0800140f   Thumb Code     2  stm32f3xx_hal_pcd.o(i.HAL_PCD_ResumeCallback)
    HAL_PCD_SOFCallback                      0x08001411   Thumb Code     2  stm32f3xx_hal_pcd.o(i.HAL_PCD_SOFCallback)
    HAL_PCD_SetAddress                       0x08001413   Thumb Code    44  stm32f3xx_hal_pcd.o(i.HAL_PCD_SetAddress)
    HAL_PCD_SetupStageCallback               0x0800143f   Thumb Code     2  stm32f3xx_hal_pcd.o(i.HAL_PCD_SetupStageCallback)
    HAL_PCD_SuspendCallback                  0x08001441   Thumb Code     2  stm32f3xx_hal_pcd.o(i.HAL_PCD_SuspendCallback)
    HAL_RCCEx_PeriphCLKConfig                0x08001445   Thumb Code   648  stm32f3xx_hal_rcc_ex.o(i.HAL_RCCEx_PeriphCLKConfig)
    HAL_RCC_ClockConfig                      0x080016d9   Thumb Code   306  stm32f3xx_hal_rcc.o(i.HAL_RCC_ClockConfig)
    HAL_RCC_GetPCLK1Freq                     0x0800181d   Thumb Code    34  stm32f3xx_hal_rcc.o(i.HAL_RCC_GetPCLK1Freq)
    HAL_RCC_GetPCLK2Freq                     0x0800184d   Thumb Code    34  stm32f3xx_hal_rcc.o(i.HAL_RCC_GetPCLK2Freq)
    HAL_RCC_GetSysClockFreq                  0x0800187d   Thumb Code    76  stm32f3xx_hal_rcc.o(i.HAL_RCC_GetSysClockFreq)
    HAL_RCC_OscConfig                        0x080018d5   Thumb Code  1432  stm32f3xx_hal_rcc.o(i.HAL_RCC_OscConfig)
    HAL_RTC_Init                             0x08001e6d   Thumb Code   166  stm32f3xx_hal_rtc.o(i.HAL_RTC_Init)
    HAL_RTC_MspInit                          0x08001f19   Thumb Code    32  stm32f3xx_hal_msp.o(i.HAL_RTC_MspInit)
    HAL_RTC_WaitForSynchro                   0x08001f41   Thumb Code    54  stm32f3xx_hal_rtc.o(i.HAL_RTC_WaitForSynchro)
    HAL_SPI_GetState                         0x08001f77   Thumb Code     6  stm32f3xx_hal_spi.o(i.HAL_SPI_GetState)
    HAL_SPI_Init                             0x08001f7d   Thumb Code   182  stm32f3xx_hal_spi.o(i.HAL_SPI_Init)
    HAL_SPI_MspInit                          0x08002033   Thumb Code     2  stm32f3xx_hal_spi.o(i.HAL_SPI_MspInit)
    HAL_SPI_TransmitReceive                  0x08002035   Thumb Code   574  stm32f3xx_hal_spi.o(i.HAL_SPI_TransmitReceive)
    HAL_SYSTICK_Config                       0x08002273   Thumb Code    40  stm32f3xx_hal_cortex.o(i.HAL_SYSTICK_Config)
    HAL_UART_Init                            0x0800229b   Thumb Code   106  stm32f3xx_hal_uart.o(i.HAL_UART_Init)
    HAL_UART_MspInit                         0x08002305   Thumb Code    90  stm32f3xx_hal_msp.o(i.HAL_UART_MspInit)
    HCI_TL_SPI_DeInit                        0x0800236d   Thumb Code    36  hci_tl_interface.o(i.HCI_TL_SPI_DeInit)
    HCI_TL_SPI_Init                          0x08002391   Thumb Code    90  hci_tl_interface.o(i.HCI_TL_SPI_Init)
    HCI_TL_SPI_Receive                       0x080023f5   Thumb Code   116  hci_tl_interface.o(i.HCI_TL_SPI_Receive)
    HCI_TL_SPI_Reset                         0x08002471   Thumb Code    46  hci_tl_interface.o(i.HCI_TL_SPI_Reset)
    HCI_TL_SPI_Send                          0x080024a1   Thumb Code   132  hci_tl_interface.o(i.HCI_TL_SPI_Send)
    HardFault_Handler                        0x08002531   Thumb Code     2  stm32f3xx_it.o(i.HardFault_Handler)
    MX_BlueNRG_MS_Init                       0x08002535   Thumb Code   264  app_x-cube-ble1.o(i.MX_BlueNRG_MS_Init)
    MX_BlueNRG_MS_Process                    0x08002651   Thumb Code    14  app_x-cube-ble1.o(i.MX_BlueNRG_MS_Process)
    MX_SPI1_Init                             0x080027b5   Thumb Code    64  stm32f3xx_nucleo_bus.o(i.MX_SPI1_Init)
    MX_USART2_UART_Init                      0x080027f9   Thumb Code    44  stm32f3xx_nucleo.o(i.MX_USART2_UART_Init)
    MemManage_Handler                        0x08002855   Thumb Code     2  stm32f3xx_it.o(i.MemManage_Handler)
    NMI_Handler                              0x08002857   Thumb Code     2  stm32f3xx_it.o(i.NMI_Handler)
    PCD_ReadPMA                              0x08002ba5   Thumb Code    40  stm32f3xx_hal_pcd_ex.o(i.PCD_ReadPMA)
    PCD_WritePMA                             0x08002bcd   Thumb Code    38  stm32f3xx_hal_pcd_ex.o(i.PCD_WritePMA)
    PendSV_Handler                           0x08002bf3   Thumb Code     2  stm32f3xx_it.o(i.PendSV_Handler)
    Quat_Update                              0x08002bf5   Thumb Code    92  gatt_db.o(i.Quat_Update)
    RTC_EnterInitMode                        0x08002c55   Thumb Code    58  stm32f3xx_hal_rtc.o(i.RTC_EnterInitMode)
    Read_Request_CB                          0x08002c91   Thumb Code   188  gatt_db.o(i.Read_Request_CB)
    SVC_Handler                              0x08003053   Thumb Code     2  stm32f3xx_it.o(i.SVC_Handler)
    Set_DeviceConnectable                    0x08003055   Thumb Code   126  sensor.o(i.Set_DeviceConnectable)
    SysTick_Handler                          0x08003635   Thumb Code     4  stm32f3xx_it.o(i.SysTick_Handler)
    SystemClock_Config                       0x08003639   Thumb Code   114  main.o(i.SystemClock_Config)
    SystemInit                               0x080036b1   Thumb Code    82  system_stm32f3xx.o(i.SystemInit)
    UART_AdvFeatureConfig                    0x08003719   Thumb Code   200  stm32f3xx_hal_uart.o(i.UART_AdvFeatureConfig)
    UART_CheckIdleState                      0x080037e1   Thumb Code    92  stm32f3xx_hal_uart.o(i.UART_CheckIdleState)
    UART_SetConfig                           0x0800383d   Thumb Code   434  stm32f3xx_hal_uart.o(i.UART_SetConfig)
    UART_WaitOnFlagUntilTimeout              0x08003a15   Thumb Code   100  stm32f3xx_hal_uart.o(i.UART_WaitOnFlagUntilTimeout)
    USB_LP_CAN_RX0_IRQHandler                0x08003a79   Thumb Code     6  stm32f3xx_it.o(i.USB_LP_CAN_RX0_IRQHandler)
    UsageFault_Handler                       0x08003a85   Thumb Code     2  stm32f3xx_it.o(i.UsageFault_Handler)
    __scatterload_copy                       0x08003b39   Thumb Code    14  handlers.o(i.__scatterload_copy)
    __scatterload_null                       0x08003b47   Thumb Code     2  handlers.o(i.__scatterload_null)
    __scatterload_zeroinit                   0x08003b49   Thumb Code    14  handlers.o(i.__scatterload_zeroinit)
    aci_gap_init_IDB04A1                     0x08003b57   Thumb Code   104  bluenrg_gap_aci.o(i.aci_gap_init_IDB04A1)
    aci_gap_init_IDB05A1                     0x08003bbf   Thumb Code   112  bluenrg_gap_aci.o(i.aci_gap_init_IDB05A1)
    aci_gap_set_auth_requirement             0x08003c2f   Thumb Code   116  bluenrg_gap_aci.o(i.aci_gap_set_auth_requirement)
    aci_gap_set_discoverable                 0x08003ca3   Thumb Code   204  bluenrg_gap_aci.o(i.aci_gap_set_discoverable)
    aci_gap_update_adv_data                  0x08003d6f   Thumb Code    88  bluenrg_gap_aci.o(i.aci_gap_update_adv_data)
    aci_gatt_add_char                        0x08003dc7   Thumb Code   182  bluenrg_gatt_aci.o(i.aci_gatt_add_char)
    aci_gatt_add_serv                        0x08003e7d   Thumb Code   124  bluenrg_gatt_aci.o(i.aci_gatt_add_serv)
    aci_gatt_allow_read                      0x08003ef9   Thumb Code    70  bluenrg_gatt_aci.o(i.aci_gatt_allow_read)
    aci_gatt_init                            0x08003f3f   Thumb Code    58  bluenrg_gatt_aci.o(i.aci_gatt_init)
    aci_gatt_update_char_value               0x08003f79   Thumb Code   122  bluenrg_gatt_aci.o(i.aci_gatt_update_char_value)
    aci_hal_set_tx_power_level               0x08003ff3   Thumb Code    72  bluenrg_hal_aci.o(i.aci_hal_set_tx_power_level)
    aci_hal_write_config_data                0x0800403b   Thumb Code    94  bluenrg_hal_aci.o(i.aci_hal_write_config_data)
    getBlueNRGVersion                        0x08004099   Thumb Code    76  bluenrg_utils_small.o(i.getBlueNRGVersion)
    hci_init                                 0x080040e5   Thumb Code    80  hci_tl.o(i.hci_init)
    hci_le_read_local_version                0x08004141   Thumb Code   124  hci_le.o(i.hci_le_read_local_version)
    hci_le_set_scan_resp_data                0x080041bd   Thumb Code    96  hci_le.o(i.hci_le_set_scan_resp_data)
    hci_notify_asynch_evt                    0x0800421d   Thumb Code    94  hci_tl.o(i.hci_notify_asynch_evt)
    hci_register_io_bus                      0x08004285   Thumb Code    24  hci_tl.o(i.hci_register_io_bus)
    hci_reset                                0x080042a1   Thumb Code    54  hci_le.o(i.hci_reset)
    hci_send_req                             0x080042d9   Thumb Code   382  hci_tl.o(i.hci_send_req)
    hci_tl_lowlevel_init                     0x08004461   Thumb Code    74  hci_tl_interface.o(i.hci_tl_lowlevel_init)
    hci_tl_lowlevel_isr                      0x080044cd   Thumb Code    30  hci_tl_interface.o(i.hci_tl_lowlevel_isr)
    hci_user_evt_proc                        0x080044ed   Thumb Code    50  hci_tl.o(i.hci_user_evt_proc)
    list_get_size                            0x08004529   Thumb Code    28  ble_list.o(i.list_get_size)
    list_init_head                           0x08004545   Thumb Code     6  ble_list.o(i.list_init_head)
    list_insert_head                         0x0800454b   Thumb Code    24  ble_list.o(i.list_insert_head)
    list_insert_tail                         0x08004563   Thumb Code    24  ble_list.o(i.list_insert_tail)
    list_is_empty                            0x0800457b   Thumb Code    24  ble_list.o(i.list_is_empty)
    list_remove_head                         0x08004593   Thumb Code    36  ble_list.o(i.list_remove_head)
    list_remove_node                         0x080045b7   Thumb Code    22  ble_list.o(i.list_remove_node)
    list_remove_tail                         0x080045cd   Thumb Code    36  ble_list.o(i.list_remove_tail)
    main                                     0x080045f1   Thumb Code    82  main.o(i.main)
    user_notify                              0x08004675   Thumb Code    62  sensor.o(i.user_notify)
    aPLLMULFactorTable                       0x080046c8   Data          16  stm32f3xx_hal_rcc.o(.constdata)
    aPredivFactorTable                       0x080046d8   Data          16  stm32f3xx_hal_rcc.o(.constdata)
    AHBPrescTable                            0x080046e8   Data          16  system_stm32f3xx.o(.constdata)
    APBPrescTable                            0x080046f8   Data           8  system_stm32f3xx.o(.constdata)
    Region$$Table$$Base                      0x08004700   Number         0  anon$$obj.o(Region$$Table)
    Region$$Table$$Limit                     0x08004720   Number         0  anon$$obj.o(Region$$Table)
    hexti0                                   0x20000000   Data           8  hci_tl_interface.o(.data)
    bnrg_expansion_board                     0x20000008   Data           1  app_x-cube-ble1.o(.data)
    bdaddr                                   0x20000010   Data           6  app_x-cube-ble1.o(.data)
    HWServW2STHandle                         0x20000016   Data           2  gatt_db.o(.data)
    EnvironmentalCharHandle                  0x20000018   Data           2  gatt_db.o(.data)
    AccGyroMagCharHandle                     0x2000001a   Data           2  gatt_db.o(.data)
    SWServW2STHandle                         0x2000001c   Data           2  gatt_db.o(.data)
    QuaternionsCharHandle                    0x2000001e   Data           2  gatt_db.o(.data)
    set_connectable                          0x20000020   Data           1  sensor.o(.data)
    notification_enabled                     0x20000021   Data           1  sensor.o(.data)
    connection_handle                        0x20000022   Data           2  sensor.o(.data)
    connected                                0x20000024   Data           4  sensor.o(.data)
    COM_USART                                0x20000038   Data           4  stm32f3xx_nucleo.o(.data)
    hpb_exti                                 0x2000003c   Data           8  stm32f3xx_nucleo.o(.data)
    uwTickFreq                               0x20000044   Data           1  stm32f3xx_hal.o(.data)
    uwTickPrio                               0x20000048   Data           4  stm32f3xx_hal.o(.data)
    uwTick                                   0x2000004c   Data           4  stm32f3xx_hal.o(.data)
    SystemCoreClock                          0x20000050   Data           4  system_stm32f3xx.o(.data)
    hciReadPktPool                           0x20000054   Data           8  hci_tl.o(.data)
    hciReadPktRxQueue                        0x2000005c   Data           8  hci_tl.o(.data)
    hrtc                                     0x20000068   Data          32  main.o(.bss)
    huart3                                   0x20000088   Data         112  main.o(.bss)
    hpcd_USB_FS                              0x200000f8   Data         936  main.o(.bss)
    service_uuid                             0x200005a0   Data          16  gatt_db.o(.bss)
    char_uuid                                0x200005b0   Data          16  gatt_db.o(.bss)
    x_axes                                   0x200005c0   Data          12  sensor.o(.bss)
    g_axes                                   0x200005cc   Data          12  sensor.o(.bss)
    m_axes                                   0x200005d8   Data          12  sensor.o(.bss)
    q_axes                                   0x200005e4   Data          12  sensor.o(.bss)
    hspi1                                    0x200005f0   Data         100  stm32f3xx_nucleo_bus.o(.bss)
    hcom_uart                                0x20000654   Data         112  stm32f3xx_nucleo.o(.bss)
    __initial_sp                             0x20000da0   Data           0  startup_stm32f303xe.o(STACK)



==============================================================================

Memory Map of the image

  Image Entry point : 0x08000195

  Load Region LR_IROM1 (Base: 0x08000000, Size: 0x00004788, Max: 0x00080000, ABSOLUTE)

    Execution Region ER_IROM1 (Exec base: 0x08000000, Load base: 0x08000000, Size: 0x00004720, Max: 0x00080000, ABSOLUTE)

    Exec Addr    Load Addr    Size         Type   Attr      Idx    E Section Name        Object

    0x08000000   0x08000000   0x00000194   Data   RO            3    RESET               startup_stm32f303xe.o
    0x08000194   0x08000194   0x00000000   Code   RO         4928  * .ARM.Collect$$$$00000000  mc_w.l(entry.o)
    0x08000194   0x08000194   0x00000004   Code   RO         4952    .ARM.Collect$$$$00000001  mc_w.l(entry2.o)
    0x08000198   0x08000198   0x00000004   Code   RO         4955    .ARM.Collect$$$$00000004  mc_w.l(entry5.o)
    0x0800019c   0x0800019c   0x00000000   Code   RO         4957    .ARM.Collect$$$$00000008  mc_w.l(entry7b.o)
    0x0800019c   0x0800019c   0x00000000   Code   RO         4959    .ARM.Collect$$$$0000000A  mc_w.l(entry8b.o)
    0x0800019c   0x0800019c   0x00000008   Code   RO         4960    .ARM.Collect$$$$0000000B  mc_w.l(entry9a.o)
    0x080001a4   0x080001a4   0x00000000   Code   RO         4962    .ARM.Collect$$$$0000000D  mc_w.l(entry10a.o)
    0x080001a4   0x080001a4   0x00000000   Code   RO         4964    .ARM.Collect$$$$0000000F  mc_w.l(entry11a.o)
    0x080001a4   0x080001a4   0x00000004   Code   RO         4953    .ARM.Collect$$$$00002712  mc_w.l(entry2.o)
    0x080001a8   0x080001a8   0x00000024   Code   RO            4    .text               startup_stm32f303xe.o
    0x080001cc   0x080001cc   0x00000062   Code   RO         4931    .text               mc_w.l(uldiv.o)
    0x0800022e   0x0800022e   0x00000020   Code   RO         4933    .text               mc_w.l(llushr.o)
    0x0800024e   0x0800024e   0x00000002   PAD
    0x08000250   0x08000250   0x00000024   Code   RO         4935    .text               mc_w.l(rand.o)
    0x08000274   0x08000274   0x00000024   Code   RO         4938    .text               mc_w.l(memcpya.o)
    0x08000298   0x08000298   0x00000024   Code   RO         4940    .text               mc_w.l(memseta.o)
    0x080002bc   0x080002bc   0x0000000e   Code   RO         4942    .text               mc_w.l(strlen.o)
    0x080002ca   0x080002ca   0x0000014e   Code   RO         4946    .text               mf_w.l(dadd.o)
    0x08000418   0x08000418   0x00000018   Code   RO         4948    .text               mf_w.l(dfltul.o)
    0x08000430   0x08000430   0x00000038   Code   RO         4950    .text               mf_w.l(d2f.o)
    0x08000468   0x08000468   0x0000001e   Code   RO         4966    .text               mc_w.l(llshl.o)
    0x08000486   0x08000486   0x00000024   Code   RO         4968    .text               mc_w.l(llsshr.o)
    0x080004aa   0x080004aa   0x00000000   Code   RO         4970    .text               mc_w.l(iusefp.o)
    0x080004aa   0x080004aa   0x0000006e   Code   RO         4971    .text               mf_w.l(fepilogue.o)
    0x08000518   0x08000518   0x000000ba   Code   RO         4973    .text               mf_w.l(depilogue.o)
    0x080005d2   0x080005d2   0x00000002   PAD
    0x080005d4   0x080005d4   0x00000024   Code   RO         4975    .text               mc_w.l(init.o)
    0x080005f8   0x080005f8   0x000000c4   Code   RO          434    i.Acc_Update        gatt_db.o
    0x080006bc   0x080006bc   0x00000184   Code   RO          435    i.Add_HWServW2ST_Service  gatt_db.o
    0x08000840   0x08000840   0x000000fc   Code   RO          436    i.Add_SWServW2ST_Service  gatt_db.o
    0x0800093c   0x0800093c   0x00000080   Code   RO          769    i.BSP_COM_Init      stm32f3xx_nucleo.o
    0x080009bc   0x080009bc   0x00000004   Code   RO          548    i.BSP_GetTick       stm32f3xx_nucleo_bus.o
    0x080009c0   0x080009c0   0x00000058   Code   RO          774    i.BSP_LED_Init      stm32f3xx_nucleo.o
    0x08000a18   0x08000a18   0x00000020   Code   RO          777    i.BSP_LED_Toggle    stm32f3xx_nucleo.o
    0x08000a38   0x08000a38   0x0000000c   Code   RO          317    i.BSP_PB_Callback   app_x-cube-ble1.o
    0x08000a44   0x08000a44   0x00000024   Code   RO          780    i.BSP_PB_GetState   stm32f3xx_nucleo.o
    0x08000a68   0x08000a68   0x000000ac   Code   RO          782    i.BSP_PB_Init       stm32f3xx_nucleo.o
    0x08000b14   0x08000b14   0x00000040   Code   RO          550    i.BSP_SPI1_Init     stm32f3xx_nucleo_bus.o
    0x08000b54   0x08000b54   0x00000024   Code   RO          553    i.BSP_SPI1_SendRecv  stm32f3xx_nucleo_bus.o
    0x08000b78   0x08000b78   0x0000000a   Code   RO          783    i.BUTTON_USER_EXTI_Callback  stm32f3xx_nucleo.o
    0x08000b82   0x08000b82   0x00000002   PAD
    0x08000b84   0x08000b84   0x00000058   Code   RO          437    i.BlueMS_Environmental_Update  gatt_db.o
    0x08000bdc   0x08000bdc   0x00000002   Code   RO          620    i.BusFault_Handler  stm32f3xx_it.o
    0x08000bde   0x08000bde   0x00000002   Code   RO          621    i.DebugMon_Handler  stm32f3xx_it.o
    0x08000be0   0x08000be0   0x0000000c   Code   RO          622    i.EXTI0_IRQHandler  stm32f3xx_it.o
    0x08000bec   0x08000bec   0x00000014   Code   RO          493    i.GAP_ConnectionComplete_CB  sensor.o
    0x08000c00   0x08000c00   0x00000014   Code   RO          494    i.GAP_DisconnectionComplete_CB  sensor.o
    0x08000c14   0x08000c14   0x00000024   Code   RO         2330    i.HAL_Delay         stm32f3xx_hal.o
    0x08000c38   0x08000c38   0x0000000c   Code   RO          281    i.HAL_EXTI_GetHandle  stm32f3xx_hal_exti.o
    0x08000c44   0x08000c44   0x00000024   Code   RO          282    i.HAL_EXTI_IRQHandler  stm32f3xx_hal_exti.o
    0x08000c68   0x08000c68   0x0000000e   Code   RO          283    i.HAL_EXTI_RegisterCallback  stm32f3xx_hal_exti.o
    0x08000c76   0x08000c76   0x00000002   PAD
    0x08000c78   0x08000c78   0x00000140   Code   RO         2644    i.HAL_GPIO_DeInit   stm32f3xx_hal_gpio.o
    0x08000db8   0x08000db8   0x000001cc   Code   RO         2647    i.HAL_GPIO_Init     stm32f3xx_hal_gpio.o
    0x08000f84   0x08000f84   0x0000000a   Code   RO         2649    i.HAL_GPIO_ReadPin  stm32f3xx_hal_gpio.o
    0x08000f8e   0x08000f8e   0x00000008   Code   RO         2650    i.HAL_GPIO_TogglePin  stm32f3xx_hal_gpio.o
    0x08000f96   0x08000f96   0x0000000a   Code   RO         2651    i.HAL_GPIO_WritePin  stm32f3xx_hal_gpio.o
    0x08000fa0   0x08000fa0   0x0000000c   Code   RO         2334    i.HAL_GetTick       stm32f3xx_hal.o
    0x08000fac   0x08000fac   0x00000010   Code   RO         2340    i.HAL_IncTick       stm32f3xx_hal.o
    0x08000fbc   0x08000fbc   0x00000024   Code   RO         2341    i.HAL_Init          stm32f3xx_hal.o
    0x08000fe0   0x08000fe0   0x00000040   Code   RO         2342    i.HAL_InitTick      stm32f3xx_hal.o
    0x08001020   0x08001020   0x0000002c   Code   RO          708    i.HAL_MspInit       stm32f3xx_hal_msp.o
    0x0800104c   0x0800104c   0x00000016   Code   RO         2815    i.HAL_NVIC_EnableIRQ  stm32f3xx_hal_cortex.o
    0x08001062   0x08001062   0x00000002   PAD
    0x08001064   0x08001064   0x00000040   Code   RO         2821    i.HAL_NVIC_SetPriority  stm32f3xx_hal_cortex.o
    0x080010a4   0x080010a4   0x00000024   Code   RO         2822    i.HAL_NVIC_SetPriorityGrouping  stm32f3xx_hal_cortex.o
    0x080010c8   0x080010c8   0x00000002   Code   RO         2069    i.HAL_PCD_DataInStageCallback  stm32f3xx_hal_pcd.o
    0x080010ca   0x080010ca   0x00000002   Code   RO         2070    i.HAL_PCD_DataOutStageCallback  stm32f3xx_hal_pcd.o
    0x080010cc   0x080010cc   0x000000a2   Code   RO         2081    i.HAL_PCD_EP_Receive  stm32f3xx_hal_pcd.o
    0x0800116e   0x0800116e   0x000000cc   Code   RO         2083    i.HAL_PCD_EP_Transmit  stm32f3xx_hal_pcd.o
    0x0800123a   0x0800123a   0x000000f0   Code   RO         2085    i.HAL_PCD_IRQHandler  stm32f3xx_hal_pcd.o
    0x0800132a   0x0800132a   0x000000a6   Code   RO         2088    i.HAL_PCD_Init      stm32f3xx_hal_pcd.o
    0x080013d0   0x080013d0   0x0000003c   Code   RO          710    i.HAL_PCD_MspInit   stm32f3xx_hal_msp.o
    0x0800140c   0x0800140c   0x00000002   Code   RO         2091    i.HAL_PCD_ResetCallback  stm32f3xx_hal_pcd.o
    0x0800140e   0x0800140e   0x00000002   Code   RO         2092    i.HAL_PCD_ResumeCallback  stm32f3xx_hal_pcd.o
    0x08001410   0x08001410   0x00000002   Code   RO         2093    i.HAL_PCD_SOFCallback  stm32f3xx_hal_pcd.o
    0x08001412   0x08001412   0x0000002c   Code   RO         2094    i.HAL_PCD_SetAddress  stm32f3xx_hal_pcd.o
    0x0800143e   0x0800143e   0x00000002   Code   RO         2095    i.HAL_PCD_SetupStageCallback  stm32f3xx_hal_pcd.o
    0x08001440   0x08001440   0x00000002   Code   RO         2098    i.HAL_PCD_SuspendCallback  stm32f3xx_hal_pcd.o
    0x08001442   0x08001442   0x00000002   PAD
    0x08001444   0x08001444   0x00000294   Code   RO         2604    i.HAL_RCCEx_PeriphCLKConfig  stm32f3xx_hal_rcc_ex.o
    0x080016d8   0x080016d8   0x00000144   Code   RO         2498    i.HAL_RCC_ClockConfig  stm32f3xx_hal_rcc.o
    0x0800181c   0x0800181c   0x00000030   Code   RO         2505    i.HAL_RCC_GetPCLK1Freq  stm32f3xx_hal_rcc.o
    0x0800184c   0x0800184c   0x00000030   Code   RO         2506    i.HAL_RCC_GetPCLK2Freq  stm32f3xx_hal_rcc.o
    0x0800187c   0x0800187c   0x00000058   Code   RO         2507    i.HAL_RCC_GetSysClockFreq  stm32f3xx_hal_rcc.o
    0x080018d4   0x080018d4   0x00000598   Code   RO         2510    i.HAL_RCC_OscConfig  stm32f3xx_hal_rcc.o
    0x08001e6c   0x08001e6c   0x000000ac   Code   RO         1674    i.HAL_RTC_Init      stm32f3xx_hal_rtc.o
    0x08001f18   0x08001f18   0x00000028   Code   RO          712    i.HAL_RTC_MspInit   stm32f3xx_hal_msp.o
    0x08001f40   0x08001f40   0x00000036   Code   RO         1682    i.HAL_RTC_WaitForSynchro  stm32f3xx_hal_rtc.o
    0x08001f76   0x08001f76   0x00000006   Code   RO          910    i.HAL_SPI_GetState  stm32f3xx_hal_spi.o
    0x08001f7c   0x08001f7c   0x000000b6   Code   RO          912    i.HAL_SPI_Init      stm32f3xx_hal_spi.o
    0x08002032   0x08002032   0x00000002   Code   RO          914    i.HAL_SPI_MspInit   stm32f3xx_hal_spi.o
    0x08002034   0x08002034   0x0000023e   Code   RO          921    i.HAL_SPI_TransmitReceive  stm32f3xx_hal_spi.o
    0x08002272   0x08002272   0x00000028   Code   RO         2826    i.HAL_SYSTICK_Config  stm32f3xx_hal_cortex.o
    0x0800229a   0x0800229a   0x0000006a   Code   RO         1278    i.HAL_UART_Init     stm32f3xx_hal_uart.o
    0x08002304   0x08002304   0x00000068   Code   RO          714    i.HAL_UART_MspInit  stm32f3xx_hal_msp.o
    0x0800236c   0x0800236c   0x00000024   Code   RO          196    i.HCI_TL_SPI_DeInit  hci_tl_interface.o
    0x08002390   0x08002390   0x00000064   Code   RO          197    i.HCI_TL_SPI_Init   hci_tl_interface.o
    0x080023f4   0x080023f4   0x0000007c   Code   RO          198    i.HCI_TL_SPI_Receive  hci_tl_interface.o
    0x08002470   0x08002470   0x0000002e   Code   RO          199    i.HCI_TL_SPI_Reset  hci_tl_interface.o
    0x0800249e   0x0800249e   0x00000002   PAD
    0x080024a0   0x080024a0   0x00000090   Code   RO          200    i.HCI_TL_SPI_Send   hci_tl_interface.o
    0x08002530   0x08002530   0x00000002   Code   RO          623    i.HardFault_Handler  stm32f3xx_it.o
    0x08002532   0x08002532   0x00000002   PAD
    0x08002534   0x08002534   0x0000011c   Code   RO          318    i.MX_BlueNRG_MS_Init  app_x-cube-ble1.o
    0x08002650   0x08002650   0x0000000e   Code   RO          319    i.MX_BlueNRG_MS_Process  app_x-cube-ble1.o
    0x0800265e   0x0800265e   0x00000002   PAD
    0x08002660   0x08002660   0x00000154   Code   RO           14    i.MX_GPIO_Init      main.o
    0x080027b4   0x080027b4   0x00000044   Code   RO          554    i.MX_SPI1_Init      stm32f3xx_nucleo_bus.o
    0x080027f8   0x080027f8   0x00000030   Code   RO          784    i.MX_USART2_UART_Init  stm32f3xx_nucleo.o
    0x08002828   0x08002828   0x0000002c   Code   RO           15    i.MX_USART3_UART_Init  main.o
    0x08002854   0x08002854   0x00000002   Code   RO          624    i.MemManage_Handler  stm32f3xx_it.o
    0x08002856   0x08002856   0x00000002   Code   RO          625    i.NMI_Handler       stm32f3xx_it.o
    0x08002858   0x08002858   0x00000020   Code   RO         2828    i.NVIC_SetPriority  stm32f3xx_hal_cortex.o
    0x08002878   0x08002878   0x0000032c   Code   RO         2099    i.PCD_EP_ISR_Handler  stm32f3xx_hal_pcd.o
    0x08002ba4   0x08002ba4   0x00000028   Code   RO         2283    i.PCD_ReadPMA       stm32f3xx_hal_pcd_ex.o
    0x08002bcc   0x08002bcc   0x00000026   Code   RO         2284    i.PCD_WritePMA      stm32f3xx_hal_pcd_ex.o
    0x08002bf2   0x08002bf2   0x00000002   Code   RO          626    i.PendSV_Handler    stm32f3xx_it.o
    0x08002bf4   0x08002bf4   0x00000060   Code   RO          438    i.Quat_Update       gatt_db.o
    0x08002c54   0x08002c54   0x0000003a   Code   RO         1685    i.RTC_EnterInitMode  stm32f3xx_hal_rtc.o
    0x08002c8e   0x08002c8e   0x00000002   PAD
    0x08002c90   0x08002c90   0x000000e4   Code   RO          439    i.Read_Request_CB   gatt_db.o
    0x08002d74   0x08002d74   0x000000fc   Code   RO          320    i.Reset_Motion_Values  app_x-cube-ble1.o
    0x08002e70   0x08002e70   0x00000068   Code   RO          555    i.SPI1_MspInit      stm32f3xx_nucleo_bus.o
    0x08002ed8   0x08002ed8   0x00000048   Code   RO          950    i.SPI_EndRxTxTransaction  stm32f3xx_hal_spi.o
    0x08002f20   0x08002f20   0x0000009e   Code   RO          955    i.SPI_WaitFifoStateUntilTimeout  stm32f3xx_hal_spi.o
    0x08002fbe   0x08002fbe   0x00000094   Code   RO          956    i.SPI_WaitFlagStateUntilTimeout  stm32f3xx_hal_spi.o
    0x08003052   0x08003052   0x00000002   Code   RO          627    i.SVC_Handler       stm32f3xx_it.o
    0x08003054   0x08003054   0x000000a8   Code   RO          495    i.Set_DeviceConnectable  sensor.o
    0x080030fc   0x080030fc   0x0000006c   Code   RO          321    i.Set_Random_Environmental_Values  app_x-cube-ble1.o
    0x08003168   0x08003168   0x000004cc   Code   RO          322    i.Set_Random_Motion_Values  app_x-cube-ble1.o
    0x08003634   0x08003634   0x00000004   Code   RO          628    i.SysTick_Handler   stm32f3xx_it.o
    0x08003638   0x08003638   0x00000078   Code   RO           16    i.SystemClock_Config  main.o
    0x080036b0   0x080036b0   0x00000068   Code   RO         3754    i.SystemInit        system_stm32f3xx.o
    0x08003718   0x08003718   0x000000c8   Code   RO         1291    i.UART_AdvFeatureConfig  stm32f3xx_hal_uart.o
    0x080037e0   0x080037e0   0x0000005c   Code   RO         1292    i.UART_CheckIdleState  stm32f3xx_hal_uart.o
    0x0800383c   0x0800383c   0x000001d8   Code   RO         1307    i.UART_SetConfig    stm32f3xx_hal_uart.o
    0x08003a14   0x08003a14   0x00000064   Code   RO         1309    i.UART_WaitOnFlagUntilTimeout  stm32f3xx_hal_uart.o
    0x08003a78   0x08003a78   0x0000000c   Code   RO          629    i.USB_LP_CAN_RX0_IRQHandler  stm32f3xx_it.o
    0x08003a84   0x08003a84   0x00000002   Code   RO          630    i.UsageFault_Handler  stm32f3xx_it.o
    0x08003a86   0x08003a86   0x00000002   PAD
    0x08003a88   0x08003a88   0x000000b0   Code   RO          323    i.User_Process      app_x-cube-ble1.o
    0x08003b38   0x08003b38   0x0000000e   Code   RO         4979    i.__scatterload_copy  mc_w.l(handlers.o)
    0x08003b46   0x08003b46   0x00000002   Code   RO         4980    i.__scatterload_null  mc_w.l(handlers.o)
    0x08003b48   0x08003b48   0x0000000e   Code   RO         4981    i.__scatterload_zeroinit  mc_w.l(handlers.o)
    0x08003b56   0x08003b56   0x00000068   Code   RO         3800    i.aci_gap_init_IDB04A1  bluenrg_gap_aci.o
    0x08003bbe   0x08003bbe   0x00000070   Code   RO         3801    i.aci_gap_init_IDB05A1  bluenrg_gap_aci.o
    0x08003c2e   0x08003c2e   0x00000074   Code   RO         3807    i.aci_gap_set_auth_requirement  bluenrg_gap_aci.o
    0x08003ca2   0x08003ca2   0x000000cc   Code   RO         3812    i.aci_gap_set_discoverable  bluenrg_gap_aci.o
    0x08003d6e   0x08003d6e   0x00000058   Code   RO         3832    i.aci_gap_update_adv_data  bluenrg_gap_aci.o
    0x08003dc6   0x08003dc6   0x000000b6   Code   RO         4067    i.aci_gatt_add_char  bluenrg_gatt_aci.o
    0x08003e7c   0x08003e7c   0x0000007c   Code   RO         4069    i.aci_gatt_add_serv  bluenrg_gatt_aci.o
    0x08003ef8   0x08003ef8   0x00000046   Code   RO         4070    i.aci_gatt_allow_read  bluenrg_gatt_aci.o
    0x08003f3e   0x08003f3e   0x0000003a   Code   RO         4083    i.aci_gatt_init     bluenrg_gatt_aci.o
    0x08003f78   0x08003f78   0x0000007a   Code   RO         4096    i.aci_gatt_update_char_value  bluenrg_gatt_aci.o
    0x08003ff2   0x08003ff2   0x00000048   Code   RO         4349    i.aci_hal_set_tx_power_level  bluenrg_hal_aci.o
    0x0800403a   0x0800403a   0x0000005e   Code   RO         4352    i.aci_hal_write_config_data  bluenrg_hal_aci.o
    0x08004098   0x08004098   0x0000004c   Code   RO         4547    i.getBlueNRGVersion  bluenrg_utils_small.o
    0x080040e4   0x080040e4   0x0000005c   Code   RO         4574    i.hci_init          hci_tl.o
    0x08004140   0x08004140   0x0000007c   Code   RO         4644    i.hci_le_read_local_version  hci_le.o
    0x080041bc   0x080041bc   0x00000060   Code   RO         4655    i.hci_le_set_scan_resp_data  hci_le.o
    0x0800421c   0x0800421c   0x00000068   Code   RO         4575    i.hci_notify_asynch_evt  hci_tl.o
    0x08004284   0x08004284   0x0000001c   Code   RO         4576    i.hci_register_io_bus  hci_tl.o
    0x080042a0   0x080042a0   0x00000036   Code   RO         4661    i.hci_reset         hci_le.o
    0x080042d6   0x080042d6   0x00000002   PAD
    0x080042d8   0x080042d8   0x00000188   Code   RO         4577    i.hci_send_req      hci_tl.o
    0x08004460   0x08004460   0x0000006c   Code   RO          201    i.hci_tl_lowlevel_init  hci_tl_interface.o
    0x080044cc   0x080044cc   0x0000001e   Code   RO          202    i.hci_tl_lowlevel_isr  hci_tl_interface.o
    0x080044ea   0x080044ea   0x00000002   PAD
    0x080044ec   0x080044ec   0x0000003c   Code   RO         4578    i.hci_user_evt_proc  hci_tl.o
    0x08004528   0x08004528   0x0000001c   Code   RO         4837    i.list_get_size     ble_list.o
    0x08004544   0x08004544   0x00000006   Code   RO         4838    i.list_init_head    ble_list.o
    0x0800454a   0x0800454a   0x00000018   Code   RO         4839    i.list_insert_head  ble_list.o
    0x08004562   0x08004562   0x00000018   Code   RO         4842    i.list_insert_tail  ble_list.o
    0x0800457a   0x0800457a   0x00000018   Code   RO         4843    i.list_is_empty     ble_list.o
    0x08004592   0x08004592   0x00000024   Code   RO         4844    i.list_remove_head  ble_list.o
    0x080045b6   0x080045b6   0x00000016   Code   RO         4845    i.list_remove_node  ble_list.o
    0x080045cc   0x080045cc   0x00000024   Code   RO         4846    i.list_remove_tail  ble_list.o
    0x080045f0   0x080045f0   0x00000060   Code   RO           17    i.main              main.o
    0x08004650   0x08004650   0x00000024   Code   RO         4579    i.move_list         hci_tl.o
    0x08004674   0x08004674   0x0000003e   Code   RO          496    i.user_notify       sensor.o
    0x080046b2   0x080046b2   0x00000002   PAD
    0x080046b4   0x080046b4   0x00000014   Data   RO          787    .constdata          stm32f3xx_nucleo.o
    0x080046c8   0x080046c8   0x00000020   Data   RO         2511    .constdata          stm32f3xx_hal_rcc.o
    0x080046e8   0x080046e8   0x00000010   Data   RO         3755    .constdata          system_stm32f3xx.o
    0x080046f8   0x080046f8   0x00000008   Data   RO         3756    .constdata          system_stm32f3xx.o
    0x08004700   0x08004700   0x00000020   Data   RO         4977    Region$$Table       anon$$obj.o


    Execution Region RW_IRAM1 (Exec base: 0x20000000, Load base: 0x08004720, Size: 0x00000da0, Max: 0x00010000, ABSOLUTE)

    Exec Addr    Load Addr    Size         Type   Attr      Idx    E Section Name        Object

    0x20000000   0x08004720   0x00000008   Data   RW          204    .data               hci_tl_interface.o
    0x20000008   0x08004728   0x0000000e   Data   RW          324    .data               app_x-cube-ble1.o
    0x20000016   0x08004736   0x0000000a   Data   RW          441    .data               gatt_db.o
    0x20000020   0x08004740   0x00000008   Data   RW          501    .data               sensor.o
    0x20000028   0x08004748   0x00000004   Data   RW          557    .data               stm32f3xx_nucleo_bus.o
    0x2000002c   0x0800474c   0x00000018   Data   RW          788    .data               stm32f3xx_nucleo.o
    0x20000044   0x08004764   0x0000000c   Data   RW         2348    .data               stm32f3xx_hal.o
    0x20000050   0x08004770   0x00000004   Data   RW         3757    .data               system_stm32f3xx.o
    0x20000054   0x08004774   0x00000010   Data   RW         4581    .data               hci_tl.o
    0x20000064   0x08004784   0x00000004   Data   RW         4936    .data               mc_w.l(rand.o)
    0x20000068        -       0x00000438   Zero   RW           18    .bss                main.o
    0x200004a0        -       0x000000ff   Zero   RW          203    .bss                hci_tl_interface.o
    0x2000059f   0x08004788   0x00000001   PAD
    0x200005a0        -       0x00000020   Zero   RW          440    .bss                gatt_db.o
    0x200005c0        -       0x0000000c   Zero   RW          497    .bss                sensor.o
    0x200005cc        -       0x0000000c   Zero   RW          498    .bss                sensor.o
    0x200005d8        -       0x0000000c   Zero   RW          499    .bss                sensor.o
    0x200005e4        -       0x0000000c   Zero   RW          500    .bss                sensor.o
    0x200005f0        -       0x00000064   Zero   RW          556    .bss                stm32f3xx_nucleo_bus.o
    0x20000654        -       0x00000070   Zero   RW          786    .bss                stm32f3xx_nucleo.o
    0x200006c4        -       0x000002dc   Zero   RW         4580    .bss                hci_tl.o
    0x200009a0        -       0x00000400   Zero   RW            1    STACK               startup_stm32f303xe.o


==============================================================================

Image component sizes


      Code (inc. data)   RO Data    RW Data    ZI Data      Debug   Object Name

      2074        108          0         14          0      15122   app_x-cube-ble1.o
       200          0          0          0          0      10932   ble_list.o
       624          0          0          0          0       6038   bluenrg_gap_aci.o
       556          0          0          0          0       5903   bluenrg_gatt_aci.o
       166          0          0          0          0       2517   bluenrg_hal_aci.o
        76          0          0          0          0       1512   bluenrg_utils_small.o
      1248         68          0         10         32       7467   gatt_db.o
       274          0          0          0          0       3204   hci_le.o
       712         46          0         16        732       6623   hci_tl.o
       588         64          0          8        255       7202   hci_tl_interface.o
       600         50          0          0       1080     656771   main.o
       270         52          0          8         48      35728   sensor.o
        36          8        404          0       1024        864   startup_stm32f303xe.o
       164         28          0         12          0      16901   stm32f3xx_hal.o
       194         14          0          0          0      30575   stm32f3xx_hal_cortex.o
        62          6          0          0          0       2347   stm32f3xx_hal_exti.o
       808         70          0          0          0       4714   stm32f3xx_hal_gpio.o
       248         38          0          0          0       2825   stm32f3xx_hal_msp.o
      1642          0          0          0          0      10584   stm32f3xx_hal_pcd.o
        78          0          0          0          0       2177   stm32f3xx_hal_pcd_ex.o
      1940         70         32          0          0       5928   stm32f3xx_hal_rcc.o
       660         12          0          0          0       1756   stm32f3xx_hal_rcc_ex.o
       284          6          0          0          0       2964   stm32f3xx_hal_rtc.o
      1142          0          0          0          0       6974   stm32f3xx_hal_spi.o
       970         58          0          0          0       5099   stm32f3xx_hal_uart.o
        44         12          0          0          0       5321   stm32f3xx_it.o
       514         68         20         24        112       8768   stm32f3xx_nucleo.o
       276         30          0          4        100       3861   stm32f3xx_nucleo_bus.o
       104         22         24          4          0       1247   system_stm32f3xx.o

    ----------------------------------------------------------------------
     16578        830        512        100       3384     871924   Object Totals
         0          0         32          0          0          0   (incl. Generated)
        24          0          0          0          1          0   (incl. Padding)

    ----------------------------------------------------------------------

      Code (inc. data)   RO Data    RW Data    ZI Data      Debug   Library Member Name

         0          0          0          0          0          0   entry.o
         0          0          0          0          0          0   entry10a.o
         0          0          0          0          0          0   entry11a.o
         8          4          0          0          0          0   entry2.o
         4          0          0          0          0          0   entry5.o
         0          0          0          0          0          0   entry7b.o
         0          0          0          0          0          0   entry8b.o
         8          4          0          0          0          0   entry9a.o
        30          0          0          0          0          0   handlers.o
        36          8          0          0          0         68   init.o
         0          0          0          0          0          0   iusefp.o
        30          0          0          0          0         68   llshl.o
        36          0          0          0          0         68   llsshr.o
        32          0          0          0          0         68   llushr.o
        36          0          0          0          0         68   memcpya.o
        36          0          0          0          0        108   memseta.o
        36         10          0          4          0        136   rand.o
        14          0          0          0          0         68   strlen.o
        98          0          0          0          0         92   uldiv.o
        56          0          0          0          0         88   d2f.o
       334          0          0          0          0        148   dadd.o
       186          0          0          0          0        176   depilogue.o
        24          0          0          0          0         76   dfltul.o
       110          0          0          0          0        168   fepilogue.o

    ----------------------------------------------------------------------
      1118         26          0          4          0       1400   Library Totals
         4          0          0          0          0          0   (incl. Padding)

    ----------------------------------------------------------------------

      Code (inc. data)   RO Data    RW Data    ZI Data      Debug   Library Name

       404         26          0          4          0        744   mc_w.l
       710          0          0          0          0        656   mf_w.l

    ----------------------------------------------------------------------
      1118         26          0          4          0       1400   Library Totals

    ----------------------------------------------------------------------

==============================================================================


      Code (inc. data)   RO Data    RW Data    ZI Data      Debug   

     17696        856        512        104       3384     859704   Grand Totals
     17696        856        512        104       3384     859704   ELF Image Totals
     17696        856        512        104          0          0   ROM Totals

==============================================================================

    Total RO  Size (Code + RO Data)                18208 (  17.78kB)
    Total RW  Size (RW Data + ZI Data)              3488 (   3.41kB)
    Total ROM Size (Code + RO Data + RW Data)      18312 (  17.88kB)

==============================================================================

