Component: ARM Compiler 5.06 update 6 (build 750) Tool: armlink [4d35ed]

==============================================================================

Section Cross References

    startup_stm32f303xe.o(RESET) refers to startup_stm32f303xe.o(STACK) for __initial_sp
    startup_stm32f303xe.o(RESET) refers to startup_stm32f303xe.o(.text) for Reset_Handler
    startup_stm32f303xe.o(RESET) refers to stm32f3xx_it.o(i.NMI_Handler) for NMI_Handler
    startup_stm32f303xe.o(RESET) refers to stm32f3xx_it.o(i.HardFault_Handler) for HardFault_Handler
    startup_stm32f303xe.o(RESET) refers to stm32f3xx_it.o(i.MemManage_Handler) for MemManage_Handler
    startup_stm32f303xe.o(RESET) refers to stm32f3xx_it.o(i.BusFault_Handler) for BusFault_Handler
    startup_stm32f303xe.o(RESET) refers to stm32f3xx_it.o(i.UsageFault_Handler) for UsageFault_Handler
    startup_stm32f303xe.o(RESET) refers to stm32f3xx_it.o(i.SVC_Handler) for SVC_Handler
    startup_stm32f303xe.o(RESET) refers to stm32f3xx_it.o(i.DebugMon_Handler) for DebugMon_Handler
    startup_stm32f303xe.o(RESET) refers to stm32f3xx_it.o(i.PendSV_Handler) for PendSV_Handler
    startup_stm32f303xe.o(RESET) refers to stm32f3xx_it.o(i.SysTick_Handler) for SysTick_Handler
    startup_stm32f303xe.o(RESET) refers to stm32f3xx_it.o(i.USB_LP_CAN_RX0_IRQHandler) for USB_LP_CAN_RX0_IRQHandler
    startup_stm32f303xe.o(RESET) refers to stm32f3xx_it.o(i.EXTI15_10_IRQHandler) for EXTI15_10_IRQHandler
    startup_stm32f303xe.o(.text) refers to system_stm32f3xx.o(i.SystemInit) for SystemInit
    startup_stm32f303xe.o(.text) refers to entry.o(.ARM.Collect$$$$00000000) for __main
    main.o(i.MX_GPIO_Init) refers to memseta.o(.text) for __aeabi_memclr4
    main.o(i.MX_GPIO_Init) refers to stm32f3xx_hal_gpio.o(i.HAL_GPIO_WritePin) for HAL_GPIO_WritePin
    main.o(i.MX_GPIO_Init) refers to stm32f3xx_hal_gpio.o(i.HAL_GPIO_Init) for HAL_GPIO_Init
    main.o(i.MX_GPIO_Init) refers to stm32f3xx_hal_i2c_ex.o(i.HAL_I2CEx_EnableFastModePlus) for HAL_I2CEx_EnableFastModePlus
    main.o(i.MX_GPIO_Init) refers to stm32f3xx_hal_cortex.o(i.HAL_NVIC_SetPriority) for HAL_NVIC_SetPriority
    main.o(i.MX_GPIO_Init) refers to stm32f3xx_hal_cortex.o(i.HAL_NVIC_EnableIRQ) for HAL_NVIC_EnableIRQ
    main.o(i.MX_USART3_UART_Init) refers to stm32f3xx_hal_uart.o(i.HAL_UART_Init) for HAL_UART_Init
    main.o(i.MX_USART3_UART_Init) refers to main.o(.bss) for .bss
    main.o(i.SystemClock_Config) refers to memseta.o(.text) for __aeabi_memclr4
    main.o(i.SystemClock_Config) refers to stm32f3xx_hal_rcc.o(i.HAL_RCC_OscConfig) for HAL_RCC_OscConfig
    main.o(i.SystemClock_Config) refers to stm32f3xx_hal_rcc.o(i.HAL_RCC_ClockConfig) for HAL_RCC_ClockConfig
    main.o(i.SystemClock_Config) refers to stm32f3xx_hal_rcc_ex.o(i.HAL_RCCEx_PeriphCLKConfig) for HAL_RCCEx_PeriphCLKConfig
    main.o(i.main) refers to stm32f3xx_hal.o(i.HAL_Init) for HAL_Init
    main.o(i.main) refers to main.o(i.SystemClock_Config) for SystemClock_Config
    main.o(i.main) refers to main.o(i.MX_GPIO_Init) for MX_GPIO_Init
    main.o(i.main) refers to stm32f3xx_hal_rtc.o(i.HAL_RTC_Init) for HAL_RTC_Init
    main.o(i.main) refers to main.o(i.MX_USART3_UART_Init) for MX_USART3_UART_Init
    main.o(i.main) refers to stm32f3xx_hal_pcd.o(i.HAL_PCD_Init) for HAL_PCD_Init
    main.o(i.main) refers to app_x-cube-ble1.o(i.MX_BlueNRG_MS_Init) for MX_BlueNRG_MS_Init
    main.o(i.main) refers to app_x-cube-ble1.o(i.MX_BlueNRG_MS_Process) for MX_BlueNRG_MS_Process
    main.o(i.main) refers to main.o(.bss) for .bss
    hci_tl_interface.o(i.HCI_TL_SPI_DeInit) refers to stm32f3xx_hal_gpio.o(i.HAL_GPIO_DeInit) for HAL_GPIO_DeInit
    hci_tl_interface.o(i.HCI_TL_SPI_Init) refers to stm32f3xx_hal_gpio.o(i.HAL_GPIO_Init) for HAL_GPIO_Init
    hci_tl_interface.o(i.HCI_TL_SPI_Init) refers to stm32f3xx_nucleo_bus.o(i.BSP_SPI1_Init) for BSP_SPI1_Init
    hci_tl_interface.o(i.HCI_TL_SPI_Receive) refers to stm32f3xx_hal_gpio.o(i.HAL_GPIO_WritePin) for HAL_GPIO_WritePin
    hci_tl_interface.o(i.HCI_TL_SPI_Receive) refers to stm32f3xx_nucleo_bus.o(i.BSP_SPI1_SendRecv) for BSP_SPI1_SendRecv
    hci_tl_interface.o(i.HCI_TL_SPI_Reset) refers to stm32f3xx_hal_gpio.o(i.HAL_GPIO_WritePin) for HAL_GPIO_WritePin
    hci_tl_interface.o(i.HCI_TL_SPI_Reset) refers to stm32f3xx_hal.o(i.HAL_Delay) for HAL_Delay
    hci_tl_interface.o(i.HCI_TL_SPI_Send) refers to stm32f3xx_hal.o(i.HAL_GetTick) for HAL_GetTick
    hci_tl_interface.o(i.HCI_TL_SPI_Send) refers to stm32f3xx_hal_gpio.o(i.HAL_GPIO_WritePin) for HAL_GPIO_WritePin
    hci_tl_interface.o(i.HCI_TL_SPI_Send) refers to stm32f3xx_nucleo_bus.o(i.BSP_SPI1_SendRecv) for BSP_SPI1_SendRecv
    hci_tl_interface.o(i.HCI_TL_SPI_Send) refers to hci_tl_interface.o(.bss) for .bss
    hci_tl_interface.o(i.hci_tl_lowlevel_init) refers to hci_tl.o(i.hci_register_io_bus) for hci_register_io_bus
    hci_tl_interface.o(i.hci_tl_lowlevel_init) refers to stm32f3xx_hal_exti.o(i.HAL_EXTI_GetHandle) for HAL_EXTI_GetHandle
[...]
    Removing hci_tl.o(.rev16_text), (4 bytes).
    Removing hci_tl.o(.revsh_text), (4 bytes).
    Removing hci_tl.o(.rrx_text), (6 bytes).
    Removing hci_le.o(.rev16_text), (4 bytes).
    Removing hci_le.o(.revsh_text), (4 bytes).
    Removing hci_le.o(.rrx_text), (6 bytes).
    Removing hci_le.o(i.hci_disconnect), (74 bytes).
    Removing hci_le.o(i.hci_le_add_device_to_white_list), (80 bytes).
    Removing hci_le.o(i.hci_le_clear_white_list), (56 bytes).
    Removing hci_le.o(i.hci_le_create_connection), (168 bytes).
    Removing hci_le.o(i.hci_le_create_connection_cancel), (56 bytes).
    Removing hci_le.o(i.hci_le_encrypt), (114 bytes).
    Removing hci_le.o(i.hci_le_ltk_request_neg_reply), (74 bytes).
    Removing hci_le.o(i.hci_le_ltk_request_reply), (84 bytes).
    Removing hci_le.o(i.hci_le_rand), (88 bytes).
    Removing hci_le.o(i.hci_le_read_advertising_channel_tx_power), (78 bytes).
    Removing hci_le.o(i.hci_le_read_buffer_size), (86 bytes).
    Removing hci_le.o(i.hci_le_read_channel_map), (92 bytes).
    Removing hci_le.o(i.hci_le_read_local_supported_features), (84 bytes).
    Removing hci_le.o(i.hci_le_read_supported_states), (84 bytes).
    Removing hci_le.o(i.hci_le_read_white_list_size), (74 bytes).
    Removing hci_le.o(i.hci_le_receiver_test), (66 bytes).
    Removing hci_le.o(i.hci_le_remove_device_from_white_list), (80 bytes).
    Removing hci_le.o(i.hci_le_set_advertise_enable), (74 bytes).
    Removing hci_le.o(i.hci_le_set_advertising_data), (94 bytes).
    Removing hci_le.o(i.hci_le_set_advertising_parameters), (134 bytes).
    Removing hci_le.o(i.hci_le_set_random_address), (80 bytes).
    Removing hci_le.o(i.hci_le_set_scan_enable), (80 bytes).
    Removing hci_le.o(i.hci_le_set_scan_parameters), (92 bytes).
    Removing hci_le.o(i.hci_le_test_end), (74 bytes).
    Removing hci_le.o(i.hci_le_transmitter_test), (76 bytes).
    Removing hci_le.o(i.hci_read_bd_addr), (86 bytes).
    Removing hci_le.o(i.hci_read_rssi), (94 bytes).
    Removing hci_le.o(i.hci_read_transmit_power_level), (98 bytes).
    Removing ble_list.o(.rev16_text), (4 bytes).
    Removing ble_list.o(.revsh_text), (4 bytes).
    Removing ble_list.o(.rrx_text), (6 bytes).
    Removing ble_list.o(i.list_get_next_node), (16 bytes).
    Removing ble_list.o(i.list_get_prev_node), (16 bytes).
    Removing ble_list.o(i.list_insert_node_after), (24 bytes).
    Removing ble_list.o(i.list_insert_node_before), (24 bytes).

647 unused section(s) (total 43814 bytes) removed from the image.

==============================================================================

Image Symbol Table

    Local Symbols

    Symbol Name                              Value     Ov Type        Size  Object(Section)

    ../Drivers/BSP/STM32F3xx_Nucleo/stm32f3xx_nucleo.c 0x00000000   Number         0  stm32f3xx_nucleo.o ABSOLUTE
    ../Drivers/STM32F3xx_HAL_Driver/Src/stm32f3xx_hal.c 0x00000000   Number         0  stm32f3xx_hal.o ABSOLUTE
    ../Drivers/STM32F3xx_HAL_Driver/Src/stm32f3xx_hal_cortex.c 0x00000000   Number         0  stm32f3xx_hal_cortex.o ABSOLUTE
    ../Drivers/STM32F3xx_HAL_Driver/Src/stm32f3xx_hal_dma.c 0x00000000   Number         0  stm32f3xx_hal_dma.o ABSOLUTE
    ../Drivers/STM32F3xx_HAL_Driver/Src/stm32f3xx_hal_flash.c 0x00000000   Number         0  stm32f3xx_hal_flash.o ABSOLUTE
    ../Drivers/STM32F3xx_HAL_Driver/Src/stm32f3xx_hal_flash_ex.c 0x00000000   Number         0  stm32f3xx_hal_flash_ex.o ABSOLUTE
    ../Drivers/STM32F3xx_HAL_Driver/Src/stm32f3xx_hal_gpio.c 0x00000000   Number         0  stm32f3xx_hal_gpio.o ABSOLUTE
    ../Drivers/STM32F3xx_HAL_Driver/Src/stm32f3xx_hal_i2c.c 0x00000000   Number         0  stm32f3xx_hal_i2c.o ABSOLUTE
    ../Drivers/STM32F3xx_HAL_Driver/Src/stm32f3xx_hal_i2c_ex.c 0x00000000   Number         0  stm32f3xx_hal_i2c_ex.o ABSOLUTE
    ../Drivers/STM32F3xx_HAL_Driver/Src/stm32f3xx_hal_pcd.c 0x00000000   Number         0  stm32f3xx_hal_pcd.o ABSOLUTE
    ../Drivers/STM32F3xx_HAL_Driver/Src/stm32f3xx_hal_pcd_ex.c 0x00000000   Number         0  stm32f3xx_hal_pcd_ex.o ABSOLUTE
    ../Drivers/STM32F3xx_HAL_Driver/Src/stm32f3xx_hal_pwr.c 0x00000000   Number         0  stm32f3xx_hal_pwr.o ABSOLUTE
    ../Drivers/STM32F3xx_HAL_Driver/Src/stm32f3xx_hal_pwr_ex.c 0x00000000   Number         0  stm32f3xx_hal_pwr_ex.o ABSOLUTE
    ../Drivers/STM32F3xx_HAL_Driver/Src/stm32f3xx_hal_rcc.c 0x00000000   Number         0  stm32f3xx_hal_rcc.o ABSOLUTE
    ../Drivers/STM32F3xx_HAL_Driver/Src/stm32f3xx_hal_rcc_ex.c 0x00000000   Number         0  stm32f3xx_hal_rcc_ex.o ABSOLUTE
    ../Drivers/STM32F3xx_HAL_Driver/Src/stm32f3xx_hal_rtc.c 0x00000000   Number         0  stm32f3xx_hal_rtc.o ABSOLUTE
    ../Drivers/STM32F3xx_HAL_Driver/Src/stm32f3xx_hal_rtc_ex.c 0x00000000   Number         0  stm32f3xx_hal_rtc_ex.o ABSOLUTE
    ../Drivers/STM32F3xx_HAL_Driver/Src/stm32f3xx_hal_spi.c 0x00000000   Number         0  stm32f3xx_hal_spi.o ABSOLUTE
    ../Drivers/STM32F3xx_HAL_Driver/Src/stm32f3xx_hal_spi_ex.c 0x00000000   Number         0  stm32f3xx_hal_spi_ex.o ABSOLUTE
    ../Drivers/STM32F3xx_HAL_Driver/Src/stm32f3xx_hal_tim.c 0x00000000   Number         0  stm32f3xx_hal_tim.o ABSOLUTE
    ../Drivers/STM32F3xx_HAL_Driver/Src/stm32f3xx_hal_tim_ex.c 0x00000000   Number         0  stm32f3xx_hal_tim_ex.o ABSOLUTE
    ../Drivers/STM32F3xx_HAL_Driver/Src/stm32f3xx_hal_uart.c 0x00000000   Number         0  stm32f3xx_hal_uart.o ABSOLUTE
    ../Drivers/STM32F3xx_HAL_Driver/Src/stm32f3xx_hal_uart_ex.c 0x00000000   Number         0  stm32f3xx_hal_uart_ex.o ABSOLUTE
    ../Middlewares/ST/BlueNRG-MS/hci/controller/bluenrg_gap_aci.c 0x00000000   Number         0  bluenrg_gap_aci.o ABSOLUTE
    ../Middlewares/ST/BlueNRG-MS/hci/controller/bluenrg_gatt_aci.c 0x00000000   Number         0  bluenrg_gatt_aci.o ABSOLUTE
    ../Middlewares/ST/BlueNRG-MS/hci/controller/bluenrg_hal_aci.c 0x00000000   Number         0  bluenrg_hal_aci.o ABSOLUTE
    ../Middlewares/ST/BlueNRG-MS/hci/controller/bluenrg_l2cap_aci.c 0x00000000   Number         0  bluenrg_l2cap_aci.o ABSOLUTE
    ../Middlewares/ST/BlueNRG-MS/hci/controller/bluenrg_updater_aci.c 0x00000000   Number         0  bluenrg_updater_aci.o ABSOLUTE
    ../Middlewares/ST/BlueNRG-MS/hci/controller/bluenrg_utils_small.c 0x00000000   Number         0  bluenrg_utils_small.o ABSOLUTE
    ../Middlewares/ST/BlueNRG-MS/hci/hci_le.c 0x00000000   Number         0  hci_le.o ABSOLUTE
    ../Middlewares/ST/BlueNRG-MS/hci/hci_tl_patterns/Basic/hci_tl.c 0x00000000   Number         0  hci_tl.o ABSOLUTE
    ../Middlewares/ST/BlueNRG-MS/utils/ble_list.c 0x00000000   Number         0  ble_list.o ABSOLUTE
    ../Src/app_x-cube-ble1.c                 0x00000000   Number         0  app_x-cube-ble1.o ABSOLUTE
    ../Src/hci_tl_interface.c                0x00000000   Number         0  hci_tl_interface.o ABSOLUTE
    ../Src/main.c                            0x00000000   Number         0  main.o ABSOLUTE
    ../Src/sensor_service.c                  0x00000000   Number         0  sensor_service.o ABSOLUTE
    ../Src/stm32f3xx_hal_exti.c              0x00000000   Number         0  stm32f3xx_hal_exti.o ABSOLUTE
    ../Src/stm32f3xx_hal_msp.c               0x00000000   Number         0  stm32f3xx_hal_msp.o ABSOLUTE
    ../Src/stm32f3xx_it.c                    0x00000000   Number         0  stm32f3xx_it.o ABSOLUTE
    ../Src/stm32f3xx_nucleo_bus.c            0x00000000   Number         0  stm32f3xx_nucleo_bus.o ABSOLUTE
    ../Src/system_stm32f3xx.c                0x00000000   Number         0  system_stm32f3xx.o ABSOLUTE
    ../clib/microlib/division.c              0x00000000   Number         0  uldiv.o ABSOLUTE
    ../clib/microlib/init/entry.s            0x00000000   Number         0  entry8a.o ABSOLUTE
    ../clib/microlib/init/entry.s            0x00000000   Number         0  entry10a.o ABSOLUTE
    ../clib/microlib/init/entry.s            0x00000000   Number         0  entry7b.o ABSOLUTE
    ../clib/microlib/init/entry.s            0x00000000   Number         0  entry7a.o ABSOLUTE
    ../clib/microlib/init/entry.s            0x00000000   Number         0  entry5.o ABSOLUTE
    ../clib/microlib/init/entry.s            0x00000000   Number         0  entry2.o ABSOLUTE
    ../clib/microlib/init/entry.s            0x00000000   Number         0  entry11a.o ABSOLUTE
    ../clib/microlib/init/entry.s            0x00000000   Number         0  entry11b.o ABSOLUTE
    ../clib/microlib/init/entry.s            0x00000000   Number         0  entry9b.o ABSOLUTE
    ../clib/microlib/init/entry.s            0x00000000   Number         0  entry9a.o ABSOLUTE
    ../clib/microlib/init/entry.s            0x00000000   Number         0  entry8b.o ABSOLUTE
    ../clib/microlib/init/entry.s            0x00000000   Number         0  entry10b.o ABSOLUTE
    ../clib/microlib/init/entry.s            0x00000000   Number         0  entry.o ABSOLUTE
    ../clib/microlib/longlong.c              0x00000000   Number         0  llushr.o ABSOLUTE
    ../clib/microlib/longlong.c              0x00000000   Number         0  llshl.o ABSOLUTE
    ../clib/microlib/stdlib/rand.c           0x00000000   Number         0  rand.o ABSOLUTE
    ../clib/microlib/string/memcpy.c         0x00000000   Number         0  memcpya.o ABSOLUTE
    ../clib/microlib/string/memcpy.c         0x00000000   Number         0  memcpyb.o ABSOLUTE
    ../clib/microlib/string/memset.c         0x00000000   Number         0  memseta.o ABSOLUTE
    ../clib/microlib/string/strlen.c         0x00000000   Number         0  strlen.o ABSOLUTE
    ..\Drivers\BSP\STM32F3xx_Nucleo\stm32f3xx_nucleo.c 0x00000000   Number         0  stm32f3xx_nucleo.o ABSOLUTE
    ..\Drivers\STM32F3xx_HAL_Driver\Src\stm32f3xx_hal.c 0x00000000   Number         0  stm32f3xx_hal.o ABSOLUTE
    ..\Drivers\STM32F3xx_HAL_Driver\Src\stm32f3xx_hal_cortex.c 0x00000000   Number         0  stm32f3xx_hal_cortex.o ABSOLUTE
    ..\Drivers\STM32F3xx_HAL_Driver\Src\stm32f3xx_hal_dma.c 0x00000000   Number         0  stm32f3xx_hal_dma.o ABSOLUTE
    ..\Drivers\STM32F3xx_HAL_Driver\Src\stm32f3xx_hal_flash.c 0x00000000   Number         0  stm32f3xx_hal_flash.o ABSOLUTE
    ..\Drivers\STM32F3xx_HAL_Driver\Src\stm32f3xx_hal_flash_ex.c 0x00000000   Number         0  stm32f3xx_hal_flash_ex.o ABSOLUTE
    ..\Drivers\STM32F3xx_HAL_Driver\Src\stm32f3xx_hal_gpio.c 0x00000000   Number         0  stm32f3xx_hal_gpio.o ABSOLUTE
    ..\Drivers\STM32F3xx_HAL_Driver\Src\stm32f3xx_hal_i2c.c 0x00000000   Number         0  stm32f3xx_hal_i2c.o ABSOLUTE
    ..\Drivers\STM32F3xx_HAL_Driver\Src\stm32f3xx_hal_i2c_ex.c 0x00000000   Number         0  stm32f3xx_hal_i2c_ex.o ABSOLUTE
    ..\Drivers\STM32F3xx_HAL_Driver\Src\stm32f3xx_hal_pcd.c 0x00000000   Number         0  stm32f3xx_hal_pcd.o ABSOLUTE
    ..\Drivers\STM32F3xx_HAL_Driver\Src\stm32f3xx_hal_pcd_ex.c 0x00000000   Number         0  stm32f3xx_hal_pcd_ex.o ABSOLUTE
    ..\Drivers\STM32F3xx_HAL_Driver\Src\stm32f3xx_hal_pwr.c 0x00000000   Number         0  stm32f3xx_hal_pwr.o ABSOLUTE
    ..\Drivers\STM32F3xx_HAL_Driver\Src\stm32f3xx_hal_pwr_ex.c 0x00000000   Number         0  stm32f3xx_hal_pwr_ex.o ABSOLUTE
    ..\Drivers\STM32F3xx_HAL_Driver\Src\stm32f3xx_hal_rcc.c 0x00000000   Number         0  stm32f3xx_hal_rcc.o ABSOLUTE
    ..\Drivers\STM32F3xx_HAL_Driver\Src\stm32f3xx_hal_rcc_ex.c 0x00000000   Number         0  stm32f3xx_hal_rcc_ex.o ABSOLUTE
    ..\Drivers\STM32F3xx_HAL_Driver\Src\stm32f3xx_hal_rtc.c 0x00000000   Number         0  stm32f3xx_hal_rtc.o ABSOLUTE
    ..\Drivers\STM32F3xx_HAL_Driver\Src\stm32f3xx_hal_rtc_ex.c 0x00000000   Number         0  stm32f3xx_hal_rtc_ex.o ABSOLUTE
    ..\Drivers\STM32F3xx_HAL_Driver\Src\stm32f3xx_hal_spi.c 0x00000000   Number         0  stm32f3xx_hal_spi.o ABSOLUTE
    ..\Drivers\STM32F3xx_HAL_Driver\Src\stm32f3xx_hal_spi_ex.c 0x00000000   Number         0  stm32f3xx_hal_spi_ex.o ABSOLUTE
    ..\Drivers\STM32F3xx_HAL_Driver\Src\stm32f3xx_hal_tim.c 0x00000000   Number         0  stm32f3xx_hal_tim.o ABSOLUTE
    ..\Drivers\STM32F3xx_HAL_Driver\Src\stm32f3xx_hal_tim_ex.c 0x00000000   Number         0  stm32f3xx_hal_tim_ex.o ABSOLUTE
    ..\Drivers\STM32F3xx_HAL_Driver\Src\stm32f3xx_hal_uart.c 0x00000000   Number         0  stm32f3xx_hal_uart.o ABSOLUTE
    ..\Drivers\STM32F3xx_HAL_Driver\Src\stm32f3xx_hal_uart_ex.c 0x00000000   Number         0  stm32f3xx_hal_uart_ex.o ABSOLUTE
    ..\Middlewares\ST\BlueNRG-MS\hci\controller\bluenrg_gap_aci.c 0x00000000   Number         0  bluenrg_gap_aci.o ABSOLUTE
    ..\Middlewares\ST\BlueNRG-MS\hci\controller\bluenrg_gatt_aci.c 0x00000000   Number         0  bluenrg_gatt_aci.o ABSOLUTE
    ..\Middlewares\ST\BlueNRG-MS\hci\controller\bluenrg_hal_aci.c 0x00000000   Number         0  bluenrg_hal_aci.o ABSOLUTE
    ..\Middlewares\ST\BlueNRG-MS\hci\controller\bluenrg_l2cap_aci.c 0x00000000   Number         0  bluenrg_l2cap_aci.o ABSOLUTE
    ..\Middlewares\ST\BlueNRG-MS\hci\controller\bluenrg_updater_aci.c 0x00000000   Number         0  bluenrg_updater_aci.o ABSOLUTE
    ..\Middlewares\ST\BlueNRG-MS\hci\controller\bluenrg_utils_small.c 0x00000000   Number         0  bluenrg_utils_small.o ABSOLUTE
    ..\Middlewares\ST\BlueNRG-MS\hci\hci_le.c 0x00000000   Number         0  hci_le.o ABSOLUTE
    ..\Middlewares\ST\BlueNRG-MS\hci\hci_tl_patterns\Basic\hci_tl.c 0x00000000   Number         0  hci_tl.o ABSOLUTE
    ..\Middlewares\ST\BlueNRG-MS\utils\ble_list.c 0x00000000   Number         0  ble_list.o ABSOLUTE
    ..\Src\app_x-cube-ble1.c                 0x00000000   Number         0  app_x-cube-ble1.o ABSOLUTE
    ..\Src\hci_tl_interface.c                0x00000000   Number         0  hci_tl_interface.o ABSOLUTE
    ..\Src\main.c                            0x00000000   Number         0  main.o ABSOLUTE
    ..\Src\sensor_service.c                  0x00000000   Number         0  sensor_service.o ABSOLUTE
    ..\Src\stm32f3xx_hal_exti.c              0x00000000   Number         0  stm32f3xx_hal_exti.o ABSOLUTE
    ..\Src\stm32f3xx_hal_msp.c               0x00000000   Number         0  stm32f3xx_hal_msp.o ABSOLUTE
    ..\Src\stm32f3xx_it.c                    0x00000000   Number         0  stm32f3xx_it.o ABSOLUTE
    ..\Src\stm32f3xx_nucleo_bus.c            0x00000000   Number         0  stm32f3xx_nucleo_bus.o ABSOLUTE
    ..\Src\system_stm32f3xx.c                0x00000000   Number         0  system_stm32f3xx.o ABSOLUTE
    dc.s                                     0x00000000   Number         0  dc.o ABSOLUTE
    handlers.s                               0x00000000   Number         0  handlers.o ABSOLUTE
    init.s                                   0x00000000   Number         0  init.o ABSOLUTE
    startup_stm32f303xe.s                    0x00000000   Number         0  startup_stm32f303xe.o ABSOLUTE
    RESET                                    0x08000000   Section      404  startup_stm32f303xe.o(RESET)
    .ARM.Collect$$$$00000000                 0x08000194   Section        0  entry.o(.ARM.Collect$$$$00000000)
    .ARM.Collect$$$$00000001                 0x08000194   Section        4  entry2.o(.ARM.Collect$$$$00000001)
    .ARM.Collect$$$$00000004                 0x08000198   Section        4  entry5.o(.ARM.Collect$$$$00000004)
    .ARM.Collect$$$$00000008                 0x0800019c   Section        0  entry7b.o(.ARM.Collect$$$$00000008)
    .ARM.Collect$$$$0000000A                 0x0800019c   Section        0  entry8b.o(.ARM.Collect$$$$0000000A)
    .ARM.Collect$$$$0000000B                 0x0800019c   Section        8  entry9a.o(.ARM.Collect$$$$0000000B)
    .ARM.Collect$$$$0000000D                 0x080001a4   Section        0  entry10a.o(.ARM.Collect$$$$0000000D)
    .ARM.Collect$$$$0000000F                 0x080001a4   Section        0  entry11a.o(.ARM.Collect$$$$0000000F)
    .ARM.Collect$$$$00002712                 0x080001a4   Section        4  entry2.o(.ARM.Collect$$$$00002712)
    __lit__00000000                          0x080001a4   Data           4  entry2.o(.ARM.Collect$$$$00002712)
    .text                                    0x080001a8   Section       36  startup_stm32f303xe.o(.text)
    $v0                                      0x080001a8   Number         0  startup_stm32f303xe.o(.text)
    .text                                    0x080001cc   Section        0  uldiv.o(.text)
    .text                                    0x0800022e   Section        0  llushr.o(.text)
    .text                                    0x08000250   Section        0  rand.o(.text)
    .text                                    0x08000274   Section        0  memcpya.o(.text)
    .text                                    0x08000298   Section        0  memseta.o(.text)
    .text                                    0x080002bc   Section        0  strlen.o(.text)
    .text                                    0x080002ca   Section        0  llshl.o(.text)
    .text                                    0x080002e8   Section       36  init.o(.text)
    i.Acc_Update                             0x0800030c   Section        0  sensor_service.o(i.Acc_Update)
    i.Add_Acc_Service                        0x08000358   Section        0  sensor_service.o(i.Add_Acc_Service)
    i.Add_Environmental_Sensor_Service       0x080004dc   Section        0  sensor_service.o(i.Add_Environmental_Sensor_Service)
    i.BSP_COM_Init                           0x080007d0   Section        0  stm32f3xx_nucleo.o(i.BSP_COM_Init)
    i.BSP_GetTick                            0x08000850   Section        0  stm32f3xx_nucleo_bus.o(i.BSP_GetTick)
    i.BSP_LED_Init                           0x08000854   Section        0  stm32f3xx_nucleo.o(i.BSP_LED_Init)
    i.BSP_LED_Toggle                         0x080008ac   Section        0  stm32f3xx_nucleo.o(i.BSP_LED_Toggle)
    i.BSP_PB_Callback                        0x080008cc   Section        0  app_x-cube-ble1.o(i.BSP_PB_Callback)
    i.BSP_PB_GetState                        0x080008d8   Section        0  stm32f3xx_nucleo.o(i.BSP_PB_GetState)
    i.BSP_PB_Init                            0x080008fc   Section        0  stm32f3xx_nucleo.o(i.BSP_PB_Init)
    i.BSP_SPI1_Init                          0x080009a8   Section        0  stm32f3xx_nucleo_bus.o(i.BSP_SPI1_Init)
    i.BSP_SPI1_SendRecv                      0x08000a2c   Section        0  stm32f3xx_nucleo_bus.o(i.BSP_SPI1_SendRecv)
    i.BUTTON_USER_EXTI_Callback              0x08000a50   Section        0  stm32f3xx_nucleo.o(i.BUTTON_USER_EXTI_Callback)
    BUTTON_USER_EXTI_Callback                0x08000a51   Thumb Code    10  stm32f3xx_nucleo.o(i.BUTTON_USER_EXTI_Callback)
    i.BusFault_Handler                       0x08000a5a   Section        0  stm32f3xx_it.o(i.BusFault_Handler)
    i.DebugMon_Handler                       0x08000a5c   Section        0  stm32f3xx_it.o(i.DebugMon_Handler)
    i.EXTI15_10_IRQHandler                   0x08000a60   Section        0  stm32f3xx_it.o(i.EXTI15_10_IRQHandler)
    i.GAP_ConnectionComplete_CB              0x08000a7c   Section        0  sensor_service.o(i.GAP_ConnectionComplete_CB)
    i.GAP_DisconnectionComplete_CB           0x08000a90   Section        0  sensor_service.o(i.GAP_DisconnectionComplete_CB)
    i.HAL_Delay                              0x08000aa4   Section        0  stm32f3xx_hal.o(i.HAL_Delay)
    i.HAL_EXTI_GetHandle                     0x08000ac8   Section        0  stm32f3xx_hal_exti.o(i.HAL_EXTI_GetHandle)
    i.HAL_EXTI_IRQHandler                    0x08000ad4   Section        0  stm32f3xx_hal_exti.o(i.HAL_EXTI_IRQHandler)
    i.HAL_EXTI_RegisterCallback              0x08000af8   Section        0  stm32f3xx_hal_exti.o(i.HAL_EXTI_RegisterCallback)
    i.HAL_GPIO_DeInit                        0x08000b08   Section        0  stm32f3xx_hal_gpio.o(i.HAL_GPIO_DeInit)
    i.HAL_GPIO_Init                          0x08000c48   Section        0  stm32f3xx_hal_gpio.o(i.HAL_GPIO_Init)
    i.HAL_GPIO_ReadPin                       0x08000e14   Section        0  stm32f3xx_hal_gpio.o(i.HAL_GPIO_ReadPin)
    i.HAL_GPIO_TogglePin                     0x08000e1e   Section        0  stm32f3xx_hal_gpio.o(i.HAL_GPIO_TogglePin)
    i.HAL_GPIO_WritePin                      0x08000e26   Section        0  stm32f3xx_hal_gpio.o(i.HAL_GPIO_WritePin)
    i.HAL_GetTick                            0x08000e30   Section        0  stm32f3xx_hal.o(i.HAL_GetTick)
    i.HAL_I2CEx_EnableFastModePlus           0x08000e3c   Section        0  stm32f3xx_hal_i2c_ex.o(i.HAL_I2CEx_EnableFastModePlus)
    i.HAL_IncTick                            0x08000e64   Section        0  stm32f3xx_hal.o(i.HAL_IncTick)
    i.HAL_Init                               0x08000e74   Section        0  stm32f3xx_hal.o(i.HAL_Init)
    i.HAL_InitTick                           0x08000e98   Section        0  stm32f3xx_hal.o(i.HAL_InitTick)
    i.HAL_MspInit                            0x08000ed8   Section        0  stm32f3xx_hal_msp.o(i.HAL_MspInit)
    i.HAL_NVIC_EnableIRQ                     0x08000f04   Section        0  stm32f3xx_hal_cortex.o(i.HAL_NVIC_EnableIRQ)
    i.HAL_NVIC_SetPriority                   0x08000f1c   Section        0  stm32f3xx_hal_cortex.o(i.HAL_NVIC_SetPriority)
    i.HAL_NVIC_SetPriorityGrouping           0x08000f5c   Section        0  stm32f3xx_hal_cortex.o(i.HAL_NVIC_SetPriorityGrouping)
    i.HAL_PCD_DataInStageCallback            0x08000f80   Section        0  stm32f3xx_hal_pcd.o(i.HAL_PCD_DataInStageCallback)
    i.HAL_PCD_DataOutStageCallback           0x08000f82   Section        0  stm32f3xx_hal_pcd.o(i.HAL_PCD_DataOutStageCallback)
    i.HAL_PCD_EP_Receive                     0x08000f84   Section        0  stm32f3xx_hal_pcd.o(i.HAL_PCD_EP_Receive)
    i.HAL_PCD_EP_Transmit                    0x08001026   Section        0  stm32f3xx_hal_pcd.o(i.HAL_PCD_EP_Transmit)
    i.HAL_PCD_IRQHandler                     0x080010f2   Section        0  stm32f3xx_hal_pcd.o(i.HAL_PCD_IRQHandler)
    i.HAL_PCD_Init                           0x080011e2   Section        0  stm32f3xx_hal_pcd.o(i.HAL_PCD_Init)
    i.HAL_PCD_MspInit                        0x08001288   Section        0  stm32f3xx_hal_msp.o(i.HAL_PCD_MspInit)
    i.HAL_PCD_ResetCallback                  0x080012c4   Section        0  stm32f3xx_hal_pcd.o(i.HAL_PCD_ResetCallback)
    i.HAL_PCD_ResumeCallback                 0x080012c6   Section        0  stm32f3xx_hal_pcd.o(i.HAL_PCD_ResumeCallback)
    i.HAL_PCD_SOFCallback                    0x080012c8   Section        0  stm32f3xx_hal_pcd.o(i.HAL_PCD_SOFCallback)
    i.HAL_PCD_SetAddress                     0x080012ca   Section        0  stm32f3xx_hal_pcd.o(i.HAL_PCD_SetAddress)
    i.HAL_PCD_SetupStageCallback             0x080012f6   Section        0  stm32f3xx_hal_pcd.o(i.HAL_PCD_SetupStageCallback)
    i.HAL_PCD_SuspendCallback                0x080012f8   Section        0  stm32f3xx_hal_pcd.o(i.HAL_PCD_SuspendCallback)
    i.HAL_RCCEx_PeriphCLKConfig              0x080012fc   Section        0  stm32f3xx_hal_rcc_ex.o(i.HAL_RCCEx_PeriphCLKConfig)
    i.HAL_RCC_ClockConfig                    0x08001590   Section        0  stm32f3xx_hal_rcc.o(i.HAL_RCC_ClockConfig)
    i.HAL_RCC_GetPCLK1Freq                   0x080016d4   Section        0  stm32f3xx_hal_rcc.o(i.HAL_RCC_GetPCLK1Freq)
    i.HAL_RCC_GetPCLK2Freq                   0x08001704   Section        0  stm32f3xx_hal_rcc.o(i.HAL_RCC_GetPCLK2Freq)
    i.HAL_RCC_GetSysClockFreq                0x08001734   Section        0  stm32f3xx_hal_rcc.o(i.HAL_RCC_GetSysClockFreq)
    i.HAL_RCC_OscConfig                      0x0800178c   Section        0  stm32f3xx_hal_rcc.o(i.HAL_RCC_OscConfig)
    i.HAL_RTC_Init                           0x08001d24   Section        0  stm32f3xx_hal_rtc.o(i.HAL_RTC_Init)
    i.HAL_RTC_MspInit                        0x08001dd0   Section        0  stm32f3xx_hal_msp.o(i.HAL_RTC_MspInit)
    i.HAL_RTC_WaitForSynchro                 0x08001df8   Section        0  stm32f3xx_hal_rtc.o(i.HAL_RTC_WaitForSynchro)
    i.HAL_SPI_GetState                       0x08001e2e   Section        0  stm32f3xx_hal_spi.o(i.HAL_SPI_GetState)
    i.HAL_SPI_Init                           0x08001e34   Section        0  stm32f3xx_hal_spi.o(i.HAL_SPI_Init)
    i.HAL_SPI_MspInit                        0x08001eea   Section        0  stm32f3xx_hal_spi.o(i.HAL_SPI_MspInit)
    i.HAL_SPI_TransmitReceive                0x08001eec   Section        0  stm32f3xx_hal_spi.o(i.HAL_SPI_TransmitReceive)
    i.HAL_SYSTICK_Config                     0x0800212a   Section        0  stm32f3xx_hal_cortex.o(i.HAL_SYSTICK_Config)
    i.HAL_UART_Init                          0x08002152   Section        0  stm32f3xx_hal_uart.o(i.HAL_UART_Init)
    i.HAL_UART_MspInit                       0x080021bc   Section        0  stm32f3xx_hal_msp.o(i.HAL_UART_MspInit)
    i.HCI_TL_SPI_DeInit                      0x08002224   Section        0  hci_tl_interface.o(i.HCI_TL_SPI_DeInit)
    i.HCI_TL_SPI_Init                        0x08002254   Section        0  hci_tl_interface.o(i.HCI_TL_SPI_Init)
    i.HCI_TL_SPI_Receive                     0x080022c4   Section        0  hci_tl_interface.o(i.HCI_TL_SPI_Receive)
    i.HCI_TL_SPI_Reset                       0x08002348   Section        0  hci_tl_interface.o(i.HCI_TL_SPI_Reset)
    i.HCI_TL_SPI_Send                        0x08002378   Section        0  hci_tl_interface.o(i.HCI_TL_SPI_Send)
    i.HardFault_Handler                      0x08002410   Section        0  stm32f3xx_it.o(i.HardFault_Handler)
    i.Humidity_Update                        0x08002414   Section        0  sensor_service.o(i.Humidity_Update)
    i.MX_BlueNRG_MS_Init                     0x08002438   Section        0  app_x-cube-ble1.o(i.MX_BlueNRG_MS_Init)
    i.MX_BlueNRG_MS_Process                  0x08002534   Section        0  app_x-cube-ble1.o(i.MX_BlueNRG_MS_Process)
    i.MX_GPIO_Init                           0x08002548   Section        0  main.o(i.MX_GPIO_Init)
    MX_GPIO_Init                             0x08002549   Thumb Code   370  main.o(i.MX_GPIO_Init)
    i.MX_SPI1_Init                           0x080026d8   Section        0  stm32f3xx_nucleo_bus.o(i.MX_SPI1_Init)
    i.MX_USART2_UART_Init                    0x0800271c   Section        0  stm32f3xx_nucleo.o(i.MX_USART2_UART_Init)
    i.MX_USART3_UART_Init                    0x0800274c   Section        0  main.o(i.MX_USART3_UART_Init)
    MX_USART3_UART_Init                      0x0800274d   Thumb Code    36  main.o(i.MX_USART3_UART_Init)
    i.MemManage_Handler                      0x08002778   Section        0  stm32f3xx_it.o(i.MemManage_Handler)
    i.NMI_Handler                            0x0800277a   Section        0  stm32f3xx_it.o(i.NMI_Handler)
    i.NVIC_SetPriority                       0x0800277c   Section        0  stm32f3xx_hal_cortex.o(i.NVIC_SetPriority)
    NVIC_SetPriority                         0x0800277d   Thumb Code    32  stm32f3xx_hal_cortex.o(i.NVIC_SetPriority)
    i.PCD_EP_ISR_Handler                     0x0800279c   Section        0  stm32f3xx_hal_pcd.o(i.PCD_EP_ISR_Handler)
    PCD_EP_ISR_Handler                       0x0800279d   Thumb Code   812  stm32f3xx_hal_pcd.o(i.PCD_EP_ISR_Handler)
    i.PCD_ReadPMA                            0x08002ac8   Section        0  stm32f3xx_hal_pcd_ex.o(i.PCD_ReadPMA)
    i.PCD_WritePMA                           0x08002af0   Section        0  stm32f3xx_hal_pcd_ex.o(i.PCD_WritePMA)
    i.PendSV_Handler                         0x08002b16   Section        0  stm32f3xx_it.o(i.PendSV_Handler)
    i.Press_Update                           0x08002b18   Section        0  sensor_service.o(i.Press_Update)
    i.RTC_EnterInitMode                      0x08002b3c   Section        0  stm32f3xx_hal_rtc.o(i.RTC_EnterInitMode)
    i.Read_Request_CB                        0x08002b78   Section        0  sensor_service.o(i.Read_Request_CB)
    i.SPI_EndRxTxTransaction                 0x08002c30   Section        0  stm32f3xx_hal_spi.o(i.SPI_EndRxTxTransaction)
    SPI_EndRxTxTransaction                   0x08002c31   Thumb Code    72  stm32f3xx_hal_spi.o(i.SPI_EndRxTxTransaction)
    i.SPI_WaitFifoStateUntilTimeout          0x08002c78   Section        0  stm32f3xx_hal_spi.o(i.SPI_WaitFifoStateUntilTimeout)
    SPI_WaitFifoStateUntilTimeout            0x08002c79   Thumb Code   158  stm32f3xx_hal_spi.o(i.SPI_WaitFifoStateUntilTimeout)
    i.SPI_WaitFlagStateUntilTimeout          0x08002d16   Section        0  stm32f3xx_hal_spi.o(i.SPI_WaitFlagStateUntilTimeout)
    SPI_WaitFlagStateUntilTimeout            0x08002d17   Thumb Code   148  stm32f3xx_hal_spi.o(i.SPI_WaitFlagStateUntilTimeout)
    i.SVC_Handler                            0x08002daa   Section        0  stm32f3xx_it.o(i.SVC_Handler)
    i.SysTick_Handler                        0x08002dac   Section        0  stm32f3xx_it.o(i.SysTick_Handler)
    i.SystemClock_Config                     0x08002db0   Section        0  main.o(i.SystemClock_Config)
    i.SystemInit                             0x08002e28   Section        0  system_stm32f3xx.o(i.SystemInit)
    i.Temp_Update                            0x08002e90   Section        0  sensor_service.o(i.Temp_Update)
    i.UART_AdvFeatureConfig                  0x08002eb4   Section        0  stm32f3xx_hal_uart.o(i.UART_AdvFeatureConfig)
    i.UART_CheckIdleState                    0x08002f7c   Section        0  stm32f3xx_hal_uart.o(i.UART_CheckIdleState)
    i.UART_SetConfig                         0x08002fd8   Section        0  stm32f3xx_hal_uart.o(i.UART_SetConfig)
    i.UART_WaitOnFlagUntilTimeout            0x080031b0   Section        0  stm32f3xx_hal_uart.o(i.UART_WaitOnFlagUntilTimeout)
    i.USB_LP_CAN_RX0_IRQHandler              0x08003214   Section        0  stm32f3xx_it.o(i.USB_LP_CAN_RX0_IRQHandler)
    i.UsageFault_Handler                     0x08003220   Section        0  stm32f3xx_it.o(i.UsageFault_Handler)
    i.User_Process                           0x08003224   Section        0  app_x-cube-ble1.o(i.User_Process)
    User_Process                             0x08003225   Thumb Code    98  app_x-cube-ble1.o(i.User_Process)
    i.__scatterload_copy                     0x08003294   Section       14  handlers.o(i.__scatterload_copy)
    i.__scatterload_null                     0x080032a2   Section        2  handlers.o(i.__scatterload_null)
    i.__scatterload_zeroinit                 0x080032a4   Section       14  handlers.o(i.__scatterload_zeroinit)
    i.aci_gap_init_IDB04A1                   0x080032b2   Section        0  bluenrg_gap_aci.o(i.aci_gap_init_IDB04A1)
    i.aci_gap_init_IDB05A1                   0x0800331a   Section        0  bluenrg_gap_aci.o(i.aci_gap_init_IDB05A1)
    i.aci_gap_set_auth_requirement           0x0800338a   Section        0  bluenrg_gap_aci.o(i.aci_gap_set_auth_requirement)
    i.aci_gap_set_discoverable               0x080033fe   Section        0  bluenrg_gap_aci.o(i.aci_gap_set_discoverable)
    i.aci_gatt_add_char                      0x080034ca   Section        0  bluenrg_gatt_aci.o(i.aci_gatt_add_char)
    i.aci_gatt_add_char_desc                 0x08003580   Section        0  bluenrg_gatt_aci.o(i.aci_gatt_add_char_desc)
    i.aci_gatt_add_serv                      0x08003664   Section        0  bluenrg_gatt_aci.o(i.aci_gatt_add_serv)
    i.aci_gatt_allow_read                    0x080036e0   Section        0  bluenrg_gatt_aci.o(i.aci_gatt_allow_read)
    i.aci_gatt_init                          0x08003726   Section        0  bluenrg_gatt_aci.o(i.aci_gatt_init)
    i.aci_gatt_update_char_value             0x08003760   Section        0  bluenrg_gatt_aci.o(i.aci_gatt_update_char_value)
    i.aci_hal_set_tx_power_level             0x080037da   Section        0  bluenrg_hal_aci.o(i.aci_hal_set_tx_power_level)
    i.aci_hal_write_config_data              0x08003822   Section        0  bluenrg_hal_aci.o(i.aci_hal_write_config_data)
    i.getBlueNRGVersion                      0x08003880   Section        0  bluenrg_utils_small.o(i.getBlueNRGVersion)
    i.hci_init                               0x080038cc   Section        0  hci_tl.o(i.hci_init)
    i.hci_le_read_local_version              0x08003928   Section        0  hci_le.o(i.hci_le_read_local_version)
    i.hci_le_set_scan_resp_data              0x080039a4   Section        0  hci_le.o(i.hci_le_set_scan_resp_data)
    i.hci_notify_asynch_evt                  0x08003a04   Section        0  hci_tl.o(i.hci_notify_asynch_evt)
    i.hci_register_io_bus                    0x08003a6c   Section        0  hci_tl.o(i.hci_register_io_bus)
    i.hci_reset                              0x08003a88   Section        0  hci_le.o(i.hci_reset)
    i.hci_send_req                           0x08003ac0   Section        0  hci_tl.o(i.hci_send_req)
    i.hci_tl_lowlevel_init                   0x08003c48   Section        0  hci_tl_interface.o(i.hci_tl_lowlevel_init)
    i.hci_tl_lowlevel_isr                    0x08003cb4   Section        0  hci_tl_interface.o(i.hci_tl_lowlevel_isr)
    i.hci_user_evt_proc                      0x08003cd8   Section        0  hci_tl.o(i.hci_user_evt_proc)
    i.list_get_size                          0x08003d14   Section        0  ble_list.o(i.list_get_size)
    i.list_init_head                         0x08003d30   Section        0  ble_list.o(i.list_init_head)
    i.list_insert_head                       0x08003d36   Section        0  ble_list.o(i.list_insert_head)
    i.list_insert_tail                       0x08003d4e   Section        0  ble_list.o(i.list_insert_tail)
    i.list_is_empty                          0x08003d66   Section        0  ble_list.o(i.list_is_empty)
    i.list_remove_head                       0x08003d7e   Section        0  ble_list.o(i.list_remove_head)
    i.list_remove_node                       0x08003da2   Section        0  ble_list.o(i.list_remove_node)
    i.list_remove_tail                       0x08003db8   Section        0  ble_list.o(i.list_remove_tail)
    i.main                                   0x08003ddc   Section        0  main.o(i.main)
    i.move_list                              0x08003e3c   Section        0  hci_tl.o(i.move_list)
    move_list                                0x08003e3d   Thumb Code    36  hci_tl.o(i.move_list)
    i.setConnectable                         0x08003e60   Section        0  sensor_service.o(i.setConnectable)
    i.user_notify                            0x08003ea0   Section        0  sensor_service.o(i.user_notify)
    .constdata                               0x08003ede   Section       32  stm32f3xx_hal_rcc.o(.constdata)
    .constdata                               0x08003efe   Section       16  system_stm32f3xx.o(.constdata)
    .constdata                               0x08003f0e   Section        8  system_stm32f3xx.o(.constdata)
    .constdata                               0x08003f18   Section       20  stm32f3xx_nucleo.o(.constdata)
    BUTTON_IRQn                              0x08003f18   Data           1  stm32f3xx_nucleo.o(.constdata)
    LED_PIN                                  0x08003f1a   Data           2  stm32f3xx_nucleo.o(.constdata)
    BUTTON_PIN                               0x08003f1c   Data           2  stm32f3xx_nucleo.o(.constdata)
    ButtonCallback                           0x08003f20   Data           4  stm32f3xx_nucleo.o(.constdata)
    BSP_BUTTON_PRIO                          0x08003f24   Data           4  stm32f3xx_nucleo.o(.constdata)
    BUTTON_EXTI_LINE                         0x08003f28   Data           4  stm32f3xx_nucleo.o(.constdata)
    .data                                    0x20000000   Section        8  hci_tl_interface.o(.data)
    .data                                    0x20000008   Section        3  app_x-cube-ble1.o(.data)
    user_button_init_state                   0x20000009   Data           1  app_x-cube-ble1.o(.data)
    user_button_pressed                      0x2000000a   Data           1  app_x-cube-ble1.o(.data)
    .data                                    0x2000000c   Section       24  sensor_service.o(.data)
    .data                                    0x20000024   Section        4  stm32f3xx_nucleo_bus.o(.data)
    SPI1InitCounter                          0x20000024   Data           4  stm32f3xx_nucleo_bus.o(.data)
    .data                                    0x20000028   Section       12  stm32f3xx_hal.o(.data)
    .data                                    0x20000034   Section        4  system_stm32f3xx.o(.data)
    .data                                    0x20000038   Section       24  stm32f3xx_nucleo.o(.data)
    COM_ActiveLogPort                        0x20000038   Data           1  stm32f3xx_nucleo.o(.data)
    LED_PORT                                 0x2000003c   Data           4  stm32f3xx_nucleo.o(.data)
    BUTTON_PORT                              0x20000040   Data           4  stm32f3xx_nucleo.o(.data)
    .data                                    0x20000050   Section       16  hci_tl.o(.data)
    .data                                    0x20000060   Section        4  rand.o(.data)
    _rand_state                              0x20000060   Data           4  rand.o(.data)
    .bss                                     0x20000064   Section     1080  main.o(.bss)
    .bss                                     0x2000049c   Section      255  hci_tl_interface.o(.bss)
    read_char_buf                            0x2000049c   Data         255  hci_tl_interface.o(.bss)
    .bss                                     0x2000059c   Section       12  sensor_service.o(.bss)
    .bss                                     0x200005a8   Section      100  stm32f3xx_nucleo_bus.o(.bss)
    .bss                                     0x2000060c   Section      112  stm32f3xx_nucleo.o(.bss)
    .bss                                     0x2000067c   Section      732  hci_tl.o(.bss)
    hciReadPacketBuffer                      0x2000067c   Data         700  hci_tl.o(.bss)
    hciContext                               0x20000938   Data          32  hci_tl.o(.bss)
    STACK                                    0x20000958   Section     1024  startup_stm32f303xe.o(STACK)

    Global Symbols

    Symbol Name                              Value     Ov Type        Size  Object(Section)

    BuildAttributes$$THM_ISAv4$E$P$D$K$B$S$7EM$VFPi3$EXTD16$VFPS$VFMA$PE$A:L22UL41UL21$X:L11$S22US41US21$IEEE1$IW$USESV6$~STKCKD$USESV7$~SHL$OSPACE$EBA8$MICROLIB$REQ8$PRES8$EABIv2 0x00000000   Number         0  anon$$obj.o ABSOLUTE
    __ARM_use_no_argv                        0x00000000   Number         0  main.o ABSOLUTE
    __cpp_initialize__aeabi_                  - Undefined Weak Reference
    __cxa_finalize                            - Undefined Weak Reference
    __decompress                              - Undefined Weak Reference
    _clock_init                               - Undefined Weak Reference
    _microlib_exit                            - Undefined Weak Reference
    __Vectors_Size                           0x00000194   Number         0  startup_stm32f303xe.o ABSOLUTE
    __Vectors                                0x08000000   Data           4  startup_stm32f303xe.o(RESET)
    __Vectors_End                            0x08000194   Data           0  startup_stm32f303xe.o(RESET)
    __main                                   0x08000195   Thumb Code     0  entry.o(.ARM.Collect$$$$00000000)
    _main_stk                                0x08000195   Thumb Code     0  entry2.o(.ARM.Collect$$$$00000001)
    _main_scatterload                        0x08000199   Thumb Code     0  entry5.o(.ARM.Collect$$$$00000004)
    __main_after_scatterload                 0x0800019d   Thumb Code     0  entry5.o(.ARM.Collect$$$$00000004)
    _main_clock                              0x0800019d   Thumb Code     0  entry7b.o(.ARM.Collect$$$$00000008)
    _main_cpp_init                           0x0800019d   Thumb Code     0  entry8b.o(.ARM.Collect$$$$0000000A)
    _main_init                               0x0800019d   Thumb Code     0  entry9a.o(.ARM.Collect$$$$0000000B)
    __rt_final_cpp                           0x080001a5   Thumb Code     0  entry10a.o(.ARM.Collect$$$$0000000D)
    __rt_final_exit                          0x080001a5   Thumb Code     0  entry11a.o(.ARM.Collect$$$$0000000F)
    Reset_Handler                            0x080001a9   Thumb Code     8  startup_stm32f303xe.o(.text)
    ADC1_2_IRQHandler                        0x080001c3   Thumb Code     0  startup_stm32f303xe.o(.text)
    ADC3_IRQHandler                          0x080001c3   Thumb Code     0  startup_stm32f303xe.o(.text)
    ADC4_IRQHandler                          0x080001c3   Thumb Code     0  startup_stm32f303xe.o(.text)
    CAN_RX1_IRQHandler                       0x080001c3   Thumb Code     0  startup_stm32f303xe.o(.text)
    CAN_SCE_IRQHandler                       0x080001c3   Thumb Code     0  startup_stm32f303xe.o(.text)
    COMP1_2_3_IRQHandler                     0x080001c3   Thumb Code     0  startup_stm32f303xe.o(.text)
    COMP4_5_6_IRQHandler                     0x080001c3   Thumb Code     0  startup_stm32f303xe.o(.text)
    COMP7_IRQHandler                         0x080001c3   Thumb Code     0  startup_stm32f303xe.o(.text)
    DMA1_Channel1_IRQHandler                 0x080001c3   Thumb Code     0  startup_stm32f303xe.o(.text)
    DMA1_Channel2_IRQHandler                 0x080001c3   Thumb Code     0  startup_stm32f303xe.o(.text)
    DMA1_Channel3_IRQHandler                 0x080001c3   Thumb Code     0  startup_stm32f303xe.o(.text)
    DMA1_Channel4_IRQHandler                 0x080001c3   Thumb Code     0  startup_stm32f303xe.o(.text)
    DMA1_Channel5_IRQHandler                 0x080001c3   Thumb Code     0  startup_stm32f303xe.o(.text)
    DMA1_Channel6_IRQHandler                 0x080001c3   Thumb Code     0  startup_stm32f303xe.o(.text)
    DMA1_Channel7_IRQHandler                 0x080001c3   Thumb Code     0  startup_stm32f303xe.o(.text)
    DMA2_Channel1_IRQHandler                 0x080001c3   Thumb Code     0  startup_stm32f303xe.o(.text)
    DMA2_Channel2_IRQHandler                 0x080001c3   Thumb Code     0  startup_stm32f303xe.o(.text)
    DMA2_Channel3_IRQHandler                 0x080001c3   Thumb Code     0  startup_stm32f303xe.o(.text)
    DMA2_Channel4_IRQHandler                 0x080001c3   Thumb Code     0  startup_stm32f303xe.o(.text)
    DMA2_Channel5_IRQHandler                 0x080001c3   Thumb Code     0  startup_stm32f303xe.o(.text)
    EXTI0_IRQHandler                         0x080001c3   Thumb Code     0  startup_stm32f303xe.o(.text)
    EXTI1_IRQHandler                         0x080001c3   Thumb Code     0  startup_stm32f303xe.o(.text)
    EXTI2_TSC_IRQHandler                     0x080001c3   Thumb Code     0  startup_stm32f303xe.o(.text)
    EXTI3_IRQHandler                         0x080001c3   Thumb Code     0  startup_stm32f303xe.o(.text)
    EXTI4_IRQHandler                         0x080001c3   Thumb Code     0  startup_stm32f303xe.o(.text)
    EXTI9_5_IRQHandler                       0x080001c3   Thumb Code     0  startup_stm32f303xe.o(.text)
    FLASH_IRQHandler                         0x080001c3   Thumb Code     0  startup_stm32f303xe.o(.text)
    FMC_IRQHandler                           0x080001c3   Thumb Code     0  startup_stm32f303xe.o(.text)
    FPU_IRQHandler                           0x080001c3   Thumb Code     0  startup_stm32f303xe.o(.text)
    I2C1_ER_IRQHandler                       0x080001c3   Thumb Code     0  startup_stm32f303xe.o(.text)
    I2C1_EV_IRQHandler                       0x080001c3   Thumb Code     0  startup_stm32f303xe.o(.text)
    I2C2_ER_IRQHandler                       0x080001c3   Thumb Code     0  startup_stm32f303xe.o(.text)
    I2C2_EV_IRQHandler                       0x080001c3   Thumb Code     0  startup_stm32f303xe.o(.text)
    I2C3_ER_IRQHandler                       0x080001c3   Thumb Code     0  startup_stm32f303xe.o(.text)
    I2C3_EV_IRQHandler                       0x080001c3   Thumb Code     0  startup_stm32f303xe.o(.text)
    PVD_IRQHandler                           0x080001c3   Thumb Code     0  startup_stm32f303xe.o(.text)
    RCC_IRQHandler                           0x080001c3   Thumb Code     0  startup_stm32f303xe.o(.text)
    RTC_Alarm_IRQHandler                     0x080001c3   Thumb Code     0  startup_stm32f303xe.o(.text)
    RTC_WKUP_IRQHandler                      0x080001c3   Thumb Code     0  startup_stm32f303xe.o(.text)
    SPI1_IRQHandler                          0x080001c3   Thumb Code     0  startup_stm32f303xe.o(.text)
    SPI2_IRQHandler                          0x080001c3   Thumb Code     0  startup_stm32f303xe.o(.text)
    SPI3_IRQHandler                          0x080001c3   Thumb Code     0  startup_stm32f303xe.o(.text)
    SPI4_IRQHandler                          0x080001c3   Thumb Code     0  startup_stm32f303xe.o(.text)
    TAMP_STAMP_IRQHandler                    0x080001c3   Thumb Code     0  startup_stm32f303xe.o(.text)
    TIM1_BRK_TIM15_IRQHandler                0x080001c3   Thumb Code     0  startup_stm32f303xe.o(.text)
    TIM1_CC_IRQHandler                       0x080001c3   Thumb Code     0  startup_stm32f303xe.o(.text)
    TIM1_TRG_COM_TIM17_IRQHandler            0x080001c3   Thumb Code     0  startup_stm32f303xe.o(.text)
    TIM1_UP_TIM16_IRQHandler                 0x080001c3   Thumb Code     0  startup_stm32f303xe.o(.text)
    TIM20_BRK_IRQHandler                     0x080001c3   Thumb Code     0  startup_stm32f303xe.o(.text)
    TIM20_CC_IRQHandler                      0x080001c3   Thumb Code     0  startup_stm32f303xe.o(.text)
    TIM20_TRG_COM_IRQHandler                 0x080001c3   Thumb Code     0  startup_stm32f303xe.o(.text)
    TIM20_UP_IRQHandler                      0x080001c3   Thumb Code     0  startup_stm32f303xe.o(.text)
    TIM2_IRQHandler                          0x080001c3   Thumb Code     0  startup_stm32f303xe.o(.text)
    TIM3_IRQHandler                          0x080001c3   Thumb Code     0  startup_stm32f303xe.o(.text)
    TIM4_IRQHandler                          0x080001c3   Thumb Code     0  startup_stm32f303xe.o(.text)
    TIM6_DAC_IRQHandler                      0x080001c3   Thumb Code     0  startup_stm32f303xe.o(.text)
    TIM7_IRQHandler                          0x080001c3   Thumb Code     0  startup_stm32f303xe.o(.text)
    TIM8_BRK_IRQHandler                      0x080001c3   Thumb Code     0  startup_stm32f303xe.o(.text)
    TIM8_CC_IRQHandler                       0x080001c3   Thumb Code     0  startup_stm32f303xe.o(.text)
    TIM8_TRG_COM_IRQHandler                  0x080001c3   Thumb Code     0  startup_stm32f303xe.o(.text)
    TIM8_UP_IRQHandler                       0x080001c3   Thumb Code     0  startup_stm32f303xe.o(.text)
    UART4_IRQHandler                         0x080001c3   Thumb Code     0  startup_stm32f303xe.o(.text)
    UART5_IRQHandler                         0x080001c3   Thumb Code     0  startup_stm32f303xe.o(.text)
    USART1_IRQHandler                        0x080001c3   Thumb Code     0  startup_stm32f303xe.o(.text)
    USART2_IRQHandler                        0x080001c3   Thumb Code     0  startup_stm32f303xe.o(.text)
    USART3_IRQHandler                        0x080001c3   Thumb Code     0  startup_stm32f303xe.o(.text)
    USBWakeUp_IRQHandler                     0x080001c3   Thumb Code     0  startup_stm32f303xe.o(.text)
    USBWakeUp_RMP_IRQHandler                 0x080001c3   Thumb Code     0  startup_stm32f303xe.o(.text)
    USB_HP_CAN_TX_IRQHandler                 0x080001c3   Thumb Code     0  startup_stm32f303xe.o(.text)
    USB_HP_IRQHandler                        0x080001c3   Thumb Code     0  startup_stm32f303xe.o(.text)
    USB_LP_IRQHandler                        0x080001c3   Thumb Code     0  startup_stm32f303xe.o(.text)
    WWDG_IRQHandler                          0x080001c3   Thumb Code     0  startup_stm32f303xe.o(.text)
    __aeabi_uldivmod                         0x080001cd   Thumb Code    98  uldiv.o(.text)
    __aeabi_llsr                             0x0800022f   Thumb Code    32  llushr.o(.text)
    _ll_ushift_r                             0x0800022f   Thumb Code     0  llushr.o(.text)
    rand                                     0x08000251   Thumb Code    20  rand.o(.text)
    srand                                    0x08000265   Thumb Code     6  rand.o(.text)
    __aeabi_memcpy                           0x08000275   Thumb Code    36  memcpya.o(.text)
    __aeabi_memcpy4                          0x08000275   Thumb Code     0  memcpya.o(.text)
    __aeabi_memcpy8                          0x08000275   Thumb Code     0  memcpya.o(.text)
    __aeabi_memset                           0x08000299   Thumb Code    14  memseta.o(.text)
    __aeabi_memset4                          0x08000299   Thumb Code     0  memseta.o(.text)
    __aeabi_memset8                          0x08000299   Thumb Code     0  memseta.o(.text)
    __aeabi_memclr                           0x080002a7   Thumb Code     4  memseta.o(.text)
    __aeabi_memclr4                          0x080002a7   Thumb Code     0  memseta.o(.text)
    __aeabi_memclr8                          0x080002a7   Thumb Code     0  memseta.o(.text)
    _memset$wrapper                          0x080002ab   Thumb Code    18  memseta.o(.text)
    strlen                                   0x080002bd   Thumb Code    14  strlen.o(.text)
    __aeabi_llsl                             0x080002cb   Thumb Code    30  llshl.o(.text)
    _ll_shift_l                              0x080002cb   Thumb Code     0  llshl.o(.text)
    __scatterload                            0x080002e9   Thumb Code    28  init.o(.text)
    __scatterload_rt2                        0x080002e9   Thumb Code     0  init.o(.text)
    Acc_Update                               0x0800030d   Thumb Code    70  sensor_service.o(i.Acc_Update)
    Add_Acc_Service                          0x08000359   Thumb Code   384  sensor_service.o(i.Add_Acc_Service)
    Add_Environmental_Sensor_Service         0x080004dd   Thumb Code   752  sensor_service.o(i.Add_Environmental_Sensor_Service)
    BSP_COM_Init                             0x080007d1   Thumb Code   114  stm32f3xx_nucleo.o(i.BSP_COM_Init)
    BSP_GetTick                              0x08000851   Thumb Code     4  stm32f3xx_nucleo_bus.o(i.BSP_GetTick)
    BSP_LED_Init                             0x08000855   Thumb Code    74  stm32f3xx_nucleo.o(i.BSP_LED_Init)
    BSP_LED_Toggle                           0x080008ad   Thumb Code    22  stm32f3xx_nucleo.o(i.BSP_LED_Toggle)
    BSP_PB_Callback                          0x080008cd   Thumb Code     8  app_x-cube-ble1.o(i.BSP_PB_Callback)
    BSP_PB_GetState                          0x080008d9   Thumb Code    28  stm32f3xx_nucleo.o(i.BSP_PB_GetState)
    BSP_PB_Init                              0x080008fd   Thumb Code   154  stm32f3xx_nucleo.o(i.BSP_PB_Init)
    BSP_SPI1_Init                            0x080009a9   Thumb Code   114  stm32f3xx_nucleo_bus.o(i.BSP_SPI1_Init)
    BSP_SPI1_SendRecv                        0x08000a2d   Thumb Code    30  stm32f3xx_nucleo_bus.o(i.BSP_SPI1_SendRecv)
    BusFault_Handler                         0x08000a5b   Thumb Code     2  stm32f3xx_it.o(i.BusFault_Handler)
    DebugMon_Handler                         0x08000a5d   Thumb Code     2  stm32f3xx_it.o(i.DebugMon_Handler)
    EXTI15_10_IRQHandler                     0x08000a61   Thumb Code    18  stm32f3xx_it.o(i.EXTI15_10_IRQHandler)
    GAP_ConnectionComplete_CB                0x08000a7d   Thumb Code    16  sensor_service.o(i.GAP_ConnectionComplete_CB)
    GAP_DisconnectionComplete_CB             0x08000a91   Thumb Code    14  sensor_service.o(i.GAP_DisconnectionComplete_CB)
    HAL_Delay                                0x08000aa5   Thumb Code    32  stm32f3xx_hal.o(i.HAL_Delay)
    HAL_EXTI_GetHandle                       0x08000ac9   Thumb Code    12  stm32f3xx_hal_exti.o(i.HAL_EXTI_GetHandle)
    HAL_EXTI_IRQHandler                      0x08000ad5   Thumb Code    30  stm32f3xx_hal_exti.o(i.HAL_EXTI_IRQHandler)
    HAL_EXTI_RegisterCallback                0x08000af9   Thumb Code    14  stm32f3xx_hal_exti.o(i.HAL_EXTI_RegisterCallback)
    HAL_GPIO_DeInit                          0x08000b09   Thumb Code   288  stm32f3xx_hal_gpio.o(i.HAL_GPIO_DeInit)
    HAL_GPIO_Init                            0x08000c49   Thumb Code   422  stm32f3xx_hal_gpio.o(i.HAL_GPIO_Init)
    HAL_GPIO_ReadPin                         0x08000e15   Thumb Code    10  stm32f3xx_hal_gpio.o(i.HAL_GPIO_ReadPin)
    HAL_GPIO_TogglePin                       0x08000e1f   Thumb Code     8  stm32f3xx_hal_gpio.o(i.HAL_GPIO_TogglePin)
    HAL_GPIO_WritePin                        0x08000e27   Thumb Code    10  stm32f3xx_hal_gpio.o(i.HAL_GPIO_WritePin)
    HAL_GetTick                              0x08000e31   Thumb Code     6  stm32f3xx_hal.o(i.HAL_GetTick)
    HAL_I2CEx_EnableFastModePlus             0x08000e3d   Thumb Code    30  stm32f3xx_hal_i2c_ex.o(i.HAL_I2CEx_EnableFastModePlus)
    HAL_IncTick                              0x08000e65   Thumb Code    12  stm32f3xx_hal.o(i.HAL_IncTick)
    HAL_Init                                 0x08000e75   Thumb Code    32  stm32f3xx_hal.o(i.HAL_Init)
    HAL_InitTick                             0x08000e99   Thumb Code    54  stm32f3xx_hal.o(i.HAL_InitTick)
    HAL_MspInit                              0x08000ed9   Thumb Code    38  stm32f3xx_hal_msp.o(i.HAL_MspInit)
    HAL_NVIC_EnableIRQ                       0x08000f05   Thumb Code    22  stm32f3xx_hal_cortex.o(i.HAL_NVIC_EnableIRQ)
    HAL_NVIC_SetPriority                     0x08000f1d   Thumb Code    60  stm32f3xx_hal_cortex.o(i.HAL_NVIC_SetPriority)
    HAL_NVIC_SetPriorityGrouping             0x08000f5d   Thumb Code    26  stm32f3xx_hal_cortex.o(i.HAL_NVIC_SetPriorityGrouping)
    HAL_PCD_DataInStageCallback              0x08000f81   Thumb Code     2  stm32f3xx_hal_pcd.o(i.HAL_PCD_DataInStageCallback)
    HAL_PCD_DataOutStageCallback             0x08000f83   Thumb Code     2  stm32f3xx_hal_pcd.o(i.HAL_PCD_DataOutStageCallback)
    HAL_PCD_EP_Receive                       0x08000f85   Thumb Code   162  stm32f3xx_hal_pcd.o(i.HAL_PCD_EP_Receive)
    HAL_PCD_EP_Transmit                      0x08001027   Thumb Code   204  stm32f3xx_hal_pcd.o(i.HAL_PCD_EP_Transmit)
    HAL_PCD_IRQHandler                       0x080010f3   Thumb Code   240  stm32f3xx_hal_pcd.o(i.HAL_PCD_IRQHandler)
    HAL_PCD_Init                             0x080011e3   Thumb Code   166  stm32f3xx_hal_pcd.o(i.HAL_PCD_Init)
    HAL_PCD_MspInit                          0x08001289   Thumb Code    50  stm32f3xx_hal_msp.o(i.HAL_PCD_MspInit)
    HAL_PCD_ResetCallback                    0x080012c5   Thumb Code     2  stm32f3xx_hal_pcd.o(i.HAL_PCD_ResetCallback)
    HAL_PCD_ResumeCallback                   0x080012c7   Thumb Code     2  stm32f3xx_hal_pcd.o(i.HAL_PCD_ResumeCallback)
    HAL_PCD_SOFCallback                      0x080012c9   Thumb Code     2  stm32f3xx_hal_pcd.o(i.HAL_PCD_SOFCallback)
    HAL_PCD_SetAddress                       0x080012cb   Thumb Code    44  stm32f3xx_hal_pcd.o(i.HAL_PCD_SetAddress)
    HAL_PCD_SetupStageCallback               0x080012f7   Thumb Code     2  stm32f3xx_hal_pcd.o(i.HAL_PCD_SetupStageCallback)
    HAL_PCD_SuspendCallback                  0x080012f9   Thumb Code     2  stm32f3xx_hal_pcd.o(i.HAL_PCD_SuspendCallback)
    HAL_RCCEx_PeriphCLKConfig                0x080012fd   Thumb Code   648  stm32f3xx_hal_rcc_ex.o(i.HAL_RCCEx_PeriphCLKConfig)
    HAL_RCC_ClockConfig                      0x08001591   Thumb Code   306  stm32f3xx_hal_rcc.o(i.HAL_RCC_ClockConfig)
    HAL_RCC_GetPCLK1Freq                     0x080016d5   Thumb Code    34  stm32f3xx_hal_rcc.o(i.HAL_RCC_GetPCLK1Freq)
    HAL_RCC_GetPCLK2Freq                     0x08001705   Thumb Code    34  stm32f3xx_hal_rcc.o(i.HAL_RCC_GetPCLK2Freq)
    HAL_RCC_GetSysClockFreq                  0x08001735   Thumb Code    76  stm32f3xx_hal_rcc.o(i.HAL_RCC_GetSysClockFreq)
    HAL_RCC_OscConfig                        0x0800178d   Thumb Code  1432  stm32f3xx_hal_rcc.o(i.HAL_RCC_OscConfig)
    HAL_RTC_Init                             0x08001d25   Thumb Code   166  stm32f3xx_hal_rtc.o(i.HAL_RTC_Init)
    HAL_RTC_MspInit                          0x08001dd1   Thumb Code    32  stm32f3xx_hal_msp.o(i.HAL_RTC_MspInit)
    HAL_RTC_WaitForSynchro                   0x08001df9   Thumb Code    54  stm32f3xx_hal_rtc.o(i.HAL_RTC_WaitForSynchro)
    HAL_SPI_GetState                         0x08001e2f   Thumb Code     6  stm32f3xx_hal_spi.o(i.HAL_SPI_GetState)
    HAL_SPI_Init                             0x08001e35   Thumb Code   182  stm32f3xx_hal_spi.o(i.HAL_SPI_Init)
    HAL_SPI_MspInit                          0x08001eeb   Thumb Code     2  stm32f3xx_hal_spi.o(i.HAL_SPI_MspInit)
    HAL_SPI_TransmitReceive                  0x08001eed   Thumb Code   574  stm32f3xx_hal_spi.o(i.HAL_SPI_TransmitReceive)
    HAL_SYSTICK_Config                       0x0800212b   Thumb Code    40  stm32f3xx_hal_cortex.o(i.HAL_SYSTICK_Config)
    HAL_UART_Init                            0x08002153   Thumb Code   106  stm32f3xx_hal_uart.o(i.HAL_UART_Init)
    HAL_UART_MspInit                         0x080021bd   Thumb Code    90  stm32f3xx_hal_msp.o(i.HAL_UART_MspInit)
    HCI_TL_SPI_DeInit                        0x08002225   Thumb Code    38  hci_tl_interface.o(i.HCI_TL_SPI_DeInit)
    HCI_TL_SPI_Init                          0x08002255   Thumb Code    94  hci_tl_interface.o(i.HCI_TL_SPI_Init)
    HCI_TL_SPI_Receive                       0x080022c5   Thumb Code   120  hci_tl_interface.o(i.HCI_TL_SPI_Receive)
    HCI_TL_SPI_Reset                         0x08002349   Thumb Code    44  hci_tl_interface.o(i.HCI_TL_SPI_Reset)
    HCI_TL_SPI_Send                          0x08002379   Thumb Code   134  hci_tl_interface.o(i.HCI_TL_SPI_Send)
    HardFault_Handler                        0x08002411   Thumb Code     2  stm32f3xx_it.o(i.HardFault_Handler)
    Humidity_Update                          0x08002415   Thumb Code    30  sensor_service.o(i.Humidity_Update)
    MX_BlueNRG_MS_Init                       0x08002439   Thumb Code   224  app_x-cube-ble1.o(i.MX_BlueNRG_MS_Init)
    MX_BlueNRG_MS_Process                    0x08002535   Thumb Code    16  app_x-cube-ble1.o(i.MX_BlueNRG_MS_Process)
    MX_SPI1_Init                             0x080026d9   Thumb Code    64  stm32f3xx_nucleo_bus.o(i.MX_SPI1_Init)
    MX_USART2_UART_Init                      0x0800271d   Thumb Code    44  stm32f3xx_nucleo.o(i.MX_USART2_UART_Init)
    MemManage_Handler                        0x08002779   Thumb Code     2  stm32f3xx_it.o(i.MemManage_Handler)
    NMI_Handler                              0x0800277b   Thumb Code     2  stm32f3xx_it.o(i.NMI_Handler)
    PCD_ReadPMA                              0x08002ac9   Thumb Code    40  stm32f3xx_hal_pcd_ex.o(i.PCD_ReadPMA)
    PCD_WritePMA                             0x08002af1   Thumb Code    38  stm32f3xx_hal_pcd_ex.o(i.PCD_WritePMA)
    PendSV_Handler                           0x08002b17   Thumb Code     2  stm32f3xx_it.o(i.PendSV_Handler)
    Press_Update                             0x08002b19   Thumb Code    30  sensor_service.o(i.Press_Update)
    RTC_EnterInitMode                        0x08002b3d   Thumb Code    58  stm32f3xx_hal_rtc.o(i.RTC_EnterInitMode)
    Read_Request_CB                          0x08002b79   Thumb Code   172  sensor_service.o(i.Read_Request_CB)
    SVC_Handler                              0x08002dab   Thumb Code     2  stm32f3xx_it.o(i.SVC_Handler)
    SysTick_Handler                          0x08002dad   Thumb Code     4  stm32f3xx_it.o(i.SysTick_Handler)
    SystemClock_Config                       0x08002db1   Thumb Code   114  main.o(i.SystemClock_Config)
    SystemInit                               0x08002e29   Thumb Code    82  system_stm32f3xx.o(i.SystemInit)
    Temp_Update                              0x08002e91   Thumb Code    30  sensor_service.o(i.Temp_Update)
    UART_AdvFeatureConfig                    0x08002eb5   Thumb Code   200  stm32f3xx_hal_uart.o(i.UART_AdvFeatureConfig)
    UART_CheckIdleState                      0x08002f7d   Thumb Code    92  stm32f3xx_hal_uart.o(i.UART_CheckIdleState)
    UART_SetConfig                           0x08002fd9   Thumb Code   434  stm32f3xx_hal_uart.o(i.UART_SetConfig)
    UART_WaitOnFlagUntilTimeout              0x080031b1   Thumb Code   100  stm32f3xx_hal_uart.o(i.UART_WaitOnFlagUntilTimeout)
    USB_LP_CAN_RX0_IRQHandler                0x08003215   Thumb Code     6  stm32f3xx_it.o(i.USB_LP_CAN_RX0_IRQHandler)
    UsageFault_Handler                       0x08003221   Thumb Code     2  stm32f3xx_it.o(i.UsageFault_Handler)
    __scatterload_copy                       0x08003295   Thumb Code    14  handlers.o(i.__scatterload_copy)
    __scatterload_null                       0x080032a3   Thumb Code     2  handlers.o(i.__scatterload_null)
    __scatterload_zeroinit                   0x080032a5   Thumb Code    14  handlers.o(i.__scatterload_zeroinit)
    aci_gap_init_IDB04A1                     0x080032b3   Thumb Code   104  bluenrg_gap_aci.o(i.aci_gap_init_IDB04A1)
    aci_gap_init_IDB05A1                     0x0800331b   Thumb Code   112  bluenrg_gap_aci.o(i.aci_gap_init_IDB05A1)
    aci_gap_set_auth_requirement             0x0800338b   Thumb Code   116  bluenrg_gap_aci.o(i.aci_gap_set_auth_requirement)
    aci_gap_set_discoverable                 0x080033ff   Thumb Code   204  bluenrg_gap_aci.o(i.aci_gap_set_discoverable)
    aci_gatt_add_char                        0x080034cb   Thumb Code   182  bluenrg_gatt_aci.o(i.aci_gatt_add_char)
    aci_gatt_add_char_desc                   0x08003581   Thumb Code   228  bluenrg_gatt_aci.o(i.aci_gatt_add_char_desc)
    aci_gatt_add_serv                        0x08003665   Thumb Code   124  bluenrg_gatt_aci.o(i.aci_gatt_add_serv)
    aci_gatt_allow_read                      0x080036e1   Thumb Code    70  bluenrg_gatt_aci.o(i.aci_gatt_allow_read)
    aci_gatt_init                            0x08003727   Thumb Code    58  bluenrg_gatt_aci.o(i.aci_gatt_init)
    aci_gatt_update_char_value               0x08003761   Thumb Code   122  bluenrg_gatt_aci.o(i.aci_gatt_update_char_value)
    aci_hal_set_tx_power_level               0x080037db   Thumb Code    72  bluenrg_hal_aci.o(i.aci_hal_set_tx_power_level)
    aci_hal_write_config_data                0x08003823   Thumb Code    94  bluenrg_hal_aci.o(i.aci_hal_write_config_data)
    getBlueNRGVersion                        0x08003881   Thumb Code    76  bluenrg_utils_small.o(i.getBlueNRGVersion)
    hci_init                                 0x080038cd   Thumb Code    80  hci_tl.o(i.hci_init)
    hci_le_read_local_version                0x08003929   Thumb Code   124  hci_le.o(i.hci_le_read_local_version)
    hci_le_set_scan_resp_data                0x080039a5   Thumb Code    96  hci_le.o(i.hci_le_set_scan_resp_data)
    hci_notify_asynch_evt                    0x08003a05   Thumb Code    94  hci_tl.o(i.hci_notify_asynch_evt)
    hci_register_io_bus                      0x08003a6d   Thumb Code    24  hci_tl.o(i.hci_register_io_bus)
    hci_reset                                0x08003a89   Thumb Code    54  hci_le.o(i.hci_reset)
    hci_send_req                             0x08003ac1   Thumb Code   382  hci_tl.o(i.hci_send_req)
    hci_tl_lowlevel_init                     0x08003c49   Thumb Code    72  hci_tl_interface.o(i.hci_tl_lowlevel_init)
    hci_tl_lowlevel_isr                      0x08003cb5   Thumb Code    32  hci_tl_interface.o(i.hci_tl_lowlevel_isr)
    hci_user_evt_proc                        0x08003cd9   Thumb Code    50  hci_tl.o(i.hci_user_evt_proc)
    list_get_size                            0x08003d15   Thumb Code    28  ble_list.o(i.list_get_size)
    list_init_head                           0x08003d31   Thumb Code     6  ble_list.o(i.list_init_head)
    list_insert_head                         0x08003d37   Thumb Code    24  ble_list.o(i.list_insert_head)
    list_insert_tail                         0x08003d4f   Thumb Code    24  ble_list.o(i.list_insert_tail)
    list_is_empty                            0x08003d67   Thumb Code    24  ble_list.o(i.list_is_empty)
    list_remove_head                         0x08003d7f   Thumb Code    36  ble_list.o(i.list_remove_head)
    list_remove_node                         0x08003da3   Thumb Code    22  ble_list.o(i.list_remove_node)
    list_remove_tail                         0x08003db9   Thumb Code    36  ble_list.o(i.list_remove_tail)
    main                                     0x08003ddd   Thumb Code    82  main.o(i.main)
    setConnectable                           0x08003e61   Thumb Code    54  sensor_service.o(i.setConnectable)
    user_notify                              0x08003ea1   Thumb Code    62  sensor_service.o(i.user_notify)
    aPLLMULFactorTable                       0x08003ede   Data          16  stm32f3xx_hal_rcc.o(.constdata)
    aPredivFactorTable                       0x08003eee   Data          16  stm32f3xx_hal_rcc.o(.constdata)
    AHBPrescTable                            0x08003efe   Data          16  system_stm32f3xx.o(.constdata)
    APBPrescTable                            0x08003f0e   Data           8  system_stm32f3xx.o(.constdata)
    Region$$Table$$Base                      0x08003f2c   Number         0  anon$$obj.o(Region$$Table)
    Region$$Table$$Limit                     0x08003f4c   Number         0  anon$$obj.o(Region$$Table)
    hexti15                                  0x20000000   Data           8  hci_tl_interface.o(.data)
    bnrg_expansion_board                     0x20000008   Data           1  app_x-cube-ble1.o(.data)
    set_connectable                          0x2000000c   Data           1  sensor_service.o(.data)
    notification_enabled                     0x2000000d   Data           1  sensor_service.o(.data)
    connection_handle                        0x2000000e   Data           2  sensor_service.o(.data)
    accServHandle                            0x20000010   Data           2  sensor_service.o(.data)
    freeFallCharHandle                       0x20000012   Data           2  sensor_service.o(.data)
    accCharHandle                            0x20000014   Data           2  sensor_service.o(.data)
    envSensServHandle                        0x20000016   Data           2  sensor_service.o(.data)
    tempCharHandle                           0x20000018   Data           2  sensor_service.o(.data)
    pressCharHandle                          0x2000001a   Data           2  sensor_service.o(.data)
    humidityCharHandle                       0x2000001c   Data           2  sensor_service.o(.data)
    connected                                0x20000020   Data           4  sensor_service.o(.data)
    uwTickFreq                               0x20000028   Data           1  stm32f3xx_hal.o(.data)
    uwTickPrio                               0x2000002c   Data           4  stm32f3xx_hal.o(.data)
    uwTick                                   0x20000030   Data           4  stm32f3xx_hal.o(.data)
    SystemCoreClock                          0x20000034   Data           4  system_stm32f3xx.o(.data)
    COM_USART                                0x20000044   Data           4  stm32f3xx_nucleo.o(.data)
    hpb_exti                                 0x20000048   Data           8  stm32f3xx_nucleo.o(.data)
    hciReadPktPool                           0x20000050   Data           8  hci_tl.o(.data)
    hciReadPktRxQueue                        0x20000058   Data           8  hci_tl.o(.data)
    hrtc                                     0x20000064   Data          32  main.o(.bss)
    huart3                                   0x20000084   Data         112  main.o(.bss)
    hpcd_USB_FS                              0x200000f4   Data         936  main.o(.bss)
    axes_data                                0x2000059c   Data          12  sensor_service.o(.bss)
    hspi1                                    0x200005a8   Data         100  stm32f3xx_nucleo_bus.o(.bss)
    hcom_uart                                0x2000060c   Data         112  stm32f3xx_nucleo.o(.bss)
    __initial_sp                             0x20000d58   Data           0  startup_stm32f303xe.o(STACK)



==============================================================================

Memory Map of the image

  Image Entry point : 0x08000195

  Load Region LR_IROM1 (Base: 0x08000000, Size: 0x00003fb0, Max: 0x00080000, ABSOLUTE)

    Execution Region ER_IROM1 (Exec base: 0x08000000, Load base: 0x08000000, Size: 0x00003f4c, Max: 0x00080000, ABSOLUTE)

    Exec Addr    Load Addr    Size         Type   Attr      Idx    E Section Name        Object

    0x08000000   0x08000000   0x00000194   Data   RO            3    RESET               startup_stm32f303xe.o
    0x08000194   0x08000194   0x00000000   Code   RO         4892  * .ARM.Collect$$$$00000000  mc_w.l(entry.o)
    0x08000194   0x08000194   0x00000004   Code   RO         4910    .ARM.Collect$$$$00000001  mc_w.l(entry2.o)
    0x08000198   0x08000198   0x00000004   Code   RO         4913    .ARM.Collect$$$$00000004  mc_w.l(entry5.o)
    0x0800019c   0x0800019c   0x00000000   Code   RO         4915    .ARM.Collect$$$$00000008  mc_w.l(entry7b.o)
    0x0800019c   0x0800019c   0x00000000   Code   RO         4917    .ARM.Collect$$$$0000000A  mc_w.l(entry8b.o)
    0x0800019c   0x0800019c   0x00000008   Code   RO         4918    .ARM.Collect$$$$0000000B  mc_w.l(entry9a.o)
    0x080001a4   0x080001a4   0x00000000   Code   RO         4920    .ARM.Collect$$$$0000000D  mc_w.l(entry10a.o)
    0x080001a4   0x080001a4   0x00000000   Code   RO         4922    .ARM.Collect$$$$0000000F  mc_w.l(entry11a.o)
    0x080001a4   0x080001a4   0x00000004   Code   RO         4911    .ARM.Collect$$$$00002712  mc_w.l(entry2.o)
    0x080001a8   0x080001a8   0x00000024   Code   RO            4    .text               startup_stm32f303xe.o
    0x080001cc   0x080001cc   0x00000062   Code   RO         4895    .text               mc_w.l(uldiv.o)
    0x0800022e   0x0800022e   0x00000020   Code   RO         4897    .text               mc_w.l(llushr.o)
    0x0800024e   0x0800024e   0x00000002   PAD
    0x08000250   0x08000250   0x00000024   Code   RO         4899    .text               mc_w.l(rand.o)
    0x08000274   0x08000274   0x00000024   Code   RO         4902    .text               mc_w.l(memcpya.o)
    0x08000298   0x08000298   0x00000024   Code   RO         4904    .text               mc_w.l(memseta.o)
    0x080002bc   0x080002bc   0x0000000e   Code   RO         4906    .text               mc_w.l(strlen.o)
    0x080002ca   0x080002ca   0x0000001e   Code   RO         4924    .text               mc_w.l(llshl.o)
    0x080002e8   0x080002e8   0x00000024   Code   RO         4926    .text               mc_w.l(init.o)
    0x0800030c   0x0800030c   0x0000004c   Code   RO          411    i.Acc_Update        sensor_service.o
    0x08000358   0x08000358   0x00000184   Code   RO          412    i.Add_Acc_Service   sensor_service.o
    0x080004dc   0x080004dc   0x000002f4   Code   RO          413    i.Add_Environmental_Sensor_Service  sensor_service.o
    0x080007d0   0x080007d0   0x00000080   Code   RO         3623    i.BSP_COM_Init      stm32f3xx_nucleo.o
    0x08000850   0x08000850   0x00000004   Code   RO          517    i.BSP_GetTick       stm32f3xx_nucleo_bus.o
    0x08000854   0x08000854   0x00000058   Code   RO         3628    i.BSP_LED_Init      stm32f3xx_nucleo.o
    0x080008ac   0x080008ac   0x00000020   Code   RO         3631    i.BSP_LED_Toggle    stm32f3xx_nucleo.o
    0x080008cc   0x080008cc   0x0000000c   Code   RO          317    i.BSP_PB_Callback   app_x-cube-ble1.o
    0x080008d8   0x080008d8   0x00000024   Code   RO         3634    i.BSP_PB_GetState   stm32f3xx_nucleo.o
    0x080008fc   0x080008fc   0x000000ac   Code   RO         3636    i.BSP_PB_Init       stm32f3xx_nucleo.o
    0x080009a8   0x080009a8   0x00000084   Code   RO          519    i.BSP_SPI1_Init     stm32f3xx_nucleo_bus.o
    0x08000a2c   0x08000a2c   0x00000024   Code   RO          522    i.BSP_SPI1_SendRecv  stm32f3xx_nucleo_bus.o
    0x08000a50   0x08000a50   0x0000000a   Code   RO         3637    i.BUTTON_USER_EXTI_Callback  stm32f3xx_nucleo.o
    0x08000a5a   0x08000a5a   0x00000002   Code   RO          584    i.BusFault_Handler  stm32f3xx_it.o
    0x08000a5c   0x08000a5c   0x00000002   Code   RO          585    i.DebugMon_Handler  stm32f3xx_it.o
    0x08000a5e   0x08000a5e   0x00000002   PAD
    0x08000a60   0x08000a60   0x0000001c   Code   RO          586    i.EXTI15_10_IRQHandler  stm32f3xx_it.o
    0x08000a7c   0x08000a7c   0x00000014   Code   RO          415    i.GAP_ConnectionComplete_CB  sensor_service.o
    0x08000a90   0x08000a90   0x00000014   Code   RO          416    i.GAP_DisconnectionComplete_CB  sensor_service.o
    0x08000aa4   0x08000aa4   0x00000024   Code   RO         2161    i.HAL_Delay         stm32f3xx_hal.o
    0x08000ac8   0x08000ac8   0x0000000c   Code   RO          281    i.HAL_EXTI_GetHandle  stm32f3xx_hal_exti.o
    0x08000ad4   0x08000ad4   0x00000024   Code   RO          282    i.HAL_EXTI_IRQHandler  stm32f3xx_hal_exti.o
    0x08000af8   0x08000af8   0x0000000e   Code   RO          283    i.HAL_EXTI_RegisterCallback  stm32f3xx_hal_exti.o
    0x08000b06   0x08000b06   0x00000002   PAD
    0x08000b08   0x08000b08   0x00000140   Code   RO         2475    i.HAL_GPIO_DeInit   stm32f3xx_hal_gpio.o
    0x08000c48   0x08000c48   0x000001cc   Code   RO         2478    i.HAL_GPIO_Init     stm32f3xx_hal_gpio.o
    0x08000e14   0x08000e14   0x0000000a   Code   RO         2480    i.HAL_GPIO_ReadPin  stm32f3xx_hal_gpio.o
    0x08000e1e   0x08000e1e   0x00000008   Code   RO         2481    i.HAL_GPIO_TogglePin  stm32f3xx_hal_gpio.o
    0x08000e26   0x08000e26   0x0000000a   Code   RO         2482    i.HAL_GPIO_WritePin  stm32f3xx_hal_gpio.o
    0x08000e30   0x08000e30   0x0000000c   Code   RO         2165    i.HAL_GetTick       stm32f3xx_hal.o
    0x08000e3c   0x08000e3c   0x00000028   Code   RO         3534    i.HAL_I2CEx_EnableFastModePlus  stm32f3xx_hal_i2c_ex.o
    0x08000e64   0x08000e64   0x00000010   Code   RO         2171    i.HAL_IncTick       stm32f3xx_hal.o
    0x08000e74   0x08000e74   0x00000024   Code   RO         2172    i.HAL_Init          stm32f3xx_hal.o
    0x08000e98   0x08000e98   0x00000040   Code   RO         2173    i.HAL_InitTick      stm32f3xx_hal.o
    0x08000ed8   0x08000ed8   0x0000002c   Code   RO          672    i.HAL_MspInit       stm32f3xx_hal_msp.o
    0x08000f04   0x08000f04   0x00000016   Code   RO         2646    i.HAL_NVIC_EnableIRQ  stm32f3xx_hal_cortex.o
    0x08000f1a   0x08000f1a   0x00000002   PAD
    0x08000f1c   0x08000f1c   0x00000040   Code   RO         2652    i.HAL_NVIC_SetPriority  stm32f3xx_hal_cortex.o
    0x08000f5c   0x08000f5c   0x00000024   Code   RO         2653    i.HAL_NVIC_SetPriorityGrouping  stm32f3xx_hal_cortex.o
    0x08000f80   0x08000f80   0x00000002   Code   RO         1900    i.HAL_PCD_DataInStageCallback  stm32f3xx_hal_pcd.o
    0x08000f82   0x08000f82   0x00000002   Code   RO         1901    i.HAL_PCD_DataOutStageCallback  stm32f3xx_hal_pcd.o
    0x08000f84   0x08000f84   0x000000a2   Code   RO         1912    i.HAL_PCD_EP_Receive  stm32f3xx_hal_pcd.o
    0x08001026   0x08001026   0x000000cc   Code   RO         1914    i.HAL_PCD_EP_Transmit  stm32f3xx_hal_pcd.o
    0x080010f2   0x080010f2   0x000000f0   Code   RO         1916    i.HAL_PCD_IRQHandler  stm32f3xx_hal_pcd.o
    0x080011e2   0x080011e2   0x000000a6   Code   RO         1919    i.HAL_PCD_Init      stm32f3xx_hal_pcd.o
    0x08001288   0x08001288   0x0000003c   Code   RO          674    i.HAL_PCD_MspInit   stm32f3xx_hal_msp.o
    0x080012c4   0x080012c4   0x00000002   Code   RO         1922    i.HAL_PCD_ResetCallback  stm32f3xx_hal_pcd.o
    0x080012c6   0x080012c6   0x00000002   Code   RO         1923    i.HAL_PCD_ResumeCallback  stm32f3xx_hal_pcd.o
    0x080012c8   0x080012c8   0x00000002   Code   RO         1924    i.HAL_PCD_SOFCallback  stm32f3xx_hal_pcd.o
    0x080012ca   0x080012ca   0x0000002c   Code   RO         1925    i.HAL_PCD_SetAddress  stm32f3xx_hal_pcd.o
    0x080012f6   0x080012f6   0x00000002   Code   RO         1926    i.HAL_PCD_SetupStageCallback  stm32f3xx_hal_pcd.o
    0x080012f8   0x080012f8   0x00000002   Code   RO         1929    i.HAL_PCD_SuspendCallback  stm32f3xx_hal_pcd.o
    0x080012fa   0x080012fa   0x00000002   PAD
    0x080012fc   0x080012fc   0x00000294   Code   RO         2435    i.HAL_RCCEx_PeriphCLKConfig  stm32f3xx_hal_rcc_ex.o
    0x08001590   0x08001590   0x00000144   Code   RO         2329    i.HAL_RCC_ClockConfig  stm32f3xx_hal_rcc.o
    0x080016d4   0x080016d4   0x00000030   Code   RO         2336    i.HAL_RCC_GetPCLK1Freq  stm32f3xx_hal_rcc.o
    0x08001704   0x08001704   0x00000030   Code   RO         2337    i.HAL_RCC_GetPCLK2Freq  stm32f3xx_hal_rcc.o
    0x08001734   0x08001734   0x00000058   Code   RO         2338    i.HAL_RCC_GetSysClockFreq  stm32f3xx_hal_rcc.o
    0x0800178c   0x0800178c   0x00000598   Code   RO         2341    i.HAL_RCC_OscConfig  stm32f3xx_hal_rcc.o
    0x08001d24   0x08001d24   0x000000ac   Code   RO         1505    i.HAL_RTC_Init      stm32f3xx_hal_rtc.o
    0x08001dd0   0x08001dd0   0x00000028   Code   RO          676    i.HAL_RTC_MspInit   stm32f3xx_hal_msp.o
    0x08001df8   0x08001df8   0x00000036   Code   RO         1513    i.HAL_RTC_WaitForSynchro  stm32f3xx_hal_rtc.o
    0x08001e2e   0x08001e2e   0x00000006   Code   RO          741    i.HAL_SPI_GetState  stm32f3xx_hal_spi.o
    0x08001e34   0x08001e34   0x000000b6   Code   RO          743    i.HAL_SPI_Init      stm32f3xx_hal_spi.o
    0x08001eea   0x08001eea   0x00000002   Code   RO          745    i.HAL_SPI_MspInit   stm32f3xx_hal_spi.o
    0x08001eec   0x08001eec   0x0000023e   Code   RO          752    i.HAL_SPI_TransmitReceive  stm32f3xx_hal_spi.o
    0x0800212a   0x0800212a   0x00000028   Code   RO         2657    i.HAL_SYSTICK_Config  stm32f3xx_hal_cortex.o
    0x08002152   0x08002152   0x0000006a   Code   RO         1109    i.HAL_UART_Init     stm32f3xx_hal_uart.o
    0x080021bc   0x080021bc   0x00000068   Code   RO          678    i.HAL_UART_MspInit  stm32f3xx_hal_msp.o
    0x08002224   0x08002224   0x00000030   Code   RO          196    i.HCI_TL_SPI_DeInit  hci_tl_interface.o
    0x08002254   0x08002254   0x00000070   Code   RO          197    i.HCI_TL_SPI_Init   hci_tl_interface.o
    0x080022c4   0x080022c4   0x00000084   Code   RO          198    i.HCI_TL_SPI_Receive  hci_tl_interface.o
    0x08002348   0x08002348   0x00000030   Code   RO          199    i.HCI_TL_SPI_Reset  hci_tl_interface.o
    0x08002378   0x08002378   0x00000098   Code   RO          200    i.HCI_TL_SPI_Send   hci_tl_interface.o
    0x08002410   0x08002410   0x00000002   Code   RO          587    i.HardFault_Handler  stm32f3xx_it.o
    0x08002412   0x08002412   0x00000002   PAD
    0x08002414   0x08002414   0x00000024   Code   RO          417    i.Humidity_Update   sensor_service.o
    0x08002438   0x08002438   0x000000fc   Code   RO          318    i.MX_BlueNRG_MS_Init  app_x-cube-ble1.o
    0x08002534   0x08002534   0x00000014   Code   RO          319    i.MX_BlueNRG_MS_Process  app_x-cube-ble1.o
    0x08002548   0x08002548   0x00000190   Code   RO           14    i.MX_GPIO_Init      main.o
    0x080026d8   0x080026d8   0x00000044   Code   RO          523    i.MX_SPI1_Init      stm32f3xx_nucleo_bus.o
    0x0800271c   0x0800271c   0x00000030   Code   RO         3638    i.MX_USART2_UART_Init  stm32f3xx_nucleo.o
    0x0800274c   0x0800274c   0x0000002c   Code   RO           15    i.MX_USART3_UART_Init  main.o
    0x08002778   0x08002778   0x00000002   Code   RO          588    i.MemManage_Handler  stm32f3xx_it.o
    0x0800277a   0x0800277a   0x00000002   Code   RO          589    i.NMI_Handler       stm32f3xx_it.o
    0x0800277c   0x0800277c   0x00000020   Code   RO         2659    i.NVIC_SetPriority  stm32f3xx_hal_cortex.o
    0x0800279c   0x0800279c   0x0000032c   Code   RO         1930    i.PCD_EP_ISR_Handler  stm32f3xx_hal_pcd.o
    0x08002ac8   0x08002ac8   0x00000028   Code   RO         2114    i.PCD_ReadPMA       stm32f3xx_hal_pcd_ex.o
    0x08002af0   0x08002af0   0x00000026   Code   RO         2115    i.PCD_WritePMA      stm32f3xx_hal_pcd_ex.o
    0x08002b16   0x08002b16   0x00000002   Code   RO          590    i.PendSV_Handler    stm32f3xx_it.o
    0x08002b18   0x08002b18   0x00000024   Code   RO          418    i.Press_Update      sensor_service.o
    0x08002b3c   0x08002b3c   0x0000003a   Code   RO         1516    i.RTC_EnterInitMode  stm32f3xx_hal_rtc.o
    0x08002b76   0x08002b76   0x00000002   PAD
    0x08002b78   0x08002b78   0x000000b8   Code   RO          419    i.Read_Request_CB   sensor_service.o
    0x08002c30   0x08002c30   0x00000048   Code   RO          781    i.SPI_EndRxTxTransaction  stm32f3xx_hal_spi.o
    0x08002c78   0x08002c78   0x0000009e   Code   RO          786    i.SPI_WaitFifoStateUntilTimeout  stm32f3xx_hal_spi.o
    0x08002d16   0x08002d16   0x00000094   Code   RO          787    i.SPI_WaitFlagStateUntilTimeout  stm32f3xx_hal_spi.o
    0x08002daa   0x08002daa   0x00000002   Code   RO          591    i.SVC_Handler       stm32f3xx_it.o
    0x08002dac   0x08002dac   0x00000004   Code   RO          592    i.SysTick_Handler   stm32f3xx_it.o
    0x08002db0   0x08002db0   0x00000078   Code   RO           16    i.SystemClock_Config  main.o
    0x08002e28   0x08002e28   0x00000068   Code   RO         3585    i.SystemInit        system_stm32f3xx.o
    0x08002e90   0x08002e90   0x00000024   Code   RO          420    i.Temp_Update       sensor_service.o
    0x08002eb4   0x08002eb4   0x000000c8   Code   RO         1122    i.UART_AdvFeatureConfig  stm32f3xx_hal_uart.o
    0x08002f7c   0x08002f7c   0x0000005c   Code   RO         1123    i.UART_CheckIdleState  stm32f3xx_hal_uart.o
    0x08002fd8   0x08002fd8   0x000001d8   Code   RO         1138    i.UART_SetConfig    stm32f3xx_hal_uart.o
    0x080031b0   0x080031b0   0x00000064   Code   RO         1140    i.UART_WaitOnFlagUntilTimeout  stm32f3xx_hal_uart.o
    0x08003214   0x08003214   0x0000000c   Code   RO          593    i.USB_LP_CAN_RX0_IRQHandler  stm32f3xx_it.o
    0x08003220   0x08003220   0x00000002   Code   RO          594    i.UsageFault_Handler  stm32f3xx_it.o
    0x08003222   0x08003222   0x00000002   PAD
    0x08003224   0x08003224   0x00000070   Code   RO          320    i.User_Process      app_x-cube-ble1.o
    0x08003294   0x08003294   0x0000000e   Code   RO         4930    i.__scatterload_copy  mc_w.l(handlers.o)
    0x080032a2   0x080032a2   0x00000002   Code   RO         4931    i.__scatterload_null  mc_w.l(handlers.o)
    0x080032a4   0x080032a4   0x0000000e   Code   RO         4932    i.__scatterload_zeroinit  mc_w.l(handlers.o)
    0x080032b2   0x080032b2   0x00000068   Code   RO         3764    i.aci_gap_init_IDB04A1  bluenrg_gap_aci.o
    0x0800331a   0x0800331a   0x00000070   Code   RO         3765    i.aci_gap_init_IDB05A1  bluenrg_gap_aci.o
    0x0800338a   0x0800338a   0x00000074   Code   RO         3771    i.aci_gap_set_auth_requirement  bluenrg_gap_aci.o
    0x080033fe   0x080033fe   0x000000cc   Code   RO         3776    i.aci_gap_set_discoverable  bluenrg_gap_aci.o
    0x080034ca   0x080034ca   0x000000b6   Code   RO         4031    i.aci_gatt_add_char  bluenrg_gatt_aci.o
    0x08003580   0x08003580   0x000000e4   Code   RO         4032    i.aci_gatt_add_char_desc  bluenrg_gatt_aci.o
    0x08003664   0x08003664   0x0000007c   Code   RO         4033    i.aci_gatt_add_serv  bluenrg_gatt_aci.o
    0x080036e0   0x080036e0   0x00000046   Code   RO         4034    i.aci_gatt_allow_read  bluenrg_gatt_aci.o
    0x08003726   0x08003726   0x0000003a   Code   RO         4047    i.aci_gatt_init     bluenrg_gatt_aci.o
    0x08003760   0x08003760   0x0000007a   Code   RO         4060    i.aci_gatt_update_char_value  bluenrg_gatt_aci.o
    0x080037da   0x080037da   0x00000048   Code   RO         4313    i.aci_hal_set_tx_power_level  bluenrg_hal_aci.o
    0x08003822   0x08003822   0x0000005e   Code   RO         4316    i.aci_hal_write_config_data  bluenrg_hal_aci.o
    0x08003880   0x08003880   0x0000004c   Code   RO         4511    i.getBlueNRGVersion  bluenrg_utils_small.o
    0x080038cc   0x080038cc   0x0000005c   Code   RO         4538    i.hci_init          hci_tl.o
    0x08003928   0x08003928   0x0000007c   Code   RO         4608    i.hci_le_read_local_version  hci_le.o
    0x080039a4   0x080039a4   0x00000060   Code   RO         4619    i.hci_le_set_scan_resp_data  hci_le.o
    0x08003a04   0x08003a04   0x00000068   Code   RO         4539    i.hci_notify_asynch_evt  hci_tl.o
    0x08003a6c   0x08003a6c   0x0000001c   Code   RO         4540    i.hci_register_io_bus  hci_tl.o
    0x08003a88   0x08003a88   0x00000036   Code   RO         4625    i.hci_reset         hci_le.o
    0x08003abe   0x08003abe   0x00000002   PAD
    0x08003ac0   0x08003ac0   0x00000188   Code   RO         4541    i.hci_send_req      hci_tl.o
    0x08003c48   0x08003c48   0x0000006c   Code   RO          201    i.hci_tl_lowlevel_init  hci_tl_interface.o
    0x08003cb4   0x08003cb4   0x00000024   Code   RO          202    i.hci_tl_lowlevel_isr  hci_tl_interface.o
    0x08003cd8   0x08003cd8   0x0000003c   Code   RO         4542    i.hci_user_evt_proc  hci_tl.o
    0x08003d14   0x08003d14   0x0000001c   Code   RO         4801    i.list_get_size     ble_list.o
    0x08003d30   0x08003d30   0x00000006   Code   RO         4802    i.list_init_head    ble_list.o
    0x08003d36   0x08003d36   0x00000018   Code   RO         4803    i.list_insert_head  ble_list.o
    0x08003d4e   0x08003d4e   0x00000018   Code   RO         4806    i.list_insert_tail  ble_list.o
    0x08003d66   0x08003d66   0x00000018   Code   RO         4807    i.list_is_empty     ble_list.o
    0x08003d7e   0x08003d7e   0x00000024   Code   RO         4808    i.list_remove_head  ble_list.o
    0x08003da2   0x08003da2   0x00000016   Code   RO         4809    i.list_remove_node  ble_list.o
    0x08003db8   0x08003db8   0x00000024   Code   RO         4810    i.list_remove_tail  ble_list.o
    0x08003ddc   0x08003ddc   0x00000060   Code   RO           17    i.main              main.o
    0x08003e3c   0x08003e3c   0x00000024   Code   RO         4543    i.move_list         hci_tl.o
    0x08003e60   0x08003e60   0x00000040   Code   RO          421    i.setConnectable    sensor_service.o
    0x08003ea0   0x08003ea0   0x0000003e   Code   RO          422    i.user_notify       sensor_service.o
    0x08003ede   0x08003ede   0x00000020   Data   RO         2342    .constdata          stm32f3xx_hal_rcc.o
    0x08003efe   0x08003efe   0x00000010   Data   RO         3586    .constdata          system_stm32f3xx.o
    0x08003f0e   0x08003f0e   0x00000008   Data   RO         3587    .constdata          system_stm32f3xx.o
    0x08003f16   0x08003f16   0x00000002   PAD
    0x08003f18   0x08003f18   0x00000014   Data   RO         3641    .constdata          stm32f3xx_nucleo.o
    0x08003f2c   0x08003f2c   0x00000020   Data   RO         4928    Region$$Table       anon$$obj.o


    Execution Region RW_IRAM1 (Exec base: 0x20000000, Load base: 0x08003f4c, Size: 0x00000d58, Max: 0x00010000, ABSOLUTE)

    Exec Addr    Load Addr    Size         Type   Attr      Idx    E Section Name        Object

    0x20000000   0x08003f4c   0x00000008   Data   RW          204    .data               hci_tl_interface.o
    0x20000008   0x08003f54   0x00000003   Data   RW          321    .data               app_x-cube-ble1.o
    0x2000000b   0x08003f57   0x00000001   PAD
    0x2000000c   0x08003f58   0x00000018   Data   RW          424    .data               sensor_service.o
    0x20000024   0x08003f70   0x00000004   Data   RW          525    .data               stm32f3xx_nucleo_bus.o
    0x20000028   0x08003f74   0x0000000c   Data   RW         2179    .data               stm32f3xx_hal.o
    0x20000034   0x08003f80   0x00000004   Data   RW         3588    .data               system_stm32f3xx.o
    0x20000038   0x08003f84   0x00000018   Data   RW         3642    .data               stm32f3xx_nucleo.o
    0x20000050   0x08003f9c   0x00000010   Data   RW         4545    .data               hci_tl.o
    0x20000060   0x08003fac   0x00000004   Data   RW         4900    .data               mc_w.l(rand.o)
    0x20000064        -       0x00000438   Zero   RW           18    .bss                main.o
    0x2000049c        -       0x000000ff   Zero   RW          203    .bss                hci_tl_interface.o
    0x2000059b   0x08003fb0   0x00000001   PAD
    0x2000059c        -       0x0000000c   Zero   RW          423    .bss                sensor_service.o
    0x200005a8        -       0x00000064   Zero   RW          524    .bss                stm32f3xx_nucleo_bus.o
    0x2000060c        -       0x00000070   Zero   RW         3640    .bss                stm32f3xx_nucleo.o
    0x2000067c        -       0x000002dc   Zero   RW         4544    .bss                hci_tl.o
    0x20000958        -       0x00000400   Zero   RW            1    STACK               startup_stm32f303xe.o


==============================================================================

Image component sizes


      Code (inc. data)   RO Data    RW Data    ZI Data      Debug   Object Name

       396         50          0          3          0      45428   app_x-cube-ble1.o
       200          0          0          0          0      10668   ble_list.o
       536          0          0          0          0       4960   bluenrg_gap_aci.o
       784          0          0          0          0       7272   bluenrg_gatt_aci.o
       166          0          0          0          0       2437   bluenrg_hal_aci.o
        76          0          0          0          0       1460   bluenrg_utils_small.o
       274          0          0          0          0       3100   hci_le.o
       712         46          0         16        732       6419   hci_tl.o
       636        102          0          8        255       6951   hci_tl_interface.o
       660         58          0          0       1080     663711   main.o
      1678         64          0         24         12      11084   sensor_service.o
        36          8        404          0       1024        836   startup_stm32f303xe.o
       164         28          0         12          0      16689   stm32f3xx_hal.o
       194         14          0          0          0      30415   stm32f3xx_hal_cortex.o
        62          6          0          0          0       2247   stm32f3xx_hal_exti.o
       808         70          0          0          0       4558   stm32f3xx_hal_gpio.o
        40         10          0          0          0       1055   stm32f3xx_hal_i2c_ex.o
       248         38          0          0          0       2697   stm32f3xx_hal_msp.o
      1642          0          0          0          0      10232   stm32f3xx_hal_pcd.o
        78          0          0          0          0       2093   stm32f3xx_hal_pcd_ex.o
      1940         70         32          0          0       5752   stm32f3xx_hal_rcc.o
       660         12          0          0          0       1704   stm32f3xx_hal_rcc_ex.o
       284          6          0          0          0       2864   stm32f3xx_hal_rtc.o
      1142          0          0          0          0       6766   stm32f3xx_hal_spi.o
       970         58          0          0          0       4947   stm32f3xx_hal_uart.o
        60         16          0          0          0       5093   stm32f3xx_it.o
       514         68         20         24        112       8504   stm32f3xx_nucleo.o
       240         28          0          4        100       3201   stm32f3xx_nucleo_bus.o
       104         22         24          4          0       1163   system_stm32f3xx.o

    ----------------------------------------------------------------------
     15320        774        514         96       3316     874306   Object Totals
         0          0         32          0          0          0   (incl. Generated)
        16          0          2          1          1          0   (incl. Padding)

    ----------------------------------------------------------------------

      Code (inc. data)   RO Data    RW Data    ZI Data      Debug   Library Member Name

         0          0          0          0          0          0   entry.o
         0          0          0          0          0          0   entry10a.o
         0          0          0          0          0          0   entry11a.o
         8          4          0          0          0          0   entry2.o
         4          0          0          0          0          0   entry5.o
         0          0          0          0          0          0   entry7b.o
         0          0          0          0          0          0   entry8b.o
         8          4          0          0          0          0   entry9a.o
        30          0          0          0          0          0   handlers.o
        36          8          0          0          0         68   init.o
        30          0          0          0          0         68   llshl.o
        32          0          0          0          0         68   llushr.o
        36          0          0          0          0         68   memcpya.o
        36          0          0          0          0        108   memseta.o
        36         10          0          4          0        136   rand.o
        14          0          0          0          0         68   strlen.o
        98          0          0          0          0         92   uldiv.o

    ----------------------------------------------------------------------
       370         26          0          4          0        676   Library Totals
         2          0          0          0          0          0   (incl. Padding)

    ----------------------------------------------------------------------

      Code (inc. data)   RO Data    RW Data    ZI Data      Debug   Library Name

       368         26          0          4          0        676   mc_w.l

    ----------------------------------------------------------------------
       370         26          0          4          0        676   Library Totals

    ----------------------------------------------------------------------

==============================================================================


      Code (inc. data)   RO Data    RW Data    ZI Data      Debug   

     15690        800        514        100       3316     861978   Grand Totals
     15690        800        514        100       3316     861978   ELF Image Totals
     15690        800        514        100          0          0   ROM Totals

==============================================================================

    Total RO  Size (Code + RO Data)                16204 (  15.82kB)
    Total RW  Size (RW Data + ZI Data)              3416 (   3.34kB)
    Total ROM Size (Code + RO Data + RW Data)      16304 (  15.92kB)

==============================================================================

