<!doctype html public "-//w3c//dtd html 4.0 transitional//en">
<html><head>
<title>Static Call Graph - [V6-SA\V6-SA.axf]</title></head>
<body><HR>
<H1>Static Call Graph for image V6-SA\V6-SA.axf</H1><HR>
<BR><P>#&#060CALLGRAPH&#062# ARM Linker, 5060750: Last Updated: Sat Jun 29 22:34:28 2019
<BR><P>
<H3>Maximum Stack Usage =        556 bytes + Unknown(Cycles, Untraceable Function Pointers)</H3><H3>
Call chain for Maximum Stack Depth:</H3>
user_notify &rArr; Attribute_Modified_CB &rArr; receiveData &rArr; ForwardFrame &rArr; Process_Mesh_Start_BlueNRG_Connection &rArr; Add_Sample_Service &rArr; aci_gatt_add_char &rArr; hci_send_req &rArr; move_list &rArr; list_remove_tail
<P>
<H3>
Mutually Recursive functions
</H3> <LI><a href="#[1d]">ADC1_2_IRQHandler</a>&nbsp;&nbsp;&nbsp;&rArr;&nbsp;&nbsp;&nbsp;<a href="#[1d]">ADC1_2_IRQHandler</a><BR>
 <LI><a href="#[5]">BusFault_Handler</a>&nbsp;&nbsp;&nbsp;&rArr;&nbsp;&nbsp;&nbsp;<a href="#[5]">BusFault_Handler</a><BR>
 <LI><a href="#[3]">HardFault_Handler</a>&nbsp;&nbsp;&nbsp;&rArr;&nbsp;&nbsp;&nbsp;<a href="#[3]">HardFault_Handler</a><BR>
 <LI><a href="#[4]">MemManage_Handler</a>&nbsp;&nbsp;&nbsp;&rArr;&nbsp;&nbsp;&nbsp;<a href="#[4]">MemManage_Handler</a><BR>
 <LI><a href="#[6]">UsageFault_Handler</a>&nbsp;&nbsp;&nbsp;&rArr;&nbsp;&nbsp;&nbsp;<a href="#[6]">UsageFault_Handler</a><BR>
</UL>
<P>
<H3>
Function Pointers
</H3><UL>
 <LI><a href="#[1d]">ADC1_2_IRQHandler</a> from startup_stm32f303xe.o(.text) referenced from startup_stm32f303xe.o(RESET)
 <LI><a href="#[3a]">ADC3_IRQHandler</a> from startup_stm32f303xe.o(.text) referenced from startup_stm32f303xe.o(RESET)
 <LI><a href="#[46]">ADC4_IRQHandler</a> from startup_stm32f303xe.o(.text) referenced from startup_stm32f303xe.o(RESET)
 <LI><a href="#[5f]">BSP_GetTick</a> from stm32f3xx_nucleo_bus.o(i.BSP_GetTick) referenced from hci_tl_interface.o(i.hci_tl_lowlevel_init)
 <LI><a href="#[61]">BUTTON_USER_EXTI_Callback</a> from stm32f3xx_nucleo.o(i.BUTTON_USER_EXTI_Callback) referenced from stm32f3xx_nucleo.o(.constdata)
 <LI><a href="#[5]">BusFault_Handler</a> from stm32f3xx_it.o(i.BusFault_Handler) referenced from startup_stm32f303xe.o(RESET)
 <LI><a href="#[20]">CAN_RX1_IRQHandler</a> from startup_stm32f303xe.o(.text) referenced from startup_stm32f303xe.o(RESET)
 <LI><a href="#[21]">CAN_SCE_IRQHandler</a> from startup_stm32f303xe.o(.text) referenced from startup_stm32f303xe.o(RESET)
 <LI><a href="#[47]">COMP1_2_3_IRQHandler</a> from startup_stm32f303xe.o(.text) referenced from startup_stm32f303xe.o(RESET)
 <LI><a href="#[48]">COMP4_5_6_IRQHandler</a> from startup_stm32f303xe.o(.text) referenced from startup_stm32f303xe.o(RESET)
 <LI><a href="#[49]">COMP7_IRQHandler</a> from startup_stm32f303xe.o(.text) referenced from startup_stm32f303xe.o(RESET)
 <LI><a href="#[16]">DMA1_Channel1_IRQHandler</a> from startup_stm32f303xe.o(.text) referenced from startup_stm32f303xe.o(RESET)
 <LI><a href="#[17]">DMA1_Channel2_IRQHandler</a> from startup_stm32f303xe.o(.text) referenced from startup_stm32f303xe.o(RESET)
 <LI><a href="#[18]">DMA1_Channel3_IRQHandler</a> from startup_stm32f303xe.o(.text) referenced from startup_stm32f303xe.o(RESET)
 <LI><a href="#[19]">DMA1_Channel4_IRQHandler</a> from startup_stm32f303xe.o(.text) referenced from startup_stm32f303xe.o(RESET)
 <LI><a href="#[1a]">DMA1_Channel5_IRQHandler</a> from startup_stm32f303xe.o(.text) referenced from startup_stm32f303xe.o(RESET)
 <LI><a href="#[1b]">DMA1_Channel6_IRQHandler</a> from startup_stm32f303xe.o(.text) referenced from startup_stm32f303xe.o(RESET)
 <LI><a href="#[1c]">DMA1_Channel7_IRQHandler</a> from startup_stm32f303xe.o(.text) referenced from startup_stm32f303xe.o(RESET)
 <LI><a href="#[41]">DMA2_Channel1_IRQHandler</a> from startup_stm32f303xe.o(.text) referenced from startup_stm32f303xe.o(RESET)
 <LI><a href="#[42]">DMA2_Channel2_IRQHandler</a> from startup_stm32f303xe.o(.text) referenced from startup_stm32f303xe.o(RESET)
 <LI><a href="#[43]">DMA2_Channel3_IRQHandler</a> from startup_stm32f303xe.o(.text) referenced from startup_stm32f303xe.o(RESET)
 <LI><a href="#[44]">DMA2_Channel4_IRQHandler</a> from startup_stm32f303xe.o(.text) referenced from startup_stm32f303xe.o(RESET)
 <LI><a href="#[45]">DMA2_Channel5_IRQHandler</a> from startup_stm32f303xe.o(.text) referenced from startup_stm32f303xe.o(RESET)
 <LI><a href="#[8]">DebugMon_Handler</a> from stm32f3xx_it.o(i.DebugMon_Handler) referenced from startup_stm32f303xe.o(RESET)
 <LI><a href="#[11]">EXTI0_IRQHandler</a> from startup_stm32f303xe.o(.text) referenced from startup_stm32f303xe.o(RESET)
 <LI><a href="#[33]">EXTI15_10_IRQHandler</a> from stm32f3xx_it.o(i.EXTI15_10_IRQHandler) referenced from startup_stm32f303xe.o(RESET)
 <LI><a href="#[12]">EXTI1_IRQHandler</a> from startup_stm32f303xe.o(.text) referenced from startup_stm32f303xe.o(RESET)
 <LI><a href="#[13]">EXTI2_TSC_IRQHandler</a> from startup_stm32f303xe.o(.text) referenced from startup_stm32f303xe.o(RESET)
 <LI><a href="#[14]">EXTI3_IRQHandler</a> from startup_stm32f303xe.o(.text) referenced from startup_stm32f303xe.o(RESET)
 <LI><a href="#[15]">EXTI4_IRQHandler</a> from startup_stm32f303xe.o(.text) referenced from startup_stm32f303xe.o(RESET)
 <LI><a href="#[22]">EXTI9_5_IRQHandler</a> from startup_stm32f303xe.o(.text) referenced from startup_stm32f303xe.o(RESET)
 <LI><a href="#[f]">FLASH_IRQHandler</a> from startup_stm32f303xe.o(.text) referenced from startup_stm32f303xe.o(RESET)
 <LI><a href="#[3b]">FMC_IRQHandler</a> from startup_stm32f303xe.o(.text) referenced from startup_stm32f303xe.o(RESET)
 <LI><a href="#[53]">FPU_IRQHandler</a> from startup_stm32f303xe.o(.text) referenced from startup_stm32f303xe.o(RESET)
 <LI><a href="#[5b]">HCI_TL_SPI_DeInit</a> from hci_tl_interface.o(i.HCI_TL_SPI_DeInit) referenced from hci_tl_interface.o(i.hci_tl_lowlevel_init)
 <LI><a href="#[5a]">HCI_TL_SPI_Init</a> from hci_tl_interface.o(i.HCI_TL_SPI_Init) referenced from hci_tl_interface.o(i.hci_tl_lowlevel_init)
 <LI><a href="#[5d]">HCI_TL_SPI_Receive</a> from hci_tl_interface.o(i.HCI_TL_SPI_Receive) referenced from hci_tl_interface.o(i.hci_tl_lowlevel_init)
 <LI><a href="#[5e]">HCI_TL_SPI_Reset</a> from hci_tl_interface.o(i.HCI_TL_SPI_Reset) referenced from hci_tl_interface.o(i.hci_tl_lowlevel_init)
 <LI><a href="#[5c]">HCI_TL_SPI_Send</a> from hci_tl_interface.o(i.HCI_TL_SPI_Send) referenced from hci_tl_interface.o(i.hci_tl_lowlevel_init)
 <LI><a href="#[3]">HardFault_Handler</a> from stm32f3xx_it.o(i.HardFault_Handler) referenced from startup_stm32f303xe.o(RESET)
 <LI><a href="#[2b]">I2C1_ER_IRQHandler</a> from startup_stm32f303xe.o(.text) referenced from startup_stm32f303xe.o(RESET)
 <LI><a href="#[2a]">I2C1_EV_IRQHandler</a> from startup_stm32f303xe.o(.text) referenced from startup_stm32f303xe.o(RESET)
 <LI><a href="#[2d]">I2C2_ER_IRQHandler</a> from startup_stm32f303xe.o(.text) referenced from startup_stm32f303xe.o(RESET)
 <LI><a href="#[2c]">I2C2_EV_IRQHandler</a> from startup_stm32f303xe.o(.text) referenced from startup_stm32f303xe.o(RESET)
 <LI><a href="#[4b]">I2C3_ER_IRQHandler</a> from startup_stm32f303xe.o(.text) referenced from startup_stm32f303xe.o(RESET)
 <LI><a href="#[4a]">I2C3_EV_IRQHandler</a> from startup_stm32f303xe.o(.text) referenced from startup_stm32f303xe.o(RESET)
 <LI><a href="#[4]">MemManage_Handler</a> from stm32f3xx_it.o(i.MemManage_Handler) referenced from startup_stm32f303xe.o(RESET)
 <LI><a href="#[2]">NMI_Handler</a> from stm32f3xx_it.o(i.NMI_Handler) referenced from startup_stm32f303xe.o(RESET)
 <LI><a href="#[c]">PVD_IRQHandler</a> from startup_stm32f303xe.o(.text) referenced from startup_stm32f303xe.o(RESET)
 <LI><a href="#[9]">PendSV_Handler</a> from stm32f3xx_it.o(i.PendSV_Handler) referenced from startup_stm32f303xe.o(RESET)
 <LI><a href="#[10]">RCC_IRQHandler</a> from startup_stm32f303xe.o(.text) referenced from startup_stm32f303xe.o(RESET)
 <LI><a href="#[34]">RTC_Alarm_IRQHandler</a> from startup_stm32f303xe.o(.text) referenced from startup_stm32f303xe.o(RESET)
 <LI><a href="#[e]">RTC_WKUP_IRQHandler</a> from startup_stm32f303xe.o(.text) referenced from startup_stm32f303xe.o(RESET)
 <LI><a href="#[1]">Reset_Handler</a> from startup_stm32f303xe.o(.text) referenced from startup_stm32f303xe.o(RESET)
 <LI><a href="#[2e]">SPI1_IRQHandler</a> from startup_stm32f303xe.o(.text) referenced from startup_stm32f303xe.o(RESET)
 <LI><a href="#[2f]">SPI2_IRQHandler</a> from startup_stm32f303xe.o(.text) referenced from startup_stm32f303xe.o(RESET)
 <LI><a href="#[3c]">SPI3_IRQHandler</a> from startup_stm32f303xe.o(.text) referenced from startup_stm32f303xe.o(RESET)
 <LI><a href="#[54]">SPI4_IRQHandler</a> from startup_stm32f303xe.o(.text) referenced from startup_stm32f303xe.o(RESET)
 <LI><a href="#[7]">SVC_Handler</a> from stm32f3xx_it.o(i.SVC_Handler) referenced from startup_stm32f303xe.o(RESET)
 <LI><a href="#[a]">SysTick_Handler</a> from stm32f3xx_it.o(i.SysTick_Handler) referenced from startup_stm32f303xe.o(RESET)
 <LI><a href="#[56]">SystemInit</a> from system_stm32f3xx.o(i.SystemInit) referenced from startup_stm32f303xe.o(.text)
 <LI><a href="#[d]">TAMP_STAMP_IRQHandler</a> from startup_stm32f303xe.o(.text) referenced from startup_stm32f303xe.o(RESET)
 <LI><a href="#[23]">TIM1_BRK_TIM15_IRQHandler</a> from startup_stm32f303xe.o(.text) referenced from startup_stm32f303xe.o(RESET)
 <LI><a href="#[26]">TIM1_CC_IRQHandler</a> from startup_stm32f303xe.o(.text) referenced from startup_stm32f303xe.o(RESET)
 <LI><a href="#[25]">TIM1_TRG_COM_TIM17_IRQHandler</a> from startup_stm32f303xe.o(.text) referenced from startup_stm32f303xe.o(RESET)
 <LI><a href="#[24]">TIM1_UP_TIM16_IRQHandler</a> from startup_stm32f303xe.o(.text) referenced from startup_stm32f303xe.o(RESET)
 <LI><a href="#[4f]">TIM20_BRK_IRQHandler</a> from startup_stm32f303xe.o(.text) referenced from startup_stm32f303xe.o(RESET)
 <LI><a href="#[52]">TIM20_CC_IRQHandler</a> from startup_stm32f303xe.o(.text) referenced from startup_stm32f303xe.o(RESET)
 <LI><a href="#[51]">TIM20_TRG_COM_IRQHandler</a> from startup_stm32f303xe.o(.text) referenced from startup_stm32f303xe.o(RESET)
 <LI><a href="#[50]">TIM20_UP_IRQHandler</a> from startup_stm32f303xe.o(.text) referenced from startup_stm32f303xe.o(RESET)
 <LI><a href="#[27]">TIM2_IRQHandler</a> from startup_stm32f303xe.o(.text) referenced from startup_stm32f303xe.o(RESET)
 <LI><a href="#[28]">TIM3_IRQHandler</a> from startup_stm32f303xe.o(.text) referenced from startup_stm32f303xe.o(RESET)
 <LI><a href="#[29]">TIM4_IRQHandler</a> from startup_stm32f303xe.o(.text) referenced from startup_stm32f303xe.o(RESET)
 <LI><a href="#[3f]">TIM6_DAC_IRQHandler</a> from startup_stm32f303xe.o(.text) referenced from startup_stm32f303xe.o(RESET)
 <LI><a href="#[40]">TIM7_IRQHandler</a> from startup_stm32f303xe.o(.text) referenced from startup_stm32f303xe.o(RESET)
 <LI><a href="#[36]">TIM8_BRK_IRQHandler</a> from startup_stm32f303xe.o(.text) referenced from startup_stm32f303xe.o(RESET)
 <LI><a href="#[39]">TIM8_CC_IRQHandler</a> from startup_stm32f303xe.o(.text) referenced from startup_stm32f303xe.o(RESET)
 <LI><a href="#[38]">TIM8_TRG_COM_IRQHandler</a> from startup_stm32f303xe.o(.text) referenced from startup_stm32f303xe.o(RESET)
 <LI><a href="#[37]">TIM8_UP_IRQHandler</a> from startup_stm32f303xe.o(.text) referenced from startup_stm32f303xe.o(RESET)
 <LI><a href="#[3d]">UART4_IRQHandler</a> from startup_stm32f303xe.o(.text) referenced from startup_stm32f303xe.o(RESET)
 <LI><a href="#[3e]">UART5_IRQHandler</a> from startup_stm32f303xe.o(.text) referenced from startup_stm32f303xe.o(RESET)
 <LI><a href="#[30]">USART1_IRQHandler</a> from startup_stm32f303xe.o(.text) referenced from startup_stm32f303xe.o(RESET)
 <LI><a href="#[31]">USART2_IRQHandler</a> from startup_stm32f303xe.o(.text) referenced from startup_stm32f303xe.o(RESET)
 <LI><a href="#[32]">USART3_IRQHandler</a> from startup_stm32f303xe.o(.text) referenced from startup_stm32f303xe.o(RESET)
 <LI><a href="#[35]">USBWakeUp_IRQHandler</a> from startup_stm32f303xe.o(.text) referenced from startup_stm32f303xe.o(RESET)
 <LI><a href="#[4e]">USBWakeUp_RMP_IRQHandler</a> from startup_stm32f303xe.o(.text) referenced from startup_stm32f303xe.o(RESET)
 <LI><a href="#[1e]">USB_HP_CAN_TX_IRQHandler</a> from startup_stm32f303xe.o(.text) referenced from startup_stm32f303xe.o(RESET)
 <LI><a href="#[4c]">USB_HP_IRQHandler</a> from startup_stm32f303xe.o(.text) referenced from startup_stm32f303xe.o(RESET)
 <LI><a href="#[1f]">USB_LP_CAN_RX0_IRQHandler</a> from stm32f3xx_it.o(i.USB_LP_CAN_RX0_IRQHandler) referenced from startup_stm32f303xe.o(RESET)
 <LI><a href="#[4d]">USB_LP_IRQHandler</a> from startup_stm32f303xe.o(.text) referenced from startup_stm32f303xe.o(RESET)
 <LI><a href="#[6]">UsageFault_Handler</a> from stm32f3xx_it.o(i.UsageFault_Handler) referenced from startup_stm32f303xe.o(RESET)
 <LI><a href="#[b]">WWDG_IRQHandler</a> from startup_stm32f303xe.o(.text) referenced from startup_stm32f303xe.o(RESET)
 <LI><a href="#[57]">__main</a> from entry.o(.ARM.Collect$$$$00000000) referenced from startup_stm32f303xe.o(.text)
 <LI><a href="#[59]">fputc</a> from stm32f3xx_nucleo.o(i.fputc) referenced from printf8.o(i.__0printf$8)
 <LI><a href="#[60]">hci_tl_lowlevel_isr</a> from hci_tl_interface.o(i.hci_tl_lowlevel_isr) referenced from hci_tl_interface.o(i.hci_tl_lowlevel_init)
 <LI><a href="#[55]">main</a> from main.o(i.main) referenced from entry9a.o(.ARM.Collect$$$$0000000B)
 <LI><a href="#[58]">user_notify</a> from sample_service.o(i.user_notify) referenced from app_x-cube-ble1.o(i.Process_BlueNRG_MS_Init)
 <LI><a href="#[58]">user_notify</a> from sample_service.o(i.user_notify) referenced from app_x-cube-ble1.o(i.Process_Mesh_Start_BlueNRG_Connection)
 <LI><a href="#[58]">user_notify</a> from sample_service.o(i.user_notify) referenced from app_x-cube-ble1.o(i.Process_Mesh_Start_Listen_Connection)
</UL>
<P>
<H3>
Global Symbols
</H3>
<P><STRONG><a name="[57]"></a>__main</STRONG> (Thumb, 0 bytes, Stack size unknown bytes, entry.o(.ARM.Collect$$$$00000000))
<BR>[Address Reference Count : 1]<UL><LI> startup_stm32f303xe.o(.text)
</UL>
<P><STRONG><a name="[f2]"></a>_main_stk</STRONG> (Thumb, 0 bytes, Stack size unknown bytes, entry2.o(.ARM.Collect$$$$00000001))

<P><STRONG><a name="[62]"></a>_main_scatterload</STRONG> (Thumb, 0 bytes, Stack size unknown bytes, entry5.o(.ARM.Collect$$$$00000004))
<BR><BR>[Calls]<UL><LI><a href="#[63]">&gt;&gt;</a>&nbsp;&nbsp;&nbsp;__scatterload
</UL>

<P><STRONG><a name="[6a]"></a>__main_after_scatterload</STRONG> (Thumb, 0 bytes, Stack size unknown bytes, entry5.o(.ARM.Collect$$$$00000004))
<BR><BR>[Called By]<UL><LI><a href="#[63]">&gt;&gt;</a>&nbsp;&nbsp;&nbsp;__scatterload
</UL>

<P><STRONG><a name="[f3]"></a>_main_clock</STRONG> (Thumb, 0 bytes, Stack size unknown bytes, entry7b.o(.ARM.Collect$$$$00000008))

<P><STRONG><a name="[f4]"></a>_main_cpp_init</STRONG> (Thumb, 0 bytes, Stack size unknown bytes, entry8b.o(.ARM.Collect$$$$0000000A))

<P><STRONG><a name="[f5]"></a>_main_init</STRONG> (Thumb, 0 bytes, Stack size unknown bytes, entry9a.o(.ARM.Collect$$$$0000000B))

<P><STRONG><a name="[f6]"></a>__rt_final_cpp</STRONG> (Thumb, 0 bytes, Stack size unknown bytes, entry10a.o(.ARM.Collect$$$$0000000D))

<P><STRONG><a name="[f7]"></a>__rt_final_exit</STRONG> (Thumb, 0 bytes, Stack size unknown bytes, entry11a.o(.ARM.Collect$$$$0000000F))

<P><STRONG><a name="[1]"></a>Reset_Handler</STRONG> (Thumb, 8 bytes, Stack size 0 bytes, startup_stm32f303xe.o(.text))
<BR>[Address Reference Count : 1]<UL><LI> startup_stm32f303xe.o(RESET)
</UL>
<P><STRONG><a name="[1d]"></a>ADC1_2_IRQHandler</STRONG> (Thumb, 0 bytes, Stack size 0 bytes, startup_stm32f303xe.o(.text))
<BR><BR>[Calls]<UL><LI><a href="#[1d]">&gt;&gt;</a>&nbsp;&nbsp;&nbsp;ADC1_2_IRQHandler
</UL>
<BR>[Called By]<UL><LI><a href="#[1d]">&gt;&gt;</a>&nbsp;&nbsp;&nbsp;ADC1_2_IRQHandler
</UL>
<BR>[Address Reference Count : 1]<UL><LI> startup_stm32f303xe.o(RESET)
</UL>
<P><STRONG><a name="[3a]"></a>ADC3_IRQHandler</STRONG> (Thumb, 0 bytes, Stack size 0 bytes, startup_stm32f303xe.o(.text))
<BR>[Address Reference Count : 1]<UL><LI> startup_stm32f303xe.o(RESET)
</UL>
<P><STRONG><a name="[46]"></a>ADC4_IRQHandler</STRONG> (Thumb, 0 bytes, Stack size 0 bytes, startup_stm32f303xe.o(.text))
<BR>[Address Reference Count : 1]<UL><LI> startup_stm32f303xe.o(RESET)
</UL>
<P><STRONG><a name="[20]"></a>CAN_RX1_IRQHandler</STRONG> (Thumb, 0 bytes, Stack size 0 bytes, startup_stm32f303xe.o(.text))
<BR>[Address Reference Count : 1]<UL><LI> startup_stm32f303xe.o(RESET)
</UL>
<P><STRONG><a name="[21]"></a>CAN_SCE_IRQHandler</STRONG> (Thumb, 0 bytes, Stack size 0 bytes, startup_stm32f303xe.o(.text))
<BR>[Address Reference Count : 1]<UL><LI> startup_stm32f303xe.o(RESET)
</UL>
<P><STRONG><a name="[47]"></a>COMP1_2_3_IRQHandler</STRONG> (Thumb, 0 bytes, Stack size 0 bytes, startup_stm32f303xe.o(.text))
<BR>[Address Reference Count : 1]<UL><LI> startup_stm32f303xe.o(RESET)
</UL>
<P><STRONG><a name="[48]"></a>COMP4_5_6_IRQHandler</STRONG> (Thumb, 0 bytes, Stack size 0 bytes, startup_stm32f303xe.o(.text))
<BR>[Address Reference Count : 1]<UL><LI> startup_stm32f303xe.o(RESET)
</UL>
<P><STRONG><a name="[49]"></a>COMP7_IRQHandler</STRONG> (Thumb, 0 bytes, Stack size 0 bytes, startup_stm32f303xe.o(.text))
<BR>[Address Reference Count : 1]<UL><LI> startup_stm32f303xe.o(RESET)
</UL>
<P><STRONG><a name="[16]"></a>DMA1_Channel1_IRQHandler</STRONG> (Thumb, 0 bytes, Stack size 0 bytes, startup_stm32f303xe.o(.text))
<BR>[Address Reference Count : 1]<UL><LI> startup_stm32f303xe.o(RESET)
</UL>
<P><STRONG><a name="[17]"></a>DMA1_Channel2_IRQHandler</STRONG> (Thumb, 0 bytes, Stack size 0 bytes, startup_stm32f303xe.o(.text))
<BR>[Address Reference Count : 1]<UL><LI> startup_stm32f303xe.o(RESET)
</UL>
<P><STRONG><a name="[18]"></a>DMA1_Channel3_IRQHandler</STRONG> (Thumb, 0 bytes, Stack size 0 bytes, startup_stm32f303xe.o(.text))
<BR>[Address Reference Count : 1]<UL><LI> startup_stm32f303xe.o(RESET)
</UL>
<P><STRONG><a name="[19]"></a>DMA1_Channel4_IRQHandler</STRONG> (Thumb, 0 bytes, Stack size 0 bytes, startup_stm32f303xe.o(.text))
<BR>[Address Reference Count : 1]<UL><LI> startup_stm32f303xe.o(RESET)
</UL>
<P><STRONG><a name="[1a]"></a>DMA1_Channel5_IRQHandler</STRONG> (Thumb, 0 bytes, Stack size 0 bytes, startup_stm32f303xe.o(.text))
<BR>[Address Reference Count : 1]<UL><LI> startup_stm32f303xe.o(RESET)
</UL>
<P><STRONG><a name="[1b]"></a>DMA1_Channel6_IRQHandler</STRONG> (Thumb, 0 bytes, Stack size 0 bytes, startup_stm32f303xe.o(.text))
<BR>[Address Reference Count : 1]<UL><LI> startup_stm32f303xe.o(RESET)
</UL>
<P><STRONG><a name="[1c]"></a>DMA1_Channel7_IRQHandler</STRONG> (Thumb, 0 bytes, Stack size 0 bytes, startup_stm32f303xe.o(.text))
<BR>[Address Reference Count : 1]<UL><LI> startup_stm32f303xe.o(RESET)
</UL>
<P><STRONG><a name="[41]"></a>DMA2_Channel1_IRQHandler</STRONG> (Thumb, 0 bytes, Stack size 0 bytes, startup_stm32f303xe.o(.text))
<BR>[Address Reference Count : 1]<UL><LI> startup_stm32f303xe.o(RESET)
</UL>
<P><STRONG><a name="[42]"></a>DMA2_Channel2_IRQHandler</STRONG> (Thumb, 0 bytes, Stack size 0 bytes, startup_stm32f303xe.o(.text))
<BR>[Address Reference Count : 1]<UL><LI> startup_stm32f303xe.o(RESET)
</UL>
<P><STRONG><a name="[43]"></a>DMA2_Channel3_IRQHandler</STRONG> (Thumb, 0 bytes, Stack size 0 bytes, startup_stm32f303xe.o(.text))
<BR>[Address Reference Count : 1]<UL><LI> startup_stm32f303xe.o(RESET)
</UL>
<P><STRONG><a name="[44]"></a>DMA2_Channel4_IRQHandler</STRONG> (Thumb, 0 bytes, Stack size 0 bytes, startup_stm32f303xe.o(.text))
<BR>[Address Reference Count : 1]<UL><LI> startup_stm32f303xe.o(RESET)
</UL>
<P><STRONG><a name="[45]"></a>DMA2_Channel5_IRQHandler</STRONG> (Thumb, 0 bytes, Stack size 0 bytes, startup_stm32f303xe.o(.text))
<BR>[Address Reference Count : 1]<UL><LI> startup_stm32f303xe.o(RESET)
</UL>
<P><STRONG><a name="[11]"></a>EXTI0_IRQHandler</STRONG> (Thumb, 0 bytes, Stack size 0 bytes, startup_stm32f303xe.o(.text))
<BR>[Address Reference Count : 1]<UL><LI> startup_stm32f303xe.o(RESET)
</UL>
<P><STRONG><a name="[12]"></a>EXTI1_IRQHandler</STRONG> (Thumb, 0 bytes, Stack size 0 bytes, startup_stm32f303xe.o(.text))
<BR>[Address Reference Count : 1]<UL><LI> startup_stm32f303xe.o(RESET)
</UL>
<P><STRONG><a name="[13]"></a>EXTI2_TSC_IRQHandler</STRONG> (Thumb, 0 bytes, Stack size 0 bytes, startup_stm32f303xe.o(.text))
<BR>[Address Reference Count : 1]<UL><LI> startup_stm32f303xe.o(RESET)
</UL>
<P><STRONG><a name="[14]"></a>EXTI3_IRQHandler</STRONG> (Thumb, 0 bytes, Stack size 0 bytes, startup_stm32f303xe.o(.text))
<BR>[Address Reference Count : 1]<UL><LI> startup_stm32f303xe.o(RESET)
</UL>
<P><STRONG><a name="[15]"></a>EXTI4_IRQHandler</STRONG> (Thumb, 0 bytes, Stack size 0 bytes, startup_stm32f303xe.o(.text))
<BR>[Address Reference Count : 1]<UL><LI> startup_stm32f303xe.o(RESET)
</UL>
<P><STRONG><a name="[22]"></a>EXTI9_5_IRQHandler</STRONG> (Thumb, 0 bytes, Stack size 0 bytes, startup_stm32f303xe.o(.text))
<BR>[Address Reference Count : 1]<UL><LI> startup_stm32f303xe.o(RESET)
</UL>
<P><STRONG><a name="[f]"></a>FLASH_IRQHandler</STRONG> (Thumb, 0 bytes, Stack size 0 bytes, startup_stm32f303xe.o(.text))
<BR>[Address Reference Count : 1]<UL><LI> startup_stm32f303xe.o(RESET)
</UL>
<P><STRONG><a name="[3b]"></a>FMC_IRQHandler</STRONG> (Thumb, 0 bytes, Stack size 0 bytes, startup_stm32f303xe.o(.text))
<BR>[Address Reference Count : 1]<UL><LI> startup_stm32f303xe.o(RESET)
</UL>
<P><STRONG><a name="[53]"></a>FPU_IRQHandler</STRONG> (Thumb, 0 bytes, Stack size 0 bytes, startup_stm32f303xe.o(.text))
<BR>[Address Reference Count : 1]<UL><LI> startup_stm32f303xe.o(RESET)
</UL>
<P><STRONG><a name="[2b]"></a>I2C1_ER_IRQHandler</STRONG> (Thumb, 0 bytes, Stack size 0 bytes, startup_stm32f303xe.o(.text))
<BR>[Address Reference Count : 1]<UL><LI> startup_stm32f303xe.o(RESET)
</UL>
<P><STRONG><a name="[2a]"></a>I2C1_EV_IRQHandler</STRONG> (Thumb, 0 bytes, Stack size 0 bytes, startup_stm32f303xe.o(.text))
<BR>[Address Reference Count : 1]<UL><LI> startup_stm32f303xe.o(RESET)
</UL>
<P><STRONG><a name="[2d]"></a>I2C2_ER_IRQHandler</STRONG> (Thumb, 0 bytes, Stack size 0 bytes, startup_stm32f303xe.o(.text))
<BR>[Address Reference Count : 1]<UL><LI> startup_stm32f303xe.o(RESET)
</UL>
<P><STRONG><a name="[2c]"></a>I2C2_EV_IRQHandler</STRONG> (Thumb, 0 bytes, Stack size 0 bytes, startup_stm32f303xe.o(.text))
<BR>[Address Reference Count : 1]<UL><LI> startup_stm32f303xe.o(RESET)
</UL>
<P><STRONG><a name="[4b]"></a>I2C3_ER_IRQHandler</STRONG> (Thumb, 0 bytes, Stack size 0 bytes, startup_stm32f303xe.o(.text))
<BR>[Address Reference Count : 1]<UL><LI> startup_stm32f303xe.o(RESET)
</UL>
<P><STRONG><a name="[4a]"></a>I2C3_EV_IRQHandler</STRONG> (Thumb, 0 bytes, Stack size 0 bytes, startup_stm32f303xe.o(.text))
<BR>[Address Reference Count : 1]<UL><LI> startup_stm32f303xe.o(RESET)
</UL>
<P><STRONG><a name="[c]"></a>PVD_IRQHandler</STRONG> (Thumb, 0 bytes, Stack size 0 bytes, startup_stm32f303xe.o(.text))
<BR>[Address Reference Count : 1]<UL><LI> startup_stm32f303xe.o(RESET)
</UL>
<P><STRONG><a name="[10]"></a>RCC_IRQHandler</STRONG> (Thumb, 0 bytes, Stack size 0 bytes, startup_stm32f303xe.o(.text))
<BR>[Address Reference Count : 1]<UL><LI> startup_stm32f303xe.o(RESET)
</UL>
<P><STRONG><a name="[34]"></a>RTC_Alarm_IRQHandler</STRONG> (Thumb, 0 bytes, Stack size 0 bytes, startup_stm32f303xe.o(.text))
<BR>[Address Reference Count : 1]<UL><LI> startup_stm32f303xe.o(RESET)
</UL>
<P><STRONG><a name="[e]"></a>RTC_WKUP_IRQHandler</STRONG> (Thumb, 0 bytes, Stack size 0 bytes, startup_stm32f303xe.o(.text))
<BR>[Address Reference Count : 1]<UL><LI> startup_stm32f303xe.o(RESET)
</UL>
<P><STRONG><a name="[2e]"></a>SPI1_IRQHandler</STRONG> (Thumb, 0 bytes, Stack size 0 bytes, startup_stm32f303xe.o(.text))
<BR>[Address Reference Count : 1]<UL><LI> startup_stm32f303xe.o(RESET)
</UL>
<P><STRONG><a name="[2f]"></a>SPI2_IRQHandler</STRONG> (Thumb, 0 bytes, Stack size 0 bytes, startup_stm32f303xe.o(.text))
<BR>[Address Reference Count : 1]<UL><LI> startup_stm32f303xe.o(RESET)
</UL>
<P><STRONG><a name="[3c]"></a>SPI3_IRQHandler</STRONG> (Thumb, 0 bytes, Stack size 0 bytes, startup_stm32f303xe.o(.text))
<BR>[Address Reference Count : 1]<UL><LI> startup_stm32f303xe.o(RESET)
</UL>
<P><STRONG><a name="[54]"></a>SPI4_IRQHandler</STRONG> (Thumb, 0 bytes, Stack size 0 bytes, startup_stm32f303xe.o(.text))
<BR>[Address Reference Count : 1]<UL><LI> startup_stm32f303xe.o(RESET)
</UL>
<P><STRONG><a name="[d]"></a>TAMP_STAMP_IRQHandler</STRONG> (Thumb, 0 bytes, Stack size 0 bytes, startup_stm32f303xe.o(.text))
<BR>[Address Reference Count : 1]<UL><LI> startup_stm32f303xe.o(RESET)
</UL>
<P><STRONG><a name="[23]"></a>TIM1_BRK_TIM15_IRQHandler</STRONG> (Thumb, 0 bytes, Stack size 0 bytes, startup_stm32f303xe.o(.text))
<BR>[Address Reference Count : 1]<UL><LI> startup_stm32f303xe.o(RESET)
</UL>
<P><STRONG><a name="[26]"></a>TIM1_CC_IRQHandler</STRONG> (Thumb, 0 bytes, Stack size 0 bytes, startup_stm32f303xe.o(.text))
<BR>[Address Reference Count : 1]<UL><LI> startup_stm32f303xe.o(RESET)
</UL>
<P><STRONG><a name="[25]"></a>TIM1_TRG_COM_TIM17_IRQHandler</STRONG> (Thumb, 0 bytes, Stack size 0 bytes, startup_stm32f303xe.o(.text))
<BR>[Address Reference Count : 1]<UL><LI> startup_stm32f303xe.o(RESET)
</UL>
<P><STRONG><a name="[24]"></a>TIM1_UP_TIM16_IRQHandler</STRONG> (Thumb, 0 bytes, Stack size 0 bytes, startup_stm32f303xe.o(.text))
<BR>[Address Reference Count : 1]<UL><LI> startup_stm32f303xe.o(RESET)
</UL>
<P><STRONG><a name="[4f]"></a>TIM20_BRK_IRQHandler</STRONG> (Thumb, 0 bytes, Stack size 0 bytes, startup_stm32f303xe.o(.text))
<BR>[Address Reference Count : 1]<UL><LI> startup_stm32f303xe.o(RESET)
</UL>
<P><STRONG><a name="[52]"></a>TIM20_CC_IRQHandler</STRONG> (Thumb, 0 bytes, Stack size 0 bytes, startup_stm32f303xe.o(.text))
<BR>[Address Reference Count : 1]<UL><LI> startup_stm32f303xe.o(RESET)
</UL>
<P><STRONG><a name="[51]"></a>TIM20_TRG_COM_IRQHandler</STRONG> (Thumb, 0 bytes, Stack size 0 bytes, startup_stm32f303xe.o(.text))
<BR>[Address Reference Count : 1]<UL><LI> startup_stm32f303xe.o(RESET)
</UL>
<P><STRONG><a name="[50]"></a>TIM20_UP_IRQHandler</STRONG> (Thumb, 0 bytes, Stack size 0 bytes, startup_stm32f303xe.o(.text))
<BR>[Address Reference Count : 1]<UL><LI> startup_stm32f303xe.o(RESET)
</UL>
<P><STRONG><a name="[27]"></a>TIM2_IRQHandler</STRONG> (Thumb, 0 bytes, Stack size 0 bytes, startup_stm32f303xe.o(.text))
<BR>[Address Reference Count : 1]<UL><LI> startup_stm32f303xe.o(RESET)
</UL>
<P><STRONG><a name="[28]"></a>TIM3_IRQHandler</STRONG> (Thumb, 0 bytes, Stack size 0 bytes, startup_stm32f303xe.o(.text))
<BR>[Address Reference Count : 1]<UL><LI> startup_stm32f303xe.o(RESET)
</UL>
<P><STRONG><a name="[29]"></a>TIM4_IRQHandler</STRONG> (Thumb, 0 bytes, Stack size 0 bytes, startup_stm32f303xe.o(.text))
<BR>[Address Reference Count : 1]<UL><LI> startup_stm32f303xe.o(RESET)
</UL>
<P><STRONG><a name="[3f]"></a>TIM6_DAC_IRQHandler</STRONG> (Thumb, 0 bytes, Stack size 0 bytes, startup_stm32f303xe.o(.text))
<BR>[Address Reference Count : 1]<UL><LI> startup_stm32f303xe.o(RESET)
</UL>
<P><STRONG><a name="[40]"></a>TIM7_IRQHandler</STRONG> (Thumb, 0 bytes, Stack size 0 bytes, startup_stm32f303xe.o(.text))
<BR>[Address Reference Count : 1]<UL><LI> startup_stm32f303xe.o(RESET)
</UL>
<P><STRONG><a name="[36]"></a>TIM8_BRK_IRQHandler</STRONG> (Thumb, 0 bytes, Stack size 0 bytes, startup_stm32f303xe.o(.text))
<BR>[Address Reference Count : 1]<UL><LI> startup_stm32f303xe.o(RESET)
</UL>
<P><STRONG><a name="[39]"></a>TIM8_CC_IRQHandler</STRONG> (Thumb, 0 bytes, Stack size 0 bytes, startup_stm32f303xe.o(.text))
<BR>[Address Reference Count : 1]<UL><LI> startup_stm32f303xe.o(RESET)
</UL>
<P><STRONG><a name="[38]"></a>TIM8_TRG_COM_IRQHandler</STRONG> (Thumb, 0 bytes, Stack size 0 bytes, startup_stm32f303xe.o(.text))
<BR>[Address Reference Count : 1]<UL><LI> startup_stm32f303xe.o(RESET)
</UL>
<P><STRONG><a name="[37]"></a>TIM8_UP_IRQHandler</STRONG> (Thumb, 0 bytes, Stack size 0 bytes, startup_stm32f303xe.o(.text))
<BR>[Address Reference Count : 1]<UL><LI> startup_stm32f303xe.o(RESET)
</UL>
<P><STRONG><a name="[3d]"></a>UART4_IRQHandler</STRONG> (Thumb, 0 bytes, Stack size 0 bytes, startup_stm32f303xe.o(.text))
<BR>[Address Reference Count : 1]<UL><LI> startup_stm32f303xe.o(RESET)
</UL>
<P><STRONG><a name="[3e]"></a>UART5_IRQHandler</STRONG> (Thumb, 0 bytes, Stack size 0 bytes, startup_stm32f303xe.o(.text))
<BR>[Address Reference Count : 1]<UL><LI> startup_stm32f303xe.o(RESET)
</UL>
<P><STRONG><a name="[30]"></a>USART1_IRQHandler</STRONG> (Thumb, 0 bytes, Stack size 0 bytes, startup_stm32f303xe.o(.text))
<BR>[Address Reference Count : 1]<UL><LI> startup_stm32f303xe.o(RESET)
</UL>
<P><STRONG><a name="[31]"></a>USART2_IRQHandler</STRONG> (Thumb, 0 bytes, Stack size 0 bytes, startup_stm32f303xe.o(.text))
<BR>[Address Reference Count : 1]<UL><LI> startup_stm32f303xe.o(RESET)
</UL>
<P><STRONG><a name="[32]"></a>USART3_IRQHandler</STRONG> (Thumb, 0 bytes, Stack size 0 bytes, startup_stm32f303xe.o(.text))
<BR>[Address Reference Count : 1]<UL><LI> startup_stm32f303xe.o(RESET)
</UL>
<P><STRONG><a name="[35]"></a>USBWakeUp_IRQHandler</STRONG> (Thumb, 0 bytes, Stack size 0 bytes, startup_stm32f303xe.o(.text))
<BR>[Address Reference Count : 1]<UL><LI> startup_stm32f303xe.o(RESET)
</UL>
<P><STRONG><a name="[4e]"></a>USBWakeUp_RMP_IRQHandler</STRONG> (Thumb, 0 bytes, Stack size 0 bytes, startup_stm32f303xe.o(.text))
<BR>[Address Reference Count : 1]<UL><LI> startup_stm32f303xe.o(RESET)
</UL>
<P><STRONG><a name="[1e]"></a>USB_HP_CAN_TX_IRQHandler</STRONG> (Thumb, 0 bytes, Stack size 0 bytes, startup_stm32f303xe.o(.text))
<BR>[Address Reference Count : 1]<UL><LI> startup_stm32f303xe.o(RESET)
</UL>
<P><STRONG><a name="[4c]"></a>USB_HP_IRQHandler</STRONG> (Thumb, 0 bytes, Stack size 0 bytes, startup_stm32f303xe.o(.text))
<BR>[Address Reference Count : 1]<UL><LI> startup_stm32f303xe.o(RESET)
</UL>
<P><STRONG><a name="[4d]"></a>USB_LP_IRQHandler</STRONG> (Thumb, 0 bytes, Stack size 0 bytes, startup_stm32f303xe.o(.text))
<BR>[Address Reference Count : 1]<UL><LI> startup_stm32f303xe.o(RESET)
</UL>
<P><STRONG><a name="[b]"></a>WWDG_IRQHandler</STRONG> (Thumb, 0 bytes, Stack size 0 bytes, startup_stm32f303xe.o(.text))
<BR>[Address Reference Count : 1]<UL><LI> startup_stm32f303xe.o(RESET)
</UL>
<P><STRONG><a name="[68]"></a>__aeabi_llsr</STRONG> (Thumb, 32 bytes, Stack size 0 bytes, llushr.o(.text), UNUSED)
<BR><BR>[Called By]<UL><LI><a href="#[67]">&gt;&gt;</a>&nbsp;&nbsp;&nbsp;__aeabi_uldivmod
</UL>

<P><STRONG><a name="[f8]"></a>_ll_ushift_r</STRONG> (Thumb, 0 bytes, Stack size 0 bytes, llushr.o(.text), UNUSED)

<P><STRONG><a name="[dd]"></a>__aeabi_memcpy</STRONG> (Thumb, 36 bytes, Stack size 0 bytes, memcpya.o(.text))
<BR><BR>[Called By]<UL><LI><a href="#[e2]">&gt;&gt;</a>&nbsp;&nbsp;&nbsp;aci_gatt_write_without_response
<LI><a href="#[e1]">&gt;&gt;</a>&nbsp;&nbsp;&nbsp;aci_gatt_write_charac_descriptor
<LI><a href="#[e0]">&gt;&gt;</a>&nbsp;&nbsp;&nbsp;aci_gatt_update_char_value
<LI><a href="#[df]">&gt;&gt;</a>&nbsp;&nbsp;&nbsp;aci_gatt_disc_charac_by_uuid
<LI><a href="#[6c]">&gt;&gt;</a>&nbsp;&nbsp;&nbsp;aci_gatt_add_serv
<LI><a href="#[6d]">&gt;&gt;</a>&nbsp;&nbsp;&nbsp;aci_gatt_add_char
<LI><a href="#[ce]">&gt;&gt;</a>&nbsp;&nbsp;&nbsp;hci_le_set_scan_resp_data
<LI><a href="#[c5]">&gt;&gt;</a>&nbsp;&nbsp;&nbsp;aci_hal_write_config_data
<LI><a href="#[cf]">&gt;&gt;</a>&nbsp;&nbsp;&nbsp;aci_gap_set_discoverable
<LI><a href="#[c8]">&gt;&gt;</a>&nbsp;&nbsp;&nbsp;aci_gap_set_auth_requirement
<LI><a href="#[ee]">&gt;&gt;</a>&nbsp;&nbsp;&nbsp;initialize_Node
<LI><a href="#[dc]">&gt;&gt;</a>&nbsp;&nbsp;&nbsp;hci_send_req
</UL>

<P><STRONG><a name="[f9]"></a>__aeabi_memcpy4</STRONG> (Thumb, 0 bytes, Stack size 0 bytes, memcpya.o(.text), UNUSED)

<P><STRONG><a name="[fa]"></a>__aeabi_memcpy8</STRONG> (Thumb, 0 bytes, Stack size 0 bytes, memcpya.o(.text), UNUSED)

<P><STRONG><a name="[65]"></a>__aeabi_memset</STRONG> (Thumb, 14 bytes, Stack size 0 bytes, memseta.o(.text), UNUSED)
<BR><BR>[Called By]<UL><LI><a href="#[66]">&gt;&gt;</a>&nbsp;&nbsp;&nbsp;_memset$wrapper
<LI><a href="#[64]">&gt;&gt;</a>&nbsp;&nbsp;&nbsp;__aeabi_memclr
</UL>

<P><STRONG><a name="[fb]"></a>__aeabi_memset4</STRONG> (Thumb, 0 bytes, Stack size 0 bytes, memseta.o(.text), UNUSED)

<P><STRONG><a name="[fc]"></a>__aeabi_memset8</STRONG> (Thumb, 0 bytes, Stack size 0 bytes, memseta.o(.text), UNUSED)

<P><STRONG><a name="[64]"></a>__aeabi_memclr</STRONG> (Thumb, 4 bytes, Stack size 0 bytes, memseta.o(.text), UNUSED)
<BR><BR>[Calls]<UL><LI><a href="#[65]">&gt;&gt;</a>&nbsp;&nbsp;&nbsp;__aeabi_memset
</UL>

<P><STRONG><a name="[b5]"></a>__aeabi_memclr4</STRONG> (Thumb, 0 bytes, Stack size 0 bytes, memseta.o(.text))
<BR><BR>[Called By]<UL><LI><a href="#[e2]">&gt;&gt;</a>&nbsp;&nbsp;&nbsp;aci_gatt_write_without_response
<LI><a href="#[e1]">&gt;&gt;</a>&nbsp;&nbsp;&nbsp;aci_gatt_write_charac_descriptor
<LI><a href="#[e0]">&gt;&gt;</a>&nbsp;&nbsp;&nbsp;aci_gatt_update_char_value
<LI><a href="#[df]">&gt;&gt;</a>&nbsp;&nbsp;&nbsp;aci_gatt_disc_charac_by_uuid
<LI><a href="#[6c]">&gt;&gt;</a>&nbsp;&nbsp;&nbsp;aci_gatt_add_serv
<LI><a href="#[6d]">&gt;&gt;</a>&nbsp;&nbsp;&nbsp;aci_gatt_add_char
<LI><a href="#[de]">&gt;&gt;</a>&nbsp;&nbsp;&nbsp;aci_gap_terminate
<LI><a href="#[c4]">&gt;&gt;</a>&nbsp;&nbsp;&nbsp;hci_reset
<LI><a href="#[ce]">&gt;&gt;</a>&nbsp;&nbsp;&nbsp;hci_le_set_scan_resp_data
<LI><a href="#[c5]">&gt;&gt;</a>&nbsp;&nbsp;&nbsp;aci_hal_write_config_data
<LI><a href="#[c9]">&gt;&gt;</a>&nbsp;&nbsp;&nbsp;aci_hal_set_tx_power_level
<LI><a href="#[c6]">&gt;&gt;</a>&nbsp;&nbsp;&nbsp;aci_gatt_init
<LI><a href="#[cf]">&gt;&gt;</a>&nbsp;&nbsp;&nbsp;aci_gap_set_discoverable
<LI><a href="#[c8]">&gt;&gt;</a>&nbsp;&nbsp;&nbsp;aci_gap_set_auth_requirement
<LI><a href="#[c7]">&gt;&gt;</a>&nbsp;&nbsp;&nbsp;aci_gap_init_IDB05A1
<LI><a href="#[cd]">&gt;&gt;</a>&nbsp;&nbsp;&nbsp;aci_gap_create_connection
<LI><a href="#[d5]">&gt;&gt;</a>&nbsp;&nbsp;&nbsp;SystemClock_Config
<LI><a href="#[b9]">&gt;&gt;</a>&nbsp;&nbsp;&nbsp;MX_GPIO_Init
<LI><a href="#[b1]">&gt;&gt;</a>&nbsp;&nbsp;&nbsp;HAL_UART_MspInit
<LI><a href="#[e3]">&gt;&gt;</a>&nbsp;&nbsp;&nbsp;hci_le_read_local_version
</UL>

<P><STRONG><a name="[fd]"></a>__aeabi_memclr8</STRONG> (Thumb, 0 bytes, Stack size 0 bytes, memseta.o(.text), UNUSED)

<P><STRONG><a name="[66]"></a>_memset$wrapper</STRONG> (Thumb, 18 bytes, Stack size 8 bytes, memseta.o(.text), UNUSED)
<BR><BR>[Calls]<UL><LI><a href="#[65]">&gt;&gt;</a>&nbsp;&nbsp;&nbsp;__aeabi_memset
</UL>

<P><STRONG><a name="[67]"></a>__aeabi_uldivmod</STRONG> (Thumb, 98 bytes, Stack size 40 bytes, uldiv.o(.text), UNUSED)
<BR><BR>[Calls]<UL><LI><a href="#[68]">&gt;&gt;</a>&nbsp;&nbsp;&nbsp;__aeabi_llsr
<LI><a href="#[69]">&gt;&gt;</a>&nbsp;&nbsp;&nbsp;__aeabi_llsl
</UL>
<BR>[Called By]<UL><LI><a href="#[d9]">&gt;&gt;</a>&nbsp;&nbsp;&nbsp;_printf_core
</UL>

<P><STRONG><a name="[63]"></a>__scatterload</STRONG> (Thumb, 28 bytes, Stack size 0 bytes, init.o(.text))
<BR><BR>[Calls]<UL><LI><a href="#[6a]">&gt;&gt;</a>&nbsp;&nbsp;&nbsp;__main_after_scatterload
</UL>
<BR>[Called By]<UL><LI><a href="#[62]">&gt;&gt;</a>&nbsp;&nbsp;&nbsp;_main_scatterload
</UL>

<P><STRONG><a name="[fe]"></a>__scatterload_rt2</STRONG> (Thumb, 0 bytes, Stack size 0 bytes, init.o(.text), UNUSED)

<P><STRONG><a name="[69]"></a>__aeabi_llsl</STRONG> (Thumb, 30 bytes, Stack size 0 bytes, llshl.o(.text), UNUSED)
<BR><BR>[Called By]<UL><LI><a href="#[67]">&gt;&gt;</a>&nbsp;&nbsp;&nbsp;__aeabi_uldivmod
</UL>

<P><STRONG><a name="[ff]"></a>_ll_shift_l</STRONG> (Thumb, 0 bytes, Stack size 0 bytes, llshl.o(.text), UNUSED)

<P><STRONG><a name="[6b]"></a>Add_Sample_Service</STRONG> (Thumb, 132 bytes, Stack size 96 bytes, sample_service.o(i.Add_Sample_Service))
<BR><BR>[Stack]<UL><LI>Max Depth = 420<LI>Call Chain = Add_Sample_Service &rArr; aci_gatt_add_char &rArr; hci_send_req &rArr; move_list &rArr; list_remove_tail
</UL>
<BR>[Calls]<UL><LI><a href="#[6c]">&gt;&gt;</a>&nbsp;&nbsp;&nbsp;aci_gatt_add_serv
<LI><a href="#[6d]">&gt;&gt;</a>&nbsp;&nbsp;&nbsp;aci_gatt_add_char
</UL>
<BR>[Called By]<UL><LI><a href="#[8a]">&gt;&gt;</a>&nbsp;&nbsp;&nbsp;Process_Mesh_Start_BlueNRG_Connection
<LI><a href="#[89]">&gt;&gt;</a>&nbsp;&nbsp;&nbsp;Process_Mesh_Start_Listen_Connection
<LI><a href="#[87]">&gt;&gt;</a>&nbsp;&nbsp;&nbsp;Process_BlueNRG_MS_Init
</UL>

<P><STRONG><a name="[6e]"></a>Attribute_Modified_CB</STRONG> (Thumb, 40 bytes, Stack size 8 bytes, sample_service.o(i.Attribute_Modified_CB))
<BR><BR>[Stack]<UL><LI>Max Depth = 556<LI>Call Chain = Attribute_Modified_CB &rArr; receiveData &rArr; ForwardFrame &rArr; Process_Mesh_Start_BlueNRG_Connection &rArr; Add_Sample_Service &rArr; aci_gatt_add_char &rArr; hci_send_req &rArr; move_list &rArr; list_remove_tail
</UL>
<BR>[Calls]<UL><LI><a href="#[6f]">&gt;&gt;</a>&nbsp;&nbsp;&nbsp;receiveData
</UL>
<BR>[Called By]<UL><LI><a href="#[58]">&gt;&gt;</a>&nbsp;&nbsp;&nbsp;user_notify
</UL>

<P><STRONG><a name="[70]"></a>BSP_COM_Init</STRONG> (Thumb, 114 bytes, Stack size 40 bytes, stm32f3xx_nucleo.o(i.BSP_COM_Init))
<BR><BR>[Stack]<UL><LI>Max Depth = 128<LI>Call Chain = BSP_COM_Init &rArr; MX_USART2_UART_Init &rArr; HAL_UART_Init &rArr; HAL_UART_MspInit &rArr; HAL_GPIO_Init
</UL>
<BR>[Calls]<UL><LI><a href="#[71]">&gt;&gt;</a>&nbsp;&nbsp;&nbsp;HAL_GPIO_Init
<LI><a href="#[72]">&gt;&gt;</a>&nbsp;&nbsp;&nbsp;MX_USART2_UART_Init
</UL>
<BR>[Called By]<UL><LI><a href="#[87]">&gt;&gt;</a>&nbsp;&nbsp;&nbsp;Process_BlueNRG_MS_Init
</UL>

<P><STRONG><a name="[5f]"></a>BSP_GetTick</STRONG> (Thumb, 4 bytes, Stack size 0 bytes, stm32f3xx_nucleo_bus.o(i.BSP_GetTick))
<BR><BR>[Calls]<UL><LI><a href="#[73]">&gt;&gt;</a>&nbsp;&nbsp;&nbsp;HAL_GetTick
</UL>
<BR>[Address Reference Count : 1]<UL><LI> hci_tl_interface.o(i.hci_tl_lowlevel_init)
</UL>
<P><STRONG><a name="[74]"></a>BSP_LED_Init</STRONG> (Thumb, 74 bytes, Stack size 40 bytes, stm32f3xx_nucleo.o(i.BSP_LED_Init))
<BR><BR>[Stack]<UL><LI>Max Depth = 80<LI>Call Chain = BSP_LED_Init &rArr; HAL_GPIO_Init
</UL>
<BR>[Calls]<UL><LI><a href="#[75]">&gt;&gt;</a>&nbsp;&nbsp;&nbsp;HAL_GPIO_WritePin
<LI><a href="#[71]">&gt;&gt;</a>&nbsp;&nbsp;&nbsp;HAL_GPIO_Init
</UL>
<BR>[Called By]<UL><LI><a href="#[87]">&gt;&gt;</a>&nbsp;&nbsp;&nbsp;Process_BlueNRG_MS_Init
</UL>

<P><STRONG><a name="[76]"></a>BSP_LED_Off</STRONG> (Thumb, 24 bytes, Stack size 8 bytes, stm32f3xx_nucleo.o(i.BSP_LED_Off))
<BR><BR>[Stack]<UL><LI>Max Depth = 8<LI>Call Chain = BSP_LED_Off
</UL>
<BR>[Calls]<UL><LI><a href="#[75]">&gt;&gt;</a>&nbsp;&nbsp;&nbsp;HAL_GPIO_WritePin
</UL>
<BR>[Called By]<UL><LI><a href="#[8b]">&gt;&gt;</a>&nbsp;&nbsp;&nbsp;Process_Enable_Notification_BlueNRG_MS
</UL>

<P><STRONG><a name="[77]"></a>BSP_LED_On</STRONG> (Thumb, 24 bytes, Stack size 8 bytes, stm32f3xx_nucleo.o(i.BSP_LED_On))
<BR><BR>[Stack]<UL><LI>Max Depth = 8<LI>Call Chain = BSP_LED_On
</UL>
<BR>[Calls]<UL><LI><a href="#[75]">&gt;&gt;</a>&nbsp;&nbsp;&nbsp;HAL_GPIO_WritePin
</UL>
<BR>[Called By]<UL><LI><a href="#[8a]">&gt;&gt;</a>&nbsp;&nbsp;&nbsp;Process_Mesh_Start_BlueNRG_Connection
</UL>

<P><STRONG><a name="[84]"></a>BSP_PB_Callback</STRONG> (Thumb, 8 bytes, Stack size 0 bytes, app_x-cube-ble1.o(i.BSP_PB_Callback))
<BR><BR>[Called By]<UL><LI><a href="#[61]">&gt;&gt;</a>&nbsp;&nbsp;&nbsp;BUTTON_USER_EXTI_Callback
</UL>

<P><STRONG><a name="[78]"></a>BSP_PB_GetState</STRONG> (Thumb, 28 bytes, Stack size 8 bytes, stm32f3xx_nucleo.o(i.BSP_PB_GetState))
<BR><BR>[Stack]<UL><LI>Max Depth = 8<LI>Call Chain = BSP_PB_GetState
</UL>
<BR>[Calls]<UL><LI><a href="#[79]">&gt;&gt;</a>&nbsp;&nbsp;&nbsp;HAL_GPIO_ReadPin
</UL>
<BR>[Called By]<UL><LI><a href="#[87]">&gt;&gt;</a>&nbsp;&nbsp;&nbsp;Process_BlueNRG_MS_Init
<LI><a href="#[c1]">&gt;&gt;</a>&nbsp;&nbsp;&nbsp;Process_BlueNRG_MS
</UL>

<P><STRONG><a name="[7a]"></a>BSP_PB_Init</STRONG> (Thumb, 154 bytes, Stack size 48 bytes, stm32f3xx_nucleo.o(i.BSP_PB_Init))
<BR><BR>[Stack]<UL><LI>Max Depth = 88<LI>Call Chain = BSP_PB_Init &rArr; HAL_GPIO_Init
</UL>
<BR>[Calls]<UL><LI><a href="#[7c]">&gt;&gt;</a>&nbsp;&nbsp;&nbsp;HAL_EXTI_RegisterCallback
<LI><a href="#[7b]">&gt;&gt;</a>&nbsp;&nbsp;&nbsp;HAL_EXTI_GetHandle
<LI><a href="#[7d]">&gt;&gt;</a>&nbsp;&nbsp;&nbsp;HAL_NVIC_SetPriority
<LI><a href="#[7e]">&gt;&gt;</a>&nbsp;&nbsp;&nbsp;HAL_NVIC_EnableIRQ
<LI><a href="#[71]">&gt;&gt;</a>&nbsp;&nbsp;&nbsp;HAL_GPIO_Init
</UL>
<BR>[Called By]<UL><LI><a href="#[87]">&gt;&gt;</a>&nbsp;&nbsp;&nbsp;Process_BlueNRG_MS_Init
</UL>

<P><STRONG><a name="[7f]"></a>BSP_SPI1_Init</STRONG> (Thumb, 114 bytes, Stack size 32 bytes, stm32f3xx_nucleo_bus.o(i.BSP_SPI1_Init))
<BR><BR>[Stack]<UL><LI>Max Depth = 72<LI>Call Chain = BSP_SPI1_Init &rArr; HAL_GPIO_Init
</UL>
<BR>[Calls]<UL><LI><a href="#[71]">&gt;&gt;</a>&nbsp;&nbsp;&nbsp;HAL_GPIO_Init
<LI><a href="#[81]">&gt;&gt;</a>&nbsp;&nbsp;&nbsp;MX_SPI1_Init
<LI><a href="#[80]">&gt;&gt;</a>&nbsp;&nbsp;&nbsp;HAL_SPI_GetState
</UL>
<BR>[Called By]<UL><LI><a href="#[5a]">&gt;&gt;</a>&nbsp;&nbsp;&nbsp;HCI_TL_SPI_Init
</UL>

<P><STRONG><a name="[82]"></a>BSP_SPI1_SendRecv</STRONG> (Thumb, 30 bytes, Stack size 16 bytes, stm32f3xx_nucleo_bus.o(i.BSP_SPI1_SendRecv))
<BR><BR>[Stack]<UL><LI>Max Depth = 112<LI>Call Chain = BSP_SPI1_SendRecv &rArr; HAL_SPI_TransmitReceive &rArr; SPI_EndRxTxTransaction &rArr; SPI_WaitFifoStateUntilTimeout
</UL>
<BR>[Calls]<UL><LI><a href="#[83]">&gt;&gt;</a>&nbsp;&nbsp;&nbsp;HAL_SPI_TransmitReceive
</UL>
<BR>[Called By]<UL><LI><a href="#[5c]">&gt;&gt;</a>&nbsp;&nbsp;&nbsp;HCI_TL_SPI_Send
<LI><a href="#[5d]">&gt;&gt;</a>&nbsp;&nbsp;&nbsp;HCI_TL_SPI_Receive
</UL>

<P><STRONG><a name="[5]"></a>BusFault_Handler</STRONG> (Thumb, 2 bytes, Stack size 0 bytes, stm32f3xx_it.o(i.BusFault_Handler))
<BR><BR>[Calls]<UL><LI><a href="#[5]">&gt;&gt;</a>&nbsp;&nbsp;&nbsp;BusFault_Handler
</UL>
<BR>[Called By]<UL><LI><a href="#[5]">&gt;&gt;</a>&nbsp;&nbsp;&nbsp;BusFault_Handler
</UL>
<BR>[Address Reference Count : 1]<UL><LI> startup_stm32f303xe.o(RESET)
</UL>
<P><STRONG><a name="[8]"></a>DebugMon_Handler</STRONG> (Thumb, 2 bytes, Stack size 0 bytes, stm32f3xx_it.o(i.DebugMon_Handler))
<BR>[Address Reference Count : 1]<UL><LI> startup_stm32f303xe.o(RESET)
</UL>
<P><STRONG><a name="[33]"></a>EXTI15_10_IRQHandler</STRONG> (Thumb, 18 bytes, Stack size 8 bytes, stm32f3xx_it.o(i.EXTI15_10_IRQHandler))
<BR><BR>[Stack]<UL><LI>Max Depth = 8<LI>Call Chain = EXTI15_10_IRQHandler
</UL>
<BR>[Calls]<UL><LI><a href="#[85]">&gt;&gt;</a>&nbsp;&nbsp;&nbsp;HAL_EXTI_IRQHandler
</UL>
<BR>[Address Reference Count : 1]<UL><LI> startup_stm32f303xe.o(RESET)
</UL>
<P><STRONG><a name="[86]"></a>ForwardFrame</STRONG> (Thumb, 146 bytes, Stack size 32 bytes, sample_service.o(i.ForwardFrame))
<BR><BR>[Stack]<UL><LI>Max Depth = 500<LI>Call Chain = ForwardFrame &rArr; Process_Mesh_Start_BlueNRG_Connection &rArr; Add_Sample_Service &rArr; aci_gatt_add_char &rArr; hci_send_req &rArr; move_list &rArr; list_remove_tail
</UL>
<BR>[Calls]<UL><LI><a href="#[8f]">&gt;&gt;</a>&nbsp;&nbsp;&nbsp;sendData
<LI><a href="#[8c]">&gt;&gt;</a>&nbsp;&nbsp;&nbsp;hci_user_evt_proc
<LI><a href="#[8e]">&gt;&gt;</a>&nbsp;&nbsp;&nbsp;Process_frame_formulation
<LI><a href="#[8d]">&gt;&gt;</a>&nbsp;&nbsp;&nbsp;HAL_GPIO_TogglePin
<LI><a href="#[8a]">&gt;&gt;</a>&nbsp;&nbsp;&nbsp;Process_Mesh_Start_BlueNRG_Connection
<LI><a href="#[8b]">&gt;&gt;</a>&nbsp;&nbsp;&nbsp;Process_Enable_Notification_BlueNRG_MS
<LI><a href="#[88]">&gt;&gt;</a>&nbsp;&nbsp;&nbsp;HAL_Delay
<LI><a href="#[89]">&gt;&gt;</a>&nbsp;&nbsp;&nbsp;Process_Mesh_Start_Listen_Connection
<LI><a href="#[87]">&gt;&gt;</a>&nbsp;&nbsp;&nbsp;Process_BlueNRG_MS_Init
<LI><a href="#[75]">&gt;&gt;</a>&nbsp;&nbsp;&nbsp;HAL_GPIO_WritePin
</UL>
<BR>[Called By]<UL><LI><a href="#[6f]">&gt;&gt;</a>&nbsp;&nbsp;&nbsp;receiveData
</UL>

<P><STRONG><a name="[90]"></a>GAP_ConnectionComplete_CB</STRONG> (Thumb, 46 bytes, Stack size 16 bytes, sample_service.o(i.GAP_ConnectionComplete_CB))
<BR><BR>[Stack]<UL><LI>Max Depth = 40<LI>Call Chain = GAP_ConnectionComplete_CB &rArr; __2printf
</UL>
<BR>[Calls]<UL><LI><a href="#[91]">&gt;&gt;</a>&nbsp;&nbsp;&nbsp;__2printf
</UL>
<BR>[Called By]<UL><LI><a href="#[58]">&gt;&gt;</a>&nbsp;&nbsp;&nbsp;user_notify
</UL>

<P><STRONG><a name="[92]"></a>GAP_DisconnectionComplete_CB</STRONG> (Thumb, 30 bytes, Stack size 16 bytes, sample_service.o(i.GAP_DisconnectionComplete_CB))
<BR><BR>[Stack]<UL><LI>Max Depth = 40<LI>Call Chain = GAP_DisconnectionComplete_CB &rArr; __2printf
</UL>
<BR>[Calls]<UL><LI><a href="#[91]">&gt;&gt;</a>&nbsp;&nbsp;&nbsp;__2printf
</UL>
<BR>[Called By]<UL><LI><a href="#[58]">&gt;&gt;</a>&nbsp;&nbsp;&nbsp;user_notify
</UL>

<P><STRONG><a name="[93]"></a>GATT_Notification_CB</STRONG> (Thumb, 18 bytes, Stack size 0 bytes, sample_service.o(i.GATT_Notification_CB))
<BR><BR>[Stack]<UL><LI>Max Depth = 548<LI>Call Chain = GATT_Notification_CB &rArr; receiveData &rArr; ForwardFrame &rArr; Process_Mesh_Start_BlueNRG_Connection &rArr; Add_Sample_Service &rArr; aci_gatt_add_char &rArr; hci_send_req &rArr; move_list &rArr; list_remove_tail
</UL>
<BR>[Calls]<UL><LI><a href="#[6f]">&gt;&gt;</a>&nbsp;&nbsp;&nbsp;receiveData
</UL>
<BR>[Called By]<UL><LI><a href="#[58]">&gt;&gt;</a>&nbsp;&nbsp;&nbsp;user_notify
</UL>

<P><STRONG><a name="[88]"></a>HAL_Delay</STRONG> (Thumb, 32 bytes, Stack size 16 bytes, stm32f3xx_hal.o(i.HAL_Delay))
<BR><BR>[Stack]<UL><LI>Max Depth = 16<LI>Call Chain = HAL_Delay
</UL>
<BR>[Calls]<UL><LI><a href="#[73]">&gt;&gt;</a>&nbsp;&nbsp;&nbsp;HAL_GetTick
</UL>
<BR>[Called By]<UL><LI><a href="#[6f]">&gt;&gt;</a>&nbsp;&nbsp;&nbsp;receiveData
<LI><a href="#[86]">&gt;&gt;</a>&nbsp;&nbsp;&nbsp;ForwardFrame
<LI><a href="#[8a]">&gt;&gt;</a>&nbsp;&nbsp;&nbsp;Process_Mesh_Start_BlueNRG_Connection
<LI><a href="#[5e]">&gt;&gt;</a>&nbsp;&nbsp;&nbsp;HCI_TL_SPI_Reset
<LI><a href="#[89]">&gt;&gt;</a>&nbsp;&nbsp;&nbsp;Process_Mesh_Start_Listen_Connection
<LI><a href="#[87]">&gt;&gt;</a>&nbsp;&nbsp;&nbsp;Process_BlueNRG_MS_Init
<LI><a href="#[c1]">&gt;&gt;</a>&nbsp;&nbsp;&nbsp;Process_BlueNRG_MS
</UL>

<P><STRONG><a name="[7b]"></a>HAL_EXTI_GetHandle</STRONG> (Thumb, 12 bytes, Stack size 0 bytes, stm32f3xx_hal_exti.o(i.HAL_EXTI_GetHandle))
<BR><BR>[Called By]<UL><LI><a href="#[7a]">&gt;&gt;</a>&nbsp;&nbsp;&nbsp;BSP_PB_Init
<LI><a href="#[e4]">&gt;&gt;</a>&nbsp;&nbsp;&nbsp;hci_tl_lowlevel_init
</UL>

<P><STRONG><a name="[85]"></a>HAL_EXTI_IRQHandler</STRONG> (Thumb, 30 bytes, Stack size 0 bytes, stm32f3xx_hal_exti.o(i.HAL_EXTI_IRQHandler))
<BR><BR>[Called By]<UL><LI><a href="#[33]">&gt;&gt;</a>&nbsp;&nbsp;&nbsp;EXTI15_10_IRQHandler
</UL>

<P><STRONG><a name="[7c]"></a>HAL_EXTI_RegisterCallback</STRONG> (Thumb, 14 bytes, Stack size 0 bytes, stm32f3xx_hal_exti.o(i.HAL_EXTI_RegisterCallback))
<BR><BR>[Called By]<UL><LI><a href="#[7a]">&gt;&gt;</a>&nbsp;&nbsp;&nbsp;BSP_PB_Init
<LI><a href="#[e4]">&gt;&gt;</a>&nbsp;&nbsp;&nbsp;hci_tl_lowlevel_init
</UL>

<P><STRONG><a name="[b8]"></a>HAL_GPIO_DeInit</STRONG> (Thumb, 288 bytes, Stack size 36 bytes, stm32f3xx_hal_gpio.o(i.HAL_GPIO_DeInit))
<BR><BR>[Stack]<UL><LI>Max Depth = 36<LI>Call Chain = HAL_GPIO_DeInit
</UL>
<BR>[Called By]<UL><LI><a href="#[5b]">&gt;&gt;</a>&nbsp;&nbsp;&nbsp;HCI_TL_SPI_DeInit
</UL>

<P><STRONG><a name="[71]"></a>HAL_GPIO_Init</STRONG> (Thumb, 422 bytes, Stack size 40 bytes, stm32f3xx_hal_gpio.o(i.HAL_GPIO_Init))
<BR><BR>[Stack]<UL><LI>Max Depth = 40<LI>Call Chain = HAL_GPIO_Init
</UL>
<BR>[Called By]<UL><LI><a href="#[7a]">&gt;&gt;</a>&nbsp;&nbsp;&nbsp;BSP_PB_Init
<LI><a href="#[74]">&gt;&gt;</a>&nbsp;&nbsp;&nbsp;BSP_LED_Init
<LI><a href="#[70]">&gt;&gt;</a>&nbsp;&nbsp;&nbsp;BSP_COM_Init
<LI><a href="#[7f]">&gt;&gt;</a>&nbsp;&nbsp;&nbsp;BSP_SPI1_Init
<LI><a href="#[5a]">&gt;&gt;</a>&nbsp;&nbsp;&nbsp;HCI_TL_SPI_Init
<LI><a href="#[b9]">&gt;&gt;</a>&nbsp;&nbsp;&nbsp;MX_GPIO_Init
<LI><a href="#[b1]">&gt;&gt;</a>&nbsp;&nbsp;&nbsp;HAL_UART_MspInit
</UL>

<P><STRONG><a name="[79]"></a>HAL_GPIO_ReadPin</STRONG> (Thumb, 10 bytes, Stack size 0 bytes, stm32f3xx_hal_gpio.o(i.HAL_GPIO_ReadPin))
<BR><BR>[Called By]<UL><LI><a href="#[78]">&gt;&gt;</a>&nbsp;&nbsp;&nbsp;BSP_PB_GetState
<LI><a href="#[60]">&gt;&gt;</a>&nbsp;&nbsp;&nbsp;hci_tl_lowlevel_isr
</UL>

<P><STRONG><a name="[8d]"></a>HAL_GPIO_TogglePin</STRONG> (Thumb, 8 bytes, Stack size 0 bytes, stm32f3xx_hal_gpio.o(i.HAL_GPIO_TogglePin))
<BR><BR>[Called By]<UL><LI><a href="#[86]">&gt;&gt;</a>&nbsp;&nbsp;&nbsp;ForwardFrame
<LI><a href="#[c1]">&gt;&gt;</a>&nbsp;&nbsp;&nbsp;Process_BlueNRG_MS
</UL>

<P><STRONG><a name="[75]"></a>HAL_GPIO_WritePin</STRONG> (Thumb, 10 bytes, Stack size 0 bytes, stm32f3xx_hal_gpio.o(i.HAL_GPIO_WritePin))
<BR><BR>[Called By]<UL><LI><a href="#[6f]">&gt;&gt;</a>&nbsp;&nbsp;&nbsp;receiveData
<LI><a href="#[86]">&gt;&gt;</a>&nbsp;&nbsp;&nbsp;ForwardFrame
<LI><a href="#[8e]">&gt;&gt;</a>&nbsp;&nbsp;&nbsp;Process_frame_formulation
<LI><a href="#[77]">&gt;&gt;</a>&nbsp;&nbsp;&nbsp;BSP_LED_On
<LI><a href="#[76]">&gt;&gt;</a>&nbsp;&nbsp;&nbsp;BSP_LED_Off
<LI><a href="#[74]">&gt;&gt;</a>&nbsp;&nbsp;&nbsp;BSP_LED_Init
<LI><a href="#[8a]">&gt;&gt;</a>&nbsp;&nbsp;&nbsp;Process_Mesh_Start_BlueNRG_Connection
<LI><a href="#[5c]">&gt;&gt;</a>&nbsp;&nbsp;&nbsp;HCI_TL_SPI_Send
<LI><a href="#[5e]">&gt;&gt;</a>&nbsp;&nbsp;&nbsp;HCI_TL_SPI_Reset
<LI><a href="#[5d]">&gt;&gt;</a>&nbsp;&nbsp;&nbsp;HCI_TL_SPI_Receive
<LI><a href="#[c1]">&gt;&gt;</a>&nbsp;&nbsp;&nbsp;Process_BlueNRG_MS
<LI><a href="#[b9]">&gt;&gt;</a>&nbsp;&nbsp;&nbsp;MX_GPIO_Init
</UL>

<P><STRONG><a name="[73]"></a>HAL_GetTick</STRONG> (Thumb, 6 bytes, Stack size 0 bytes, stm32f3xx_hal.o(i.HAL_GetTick))
<BR><BR>[Called By]<UL><LI><a href="#[cc]">&gt;&gt;</a>&nbsp;&nbsp;&nbsp;enableNotification
<LI><a href="#[88]">&gt;&gt;</a>&nbsp;&nbsp;&nbsp;HAL_Delay
<LI><a href="#[5f]">&gt;&gt;</a>&nbsp;&nbsp;&nbsp;BSP_GetTick
<LI><a href="#[5c]">&gt;&gt;</a>&nbsp;&nbsp;&nbsp;HCI_TL_SPI_Send
<LI><a href="#[a8]">&gt;&gt;</a>&nbsp;&nbsp;&nbsp;HAL_RCC_OscConfig
<LI><a href="#[a6]">&gt;&gt;</a>&nbsp;&nbsp;&nbsp;HAL_RCC_ClockConfig
<LI><a href="#[a5]">&gt;&gt;</a>&nbsp;&nbsp;&nbsp;HAL_RCCEx_PeriphCLKConfig
<LI><a href="#[d3]">&gt;&gt;</a>&nbsp;&nbsp;&nbsp;SPI_WaitFlagStateUntilTimeout
<LI><a href="#[d2]">&gt;&gt;</a>&nbsp;&nbsp;&nbsp;SPI_WaitFifoStateUntilTimeout
<LI><a href="#[b6]">&gt;&gt;</a>&nbsp;&nbsp;&nbsp;HAL_UART_Transmit
<LI><a href="#[83]">&gt;&gt;</a>&nbsp;&nbsp;&nbsp;HAL_SPI_TransmitReceive
<LI><a href="#[ab]">&gt;&gt;</a>&nbsp;&nbsp;&nbsp;RTC_EnterInitMode
<LI><a href="#[ac]">&gt;&gt;</a>&nbsp;&nbsp;&nbsp;HAL_RTC_WaitForSynchro
<LI><a href="#[b7]">&gt;&gt;</a>&nbsp;&nbsp;&nbsp;UART_WaitOnFlagUntilTimeout
<LI><a href="#[b4]">&gt;&gt;</a>&nbsp;&nbsp;&nbsp;UART_CheckIdleState
<LI><a href="#[dc]">&gt;&gt;</a>&nbsp;&nbsp;&nbsp;hci_send_req
</UL>

<P><STRONG><a name="[ba]"></a>HAL_I2CEx_EnableFastModePlus</STRONG> (Thumb, 30 bytes, Stack size 8 bytes, stm32f3xx_hal_i2c_ex.o(i.HAL_I2CEx_EnableFastModePlus))
<BR><BR>[Stack]<UL><LI>Max Depth = 8<LI>Call Chain = HAL_I2CEx_EnableFastModePlus
</UL>
<BR>[Called By]<UL><LI><a href="#[b9]">&gt;&gt;</a>&nbsp;&nbsp;&nbsp;MX_GPIO_Init
</UL>

<P><STRONG><a name="[d4]"></a>HAL_IncTick</STRONG> (Thumb, 12 bytes, Stack size 0 bytes, stm32f3xx_hal.o(i.HAL_IncTick))
<BR><BR>[Called By]<UL><LI><a href="#[a]">&gt;&gt;</a>&nbsp;&nbsp;&nbsp;SysTick_Handler
</UL>

<P><STRONG><a name="[94]"></a>HAL_Init</STRONG> (Thumb, 32 bytes, Stack size 8 bytes, stm32f3xx_hal.o(i.HAL_Init))
<BR><BR>[Stack]<UL><LI>Max Depth = 40<LI>Call Chain = HAL_Init &rArr; HAL_InitTick &rArr; HAL_NVIC_SetPriority
</UL>
<BR>[Calls]<UL><LI><a href="#[97]">&gt;&gt;</a>&nbsp;&nbsp;&nbsp;HAL_MspInit
<LI><a href="#[96]">&gt;&gt;</a>&nbsp;&nbsp;&nbsp;HAL_InitTick
<LI><a href="#[95]">&gt;&gt;</a>&nbsp;&nbsp;&nbsp;HAL_NVIC_SetPriorityGrouping
</UL>
<BR>[Called By]<UL><LI><a href="#[55]">&gt;&gt;</a>&nbsp;&nbsp;&nbsp;main
</UL>

<P><STRONG><a name="[96]"></a>HAL_InitTick</STRONG> (Thumb, 54 bytes, Stack size 16 bytes, stm32f3xx_hal.o(i.HAL_InitTick))
<BR><BR>[Stack]<UL><LI>Max Depth = 32<LI>Call Chain = HAL_InitTick &rArr; HAL_NVIC_SetPriority
</UL>
<BR>[Calls]<UL><LI><a href="#[7d]">&gt;&gt;</a>&nbsp;&nbsp;&nbsp;HAL_NVIC_SetPriority
<LI><a href="#[98]">&gt;&gt;</a>&nbsp;&nbsp;&nbsp;HAL_SYSTICK_Config
</UL>
<BR>[Called By]<UL><LI><a href="#[a6]">&gt;&gt;</a>&nbsp;&nbsp;&nbsp;HAL_RCC_ClockConfig
<LI><a href="#[94]">&gt;&gt;</a>&nbsp;&nbsp;&nbsp;HAL_Init
</UL>

<P><STRONG><a name="[97]"></a>HAL_MspInit</STRONG> (Thumb, 38 bytes, Stack size 8 bytes, stm32f3xx_hal_msp.o(i.HAL_MspInit))
<BR><BR>[Stack]<UL><LI>Max Depth = 8<LI>Call Chain = HAL_MspInit
</UL>
<BR>[Called By]<UL><LI><a href="#[94]">&gt;&gt;</a>&nbsp;&nbsp;&nbsp;HAL_Init
</UL>

<P><STRONG><a name="[7e]"></a>HAL_NVIC_EnableIRQ</STRONG> (Thumb, 22 bytes, Stack size 0 bytes, stm32f3xx_hal_cortex.o(i.HAL_NVIC_EnableIRQ))
<BR><BR>[Called By]<UL><LI><a href="#[7a]">&gt;&gt;</a>&nbsp;&nbsp;&nbsp;BSP_PB_Init
<LI><a href="#[e4]">&gt;&gt;</a>&nbsp;&nbsp;&nbsp;hci_tl_lowlevel_init
<LI><a href="#[b9]">&gt;&gt;</a>&nbsp;&nbsp;&nbsp;MX_GPIO_Init
<LI><a href="#[a4]">&gt;&gt;</a>&nbsp;&nbsp;&nbsp;HAL_PCD_MspInit
</UL>

<P><STRONG><a name="[7d]"></a>HAL_NVIC_SetPriority</STRONG> (Thumb, 60 bytes, Stack size 16 bytes, stm32f3xx_hal_cortex.o(i.HAL_NVIC_SetPriority))
<BR><BR>[Stack]<UL><LI>Max Depth = 16<LI>Call Chain = HAL_NVIC_SetPriority
</UL>
<BR>[Calls]<UL><LI><a href="#[99]">&gt;&gt;</a>&nbsp;&nbsp;&nbsp;NVIC_SetPriority
</UL>
<BR>[Called By]<UL><LI><a href="#[7a]">&gt;&gt;</a>&nbsp;&nbsp;&nbsp;BSP_PB_Init
<LI><a href="#[e4]">&gt;&gt;</a>&nbsp;&nbsp;&nbsp;hci_tl_lowlevel_init
<LI><a href="#[b9]">&gt;&gt;</a>&nbsp;&nbsp;&nbsp;MX_GPIO_Init
<LI><a href="#[a4]">&gt;&gt;</a>&nbsp;&nbsp;&nbsp;HAL_PCD_MspInit
<LI><a href="#[96]">&gt;&gt;</a>&nbsp;&nbsp;&nbsp;HAL_InitTick
</UL>

<P><STRONG><a name="[95]"></a>HAL_NVIC_SetPriorityGrouping</STRONG> (Thumb, 26 bytes, Stack size 0 bytes, stm32f3xx_hal_cortex.o(i.HAL_NVIC_SetPriorityGrouping))
<BR><BR>[Called By]<UL><LI><a href="#[94]">&gt;&gt;</a>&nbsp;&nbsp;&nbsp;HAL_Init
</UL>

<P><STRONG><a name="[bc]"></a>HAL_PCD_DataInStageCallback</STRONG> (Thumb, 2 bytes, Stack size 0 bytes, stm32f3xx_hal_pcd.o(i.HAL_PCD_DataInStageCallback))
<BR><BR>[Called By]<UL><LI><a href="#[9d]">&gt;&gt;</a>&nbsp;&nbsp;&nbsp;PCD_EP_ISR_Handler
</UL>

<P><STRONG><a name="[bf]"></a>HAL_PCD_DataOutStageCallback</STRONG> (Thumb, 2 bytes, Stack size 0 bytes, stm32f3xx_hal_pcd.o(i.HAL_PCD_DataOutStageCallback))
<BR><BR>[Called By]<UL><LI><a href="#[9d]">&gt;&gt;</a>&nbsp;&nbsp;&nbsp;PCD_EP_ISR_Handler
</UL>

<P><STRONG><a name="[c0]"></a>HAL_PCD_EP_Receive</STRONG> (Thumb, 162 bytes, Stack size 16 bytes, stm32f3xx_hal_pcd.o(i.HAL_PCD_EP_Receive))
<BR><BR>[Stack]<UL><LI>Max Depth = 16<LI>Call Chain = HAL_PCD_EP_Receive
</UL>
<BR>[Called By]<UL><LI><a href="#[9d]">&gt;&gt;</a>&nbsp;&nbsp;&nbsp;PCD_EP_ISR_Handler
</UL>

<P><STRONG><a name="[9a]"></a>HAL_PCD_EP_Transmit</STRONG> (Thumb, 204 bytes, Stack size 16 bytes, stm32f3xx_hal_pcd.o(i.HAL_PCD_EP_Transmit))
<BR><BR>[Stack]<UL><LI>Max Depth = 24<LI>Call Chain = HAL_PCD_EP_Transmit &rArr; PCD_WritePMA
</UL>
<BR>[Calls]<UL><LI><a href="#[9b]">&gt;&gt;</a>&nbsp;&nbsp;&nbsp;PCD_WritePMA
</UL>
<BR>[Called By]<UL><LI><a href="#[9d]">&gt;&gt;</a>&nbsp;&nbsp;&nbsp;PCD_EP_ISR_Handler
</UL>

<P><STRONG><a name="[9c]"></a>HAL_PCD_IRQHandler</STRONG> (Thumb, 240 bytes, Stack size 8 bytes, stm32f3xx_hal_pcd.o(i.HAL_PCD_IRQHandler))
<BR><BR>[Stack]<UL><LI>Max Depth = 80<LI>Call Chain = HAL_PCD_IRQHandler &rArr; PCD_EP_ISR_Handler &rArr; HAL_PCD_EP_Transmit &rArr; PCD_WritePMA
</UL>
<BR>[Calls]<UL><LI><a href="#[9d]">&gt;&gt;</a>&nbsp;&nbsp;&nbsp;PCD_EP_ISR_Handler
<LI><a href="#[a1]">&gt;&gt;</a>&nbsp;&nbsp;&nbsp;HAL_PCD_SuspendCallback
<LI><a href="#[a2]">&gt;&gt;</a>&nbsp;&nbsp;&nbsp;HAL_PCD_SOFCallback
<LI><a href="#[a0]">&gt;&gt;</a>&nbsp;&nbsp;&nbsp;HAL_PCD_ResumeCallback
<LI><a href="#[9e]">&gt;&gt;</a>&nbsp;&nbsp;&nbsp;HAL_PCD_ResetCallback
<LI><a href="#[9f]">&gt;&gt;</a>&nbsp;&nbsp;&nbsp;HAL_PCD_SetAddress
</UL>
<BR>[Called By]<UL><LI><a href="#[1f]">&gt;&gt;</a>&nbsp;&nbsp;&nbsp;USB_LP_CAN_RX0_IRQHandler
</UL>

<P><STRONG><a name="[a3]"></a>HAL_PCD_Init</STRONG> (Thumb, 166 bytes, Stack size 16 bytes, stm32f3xx_hal_pcd.o(i.HAL_PCD_Init))
<BR><BR>[Stack]<UL><LI>Max Depth = 40<LI>Call Chain = HAL_PCD_Init &rArr; HAL_PCD_MspInit &rArr; HAL_NVIC_SetPriority
</UL>
<BR>[Calls]<UL><LI><a href="#[a4]">&gt;&gt;</a>&nbsp;&nbsp;&nbsp;HAL_PCD_MspInit
</UL>
<BR>[Called By]<UL><LI><a href="#[55]">&gt;&gt;</a>&nbsp;&nbsp;&nbsp;main
</UL>

<P><STRONG><a name="[a4]"></a>HAL_PCD_MspInit</STRONG> (Thumb, 50 bytes, Stack size 8 bytes, stm32f3xx_hal_msp.o(i.HAL_PCD_MspInit))
<BR><BR>[Stack]<UL><LI>Max Depth = 24<LI>Call Chain = HAL_PCD_MspInit &rArr; HAL_NVIC_SetPriority
</UL>
<BR>[Calls]<UL><LI><a href="#[7d]">&gt;&gt;</a>&nbsp;&nbsp;&nbsp;HAL_NVIC_SetPriority
<LI><a href="#[7e]">&gt;&gt;</a>&nbsp;&nbsp;&nbsp;HAL_NVIC_EnableIRQ
</UL>
<BR>[Called By]<UL><LI><a href="#[a3]">&gt;&gt;</a>&nbsp;&nbsp;&nbsp;HAL_PCD_Init
</UL>

<P><STRONG><a name="[9e]"></a>HAL_PCD_ResetCallback</STRONG> (Thumb, 2 bytes, Stack size 0 bytes, stm32f3xx_hal_pcd.o(i.HAL_PCD_ResetCallback))
<BR><BR>[Called By]<UL><LI><a href="#[9c]">&gt;&gt;</a>&nbsp;&nbsp;&nbsp;HAL_PCD_IRQHandler
</UL>

<P><STRONG><a name="[a0]"></a>HAL_PCD_ResumeCallback</STRONG> (Thumb, 2 bytes, Stack size 0 bytes, stm32f3xx_hal_pcd.o(i.HAL_PCD_ResumeCallback))
<BR><BR>[Called By]<UL><LI><a href="#[9c]">&gt;&gt;</a>&nbsp;&nbsp;&nbsp;HAL_PCD_IRQHandler
</UL>

<P><STRONG><a name="[a2]"></a>HAL_PCD_SOFCallback</STRONG> (Thumb, 2 bytes, Stack size 0 bytes, stm32f3xx_hal_pcd.o(i.HAL_PCD_SOFCallback))
<BR><BR>[Called By]<UL><LI><a href="#[9c]">&gt;&gt;</a>&nbsp;&nbsp;&nbsp;HAL_PCD_IRQHandler
</UL>

<P><STRONG><a name="[9f]"></a>HAL_PCD_SetAddress</STRONG> (Thumb, 44 bytes, Stack size 0 bytes, stm32f3xx_hal_pcd.o(i.HAL_PCD_SetAddress))
<BR><BR>[Called By]<UL><LI><a href="#[9c]">&gt;&gt;</a>&nbsp;&nbsp;&nbsp;HAL_PCD_IRQHandler
</UL>

<P><STRONG><a name="[be]"></a>HAL_PCD_SetupStageCallback</STRONG> (Thumb, 2 bytes, Stack size 0 bytes, stm32f3xx_hal_pcd.o(i.HAL_PCD_SetupStageCallback))
<BR><BR>[Called By]<UL><LI><a href="#[9d]">&gt;&gt;</a>&nbsp;&nbsp;&nbsp;PCD_EP_ISR_Handler
</UL>

<P><STRONG><a name="[a1]"></a>HAL_PCD_SuspendCallback</STRONG> (Thumb, 2 bytes, Stack size 0 bytes, stm32f3xx_hal_pcd.o(i.HAL_PCD_SuspendCallback))
<BR><BR>[Called By]<UL><LI><a href="#[9c]">&gt;&gt;</a>&nbsp;&nbsp;&nbsp;HAL_PCD_IRQHandler
</UL>

<P><STRONG><a name="[a5]"></a>HAL_RCCEx_PeriphCLKConfig</STRONG> (Thumb, 648 bytes, Stack size 40 bytes, stm32f3xx_hal_rcc_ex.o(i.HAL_RCCEx_PeriphCLKConfig))
<BR><BR>[Stack]<UL><LI>Max Depth = 40<LI>Call Chain = HAL_RCCEx_PeriphCLKConfig
</UL>
<BR>[Calls]<UL><LI><a href="#[73]">&gt;&gt;</a>&nbsp;&nbsp;&nbsp;HAL_GetTick
</UL>
<BR>[Called By]<UL><LI><a href="#[d5]">&gt;&gt;</a>&nbsp;&nbsp;&nbsp;SystemClock_Config
</UL>

<P><STRONG><a name="[a6]"></a>HAL_RCC_ClockConfig</STRONG> (Thumb, 306 bytes, Stack size 32 bytes, stm32f3xx_hal_rcc.o(i.HAL_RCC_ClockConfig))
<BR><BR>[Stack]<UL><LI>Max Depth = 64<LI>Call Chain = HAL_RCC_ClockConfig &rArr; HAL_InitTick &rArr; HAL_NVIC_SetPriority
</UL>
<BR>[Calls]<UL><LI><a href="#[73]">&gt;&gt;</a>&nbsp;&nbsp;&nbsp;HAL_GetTick
<LI><a href="#[a7]">&gt;&gt;</a>&nbsp;&nbsp;&nbsp;HAL_RCC_GetSysClockFreq
<LI><a href="#[96]">&gt;&gt;</a>&nbsp;&nbsp;&nbsp;HAL_InitTick
</UL>
<BR>[Called By]<UL><LI><a href="#[d5]">&gt;&gt;</a>&nbsp;&nbsp;&nbsp;SystemClock_Config
</UL>

<P><STRONG><a name="[d6]"></a>HAL_RCC_GetPCLK1Freq</STRONG> (Thumb, 34 bytes, Stack size 0 bytes, stm32f3xx_hal_rcc.o(i.HAL_RCC_GetPCLK1Freq))
<BR><BR>[Called By]<UL><LI><a href="#[b2]">&gt;&gt;</a>&nbsp;&nbsp;&nbsp;UART_SetConfig
</UL>

<P><STRONG><a name="[d7]"></a>HAL_RCC_GetPCLK2Freq</STRONG> (Thumb, 34 bytes, Stack size 0 bytes, stm32f3xx_hal_rcc.o(i.HAL_RCC_GetPCLK2Freq))
<BR><BR>[Called By]<UL><LI><a href="#[b2]">&gt;&gt;</a>&nbsp;&nbsp;&nbsp;UART_SetConfig
</UL>

<P><STRONG><a name="[a7]"></a>HAL_RCC_GetSysClockFreq</STRONG> (Thumb, 76 bytes, Stack size 8 bytes, stm32f3xx_hal_rcc.o(i.HAL_RCC_GetSysClockFreq))
<BR><BR>[Stack]<UL><LI>Max Depth = 8<LI>Call Chain = HAL_RCC_GetSysClockFreq
</UL>
<BR>[Called By]<UL><LI><a href="#[a6]">&gt;&gt;</a>&nbsp;&nbsp;&nbsp;HAL_RCC_ClockConfig
<LI><a href="#[b2]">&gt;&gt;</a>&nbsp;&nbsp;&nbsp;UART_SetConfig
</UL>

<P><STRONG><a name="[a8]"></a>HAL_RCC_OscConfig</STRONG> (Thumb, 1432 bytes, Stack size 40 bytes, stm32f3xx_hal_rcc.o(i.HAL_RCC_OscConfig))
<BR><BR>[Stack]<UL><LI>Max Depth = 40<LI>Call Chain = HAL_RCC_OscConfig
</UL>
<BR>[Calls]<UL><LI><a href="#[73]">&gt;&gt;</a>&nbsp;&nbsp;&nbsp;HAL_GetTick
</UL>
<BR>[Called By]<UL><LI><a href="#[d5]">&gt;&gt;</a>&nbsp;&nbsp;&nbsp;SystemClock_Config
</UL>

<P><STRONG><a name="[a9]"></a>HAL_RTC_Init</STRONG> (Thumb, 166 bytes, Stack size 16 bytes, stm32f3xx_hal_rtc.o(i.HAL_RTC_Init))
<BR><BR>[Stack]<UL><LI>Max Depth = 32<LI>Call Chain = HAL_RTC_Init &rArr; RTC_EnterInitMode
</UL>
<BR>[Calls]<UL><LI><a href="#[aa]">&gt;&gt;</a>&nbsp;&nbsp;&nbsp;HAL_RTC_MspInit
<LI><a href="#[ab]">&gt;&gt;</a>&nbsp;&nbsp;&nbsp;RTC_EnterInitMode
<LI><a href="#[ac]">&gt;&gt;</a>&nbsp;&nbsp;&nbsp;HAL_RTC_WaitForSynchro
</UL>
<BR>[Called By]<UL><LI><a href="#[55]">&gt;&gt;</a>&nbsp;&nbsp;&nbsp;main
</UL>

<P><STRONG><a name="[aa]"></a>HAL_RTC_MspInit</STRONG> (Thumb, 32 bytes, Stack size 0 bytes, stm32f3xx_hal_msp.o(i.HAL_RTC_MspInit))
<BR><BR>[Called By]<UL><LI><a href="#[a9]">&gt;&gt;</a>&nbsp;&nbsp;&nbsp;HAL_RTC_Init
</UL>

<P><STRONG><a name="[ac]"></a>HAL_RTC_WaitForSynchro</STRONG> (Thumb, 54 bytes, Stack size 16 bytes, stm32f3xx_hal_rtc.o(i.HAL_RTC_WaitForSynchro))
<BR><BR>[Stack]<UL><LI>Max Depth = 16<LI>Call Chain = HAL_RTC_WaitForSynchro
</UL>
<BR>[Calls]<UL><LI><a href="#[73]">&gt;&gt;</a>&nbsp;&nbsp;&nbsp;HAL_GetTick
</UL>
<BR>[Called By]<UL><LI><a href="#[a9]">&gt;&gt;</a>&nbsp;&nbsp;&nbsp;HAL_RTC_Init
</UL>

<P><STRONG><a name="[80]"></a>HAL_SPI_GetState</STRONG> (Thumb, 6 bytes, Stack size 0 bytes, stm32f3xx_hal_spi.o(i.HAL_SPI_GetState))
<BR><BR>[Called By]<UL><LI><a href="#[7f]">&gt;&gt;</a>&nbsp;&nbsp;&nbsp;BSP_SPI1_Init
</UL>

<P><STRONG><a name="[ad]"></a>HAL_SPI_Init</STRONG> (Thumb, 182 bytes, Stack size 24 bytes, stm32f3xx_hal_spi.o(i.HAL_SPI_Init))
<BR><BR>[Stack]<UL><LI>Max Depth = 24<LI>Call Chain = HAL_SPI_Init
</UL>
<BR>[Calls]<UL><LI><a href="#[ae]">&gt;&gt;</a>&nbsp;&nbsp;&nbsp;HAL_SPI_MspInit
</UL>
<BR>[Called By]<UL><LI><a href="#[81]">&gt;&gt;</a>&nbsp;&nbsp;&nbsp;MX_SPI1_Init
</UL>

<P><STRONG><a name="[ae]"></a>HAL_SPI_MspInit</STRONG> (Thumb, 2 bytes, Stack size 0 bytes, stm32f3xx_hal_spi.o(i.HAL_SPI_MspInit))
<BR><BR>[Called By]<UL><LI><a href="#[ad]">&gt;&gt;</a>&nbsp;&nbsp;&nbsp;HAL_SPI_Init
</UL>

<P><STRONG><a name="[83]"></a>HAL_SPI_TransmitReceive</STRONG> (Thumb, 574 bytes, Stack size 40 bytes, stm32f3xx_hal_spi.o(i.HAL_SPI_TransmitReceive))
<BR><BR>[Stack]<UL><LI>Max Depth = 96<LI>Call Chain = HAL_SPI_TransmitReceive &rArr; SPI_EndRxTxTransaction &rArr; SPI_WaitFifoStateUntilTimeout
</UL>
<BR>[Calls]<UL><LI><a href="#[73]">&gt;&gt;</a>&nbsp;&nbsp;&nbsp;HAL_GetTick
<LI><a href="#[af]">&gt;&gt;</a>&nbsp;&nbsp;&nbsp;SPI_EndRxTxTransaction
</UL>
<BR>[Called By]<UL><LI><a href="#[82]">&gt;&gt;</a>&nbsp;&nbsp;&nbsp;BSP_SPI1_SendRecv
</UL>

<P><STRONG><a name="[98]"></a>HAL_SYSTICK_Config</STRONG> (Thumb, 40 bytes, Stack size 8 bytes, stm32f3xx_hal_cortex.o(i.HAL_SYSTICK_Config))
<BR><BR>[Stack]<UL><LI>Max Depth = 8<LI>Call Chain = HAL_SYSTICK_Config
</UL>
<BR>[Calls]<UL><LI><a href="#[99]">&gt;&gt;</a>&nbsp;&nbsp;&nbsp;NVIC_SetPriority
</UL>
<BR>[Called By]<UL><LI><a href="#[96]">&gt;&gt;</a>&nbsp;&nbsp;&nbsp;HAL_InitTick
</UL>

<P><STRONG><a name="[b0]"></a>HAL_UART_Init</STRONG> (Thumb, 106 bytes, Stack size 8 bytes, stm32f3xx_hal_uart.o(i.HAL_UART_Init))
<BR><BR>[Stack]<UL><LI>Max Depth = 80<LI>Call Chain = HAL_UART_Init &rArr; HAL_UART_MspInit &rArr; HAL_GPIO_Init
</UL>
<BR>[Calls]<UL><LI><a href="#[b1]">&gt;&gt;</a>&nbsp;&nbsp;&nbsp;HAL_UART_MspInit
<LI><a href="#[b2]">&gt;&gt;</a>&nbsp;&nbsp;&nbsp;UART_SetConfig
<LI><a href="#[b4]">&gt;&gt;</a>&nbsp;&nbsp;&nbsp;UART_CheckIdleState
<LI><a href="#[b3]">&gt;&gt;</a>&nbsp;&nbsp;&nbsp;UART_AdvFeatureConfig
</UL>
<BR>[Called By]<UL><LI><a href="#[bb]">&gt;&gt;</a>&nbsp;&nbsp;&nbsp;MX_USART3_UART_Init
<LI><a href="#[72]">&gt;&gt;</a>&nbsp;&nbsp;&nbsp;MX_USART2_UART_Init
</UL>

<P><STRONG><a name="[b1]"></a>HAL_UART_MspInit</STRONG> (Thumb, 90 bytes, Stack size 32 bytes, stm32f3xx_hal_msp.o(i.HAL_UART_MspInit))
<BR><BR>[Stack]<UL><LI>Max Depth = 72<LI>Call Chain = HAL_UART_MspInit &rArr; HAL_GPIO_Init
</UL>
<BR>[Calls]<UL><LI><a href="#[71]">&gt;&gt;</a>&nbsp;&nbsp;&nbsp;HAL_GPIO_Init
<LI><a href="#[b5]">&gt;&gt;</a>&nbsp;&nbsp;&nbsp;__aeabi_memclr4
</UL>
<BR>[Called By]<UL><LI><a href="#[b0]">&gt;&gt;</a>&nbsp;&nbsp;&nbsp;HAL_UART_Init
</UL>

<P><STRONG><a name="[b6]"></a>HAL_UART_Transmit</STRONG> (Thumb, 180 bytes, Stack size 32 bytes, stm32f3xx_hal_uart.o(i.HAL_UART_Transmit))
<BR><BR>[Stack]<UL><LI>Max Depth = 56<LI>Call Chain = HAL_UART_Transmit &rArr; UART_WaitOnFlagUntilTimeout
</UL>
<BR>[Calls]<UL><LI><a href="#[73]">&gt;&gt;</a>&nbsp;&nbsp;&nbsp;HAL_GetTick
<LI><a href="#[b7]">&gt;&gt;</a>&nbsp;&nbsp;&nbsp;UART_WaitOnFlagUntilTimeout
</UL>
<BR>[Called By]<UL><LI><a href="#[59]">&gt;&gt;</a>&nbsp;&nbsp;&nbsp;fputc
</UL>

<P><STRONG><a name="[5b]"></a>HCI_TL_SPI_DeInit</STRONG> (Thumb, 38 bytes, Stack size 8 bytes, hci_tl_interface.o(i.HCI_TL_SPI_DeInit))
<BR><BR>[Stack]<UL><LI>Max Depth = 44<LI>Call Chain = HCI_TL_SPI_DeInit &rArr; HAL_GPIO_DeInit
</UL>
<BR>[Calls]<UL><LI><a href="#[b8]">&gt;&gt;</a>&nbsp;&nbsp;&nbsp;HAL_GPIO_DeInit
</UL>
<BR>[Address Reference Count : 1]<UL><LI> hci_tl_interface.o(i.hci_tl_lowlevel_init)
</UL>
<P><STRONG><a name="[5a]"></a>HCI_TL_SPI_Init</STRONG> (Thumb, 94 bytes, Stack size 40 bytes, hci_tl_interface.o(i.HCI_TL_SPI_Init))
<BR><BR>[Stack]<UL><LI>Max Depth = 112<LI>Call Chain = HCI_TL_SPI_Init &rArr; BSP_SPI1_Init &rArr; HAL_GPIO_Init
</UL>
<BR>[Calls]<UL><LI><a href="#[7f]">&gt;&gt;</a>&nbsp;&nbsp;&nbsp;BSP_SPI1_Init
<LI><a href="#[71]">&gt;&gt;</a>&nbsp;&nbsp;&nbsp;HAL_GPIO_Init
</UL>
<BR>[Address Reference Count : 1]<UL><LI> hci_tl_interface.o(i.hci_tl_lowlevel_init)
</UL>
<P><STRONG><a name="[5d]"></a>HCI_TL_SPI_Receive</STRONG> (Thumb, 120 bytes, Stack size 56 bytes, hci_tl_interface.o(i.HCI_TL_SPI_Receive))
<BR><BR>[Stack]<UL><LI>Max Depth = 168<LI>Call Chain = HCI_TL_SPI_Receive &rArr; BSP_SPI1_SendRecv &rArr; HAL_SPI_TransmitReceive &rArr; SPI_EndRxTxTransaction &rArr; SPI_WaitFifoStateUntilTimeout
</UL>
<BR>[Calls]<UL><LI><a href="#[82]">&gt;&gt;</a>&nbsp;&nbsp;&nbsp;BSP_SPI1_SendRecv
<LI><a href="#[75]">&gt;&gt;</a>&nbsp;&nbsp;&nbsp;HAL_GPIO_WritePin
</UL>
<BR>[Address Reference Count : 1]<UL><LI> hci_tl_interface.o(i.hci_tl_lowlevel_init)
</UL>
<P><STRONG><a name="[5e]"></a>HCI_TL_SPI_Reset</STRONG> (Thumb, 44 bytes, Stack size 16 bytes, hci_tl_interface.o(i.HCI_TL_SPI_Reset))
<BR><BR>[Stack]<UL><LI>Max Depth = 32<LI>Call Chain = HCI_TL_SPI_Reset &rArr; HAL_Delay
</UL>
<BR>[Calls]<UL><LI><a href="#[88]">&gt;&gt;</a>&nbsp;&nbsp;&nbsp;HAL_Delay
<LI><a href="#[75]">&gt;&gt;</a>&nbsp;&nbsp;&nbsp;HAL_GPIO_WritePin
</UL>
<BR>[Address Reference Count : 1]<UL><LI> hci_tl_interface.o(i.hci_tl_lowlevel_init)
</UL>
<P><STRONG><a name="[5c]"></a>HCI_TL_SPI_Send</STRONG> (Thumb, 134 bytes, Stack size 56 bytes, hci_tl_interface.o(i.HCI_TL_SPI_Send))
<BR><BR>[Stack]<UL><LI>Max Depth = 168<LI>Call Chain = HCI_TL_SPI_Send &rArr; BSP_SPI1_SendRecv &rArr; HAL_SPI_TransmitReceive &rArr; SPI_EndRxTxTransaction &rArr; SPI_WaitFifoStateUntilTimeout
</UL>
<BR>[Calls]<UL><LI><a href="#[73]">&gt;&gt;</a>&nbsp;&nbsp;&nbsp;HAL_GetTick
<LI><a href="#[82]">&gt;&gt;</a>&nbsp;&nbsp;&nbsp;BSP_SPI1_SendRecv
<LI><a href="#[75]">&gt;&gt;</a>&nbsp;&nbsp;&nbsp;HAL_GPIO_WritePin
</UL>
<BR>[Address Reference Count : 1]<UL><LI> hci_tl_interface.o(i.hci_tl_lowlevel_init)
</UL>
<P><STRONG><a name="[3]"></a>HardFault_Handler</STRONG> (Thumb, 2 bytes, Stack size 0 bytes, stm32f3xx_it.o(i.HardFault_Handler))
<BR><BR>[Calls]<UL><LI><a href="#[3]">&gt;&gt;</a>&nbsp;&nbsp;&nbsp;HardFault_Handler
</UL>
<BR>[Called By]<UL><LI><a href="#[3]">&gt;&gt;</a>&nbsp;&nbsp;&nbsp;HardFault_Handler
</UL>
<BR>[Address Reference Count : 1]<UL><LI> startup_stm32f303xe.o(RESET)
</UL>
<P><STRONG><a name="[81]"></a>MX_SPI1_Init</STRONG> (Thumb, 64 bytes, Stack size 8 bytes, stm32f3xx_nucleo_bus.o(i.MX_SPI1_Init))
<BR><BR>[Stack]<UL><LI>Max Depth = 32<LI>Call Chain = MX_SPI1_Init &rArr; HAL_SPI_Init
</UL>
<BR>[Calls]<UL><LI><a href="#[ad]">&gt;&gt;</a>&nbsp;&nbsp;&nbsp;HAL_SPI_Init
</UL>
<BR>[Called By]<UL><LI><a href="#[7f]">&gt;&gt;</a>&nbsp;&nbsp;&nbsp;BSP_SPI1_Init
</UL>

<P><STRONG><a name="[72]"></a>MX_USART2_UART_Init</STRONG> (Thumb, 44 bytes, Stack size 8 bytes, stm32f3xx_nucleo.o(i.MX_USART2_UART_Init))
<BR><BR>[Stack]<UL><LI>Max Depth = 88<LI>Call Chain = MX_USART2_UART_Init &rArr; HAL_UART_Init &rArr; HAL_UART_MspInit &rArr; HAL_GPIO_Init
</UL>
<BR>[Calls]<UL><LI><a href="#[b0]">&gt;&gt;</a>&nbsp;&nbsp;&nbsp;HAL_UART_Init
</UL>
<BR>[Called By]<UL><LI><a href="#[70]">&gt;&gt;</a>&nbsp;&nbsp;&nbsp;BSP_COM_Init
</UL>

<P><STRONG><a name="[4]"></a>MemManage_Handler</STRONG> (Thumb, 2 bytes, Stack size 0 bytes, stm32f3xx_it.o(i.MemManage_Handler))
<BR><BR>[Calls]<UL><LI><a href="#[4]">&gt;&gt;</a>&nbsp;&nbsp;&nbsp;MemManage_Handler
</UL>
<BR>[Called By]<UL><LI><a href="#[4]">&gt;&gt;</a>&nbsp;&nbsp;&nbsp;MemManage_Handler
</UL>
<BR>[Address Reference Count : 1]<UL><LI> startup_stm32f303xe.o(RESET)
</UL>
<P><STRONG><a name="[2]"></a>NMI_Handler</STRONG> (Thumb, 2 bytes, Stack size 0 bytes, stm32f3xx_it.o(i.NMI_Handler))
<BR>[Address Reference Count : 1]<UL><LI> startup_stm32f303xe.o(RESET)
</UL>
<P><STRONG><a name="[bd]"></a>PCD_ReadPMA</STRONG> (Thumb, 40 bytes, Stack size 8 bytes, stm32f3xx_hal_pcd_ex.o(i.PCD_ReadPMA))
<BR><BR>[Stack]<UL><LI>Max Depth = 8<LI>Call Chain = PCD_ReadPMA
</UL>
<BR>[Called By]<UL><LI><a href="#[9d]">&gt;&gt;</a>&nbsp;&nbsp;&nbsp;PCD_EP_ISR_Handler
</UL>

<P><STRONG><a name="[9b]"></a>PCD_WritePMA</STRONG> (Thumb, 38 bytes, Stack size 8 bytes, stm32f3xx_hal_pcd_ex.o(i.PCD_WritePMA))
<BR><BR>[Stack]<UL><LI>Max Depth = 8<LI>Call Chain = PCD_WritePMA
</UL>
<BR>[Called By]<UL><LI><a href="#[9d]">&gt;&gt;</a>&nbsp;&nbsp;&nbsp;PCD_EP_ISR_Handler
<LI><a href="#[9a]">&gt;&gt;</a>&nbsp;&nbsp;&nbsp;HAL_PCD_EP_Transmit
</UL>

<P><STRONG><a name="[9]"></a>PendSV_Handler</STRONG> (Thumb, 2 bytes, Stack size 0 bytes, stm32f3xx_it.o(i.PendSV_Handler))
<BR>[Address Reference Count : 1]<UL><LI> startup_stm32f303xe.o(RESET)
</UL>
<P><STRONG><a name="[c1]"></a>Process_BlueNRG_MS</STRONG> (Thumb, 264 bytes, Stack size 32 bytes, app_x-cube-ble1.o(i.Process_BlueNRG_MS))
<BR><BR>[Stack]<UL><LI>Max Depth = 500<LI>Call Chain = Process_BlueNRG_MS &rArr; Process_Mesh_Start_BlueNRG_Connection &rArr; Add_Sample_Service &rArr; aci_gatt_add_char &rArr; hci_send_req &rArr; move_list &rArr; list_remove_tail
</UL>
<BR>[Calls]<UL><LI><a href="#[8c]">&gt;&gt;</a>&nbsp;&nbsp;&nbsp;hci_user_evt_proc
<LI><a href="#[8e]">&gt;&gt;</a>&nbsp;&nbsp;&nbsp;Process_frame_formulation
<LI><a href="#[8d]">&gt;&gt;</a>&nbsp;&nbsp;&nbsp;HAL_GPIO_TogglePin
<LI><a href="#[78]">&gt;&gt;</a>&nbsp;&nbsp;&nbsp;BSP_PB_GetState
<LI><a href="#[8a]">&gt;&gt;</a>&nbsp;&nbsp;&nbsp;Process_Mesh_Start_BlueNRG_Connection
<LI><a href="#[8b]">&gt;&gt;</a>&nbsp;&nbsp;&nbsp;Process_Enable_Notification_BlueNRG_MS
<LI><a href="#[88]">&gt;&gt;</a>&nbsp;&nbsp;&nbsp;HAL_Delay
<LI><a href="#[89]">&gt;&gt;</a>&nbsp;&nbsp;&nbsp;Process_Mesh_Start_Listen_Connection
<LI><a href="#[87]">&gt;&gt;</a>&nbsp;&nbsp;&nbsp;Process_BlueNRG_MS_Init
<LI><a href="#[75]">&gt;&gt;</a>&nbsp;&nbsp;&nbsp;HAL_GPIO_WritePin
</UL>
<BR>[Called By]<UL><LI><a href="#[55]">&gt;&gt;</a>&nbsp;&nbsp;&nbsp;main
</UL>

<P><STRONG><a name="[87]"></a>Process_BlueNRG_MS_Init</STRONG> (Thumb, 216 bytes, Stack size 40 bytes, app_x-cube-ble1.o(i.Process_BlueNRG_MS_Init))
<BR><BR>[Stack]<UL><LI>Max Depth = 460<LI>Call Chain = Process_BlueNRG_MS_Init &rArr; Add_Sample_Service &rArr; aci_gatt_add_char &rArr; hci_send_req &rArr; move_list &rArr; list_remove_tail
</UL>
<BR>[Calls]<UL><LI><a href="#[c4]">&gt;&gt;</a>&nbsp;&nbsp;&nbsp;hci_reset
<LI><a href="#[c2]">&gt;&gt;</a>&nbsp;&nbsp;&nbsp;hci_init
<LI><a href="#[c3]">&gt;&gt;</a>&nbsp;&nbsp;&nbsp;getBlueNRGVersion
<LI><a href="#[c5]">&gt;&gt;</a>&nbsp;&nbsp;&nbsp;aci_hal_write_config_data
<LI><a href="#[c9]">&gt;&gt;</a>&nbsp;&nbsp;&nbsp;aci_hal_set_tx_power_level
<LI><a href="#[c6]">&gt;&gt;</a>&nbsp;&nbsp;&nbsp;aci_gatt_init
<LI><a href="#[c8]">&gt;&gt;</a>&nbsp;&nbsp;&nbsp;aci_gap_set_auth_requirement
<LI><a href="#[c7]">&gt;&gt;</a>&nbsp;&nbsp;&nbsp;aci_gap_init_IDB05A1
<LI><a href="#[7a]">&gt;&gt;</a>&nbsp;&nbsp;&nbsp;BSP_PB_Init
<LI><a href="#[78]">&gt;&gt;</a>&nbsp;&nbsp;&nbsp;BSP_PB_GetState
<LI><a href="#[74]">&gt;&gt;</a>&nbsp;&nbsp;&nbsp;BSP_LED_Init
<LI><a href="#[70]">&gt;&gt;</a>&nbsp;&nbsp;&nbsp;BSP_COM_Init
<LI><a href="#[6b]">&gt;&gt;</a>&nbsp;&nbsp;&nbsp;Add_Sample_Service
<LI><a href="#[88]">&gt;&gt;</a>&nbsp;&nbsp;&nbsp;HAL_Delay
<LI><a href="#[91]">&gt;&gt;</a>&nbsp;&nbsp;&nbsp;__2printf
</UL>
<BR>[Called By]<UL><LI><a href="#[86]">&gt;&gt;</a>&nbsp;&nbsp;&nbsp;ForwardFrame
<LI><a href="#[c1]">&gt;&gt;</a>&nbsp;&nbsp;&nbsp;Process_BlueNRG_MS
<LI><a href="#[55]">&gt;&gt;</a>&nbsp;&nbsp;&nbsp;main
</UL>

<P><STRONG><a name="[8b]"></a>Process_Enable_Notification_BlueNRG_MS</STRONG> (Thumb, 76 bytes, Stack size 16 bytes, app_x-cube-ble1.o(i.Process_Enable_Notification_BlueNRG_MS))
<BR><BR>[Stack]<UL><LI>Max Depth = 436<LI>Call Chain = Process_Enable_Notification_BlueNRG_MS &rArr; enableNotification &rArr; aci_gatt_write_charac_descriptor &rArr; hci_send_req &rArr; move_list &rArr; list_remove_tail
</UL>
<BR>[Calls]<UL><LI><a href="#[ca]">&gt;&gt;</a>&nbsp;&nbsp;&nbsp;startReadTXCharHandle
<LI><a href="#[cb]">&gt;&gt;</a>&nbsp;&nbsp;&nbsp;startReadRXCharHandle
<LI><a href="#[cc]">&gt;&gt;</a>&nbsp;&nbsp;&nbsp;enableNotification
<LI><a href="#[76]">&gt;&gt;</a>&nbsp;&nbsp;&nbsp;BSP_LED_Off
</UL>
<BR>[Called By]<UL><LI><a href="#[6f]">&gt;&gt;</a>&nbsp;&nbsp;&nbsp;receiveData
<LI><a href="#[86]">&gt;&gt;</a>&nbsp;&nbsp;&nbsp;ForwardFrame
<LI><a href="#[c1]">&gt;&gt;</a>&nbsp;&nbsp;&nbsp;Process_BlueNRG_MS
</UL>

<P><STRONG><a name="[8a]"></a>Process_Mesh_Start_BlueNRG_Connection</STRONG> (Thumb, 268 bytes, Stack size 48 bytes, app_x-cube-ble1.o(i.Process_Mesh_Start_BlueNRG_Connection))
<BR><BR>[Stack]<UL><LI>Max Depth = 468<LI>Call Chain = Process_Mesh_Start_BlueNRG_Connection &rArr; Add_Sample_Service &rArr; aci_gatt_add_char &rArr; hci_send_req &rArr; move_list &rArr; list_remove_tail
</UL>
<BR>[Calls]<UL><LI><a href="#[c4]">&gt;&gt;</a>&nbsp;&nbsp;&nbsp;hci_reset
<LI><a href="#[c2]">&gt;&gt;</a>&nbsp;&nbsp;&nbsp;hci_init
<LI><a href="#[c5]">&gt;&gt;</a>&nbsp;&nbsp;&nbsp;aci_hal_write_config_data
<LI><a href="#[c9]">&gt;&gt;</a>&nbsp;&nbsp;&nbsp;aci_hal_set_tx_power_level
<LI><a href="#[c6]">&gt;&gt;</a>&nbsp;&nbsp;&nbsp;aci_gatt_init
<LI><a href="#[c8]">&gt;&gt;</a>&nbsp;&nbsp;&nbsp;aci_gap_set_auth_requirement
<LI><a href="#[c7]">&gt;&gt;</a>&nbsp;&nbsp;&nbsp;aci_gap_init_IDB05A1
<LI><a href="#[cd]">&gt;&gt;</a>&nbsp;&nbsp;&nbsp;aci_gap_create_connection
<LI><a href="#[77]">&gt;&gt;</a>&nbsp;&nbsp;&nbsp;BSP_LED_On
<LI><a href="#[6b]">&gt;&gt;</a>&nbsp;&nbsp;&nbsp;Add_Sample_Service
<LI><a href="#[88]">&gt;&gt;</a>&nbsp;&nbsp;&nbsp;HAL_Delay
<LI><a href="#[75]">&gt;&gt;</a>&nbsp;&nbsp;&nbsp;HAL_GPIO_WritePin
<LI><a href="#[91]">&gt;&gt;</a>&nbsp;&nbsp;&nbsp;__2printf
</UL>
<BR>[Called By]<UL><LI><a href="#[86]">&gt;&gt;</a>&nbsp;&nbsp;&nbsp;ForwardFrame
<LI><a href="#[c1]">&gt;&gt;</a>&nbsp;&nbsp;&nbsp;Process_BlueNRG_MS
</UL>

<P><STRONG><a name="[89]"></a>Process_Mesh_Start_Listen_Connection</STRONG> (Thumb, 200 bytes, Stack size 40 bytes, app_x-cube-ble1.o(i.Process_Mesh_Start_Listen_Connection))
<BR><BR>[Stack]<UL><LI>Max Depth = 460<LI>Call Chain = Process_Mesh_Start_Listen_Connection &rArr; Add_Sample_Service &rArr; aci_gatt_add_char &rArr; hci_send_req &rArr; move_list &rArr; list_remove_tail
</UL>
<BR>[Calls]<UL><LI><a href="#[c4]">&gt;&gt;</a>&nbsp;&nbsp;&nbsp;hci_reset
<LI><a href="#[ce]">&gt;&gt;</a>&nbsp;&nbsp;&nbsp;hci_le_set_scan_resp_data
<LI><a href="#[c2]">&gt;&gt;</a>&nbsp;&nbsp;&nbsp;hci_init
<LI><a href="#[c5]">&gt;&gt;</a>&nbsp;&nbsp;&nbsp;aci_hal_write_config_data
<LI><a href="#[c9]">&gt;&gt;</a>&nbsp;&nbsp;&nbsp;aci_hal_set_tx_power_level
<LI><a href="#[c6]">&gt;&gt;</a>&nbsp;&nbsp;&nbsp;aci_gatt_init
<LI><a href="#[cf]">&gt;&gt;</a>&nbsp;&nbsp;&nbsp;aci_gap_set_discoverable
<LI><a href="#[c8]">&gt;&gt;</a>&nbsp;&nbsp;&nbsp;aci_gap_set_auth_requirement
<LI><a href="#[c7]">&gt;&gt;</a>&nbsp;&nbsp;&nbsp;aci_gap_init_IDB05A1
<LI><a href="#[6b]">&gt;&gt;</a>&nbsp;&nbsp;&nbsp;Add_Sample_Service
<LI><a href="#[88]">&gt;&gt;</a>&nbsp;&nbsp;&nbsp;HAL_Delay
<LI><a href="#[91]">&gt;&gt;</a>&nbsp;&nbsp;&nbsp;__2printf
</UL>
<BR>[Called By]<UL><LI><a href="#[86]">&gt;&gt;</a>&nbsp;&nbsp;&nbsp;ForwardFrame
<LI><a href="#[c1]">&gt;&gt;</a>&nbsp;&nbsp;&nbsp;Process_BlueNRG_MS
<LI><a href="#[55]">&gt;&gt;</a>&nbsp;&nbsp;&nbsp;main
</UL>

<P><STRONG><a name="[f1]"></a>Process_frame_Deformulation</STRONG> (Thumb, 52 bytes, Stack size 16 bytes, sample_service.o(i.Process_frame_Deformulation))
<BR><BR>[Stack]<UL><LI>Max Depth = 16<LI>Call Chain = Process_frame_Deformulation
</UL>
<BR>[Called By]<UL><LI><a href="#[6f]">&gt;&gt;</a>&nbsp;&nbsp;&nbsp;receiveData
</UL>

<P><STRONG><a name="[8e]"></a>Process_frame_formulation</STRONG> (Thumb, 130 bytes, Stack size 40 bytes, sample_service.o(i.Process_frame_formulation))
<BR><BR>[Stack]<UL><LI>Max Depth = 452<LI>Call Chain = Process_frame_formulation &rArr; sendData &rArr; aci_gatt_update_char_value &rArr; hci_send_req &rArr; move_list &rArr; list_remove_tail
</UL>
<BR>[Calls]<UL><LI><a href="#[8f]">&gt;&gt;</a>&nbsp;&nbsp;&nbsp;sendData
<LI><a href="#[75]">&gt;&gt;</a>&nbsp;&nbsp;&nbsp;HAL_GPIO_WritePin
<LI><a href="#[d0]">&gt;&gt;</a>&nbsp;&nbsp;&nbsp;malloc
<LI><a href="#[d1]">&gt;&gt;</a>&nbsp;&nbsp;&nbsp;free
</UL>
<BR>[Called By]<UL><LI><a href="#[86]">&gt;&gt;</a>&nbsp;&nbsp;&nbsp;ForwardFrame
<LI><a href="#[c1]">&gt;&gt;</a>&nbsp;&nbsp;&nbsp;Process_BlueNRG_MS
</UL>

<P><STRONG><a name="[ab]"></a>RTC_EnterInitMode</STRONG> (Thumb, 58 bytes, Stack size 16 bytes, stm32f3xx_hal_rtc.o(i.RTC_EnterInitMode))
<BR><BR>[Stack]<UL><LI>Max Depth = 16<LI>Call Chain = RTC_EnterInitMode
</UL>
<BR>[Calls]<UL><LI><a href="#[73]">&gt;&gt;</a>&nbsp;&nbsp;&nbsp;HAL_GetTick
</UL>
<BR>[Called By]<UL><LI><a href="#[a9]">&gt;&gt;</a>&nbsp;&nbsp;&nbsp;HAL_RTC_Init
</UL>

<P><STRONG><a name="[7]"></a>SVC_Handler</STRONG> (Thumb, 2 bytes, Stack size 0 bytes, stm32f3xx_it.o(i.SVC_Handler))
<BR>[Address Reference Count : 1]<UL><LI> startup_stm32f303xe.o(RESET)
</UL>
<P><STRONG><a name="[a]"></a>SysTick_Handler</STRONG> (Thumb, 4 bytes, Stack size 0 bytes, stm32f3xx_it.o(i.SysTick_Handler))
<BR><BR>[Calls]<UL><LI><a href="#[d4]">&gt;&gt;</a>&nbsp;&nbsp;&nbsp;HAL_IncTick
</UL>
<BR>[Address Reference Count : 1]<UL><LI> startup_stm32f303xe.o(RESET)
</UL>
<P><STRONG><a name="[d5]"></a>SystemClock_Config</STRONG> (Thumb, 114 bytes, Stack size 160 bytes, main.o(i.SystemClock_Config))
<BR><BR>[Stack]<UL><LI>Max Depth = 224<LI>Call Chain = SystemClock_Config &rArr; HAL_RCC_ClockConfig &rArr; HAL_InitTick &rArr; HAL_NVIC_SetPriority
</UL>
<BR>[Calls]<UL><LI><a href="#[a8]">&gt;&gt;</a>&nbsp;&nbsp;&nbsp;HAL_RCC_OscConfig
<LI><a href="#[a6]">&gt;&gt;</a>&nbsp;&nbsp;&nbsp;HAL_RCC_ClockConfig
<LI><a href="#[a5]">&gt;&gt;</a>&nbsp;&nbsp;&nbsp;HAL_RCCEx_PeriphCLKConfig
<LI><a href="#[b5]">&gt;&gt;</a>&nbsp;&nbsp;&nbsp;__aeabi_memclr4
</UL>
<BR>[Called By]<UL><LI><a href="#[55]">&gt;&gt;</a>&nbsp;&nbsp;&nbsp;main
</UL>

[...]
</UL>
<BR>[Called By]<UL><LI><a href="#[89]">&gt;&gt;</a>&nbsp;&nbsp;&nbsp;Process_Mesh_Start_Listen_Connection
</UL>

<P><STRONG><a name="[e7]"></a>hci_notify_asynch_evt</STRONG> (Thumb, 94 bytes, Stack size 16 bytes, hci_tl.o(i.hci_notify_asynch_evt))
<BR><BR>[Stack]<UL><LI>Max Depth = 28<LI>Call Chain = hci_notify_asynch_evt &rArr; list_remove_head
</UL>
<BR>[Calls]<UL><LI><a href="#[e9]">&gt;&gt;</a>&nbsp;&nbsp;&nbsp;list_remove_head
<LI><a href="#[e8]">&gt;&gt;</a>&nbsp;&nbsp;&nbsp;list_is_empty
<LI><a href="#[e6]">&gt;&gt;</a>&nbsp;&nbsp;&nbsp;list_insert_tail
<LI><a href="#[ea]">&gt;&gt;</a>&nbsp;&nbsp;&nbsp;list_insert_head
</UL>
<BR>[Called By]<UL><LI><a href="#[60]">&gt;&gt;</a>&nbsp;&nbsp;&nbsp;hci_tl_lowlevel_isr
</UL>

<P><STRONG><a name="[ed]"></a>hci_register_io_bus</STRONG> (Thumb, 24 bytes, Stack size 0 bytes, hci_tl.o(i.hci_register_io_bus))
<BR><BR>[Called By]<UL><LI><a href="#[e4]">&gt;&gt;</a>&nbsp;&nbsp;&nbsp;hci_tl_lowlevel_init
</UL>

<P><STRONG><a name="[c4]"></a>hci_reset</STRONG> (Thumb, 54 bytes, Stack size 32 bytes, hci_le.o(i.hci_reset))
<BR><BR>[Stack]<UL><LI>Max Depth = 244<LI>Call Chain = hci_reset &rArr; hci_send_req &rArr; move_list &rArr; list_remove_tail
</UL>
<BR>[Calls]<UL><LI><a href="#[dc]">&gt;&gt;</a>&nbsp;&nbsp;&nbsp;hci_send_req
<LI><a href="#[b5]">&gt;&gt;</a>&nbsp;&nbsp;&nbsp;__aeabi_memclr4
</UL>
<BR>[Called By]<UL><LI><a href="#[8a]">&gt;&gt;</a>&nbsp;&nbsp;&nbsp;Process_Mesh_Start_BlueNRG_Connection
<LI><a href="#[89]">&gt;&gt;</a>&nbsp;&nbsp;&nbsp;Process_Mesh_Start_Listen_Connection
<LI><a href="#[87]">&gt;&gt;</a>&nbsp;&nbsp;&nbsp;Process_BlueNRG_MS_Init
</UL>

<P><STRONG><a name="[dc]"></a>hci_send_req</STRONG> (Thumb, 382 bytes, Stack size 184 bytes, hci_tl.o(i.hci_send_req))
<BR><BR>[Stack]<UL><LI>Max Depth = 212<LI>Call Chain = hci_send_req &rArr; move_list &rArr; list_remove_tail
</UL>
<BR>[Calls]<UL><LI><a href="#[73]">&gt;&gt;</a>&nbsp;&nbsp;&nbsp;HAL_GetTick
<LI><a href="#[e9]">&gt;&gt;</a>&nbsp;&nbsp;&nbsp;list_remove_head
<LI><a href="#[e8]">&gt;&gt;</a>&nbsp;&nbsp;&nbsp;list_is_empty
<LI><a href="#[e6]">&gt;&gt;</a>&nbsp;&nbsp;&nbsp;list_insert_tail
<LI><a href="#[ea]">&gt;&gt;</a>&nbsp;&nbsp;&nbsp;list_insert_head
<LI><a href="#[e5]">&gt;&gt;</a>&nbsp;&nbsp;&nbsp;list_init_head
<LI><a href="#[eb]">&gt;&gt;</a>&nbsp;&nbsp;&nbsp;list_get_size
<LI><a href="#[ec]">&gt;&gt;</a>&nbsp;&nbsp;&nbsp;move_list
<LI><a href="#[dd]">&gt;&gt;</a>&nbsp;&nbsp;&nbsp;__aeabi_memcpy
</UL>
<BR>[Called By]<UL><LI><a href="#[e2]">&gt;&gt;</a>&nbsp;&nbsp;&nbsp;aci_gatt_write_without_response
<LI><a href="#[e1]">&gt;&gt;</a>&nbsp;&nbsp;&nbsp;aci_gatt_write_charac_descriptor
<LI><a href="#[e0]">&gt;&gt;</a>&nbsp;&nbsp;&nbsp;aci_gatt_update_char_value
<LI><a href="#[df]">&gt;&gt;</a>&nbsp;&nbsp;&nbsp;aci_gatt_disc_charac_by_uuid
<LI><a href="#[6c]">&gt;&gt;</a>&nbsp;&nbsp;&nbsp;aci_gatt_add_serv
<LI><a href="#[6d]">&gt;&gt;</a>&nbsp;&nbsp;&nbsp;aci_gatt_add_char
<LI><a href="#[de]">&gt;&gt;</a>&nbsp;&nbsp;&nbsp;aci_gap_terminate
<LI><a href="#[c4]">&gt;&gt;</a>&nbsp;&nbsp;&nbsp;hci_reset
<LI><a href="#[ce]">&gt;&gt;</a>&nbsp;&nbsp;&nbsp;hci_le_set_scan_resp_data
<LI><a href="#[c5]">&gt;&gt;</a>&nbsp;&nbsp;&nbsp;aci_hal_write_config_data
<LI><a href="#[c9]">&gt;&gt;</a>&nbsp;&nbsp;&nbsp;aci_hal_set_tx_power_level
<LI><a href="#[c6]">&gt;&gt;</a>&nbsp;&nbsp;&nbsp;aci_gatt_init
<LI><a href="#[cf]">&gt;&gt;</a>&nbsp;&nbsp;&nbsp;aci_gap_set_discoverable
<LI><a href="#[c8]">&gt;&gt;</a>&nbsp;&nbsp;&nbsp;aci_gap_set_auth_requirement
<LI><a href="#[c7]">&gt;&gt;</a>&nbsp;&nbsp;&nbsp;aci_gap_init_IDB05A1
<LI><a href="#[cd]">&gt;&gt;</a>&nbsp;&nbsp;&nbsp;aci_gap_create_connection
<LI><a href="#[e3]">&gt;&gt;</a>&nbsp;&nbsp;&nbsp;hci_le_read_local_version
</UL>

<P><STRONG><a name="[e4]"></a>hci_tl_lowlevel_init</STRONG> (Thumb, 72 bytes, Stack size 32 bytes, hci_tl_interface.o(i.hci_tl_lowlevel_init))
<BR><BR>[Stack]<UL><LI>Max Depth = 48<LI>Call Chain = hci_tl_lowlevel_init &rArr; HAL_NVIC_SetPriority
</UL>
<BR>[Calls]<UL><LI><a href="#[ed]">&gt;&gt;</a>&nbsp;&nbsp;&nbsp;hci_register_io_bus
<LI><a href="#[7c]">&gt;&gt;</a>&nbsp;&nbsp;&nbsp;HAL_EXTI_RegisterCallback
<LI><a href="#[7b]">&gt;&gt;</a>&nbsp;&nbsp;&nbsp;HAL_EXTI_GetHandle
<LI><a href="#[7d]">&gt;&gt;</a>&nbsp;&nbsp;&nbsp;HAL_NVIC_SetPriority
<LI><a href="#[7e]">&gt;&gt;</a>&nbsp;&nbsp;&nbsp;HAL_NVIC_EnableIRQ
</UL>
<BR>[Called By]<UL><LI><a href="#[c2]">&gt;&gt;</a>&nbsp;&nbsp;&nbsp;hci_init
</UL>

<P><STRONG><a name="[60]"></a>hci_tl_lowlevel_isr</STRONG> (Thumb, 32 bytes, Stack size 16 bytes, hci_tl_interface.o(i.hci_tl_lowlevel_isr))
<BR><BR>[Stack]<UL><LI>Max Depth = 44<LI>Call Chain = hci_tl_lowlevel_isr &rArr; hci_notify_asynch_evt &rArr; list_remove_head
</UL>
<BR>[Calls]<UL><LI><a href="#[e7]">&gt;&gt;</a>&nbsp;&nbsp;&nbsp;hci_notify_asynch_evt
<LI><a href="#[79]">&gt;&gt;</a>&nbsp;&nbsp;&nbsp;HAL_GPIO_ReadPin
</UL>
<BR>[Address Reference Count : 1]<UL><LI> hci_tl_interface.o(i.hci_tl_lowlevel_init)
</UL>
<P><STRONG><a name="[8c]"></a>hci_user_evt_proc</STRONG> (Thumb, 50 bytes, Stack size 16 bytes, hci_tl.o(i.hci_user_evt_proc))
<BR><BR>[Stack]<UL><LI>Max Depth = 28<LI>Call Chain = hci_user_evt_proc &rArr; list_remove_head
</UL>
<BR>[Calls]<UL><LI><a href="#[e9]">&gt;&gt;</a>&nbsp;&nbsp;&nbsp;list_remove_head
<LI><a href="#[e8]">&gt;&gt;</a>&nbsp;&nbsp;&nbsp;list_is_empty
<LI><a href="#[e6]">&gt;&gt;</a>&nbsp;&nbsp;&nbsp;list_insert_tail
</UL>
<BR>[Called By]<UL><LI><a href="#[6f]">&gt;&gt;</a>&nbsp;&nbsp;&nbsp;receiveData
<LI><a href="#[86]">&gt;&gt;</a>&nbsp;&nbsp;&nbsp;ForwardFrame
<LI><a href="#[c1]">&gt;&gt;</a>&nbsp;&nbsp;&nbsp;Process_BlueNRG_MS
</UL>

<P><STRONG><a name="[ee]"></a>initialize_Node</STRONG> (Thumb, 112 bytes, Stack size 8 bytes, app_x-cube-ble1.o(i.initialize_Node))
<BR><BR>[Stack]<UL><LI>Max Depth = 8<LI>Call Chain = initialize_Node
</UL>
<BR>[Calls]<UL><LI><a href="#[dd]">&gt;&gt;</a>&nbsp;&nbsp;&nbsp;__aeabi_memcpy
</UL>
<BR>[Called By]<UL><LI><a href="#[55]">&gt;&gt;</a>&nbsp;&nbsp;&nbsp;main
</UL>

<P><STRONG><a name="[eb]"></a>list_get_size</STRONG> (Thumb, 28 bytes, Stack size 0 bytes, ble_list.o(i.list_get_size))
<BR><BR>[Called By]<UL><LI><a href="#[dc]">&gt;&gt;</a>&nbsp;&nbsp;&nbsp;hci_send_req
</UL>

<P><STRONG><a name="[e5]"></a>list_init_head</STRONG> (Thumb, 6 bytes, Stack size 0 bytes, ble_list.o(i.list_init_head))
<BR><BR>[Called By]<UL><LI><a href="#[c2]">&gt;&gt;</a>&nbsp;&nbsp;&nbsp;hci_init
<LI><a href="#[dc]">&gt;&gt;</a>&nbsp;&nbsp;&nbsp;hci_send_req
</UL>

<P><STRONG><a name="[ea]"></a>list_insert_head</STRONG> (Thumb, 24 bytes, Stack size 0 bytes, ble_list.o(i.list_insert_head))
<BR><BR>[Called By]<UL><LI><a href="#[e7]">&gt;&gt;</a>&nbsp;&nbsp;&nbsp;hci_notify_asynch_evt
<LI><a href="#[ec]">&gt;&gt;</a>&nbsp;&nbsp;&nbsp;move_list
<LI><a href="#[dc]">&gt;&gt;</a>&nbsp;&nbsp;&nbsp;hci_send_req
</UL>

<P><STRONG><a name="[e6]"></a>list_insert_tail</STRONG> (Thumb, 24 bytes, Stack size 0 bytes, ble_list.o(i.list_insert_tail))
<BR><BR>[Called By]<UL><LI><a href="#[8c]">&gt;&gt;</a>&nbsp;&nbsp;&nbsp;hci_user_evt_proc
<LI><a href="#[c2]">&gt;&gt;</a>&nbsp;&nbsp;&nbsp;hci_init
<LI><a href="#[e7]">&gt;&gt;</a>&nbsp;&nbsp;&nbsp;hci_notify_asynch_evt
<LI><a href="#[dc]">&gt;&gt;</a>&nbsp;&nbsp;&nbsp;hci_send_req
</UL>

<P><STRONG><a name="[e8]"></a>list_is_empty</STRONG> (Thumb, 24 bytes, Stack size 0 bytes, ble_list.o(i.list_is_empty))
<BR><BR>[Called By]<UL><LI><a href="#[8c]">&gt;&gt;</a>&nbsp;&nbsp;&nbsp;hci_user_evt_proc
<LI><a href="#[e7]">&gt;&gt;</a>&nbsp;&nbsp;&nbsp;hci_notify_asynch_evt
<LI><a href="#[ec]">&gt;&gt;</a>&nbsp;&nbsp;&nbsp;move_list
<LI><a href="#[dc]">&gt;&gt;</a>&nbsp;&nbsp;&nbsp;hci_send_req
</UL>

<P><STRONG><a name="[e9]"></a>list_remove_head</STRONG> (Thumb, 36 bytes, Stack size 12 bytes, ble_list.o(i.list_remove_head))
<BR><BR>[Stack]<UL><LI>Max Depth = 12<LI>Call Chain = list_remove_head
</UL>
<BR>[Calls]<UL><LI><a href="#[ef]">&gt;&gt;</a>&nbsp;&nbsp;&nbsp;list_remove_node
</UL>
<BR>[Called By]<UL><LI><a href="#[8c]">&gt;&gt;</a>&nbsp;&nbsp;&nbsp;hci_user_evt_proc
<LI><a href="#[e7]">&gt;&gt;</a>&nbsp;&nbsp;&nbsp;hci_notify_asynch_evt
<LI><a href="#[dc]">&gt;&gt;</a>&nbsp;&nbsp;&nbsp;hci_send_req
</UL>

<P><STRONG><a name="[ef]"></a>list_remove_node</STRONG> (Thumb, 22 bytes, Stack size 0 bytes, ble_list.o(i.list_remove_node))
<BR><BR>[Called By]<UL><LI><a href="#[f0]">&gt;&gt;</a>&nbsp;&nbsp;&nbsp;list_remove_tail
<LI><a href="#[e9]">&gt;&gt;</a>&nbsp;&nbsp;&nbsp;list_remove_head
</UL>

<P><STRONG><a name="[f0]"></a>list_remove_tail</STRONG> (Thumb, 36 bytes, Stack size 12 bytes, ble_list.o(i.list_remove_tail))
<BR><BR>[Stack]<UL><LI>Max Depth = 12<LI>Call Chain = list_remove_tail
</UL>
<BR>[Calls]<UL><LI><a href="#[ef]">&gt;&gt;</a>&nbsp;&nbsp;&nbsp;list_remove_node
</UL>
<BR>[Called By]<UL><LI><a href="#[ec]">&gt;&gt;</a>&nbsp;&nbsp;&nbsp;move_list
</UL>

<P><STRONG><a name="[55]"></a>main</STRONG> (Thumb, 98 bytes, Stack size 0 bytes, main.o(i.main))
<BR><BR>[Stack]<UL><LI>Max Depth = 500<LI>Call Chain = main &rArr; Process_BlueNRG_MS &rArr; Process_Mesh_Start_BlueNRG_Connection &rArr; Add_Sample_Service &rArr; aci_gatt_add_char &rArr; hci_send_req &rArr; move_list &rArr; list_remove_tail
</UL>
<BR>[Calls]<UL><LI><a href="#[ee]">&gt;&gt;</a>&nbsp;&nbsp;&nbsp;initialize_Node
<LI><a href="#[89]">&gt;&gt;</a>&nbsp;&nbsp;&nbsp;Process_Mesh_Start_Listen_Connection
<LI><a href="#[87]">&gt;&gt;</a>&nbsp;&nbsp;&nbsp;Process_BlueNRG_MS_Init
<LI><a href="#[c1]">&gt;&gt;</a>&nbsp;&nbsp;&nbsp;Process_BlueNRG_MS
<LI><a href="#[a9]">&gt;&gt;</a>&nbsp;&nbsp;&nbsp;HAL_RTC_Init
<LI><a href="#[a3]">&gt;&gt;</a>&nbsp;&nbsp;&nbsp;HAL_PCD_Init
<LI><a href="#[94]">&gt;&gt;</a>&nbsp;&nbsp;&nbsp;HAL_Init
<LI><a href="#[d5]">&gt;&gt;</a>&nbsp;&nbsp;&nbsp;SystemClock_Config
<LI><a href="#[bb]">&gt;&gt;</a>&nbsp;&nbsp;&nbsp;MX_USART3_UART_Init
<LI><a href="#[b9]">&gt;&gt;</a>&nbsp;&nbsp;&nbsp;MX_GPIO_Init
</UL>
<BR>[Address Reference Count : 1]<UL><LI> entry9a.o(.ARM.Collect$$$$0000000B)
</UL>
<P><STRONG><a name="[d0]"></a>malloc</STRONG> (Thumb, 92 bytes, Stack size 20 bytes, malloc.o(i.malloc))
<BR><BR>[Stack]<UL><LI>Max Depth = 20<LI>Call Chain = malloc
</UL>
<BR>[Called By]<UL><LI><a href="#[8e]">&gt;&gt;</a>&nbsp;&nbsp;&nbsp;Process_frame_formulation
</UL>

<P><STRONG><a name="[6f]"></a>receiveData</STRONG> (Thumb, 358 bytes, Stack size 48 bytes, sample_service.o(i.receiveData))
<BR><BR>[Stack]<UL><LI>Max Depth = 548<LI>Call Chain = receiveData &rArr; ForwardFrame &rArr; Process_Mesh_Start_BlueNRG_Connection &rArr; Add_Sample_Service &rArr; aci_gatt_add_char &rArr; hci_send_req &rArr; move_list &rArr; list_remove_tail
</UL>
<BR>[Calls]<UL><LI><a href="#[de]">&gt;&gt;</a>&nbsp;&nbsp;&nbsp;aci_gap_terminate
<LI><a href="#[8f]">&gt;&gt;</a>&nbsp;&nbsp;&nbsp;sendData
<LI><a href="#[f1]">&gt;&gt;</a>&nbsp;&nbsp;&nbsp;Process_frame_Deformulation
<LI><a href="#[86]">&gt;&gt;</a>&nbsp;&nbsp;&nbsp;ForwardFrame
<LI><a href="#[8c]">&gt;&gt;</a>&nbsp;&nbsp;&nbsp;hci_user_evt_proc
<LI><a href="#[8b]">&gt;&gt;</a>&nbsp;&nbsp;&nbsp;Process_Enable_Notification_BlueNRG_MS
<LI><a href="#[88]">&gt;&gt;</a>&nbsp;&nbsp;&nbsp;HAL_Delay
<LI><a href="#[75]">&gt;&gt;</a>&nbsp;&nbsp;&nbsp;HAL_GPIO_WritePin
<LI><a href="#[91]">&gt;&gt;</a>&nbsp;&nbsp;&nbsp;__2printf
</UL>
<BR>[Called By]<UL><LI><a href="#[93]">&gt;&gt;</a>&nbsp;&nbsp;&nbsp;GATT_Notification_CB
<LI><a href="#[6e]">&gt;&gt;</a>&nbsp;&nbsp;&nbsp;Attribute_Modified_CB
</UL>

<P><STRONG><a name="[8f]"></a>sendData</STRONG> (Thumb, 52 bytes, Stack size 16 bytes, sample_service.o(i.sendData))
<BR><BR>[Stack]<UL><LI>Max Depth = 412<LI>Call Chain = sendData &rArr; aci_gatt_update_char_value &rArr; hci_send_req &rArr; move_list &rArr; list_remove_tail
</UL>
<BR>[Calls]<UL><LI><a href="#[e2]">&gt;&gt;</a>&nbsp;&nbsp;&nbsp;aci_gatt_write_without_response
<LI><a href="#[e0]">&gt;&gt;</a>&nbsp;&nbsp;&nbsp;aci_gatt_update_char_value
</UL>
<BR>[Called By]<UL><LI><a href="#[6f]">&gt;&gt;</a>&nbsp;&nbsp;&nbsp;receiveData
<LI><a href="#[86]">&gt;&gt;</a>&nbsp;&nbsp;&nbsp;ForwardFrame
<LI><a href="#[8e]">&gt;&gt;</a>&nbsp;&nbsp;&nbsp;Process_frame_formulation
</UL>

<P><STRONG><a name="[cb]"></a>startReadRXCharHandle</STRONG> (Thumb, 50 bytes, Stack size 32 bytes, sample_service.o(i.startReadRXCharHandle))
<BR><BR>[Stack]<UL><LI>Max Depth = 332<LI>Call Chain = startReadRXCharHandle &rArr; aci_gatt_disc_charac_by_uuid &rArr; hci_send_req &rArr; move_list &rArr; list_remove_tail
</UL>
<BR>[Calls]<UL><LI><a href="#[df]">&gt;&gt;</a>&nbsp;&nbsp;&nbsp;aci_gatt_disc_charac_by_uuid
</UL>
<BR>[Called By]<UL><LI><a href="#[8b]">&gt;&gt;</a>&nbsp;&nbsp;&nbsp;Process_Enable_Notification_BlueNRG_MS
</UL>

<P><STRONG><a name="[ca]"></a>startReadTXCharHandle</STRONG> (Thumb, 50 bytes, Stack size 32 bytes, sample_service.o(i.startReadTXCharHandle))
<BR><BR>[Stack]<UL><LI>Max Depth = 332<LI>Call Chain = startReadTXCharHandle &rArr; aci_gatt_disc_charac_by_uuid &rArr; hci_send_req &rArr; move_list &rArr; list_remove_tail
</UL>
<BR>[Calls]<UL><LI><a href="#[df]">&gt;&gt;</a>&nbsp;&nbsp;&nbsp;aci_gatt_disc_charac_by_uuid
</UL>
<BR>[Called By]<UL><LI><a href="#[8b]">&gt;&gt;</a>&nbsp;&nbsp;&nbsp;Process_Enable_Notification_BlueNRG_MS
</UL>

<P><STRONG><a name="[58]"></a>user_notify</STRONG> (Thumb, 196 bytes, Stack size 0 bytes, sample_service.o(i.user_notify))
<BR><BR>[Stack]<UL><LI>Max Depth = 556<LI>Call Chain = user_notify &rArr; Attribute_Modified_CB &rArr; receiveData &rArr; ForwardFrame &rArr; Process_Mesh_Start_BlueNRG_Connection &rArr; Add_Sample_Service &rArr; aci_gatt_add_char &rArr; hci_send_req &rArr; move_list &rArr; list_remove_tail
</UL>
<BR>[Calls]<UL><LI><a href="#[93]">&gt;&gt;</a>&nbsp;&nbsp;&nbsp;GATT_Notification_CB
<LI><a href="#[92]">&gt;&gt;</a>&nbsp;&nbsp;&nbsp;GAP_DisconnectionComplete_CB
<LI><a href="#[90]">&gt;&gt;</a>&nbsp;&nbsp;&nbsp;GAP_ConnectionComplete_CB
<LI><a href="#[6e]">&gt;&gt;</a>&nbsp;&nbsp;&nbsp;Attribute_Modified_CB
<LI><a href="#[91]">&gt;&gt;</a>&nbsp;&nbsp;&nbsp;__2printf
</UL>
<BR>[Address Reference Count : 3]<UL><LI> app_x-cube-ble1.o(i.Process_BlueNRG_MS_Init)
<LI> app_x-cube-ble1.o(i.Process_Mesh_Start_BlueNRG_Connection)
<LI> app_x-cube-ble1.o(i.Process_Mesh_Start_Listen_Connection)
</UL><P>
<H3>
Local Symbols
</H3>
<P><STRONG><a name="[b9]"></a>MX_GPIO_Init</STRONG> (Thumb, 370 bytes, Stack size 64 bytes, main.o(i.MX_GPIO_Init))
<BR><BR>[Stack]<UL><LI>Max Depth = 104<LI>Call Chain = MX_GPIO_Init &rArr; HAL_GPIO_Init
</UL>
<BR>[Calls]<UL><LI><a href="#[7d]">&gt;&gt;</a>&nbsp;&nbsp;&nbsp;HAL_NVIC_SetPriority
<LI><a href="#[7e]">&gt;&gt;</a>&nbsp;&nbsp;&nbsp;HAL_NVIC_EnableIRQ
<LI><a href="#[ba]">&gt;&gt;</a>&nbsp;&nbsp;&nbsp;HAL_I2CEx_EnableFastModePlus
<LI><a href="#[75]">&gt;&gt;</a>&nbsp;&nbsp;&nbsp;HAL_GPIO_WritePin
<LI><a href="#[71]">&gt;&gt;</a>&nbsp;&nbsp;&nbsp;HAL_GPIO_Init
<LI><a href="#[b5]">&gt;&gt;</a>&nbsp;&nbsp;&nbsp;__aeabi_memclr4
</UL>
<BR>[Called By]<UL><LI><a href="#[55]">&gt;&gt;</a>&nbsp;&nbsp;&nbsp;main
</UL>

<P><STRONG><a name="[bb]"></a>MX_USART3_UART_Init</STRONG> (Thumb, 36 bytes, Stack size 0 bytes, main.o(i.MX_USART3_UART_Init))
<BR><BR>[Stack]<UL><LI>Max Depth = 80<LI>Call Chain = MX_USART3_UART_Init &rArr; HAL_UART_Init &rArr; HAL_UART_MspInit &rArr; HAL_GPIO_Init
</UL>
<BR>[Calls]<UL><LI><a href="#[b0]">&gt;&gt;</a>&nbsp;&nbsp;&nbsp;HAL_UART_Init
</UL>
<BR>[Called By]<UL><LI><a href="#[55]">&gt;&gt;</a>&nbsp;&nbsp;&nbsp;main
</UL>

<P><STRONG><a name="[61]"></a>BUTTON_USER_EXTI_Callback</STRONG> (Thumb, 10 bytes, Stack size 8 bytes, stm32f3xx_nucleo.o(i.BUTTON_USER_EXTI_Callback))
<BR><BR>[Stack]<UL><LI>Max Depth = 8<LI>Call Chain = BUTTON_USER_EXTI_Callback
</UL>
<BR>[Calls]<UL><LI><a href="#[84]">&gt;&gt;</a>&nbsp;&nbsp;&nbsp;BSP_PB_Callback
</UL>
<BR>[Address Reference Count : 1]<UL><LI> stm32f3xx_nucleo.o(.constdata)
</UL>
<P><STRONG><a name="[af]"></a>SPI_EndRxTxTransaction</STRONG> (Thumb, 72 bytes, Stack size 24 bytes, stm32f3xx_hal_spi.o(i.SPI_EndRxTxTransaction))
<BR><BR>[Stack]<UL><LI>Max Depth = 56<LI>Call Chain = SPI_EndRxTxTransaction &rArr; SPI_WaitFifoStateUntilTimeout
</UL>
<BR>[Calls]<UL><LI><a href="#[d3]">&gt;&gt;</a>&nbsp;&nbsp;&nbsp;SPI_WaitFlagStateUntilTimeout
<LI><a href="#[d2]">&gt;&gt;</a>&nbsp;&nbsp;&nbsp;SPI_WaitFifoStateUntilTimeout
</UL>
<BR>[Called By]<UL><LI><a href="#[83]">&gt;&gt;</a>&nbsp;&nbsp;&nbsp;HAL_SPI_TransmitReceive
</UL>

<P><STRONG><a name="[d2]"></a>SPI_WaitFifoStateUntilTimeout</STRONG> (Thumb, 158 bytes, Stack size 32 bytes, stm32f3xx_hal_spi.o(i.SPI_WaitFifoStateUntilTimeout))
<BR><BR>[Stack]<UL><LI>Max Depth = 32<LI>Call Chain = SPI_WaitFifoStateUntilTimeout
</UL>
<BR>[Calls]<UL><LI><a href="#[73]">&gt;&gt;</a>&nbsp;&nbsp;&nbsp;HAL_GetTick
</UL>
<BR>[Called By]<UL><LI><a href="#[af]">&gt;&gt;</a>&nbsp;&nbsp;&nbsp;SPI_EndRxTxTransaction
</UL>

<P><STRONG><a name="[d3]"></a>SPI_WaitFlagStateUntilTimeout</STRONG> (Thumb, 148 bytes, Stack size 24 bytes, stm32f3xx_hal_spi.o(i.SPI_WaitFlagStateUntilTimeout))
<BR><BR>[Stack]<UL><LI>Max Depth = 24<LI>Call Chain = SPI_WaitFlagStateUntilTimeout
</UL>
<BR>[Calls]<UL><LI><a href="#[73]">&gt;&gt;</a>&nbsp;&nbsp;&nbsp;HAL_GetTick
</UL>
<BR>[Called By]<UL><LI><a href="#[af]">&gt;&gt;</a>&nbsp;&nbsp;&nbsp;SPI_EndRxTxTransaction
</UL>

<P><STRONG><a name="[9d]"></a>PCD_EP_ISR_Handler</STRONG> (Thumb, 812 bytes, Stack size 48 bytes, stm32f3xx_hal_pcd.o(i.PCD_EP_ISR_Handler))
<BR><BR>[Stack]<UL><LI>Max Depth = 72<LI>Call Chain = PCD_EP_ISR_Handler &rArr; HAL_PCD_EP_Transmit &rArr; PCD_WritePMA
</UL>
<BR>[Calls]<UL><LI><a href="#[be]">&gt;&gt;</a>&nbsp;&nbsp;&nbsp;HAL_PCD_SetupStageCallback
<LI><a href="#[bf]">&gt;&gt;</a>&nbsp;&nbsp;&nbsp;HAL_PCD_DataOutStageCallback
<LI><a href="#[bc]">&gt;&gt;</a>&nbsp;&nbsp;&nbsp;HAL_PCD_DataInStageCallback
<LI><a href="#[9b]">&gt;&gt;</a>&nbsp;&nbsp;&nbsp;PCD_WritePMA
<LI><a href="#[bd]">&gt;&gt;</a>&nbsp;&nbsp;&nbsp;PCD_ReadPMA
<LI><a href="#[9a]">&gt;&gt;</a>&nbsp;&nbsp;&nbsp;HAL_PCD_EP_Transmit
<LI><a href="#[c0]">&gt;&gt;</a>&nbsp;&nbsp;&nbsp;HAL_PCD_EP_Receive
</UL>
<BR>[Called By]<UL><LI><a href="#[9c]">&gt;&gt;</a>&nbsp;&nbsp;&nbsp;HAL_PCD_IRQHandler
</UL>

<P><STRONG><a name="[99]"></a>NVIC_SetPriority</STRONG> (Thumb, 32 bytes, Stack size 0 bytes, stm32f3xx_hal_cortex.o(i.NVIC_SetPriority))
<BR><BR>[Called By]<UL><LI><a href="#[7d]">&gt;&gt;</a>&nbsp;&nbsp;&nbsp;HAL_NVIC_SetPriority
<LI><a href="#[98]">&gt;&gt;</a>&nbsp;&nbsp;&nbsp;HAL_SYSTICK_Config
</UL>

<P><STRONG><a name="[ec]"></a>move_list</STRONG> (Thumb, 36 bytes, Stack size 16 bytes, hci_tl.o(i.move_list))
<BR><BR>[Stack]<UL><LI>Max Depth = 28<LI>Call Chain = move_list &rArr; list_remove_tail
</UL>
<BR>[Calls]<UL><LI><a href="#[f0]">&gt;&gt;</a>&nbsp;&nbsp;&nbsp;list_remove_tail
<LI><a href="#[e8]">&gt;&gt;</a>&nbsp;&nbsp;&nbsp;list_is_empty
<LI><a href="#[ea]">&gt;&gt;</a>&nbsp;&nbsp;&nbsp;list_insert_head
</UL>
<BR>[Called By]<UL><LI><a href="#[dc]">&gt;&gt;</a>&nbsp;&nbsp;&nbsp;hci_send_req
</UL>

<P><STRONG><a name="[d9]"></a>_printf_core</STRONG> (Thumb, 996 bytes, Stack size 104 bytes, printf8.o(i._printf_core), UNUSED)
<BR><BR>[Calls]<UL><LI><a href="#[da]">&gt;&gt;</a>&nbsp;&nbsp;&nbsp;_printf_pre_padding
<LI><a href="#[db]">&gt;&gt;</a>&nbsp;&nbsp;&nbsp;_printf_post_padding
<LI><a href="#[67]">&gt;&gt;</a>&nbsp;&nbsp;&nbsp;__aeabi_uldivmod
</UL>
<BR>[Called By]<UL><LI><a href="#[d8]">&gt;&gt;</a>&nbsp;&nbsp;&nbsp;__0printf$8
</UL>

<P><STRONG><a name="[db]"></a>_printf_post_padding</STRONG> (Thumb, 36 bytes, Stack size 24 bytes, printf8.o(i._printf_post_padding), UNUSED)
<BR><BR>[Called By]<UL><LI><a href="#[d9]">&gt;&gt;</a>&nbsp;&nbsp;&nbsp;_printf_core
</UL>

<P><STRONG><a name="[da]"></a>_printf_pre_padding</STRONG> (Thumb, 46 bytes, Stack size 24 bytes, printf8.o(i._printf_pre_padding), UNUSED)
<BR><BR>[Called By]<UL><LI><a href="#[d9]">&gt;&gt;</a>&nbsp;&nbsp;&nbsp;_printf_core
</UL>
<P>
<H3>
Undefined Global Symbols
</H3><HR></body></html>
