Component: ARM Compiler 5.06 update 6 (build 750) Tool: armlink [4d35ed]

==============================================================================

Section Cross References

    startup_stm32f303xe.o(RESET) refers to startup_stm32f303xe.o(STACK) for __initial_sp
    startup_stm32f303xe.o(RESET) refers to startup_stm32f303xe.o(.text) for Reset_Handler
    startup_stm32f303xe.o(RESET) refers to stm32f3xx_it.o(i.NMI_Handler) for NMI_Handler
    startup_stm32f303xe.o(RESET) refers to stm32f3xx_it.o(i.HardFault_Handler) for HardFault_Handler
    startup_stm32f303xe.o(RESET) refers to stm32f3xx_it.o(i.MemManage_Handler) for MemManage_Handler
    startup_stm32f303xe.o(RESET) refers to stm32f3xx_it.o(i.BusFault_Handler) for BusFault_Handler
    startup_stm32f303xe.o(RESET) refers to stm32f3xx_it.o(i.UsageFault_Handler) for UsageFault_Handler
    startup_stm32f303xe.o(RESET) refers to stm32f3xx_it.o(i.SVC_Handler) for SVC_Handler
    startup_stm32f303xe.o(RESET) refers to stm32f3xx_it.o(i.DebugMon_Handler) for DebugMon_Handler
    startup_stm32f303xe.o(RESET) refers to stm32f3xx_it.o(i.PendSV_Handler) for PendSV_Handler
    startup_stm32f303xe.o(RESET) refers to stm32f3xx_it.o(i.SysTick_Handler) for SysTick_Handler
    startup_stm32f303xe.o(RESET) refers to stm32f3xx_it.o(i.USB_LP_CAN_RX0_IRQHandler) for USB_LP_CAN_RX0_IRQHandler
    startup_stm32f303xe.o(RESET) refers to stm32f3xx_it.o(i.EXTI15_10_IRQHandler) for EXTI15_10_IRQHandler
    startup_stm32f303xe.o(.text) refers to system_stm32f3xx.o(i.SystemInit) for SystemInit
    startup_stm32f303xe.o(.text) refers to entry.o(.ARM.Collect$$$$00000000) for __main
    main.o(i.MX_GPIO_Init) refers to memseta.o(.text) for __aeabi_memclr4
    main.o(i.MX_GPIO_Init) refers to stm32f3xx_hal_gpio.o(i.HAL_GPIO_WritePin) for HAL_GPIO_WritePin
    main.o(i.MX_GPIO_Init) refers to stm32f3xx_hal_gpio.o(i.HAL_GPIO_Init) for HAL_GPIO_Init
    main.o(i.MX_GPIO_Init) refers to stm32f3xx_hal_i2c_ex.o(i.HAL_I2CEx_EnableFastModePlus) for HAL_I2CEx_EnableFastModePlus
    main.o(i.MX_GPIO_Init) refers to stm32f3xx_hal_cortex.o(i.HAL_NVIC_SetPriority) for HAL_NVIC_SetPriority
    main.o(i.MX_GPIO_Init) refers to stm32f3xx_hal_cortex.o(i.HAL_NVIC_EnableIRQ) for HAL_NVIC_EnableIRQ
    main.o(i.MX_USART3_UART_Init) refers to stm32f3xx_hal_uart.o(i.HAL_UART_Init) for HAL_UART_Init
    main.o(i.MX_USART3_UART_Init) refers to main.o(.bss) for .bss
    main.o(i.SystemClock_Config) refers to memseta.o(.text) for __aeabi_memclr4
    main.o(i.SystemClock_Config) refers to stm32f3xx_hal_rcc.o(i.HAL_RCC_OscConfig) for HAL_RCC_OscConfig
    main.o(i.SystemClock_Config) refers to stm32f3xx_hal_rcc.o(i.HAL_RCC_ClockConfig) for HAL_RCC_ClockConfig
    main.o(i.SystemClock_Config) refers to stm32f3xx_hal_rcc_ex.o(i.HAL_RCCEx_PeriphCLKConfig) for HAL_RCCEx_PeriphCLKConfig
    main.o(i.main) refers to stm32f3xx_hal.o(i.HAL_Init) for HAL_Init
    main.o(i.main) refers to main.o(i.SystemClock_Config) for SystemClock_Config
    main.o(i.main) refers to main.o(i.MX_GPIO_Init) for MX_GPIO_Init
    main.o(i.main) refers to stm32f3xx_hal_rtc.o(i.HAL_RTC_Init) for HAL_RTC_Init
    main.o(i.main) refers to main.o(i.MX_USART3_UART_Init) for MX_USART3_UART_Init
    main.o(i.main) refers to stm32f3xx_hal_pcd.o(i.HAL_PCD_Init) for HAL_PCD_Init
    main.o(i.main) refers to app_x-cube-ble1.o(i.MX_BlueNRG_MS_Init) for MX_BlueNRG_MS_Init
    main.o(i.main) refers to app_x-cube-ble1.o(i.Mesh_Start_Listen_Connection) for Mesh_Start_Listen_Connection
    main.o(i.main) refers to stm32f3xx_hal.o(i.HAL_Delay) for HAL_Delay
    main.o(i.main) refers to app_x-cube-ble1.o(i.Mesh_Start_P2P_Connection) for Mesh_Start_P2P_Connection
    main.o(i.main) refers to app_x-cube-ble1.o(i.MX_BlueNRG_MS_Process) for MX_BlueNRG_MS_Process
    main.o(i.main) refers to main.o(.bss) for .bss
    hci_tl_interface.o(i.HCI_TL_SPI_DeInit) refers to stm32f3xx_hal_gpio.o(i.HAL_GPIO_DeInit) for HAL_GPIO_DeInit
    hci_tl_interface.o(i.HCI_TL_SPI_Init) refers to stm32f3xx_hal_gpio.o(i.HAL_GPIO_Init) for HAL_GPIO_Init
    hci_tl_interface.o(i.HCI_TL_SPI_Init) refers to stm32f3xx_nucleo_bus.o(i.BSP_SPI1_Init) for BSP_SPI1_Init
    hci_tl_interface.o(i.HCI_TL_SPI_Receive) refers to stm32f3xx_hal_gpio.o(i.HAL_GPIO_WritePin) for HAL_GPIO_WritePin
    hci_tl_interface.o(i.HCI_TL_SPI_Receive) refers to stm32f3xx_nucleo_bus.o(i.BSP_SPI1_SendRecv) for BSP_SPI1_SendRecv
    hci_tl_interface.o(i.HCI_TL_SPI_Reset) refers to stm32f3xx_hal_gpio.o(i.HAL_GPIO_WritePin) for HAL_GPIO_WritePin
    hci_tl_interface.o(i.HCI_TL_SPI_Reset) refers to stm32f3xx_hal.o(i.HAL_Delay) for HAL_Delay
    hci_tl_interface.o(i.HCI_TL_SPI_Send) refers to stm32f3xx_hal.o(i.HAL_GetTick) for HAL_GetTick
    hci_tl_interface.o(i.HCI_TL_SPI_Send) refers to stm32f3xx_hal_gpio.o(i.HAL_GPIO_WritePin) for HAL_GPIO_WritePin
    hci_tl_interface.o(i.HCI_TL_SPI_Send) refers to stm32f3xx_nucleo_bus.o(i.BSP_SPI1_SendRecv) for BSP_SPI1_SendRecv
[...]
    ../clib/microlib/string/memcpy.c         0x00000000   Number         0  memcpyb.o ABSOLUTE
    ../clib/microlib/string/memcpy.c         0x00000000   Number         0  memcpya.o ABSOLUTE
    ../clib/microlib/string/memset.c         0x00000000   Number         0  memseta.o ABSOLUTE
    ../clib/microlib/stubs.s                 0x00000000   Number         0  iusefp.o ABSOLUTE
    ../fplib/microlib/fpadd.c                0x00000000   Number         0  dadd.o ABSOLUTE
    ../fplib/microlib/fpdiv.c                0x00000000   Number         0  ddiv.o ABSOLUTE
    ../fplib/microlib/fpepilogue.c           0x00000000   Number         0  depilogue.o ABSOLUTE
    ../fplib/microlib/fpfix.c                0x00000000   Number         0  dfixul.o ABSOLUTE
    ../fplib/microlib/fpmul.c                0x00000000   Number         0  dmul.o ABSOLUTE
    ..\Drivers\BSP\STM32F3xx_Nucleo\stm32f3xx_nucleo.c 0x00000000   Number         0  stm32f3xx_nucleo.o ABSOLUTE
    ..\Drivers\STM32F3xx_HAL_Driver\Src\stm32f3xx_hal.c 0x00000000   Number         0  stm32f3xx_hal.o ABSOLUTE
    ..\Drivers\STM32F3xx_HAL_Driver\Src\stm32f3xx_hal_cortex.c 0x00000000   Number         0  stm32f3xx_hal_cortex.o ABSOLUTE
    ..\Drivers\STM32F3xx_HAL_Driver\Src\stm32f3xx_hal_dma.c 0x00000000   Number         0  stm32f3xx_hal_dma.o ABSOLUTE
    ..\Drivers\STM32F3xx_HAL_Driver\Src\stm32f3xx_hal_flash.c 0x00000000   Number         0  stm32f3xx_hal_flash.o ABSOLUTE
    ..\Drivers\STM32F3xx_HAL_Driver\Src\stm32f3xx_hal_flash_ex.c 0x00000000   Number         0  stm32f3xx_hal_flash_ex.o ABSOLUTE
    ..\Drivers\STM32F3xx_HAL_Driver\Src\stm32f3xx_hal_gpio.c 0x00000000   Number         0  stm32f3xx_hal_gpio.o ABSOLUTE
    ..\Drivers\STM32F3xx_HAL_Driver\Src\stm32f3xx_hal_i2c.c 0x00000000   Number         0  stm32f3xx_hal_i2c.o ABSOLUTE
    ..\Drivers\STM32F3xx_HAL_Driver\Src\stm32f3xx_hal_i2c_ex.c 0x00000000   Number         0  stm32f3xx_hal_i2c_ex.o ABSOLUTE
    ..\Drivers\STM32F3xx_HAL_Driver\Src\stm32f3xx_hal_pcd.c 0x00000000   Number         0  stm32f3xx_hal_pcd.o ABSOLUTE
    ..\Drivers\STM32F3xx_HAL_Driver\Src\stm32f3xx_hal_pcd_ex.c 0x00000000   Number         0  stm32f3xx_hal_pcd_ex.o ABSOLUTE
    ..\Drivers\STM32F3xx_HAL_Driver\Src\stm32f3xx_hal_pwr.c 0x00000000   Number         0  stm32f3xx_hal_pwr.o ABSOLUTE
    ..\Drivers\STM32F3xx_HAL_Driver\Src\stm32f3xx_hal_pwr_ex.c 0x00000000   Number         0  stm32f3xx_hal_pwr_ex.o ABSOLUTE
    ..\Drivers\STM32F3xx_HAL_Driver\Src\stm32f3xx_hal_rcc.c 0x00000000   Number         0  stm32f3xx_hal_rcc.o ABSOLUTE
    ..\Drivers\STM32F3xx_HAL_Driver\Src\stm32f3xx_hal_rcc_ex.c 0x00000000   Number         0  stm32f3xx_hal_rcc_ex.o ABSOLUTE
    ..\Drivers\STM32F3xx_HAL_Driver\Src\stm32f3xx_hal_rtc.c 0x00000000   Number         0  stm32f3xx_hal_rtc.o ABSOLUTE
    ..\Drivers\STM32F3xx_HAL_Driver\Src\stm32f3xx_hal_rtc_ex.c 0x00000000   Number         0  stm32f3xx_hal_rtc_ex.o ABSOLUTE
    ..\Drivers\STM32F3xx_HAL_Driver\Src\stm32f3xx_hal_spi.c 0x00000000   Number         0  stm32f3xx_hal_spi.o ABSOLUTE
    ..\Drivers\STM32F3xx_HAL_Driver\Src\stm32f3xx_hal_spi_ex.c 0x00000000   Number         0  stm32f3xx_hal_spi_ex.o ABSOLUTE
    ..\Drivers\STM32F3xx_HAL_Driver\Src\stm32f3xx_hal_tim.c 0x00000000   Number         0  stm32f3xx_hal_tim.o ABSOLUTE
    ..\Drivers\STM32F3xx_HAL_Driver\Src\stm32f3xx_hal_tim_ex.c 0x00000000   Number         0  stm32f3xx_hal_tim_ex.o ABSOLUTE
    ..\Drivers\STM32F3xx_HAL_Driver\Src\stm32f3xx_hal_uart.c 0x00000000   Number         0  stm32f3xx_hal_uart.o ABSOLUTE
    ..\Drivers\STM32F3xx_HAL_Driver\Src\stm32f3xx_hal_uart_ex.c 0x00000000   Number         0  stm32f3xx_hal_uart_ex.o ABSOLUTE
    ..\Middlewares\ST\BlueNRG-MS\hci\controller\bluenrg_gap_aci.c 0x00000000   Number         0  bluenrg_gap_aci.o ABSOLUTE
    ..\Middlewares\ST\BlueNRG-MS\hci\controller\bluenrg_gatt_aci.c 0x00000000   Number         0  bluenrg_gatt_aci.o ABSOLUTE
    ..\Middlewares\ST\BlueNRG-MS\hci\controller\bluenrg_hal_aci.c 0x00000000   Number         0  bluenrg_hal_aci.o ABSOLUTE
    ..\Middlewares\ST\BlueNRG-MS\hci\controller\bluenrg_l2cap_aci.c 0x00000000   Number         0  bluenrg_l2cap_aci.o ABSOLUTE
    ..\Middlewares\ST\BlueNRG-MS\hci\controller\bluenrg_updater_aci.c 0x00000000   Number         0  bluenrg_updater_aci.o ABSOLUTE
    ..\Middlewares\ST\BlueNRG-MS\hci\controller\bluenrg_utils_small.c 0x00000000   Number         0  bluenrg_utils_small.o ABSOLUTE
    ..\Middlewares\ST\BlueNRG-MS\hci\hci_le.c 0x00000000   Number         0  hci_le.o ABSOLUTE
    ..\Middlewares\ST\BlueNRG-MS\hci\hci_tl_patterns\Basic\hci_tl.c 0x00000000   Number         0  hci_tl.o ABSOLUTE
    ..\Middlewares\ST\BlueNRG-MS\utils\ble_list.c 0x00000000   Number         0  ble_list.o ABSOLUTE
    ..\Src\app_x-cube-ble1.c                 0x00000000   Number         0  app_x-cube-ble1.o ABSOLUTE
    ..\Src\hci_tl_interface.c                0x00000000   Number         0  hci_tl_interface.o ABSOLUTE
    ..\Src\main.c                            0x00000000   Number         0  main.o ABSOLUTE
    ..\Src\sample_service.c                  0x00000000   Number         0  sample_service.o ABSOLUTE
    ..\Src\stm32f3xx_hal_exti.c              0x00000000   Number         0  stm32f3xx_hal_exti.o ABSOLUTE
    ..\Src\stm32f3xx_hal_msp.c               0x00000000   Number         0  stm32f3xx_hal_msp.o ABSOLUTE
    ..\Src\stm32f3xx_it.c                    0x00000000   Number         0  stm32f3xx_it.o ABSOLUTE
    ..\Src\stm32f3xx_nucleo_bus.c            0x00000000   Number         0  stm32f3xx_nucleo_bus.o ABSOLUTE
    ..\Src\system_stm32f3xx.c                0x00000000   Number         0  system_stm32f3xx.o ABSOLUTE
    cdrcmple.s                               0x00000000   Number         0  cdrcmple.o ABSOLUTE
    dc.s                                     0x00000000   Number         0  dc.o ABSOLUTE
    handlers.s                               0x00000000   Number         0  handlers.o ABSOLUTE
    init.s                                   0x00000000   Number         0  init.o ABSOLUTE
    startup_stm32f303xe.s                    0x00000000   Number         0  startup_stm32f303xe.o ABSOLUTE
    RESET                                    0x08000000   Section      404  startup_stm32f303xe.o(RESET)
    .ARM.Collect$$$$00000000                 0x08000194   Section        0  entry.o(.ARM.Collect$$$$00000000)
    .ARM.Collect$$$$00000001                 0x08000194   Section        4  entry2.o(.ARM.Collect$$$$00000001)
    .ARM.Collect$$$$00000004                 0x08000198   Section        4  entry5.o(.ARM.Collect$$$$00000004)
    .ARM.Collect$$$$00000008                 0x0800019c   Section        0  entry7b.o(.ARM.Collect$$$$00000008)
    .ARM.Collect$$$$0000000A                 0x0800019c   Section        0  entry8b.o(.ARM.Collect$$$$0000000A)
    .ARM.Collect$$$$0000000B                 0x0800019c   Section        8  entry9a.o(.ARM.Collect$$$$0000000B)
    .ARM.Collect$$$$0000000D                 0x080001a4   Section        0  entry10a.o(.ARM.Collect$$$$0000000D)
    .ARM.Collect$$$$0000000F                 0x080001a4   Section        0  entry11a.o(.ARM.Collect$$$$0000000F)
    .ARM.Collect$$$$00002712                 0x080001a4   Section        4  entry2.o(.ARM.Collect$$$$00002712)
    __lit__00000000                          0x080001a4   Data           4  entry2.o(.ARM.Collect$$$$00002712)
    .text                                    0x080001a8   Section       36  startup_stm32f303xe.o(.text)
    $v0                                      0x080001a8   Number         0  startup_stm32f303xe.o(.text)
    .text                                    0x080001cc   Section        0  fflush.o(.text)
    .text                                    0x080001d0   Section        0  llushr.o(.text)
    .text                                    0x080001f0   Section        0  memcpya.o(.text)
    .text                                    0x08000214   Section        0  memseta.o(.text)
    .text                                    0x08000238   Section        0  uldiv.o(.text)
    .text                                    0x0800029c   Section       36  init.o(.text)
    .text                                    0x080002c0   Section        0  llshl.o(.text)
    i.Add_Sample_Service                     0x080002e0   Section        0  sample_service.o(i.Add_Sample_Service)
    i.Attribute_Modified_CB                  0x08000398   Section        0  sample_service.o(i.Attribute_Modified_CB)
    i.BSP_COM_Init                           0x080003c4   Section        0  stm32f3xx_nucleo.o(i.BSP_COM_Init)
    i.BSP_GetTick                            0x08000444   Section        0  stm32f3xx_nucleo_bus.o(i.BSP_GetTick)
    i.BSP_LED_Init                           0x08000448   Section        0  stm32f3xx_nucleo.o(i.BSP_LED_Init)
    i.BSP_LED_Off                            0x080004a0   Section        0  stm32f3xx_nucleo.o(i.BSP_LED_Off)
    i.BSP_LED_On                             0x080004c0   Section        0  stm32f3xx_nucleo.o(i.BSP_LED_On)
    i.BSP_LED_Toggle                         0x080004e0   Section        0  stm32f3xx_nucleo.o(i.BSP_LED_Toggle)
    i.BSP_PB_Callback                        0x08000500   Section        0  app_x-cube-ble1.o(i.BSP_PB_Callback)
    i.BSP_PB_GetState                        0x0800050c   Section        0  stm32f3xx_nucleo.o(i.BSP_PB_GetState)
    i.BSP_PB_Init                            0x08000530   Section        0  stm32f3xx_nucleo.o(i.BSP_PB_Init)
    i.BSP_SPI1_Init                          0x080005dc   Section        0  stm32f3xx_nucleo_bus.o(i.BSP_SPI1_Init)
    i.BSP_SPI1_SendRecv                      0x08000660   Section        0  stm32f3xx_nucleo_bus.o(i.BSP_SPI1_SendRecv)
    i.BUTTON_USER_EXTI_Callback              0x08000684   Section        0  stm32f3xx_nucleo.o(i.BUTTON_USER_EXTI_Callback)
    BUTTON_USER_EXTI_Callback                0x08000685   Thumb Code    10  stm32f3xx_nucleo.o(i.BUTTON_USER_EXTI_Callback)
    i.BusFault_Handler                       0x0800068e   Section        0  stm32f3xx_it.o(i.BusFault_Handler)
    i.DebugMon_Handler                       0x08000690   Section        0  stm32f3xx_it.o(i.DebugMon_Handler)
    i.EXTI15_10_IRQHandler                   0x08000694   Section        0  stm32f3xx_it.o(i.EXTI15_10_IRQHandler)
    i.GAP_ConnectionComplete_CB              0x080006b0   Section        0  sample_service.o(i.GAP_ConnectionComplete_CB)
    i.GAP_DisconnectionComplete_CB           0x0800070c   Section        0  sample_service.o(i.GAP_DisconnectionComplete_CB)
    i.GATT_Notification_CB                   0x08000740   Section        0  sample_service.o(i.GATT_Notification_CB)
    i.HAL_Delay                              0x08000758   Section        0  stm32f3xx_hal.o(i.HAL_Delay)
    i.HAL_EXTI_GetHandle                     0x0800077c   Section        0  stm32f3xx_hal_exti.o(i.HAL_EXTI_GetHandle)
    i.HAL_EXTI_IRQHandler                    0x08000788   Section        0  stm32f3xx_hal_exti.o(i.HAL_EXTI_IRQHandler)
    i.HAL_EXTI_RegisterCallback              0x080007ac   Section        0  stm32f3xx_hal_exti.o(i.HAL_EXTI_RegisterCallback)
    i.HAL_GPIO_DeInit                        0x080007bc   Section        0  stm32f3xx_hal_gpio.o(i.HAL_GPIO_DeInit)
    i.HAL_GPIO_Init                          0x080008fc   Section        0  stm32f3xx_hal_gpio.o(i.HAL_GPIO_Init)
    i.HAL_GPIO_ReadPin                       0x08000ac8   Section        0  stm32f3xx_hal_gpio.o(i.HAL_GPIO_ReadPin)
    i.HAL_GPIO_TogglePin                     0x08000ad2   Section        0  stm32f3xx_hal_gpio.o(i.HAL_GPIO_TogglePin)
    i.HAL_GPIO_WritePin                      0x08000ada   Section        0  stm32f3xx_hal_gpio.o(i.HAL_GPIO_WritePin)
    i.HAL_GetTick                            0x08000ae4   Section        0  stm32f3xx_hal.o(i.HAL_GetTick)
    i.HAL_I2CEx_EnableFastModePlus           0x08000af0   Section        0  stm32f3xx_hal_i2c_ex.o(i.HAL_I2CEx_EnableFastModePlus)
    i.HAL_IncTick                            0x08000b18   Section        0  stm32f3xx_hal.o(i.HAL_IncTick)
    i.HAL_Init                               0x08000b28   Section        0  stm32f3xx_hal.o(i.HAL_Init)
    i.HAL_InitTick                           0x08000b4c   Section        0  stm32f3xx_hal.o(i.HAL_InitTick)
    i.HAL_MspInit                            0x08000b8c   Section        0  stm32f3xx_hal_msp.o(i.HAL_MspInit)
    i.HAL_NVIC_EnableIRQ                     0x08000bb8   Section        0  stm32f3xx_hal_cortex.o(i.HAL_NVIC_EnableIRQ)
    i.HAL_NVIC_SetPriority                   0x08000bd0   Section        0  stm32f3xx_hal_cortex.o(i.HAL_NVIC_SetPriority)
    i.HAL_NVIC_SetPriorityGrouping           0x08000c10   Section        0  stm32f3xx_hal_cortex.o(i.HAL_NVIC_SetPriorityGrouping)
    i.HAL_PCD_DataInStageCallback            0x08000c34   Section        0  stm32f3xx_hal_pcd.o(i.HAL_PCD_DataInStageCallback)
    i.HAL_PCD_DataOutStageCallback           0x08000c36   Section        0  stm32f3xx_hal_pcd.o(i.HAL_PCD_DataOutStageCallback)
    i.HAL_PCD_EP_Receive                     0x08000c38   Section        0  stm32f3xx_hal_pcd.o(i.HAL_PCD_EP_Receive)
    i.HAL_PCD_EP_Transmit                    0x08000cda   Section        0  stm32f3xx_hal_pcd.o(i.HAL_PCD_EP_Transmit)
    i.HAL_PCD_IRQHandler                     0x08000da6   Section        0  stm32f3xx_hal_pcd.o(i.HAL_PCD_IRQHandler)
    i.HAL_PCD_Init                           0x08000e96   Section        0  stm32f3xx_hal_pcd.o(i.HAL_PCD_Init)
    i.HAL_PCD_MspInit                        0x08000f3c   Section        0  stm32f3xx_hal_msp.o(i.HAL_PCD_MspInit)
    i.HAL_PCD_ResetCallback                  0x08000f78   Section        0  stm32f3xx_hal_pcd.o(i.HAL_PCD_ResetCallback)
    i.HAL_PCD_ResumeCallback                 0x08000f7a   Section        0  stm32f3xx_hal_pcd.o(i.HAL_PCD_ResumeCallback)
    i.HAL_PCD_SOFCallback                    0x08000f7c   Section        0  stm32f3xx_hal_pcd.o(i.HAL_PCD_SOFCallback)
    i.HAL_PCD_SetAddress                     0x08000f7e   Section        0  stm32f3xx_hal_pcd.o(i.HAL_PCD_SetAddress)
    i.HAL_PCD_SetupStageCallback             0x08000faa   Section        0  stm32f3xx_hal_pcd.o(i.HAL_PCD_SetupStageCallback)
    i.HAL_PCD_SuspendCallback                0x08000fac   Section        0  stm32f3xx_hal_pcd.o(i.HAL_PCD_SuspendCallback)
    i.HAL_RCCEx_PeriphCLKConfig              0x08000fb0   Section        0  stm32f3xx_hal_rcc_ex.o(i.HAL_RCCEx_PeriphCLKConfig)
    i.HAL_RCC_ClockConfig                    0x08001244   Section        0  stm32f3xx_hal_rcc.o(i.HAL_RCC_ClockConfig)
    i.HAL_RCC_GetPCLK1Freq                   0x08001388   Section        0  stm32f3xx_hal_rcc.o(i.HAL_RCC_GetPCLK1Freq)
    i.HAL_RCC_GetPCLK2Freq                   0x080013b8   Section        0  stm32f3xx_hal_rcc.o(i.HAL_RCC_GetPCLK2Freq)
    i.HAL_RCC_GetSysClockFreq                0x080013e8   Section        0  stm32f3xx_hal_rcc.o(i.HAL_RCC_GetSysClockFreq)
    i.HAL_RCC_OscConfig                      0x08001440   Section        0  stm32f3xx_hal_rcc.o(i.HAL_RCC_OscConfig)
    i.HAL_RTC_Init                           0x080019d8   Section        0  stm32f3xx_hal_rtc.o(i.HAL_RTC_Init)
    i.HAL_RTC_MspInit                        0x08001a84   Section        0  stm32f3xx_hal_msp.o(i.HAL_RTC_MspInit)
    i.HAL_RTC_WaitForSynchro                 0x08001aac   Section        0  stm32f3xx_hal_rtc.o(i.HAL_RTC_WaitForSynchro)
    i.HAL_SPI_GetState                       0x08001ae2   Section        0  stm32f3xx_hal_spi.o(i.HAL_SPI_GetState)
    i.HAL_SPI_Init                           0x08001ae8   Section        0  stm32f3xx_hal_spi.o(i.HAL_SPI_Init)
    i.HAL_SPI_MspInit                        0x08001b9e   Section        0  stm32f3xx_hal_spi.o(i.HAL_SPI_MspInit)
    i.HAL_SPI_TransmitReceive                0x08001ba0   Section        0  stm32f3xx_hal_spi.o(i.HAL_SPI_TransmitReceive)
    i.HAL_SYSTICK_Config                     0x08001dde   Section        0  stm32f3xx_hal_cortex.o(i.HAL_SYSTICK_Config)
    i.HAL_UART_Init                          0x08001e06   Section        0  stm32f3xx_hal_uart.o(i.HAL_UART_Init)
    i.HAL_UART_MspInit                       0x08001e70   Section        0  stm32f3xx_hal_msp.o(i.HAL_UART_MspInit)
    i.HAL_UART_Transmit                      0x08001ed8   Section        0  stm32f3xx_hal_uart.o(i.HAL_UART_Transmit)
    i.HCI_TL_SPI_DeInit                      0x08001f8c   Section        0  hci_tl_interface.o(i.HCI_TL_SPI_DeInit)
    i.HCI_TL_SPI_Init                        0x08001fbc   Section        0  hci_tl_interface.o(i.HCI_TL_SPI_Init)
    i.HCI_TL_SPI_Receive                     0x0800202c   Section        0  hci_tl_interface.o(i.HCI_TL_SPI_Receive)
    i.HCI_TL_SPI_Reset                       0x080020b0   Section        0  hci_tl_interface.o(i.HCI_TL_SPI_Reset)
    i.HCI_TL_SPI_Send                        0x080020e0   Section        0  hci_tl_interface.o(i.HCI_TL_SPI_Send)
    i.HardFault_Handler                      0x08002178   Section        0  stm32f3xx_it.o(i.HardFault_Handler)
    i.MX_BlueNRG_MS_Init                     0x0800217c   Section        0  app_x-cube-ble1.o(i.MX_BlueNRG_MS_Init)
    i.MX_BlueNRG_MS_Process                  0x08002344   Section        0  app_x-cube-ble1.o(i.MX_BlueNRG_MS_Process)
    i.MX_GPIO_Init                           0x080023bc   Section        0  main.o(i.MX_GPIO_Init)
    MX_GPIO_Init                             0x080023bd   Thumb Code   370  main.o(i.MX_GPIO_Init)
    i.MX_SPI1_Init                           0x0800254c   Section        0  stm32f3xx_nucleo_bus.o(i.MX_SPI1_Init)
    i.MX_USART2_UART_Init                    0x08002590   Section        0  stm32f3xx_nucleo.o(i.MX_USART2_UART_Init)
    i.MX_USART3_UART_Init                    0x080025c0   Section        0  main.o(i.MX_USART3_UART_Init)
    MX_USART3_UART_Init                      0x080025c1   Thumb Code    36  main.o(i.MX_USART3_UART_Init)
    i.MemManage_Handler                      0x080025ec   Section        0  stm32f3xx_it.o(i.MemManage_Handler)
    i.Mesh_Start_Listen_Connection           0x080025f0   Section        0  app_x-cube-ble1.o(i.Mesh_Start_Listen_Connection)
    i.Mesh_Start_P2P_Connection              0x080027b0   Section        0  app_x-cube-ble1.o(i.Mesh_Start_P2P_Connection)
    i.NMI_Handler                            0x080029c0   Section        0  stm32f3xx_it.o(i.NMI_Handler)
    i.NVIC_SetPriority                       0x080029c2   Section        0  stm32f3xx_hal_cortex.o(i.NVIC_SetPriority)
    NVIC_SetPriority                         0x080029c3   Thumb Code    32  stm32f3xx_hal_cortex.o(i.NVIC_SetPriority)
    i.PCD_EP_ISR_Handler                     0x080029e4   Section        0  stm32f3xx_hal_pcd.o(i.PCD_EP_ISR_Handler)
    PCD_EP_ISR_Handler                       0x080029e5   Thumb Code   812  stm32f3xx_hal_pcd.o(i.PCD_EP_ISR_Handler)
    i.PCD_ReadPMA                            0x08002d10   Section        0  stm32f3xx_hal_pcd_ex.o(i.PCD_ReadPMA)
    i.PCD_WritePMA                           0x08002d38   Section        0  stm32f3xx_hal_pcd_ex.o(i.PCD_WritePMA)
    i.PendSV_Handler                         0x08002d5e   Section        0  stm32f3xx_it.o(i.PendSV_Handler)
    i.Process_En_Notification_BlueNRG_MS     0x08002d60   Section        0  app_x-cube-ble1.o(i.Process_En_Notification_BlueNRG_MS)
    i.RTC_EnterInitMode                      0x08002dbc   Section        0  stm32f3xx_hal_rtc.o(i.RTC_EnterInitMode)
    i.SPI_EndRxTxTransaction                 0x08002df6   Section        0  stm32f3xx_hal_spi.o(i.SPI_EndRxTxTransaction)
    SPI_EndRxTxTransaction                   0x08002df7   Thumb Code    72  stm32f3xx_hal_spi.o(i.SPI_EndRxTxTransaction)
    i.SPI_WaitFifoStateUntilTimeout          0x08002e3e   Section        0  stm32f3xx_hal_spi.o(i.SPI_WaitFifoStateUntilTimeout)
    SPI_WaitFifoStateUntilTimeout            0x08002e3f   Thumb Code   158  stm32f3xx_hal_spi.o(i.SPI_WaitFifoStateUntilTimeout)
    i.SPI_WaitFlagStateUntilTimeout          0x08002edc   Section        0  stm32f3xx_hal_spi.o(i.SPI_WaitFlagStateUntilTimeout)
    SPI_WaitFlagStateUntilTimeout            0x08002edd   Thumb Code   148  stm32f3xx_hal_spi.o(i.SPI_WaitFlagStateUntilTimeout)
    i.SVC_Handler                            0x08002f70   Section        0  stm32f3xx_it.o(i.SVC_Handler)
    i.SysTick_Handler                        0x08002f72   Section        0  stm32f3xx_it.o(i.SysTick_Handler)
    i.SystemClock_Config                     0x08002f78   Section        0  main.o(i.SystemClock_Config)
    i.SystemInit                             0x08002ff0   Section        0  system_stm32f3xx.o(i.SystemInit)
    i.UART_AdvFeatureConfig                  0x08003058   Section        0  stm32f3xx_hal_uart.o(i.UART_AdvFeatureConfig)
    i.UART_CheckIdleState                    0x08003120   Section        0  stm32f3xx_hal_uart.o(i.UART_CheckIdleState)
    i.UART_SetConfig                         0x0800317c   Section        0  stm32f3xx_hal_uart.o(i.UART_SetConfig)
    i.UART_WaitOnFlagUntilTimeout            0x08003354   Section        0  stm32f3xx_hal_uart.o(i.UART_WaitOnFlagUntilTimeout)
    i.USB_LP_CAN_RX0_IRQHandler              0x080033b8   Section        0  stm32f3xx_it.o(i.USB_LP_CAN_RX0_IRQHandler)
    i.UsageFault_Handler                     0x080033c4   Section        0  stm32f3xx_it.o(i.UsageFault_Handler)
    i.__0printf$8                            0x080033c8   Section        0  printf8.o(i.__0printf$8)
    i.__scatterload_copy                     0x080033e8   Section       14  handlers.o(i.__scatterload_copy)
    i.__scatterload_null                     0x080033f6   Section        2  handlers.o(i.__scatterload_null)
    i.__scatterload_zeroinit                 0x080033f8   Section       14  handlers.o(i.__scatterload_zeroinit)
    i._printf_core                           0x08003408   Section        0  printf8.o(i._printf_core)
    _printf_core                             0x08003409   Thumb Code   996  printf8.o(i._printf_core)
    i._printf_post_padding                   0x08003818   Section        0  printf8.o(i._printf_post_padding)
    _printf_post_padding                     0x08003819   Thumb Code    36  printf8.o(i._printf_post_padding)
    i._printf_pre_padding                    0x0800383c   Section        0  printf8.o(i._printf_pre_padding)
    _printf_pre_padding                      0x0800383d   Thumb Code    46  printf8.o(i._printf_pre_padding)
    i.aci_gap_create_connection              0x0800386a   Section        0  bluenrg_gap_aci.o(i.aci_gap_create_connection)
    i.aci_gap_init_IDB05A1                   0x080038ee   Section        0  bluenrg_gap_aci.o(i.aci_gap_init_IDB05A1)
    i.aci_gap_set_auth_requirement           0x0800395e   Section        0  bluenrg_gap_aci.o(i.aci_gap_set_auth_requirement)
    i.aci_gap_set_discoverable               0x080039d2   Section        0  bluenrg_gap_aci.o(i.aci_gap_set_discoverable)
    i.aci_gatt_add_char                      0x08003a9e   Section        0  bluenrg_gatt_aci.o(i.aci_gatt_add_char)
    i.aci_gatt_add_serv                      0x08003b54   Section        0  bluenrg_gatt_aci.o(i.aci_gatt_add_serv)
    i.aci_gatt_disc_charac_by_uuid           0x08003bd0   Section        0  bluenrg_gatt_aci.o(i.aci_gatt_disc_charac_by_uuid)
    i.aci_gatt_init                          0x08003c58   Section        0  bluenrg_gatt_aci.o(i.aci_gatt_init)
    i.aci_gatt_update_char_value             0x08003c92   Section        0  bluenrg_gatt_aci.o(i.aci_gatt_update_char_value)
    i.aci_gatt_write_charac_descriptor       0x08003d0c   Section        0  bluenrg_gatt_aci.o(i.aci_gatt_write_charac_descriptor)
    i.aci_gatt_write_without_response        0x08003d84   Section        0  bluenrg_gatt_aci.o(i.aci_gatt_write_without_response)
    i.aci_hal_set_tx_power_level             0x08003de6   Section        0  bluenrg_hal_aci.o(i.aci_hal_set_tx_power_level)
    i.aci_hal_write_config_data              0x08003e2e   Section        0  bluenrg_hal_aci.o(i.aci_hal_write_config_data)
    i.enableNotification                     0x08003e8c   Section        0  sample_service.o(i.enableNotification)
    i.fputc                                  0x08003ed0   Section        0  stm32f3xx_nucleo.o(i.fputc)
    i.getBlueNRGVersion                      0x08003ef8   Section        0  bluenrg_utils_small.o(i.getBlueNRGVersion)
    i.hci_init                               0x08003f44   Section        0  hci_tl.o(i.hci_init)
    i.hci_le_read_local_version              0x08003fa0   Section        0  hci_le.o(i.hci_le_read_local_version)
    i.hci_le_set_scan_resp_data              0x0800401c   Section        0  hci_le.o(i.hci_le_set_scan_resp_data)
    i.hci_notify_asynch_evt                  0x0800407c   Section        0  hci_tl.o(i.hci_notify_asynch_evt)
    i.hci_register_io_bus                    0x080040e4   Section        0  hci_tl.o(i.hci_register_io_bus)
    i.hci_reset                              0x08004100   Section        0  hci_le.o(i.hci_reset)
    i.hci_send_req                           0x08004138   Section        0  hci_tl.o(i.hci_send_req)
    i.hci_tl_lowlevel_init                   0x080042c0   Section        0  hci_tl_interface.o(i.hci_tl_lowlevel_init)
    i.hci_tl_lowlevel_isr                    0x0800432c   Section        0  hci_tl_interface.o(i.hci_tl_lowlevel_isr)
    i.hci_user_evt_proc                      0x08004350   Section        0  hci_tl.o(i.hci_user_evt_proc)
    i.list_get_size                          0x0800438c   Section        0  ble_list.o(i.list_get_size)
    i.list_init_head                         0x080043a8   Section        0  ble_list.o(i.list_init_head)
    i.list_insert_head                       0x080043ae   Section        0  ble_list.o(i.list_insert_head)
    i.list_insert_tail                       0x080043c6   Section        0  ble_list.o(i.list_insert_tail)
    i.list_is_empty                          0x080043de   Section        0  ble_list.o(i.list_is_empty)
    i.list_remove_head                       0x080043f6   Section        0  ble_list.o(i.list_remove_head)
    i.list_remove_node                       0x0800441a   Section        0  ble_list.o(i.list_remove_node)
    i.list_remove_tail                       0x08004430   Section        0  ble_list.o(i.list_remove_tail)
    i.main                                   0x08004454   Section        0  main.o(i.main)
    i.move_list                              0x080044c4   Section        0  hci_tl.o(i.move_list)
    move_list                                0x080044c5   Thumb Code    36  hci_tl.o(i.move_list)
    i.receiveData                            0x080044e8   Section        0  sample_service.o(i.receiveData)
    i.sendData                               0x08004550   Section        0  sample_service.o(i.sendData)
    i.startReadRXCharHandle                  0x0800458c   Section        0  sample_service.o(i.startReadRXCharHandle)
    i.startReadTXCharHandle                  0x080045d4   Section        0  sample_service.o(i.startReadTXCharHandle)
    i.user_notify                            0x0800461c   Section        0  sample_service.o(i.user_notify)
    .constdata                               0x0800471c   Section        6  app_x-cube-ble1.o(.constdata)
    .constdata                               0x08004724   Section       20  stm32f3xx_nucleo.o(.constdata)
    BUTTON_IRQn                              0x08004724   Data           1  stm32f3xx_nucleo.o(.constdata)
    LED_PIN                                  0x08004726   Data           2  stm32f3xx_nucleo.o(.constdata)
    BUTTON_PIN                               0x08004728   Data           2  stm32f3xx_nucleo.o(.constdata)
    ButtonCallback                           0x0800472c   Data           4  stm32f3xx_nucleo.o(.constdata)
    BSP_BUTTON_PRIO                          0x08004730   Data           4  stm32f3xx_nucleo.o(.constdata)
    BUTTON_EXTI_LINE                         0x08004734   Data           4  stm32f3xx_nucleo.o(.constdata)
    .constdata                               0x08004738   Section       32  stm32f3xx_hal_rcc.o(.constdata)
    .constdata                               0x08004758   Section       16  system_stm32f3xx.o(.constdata)
    .constdata                               0x08004768   Section        8  system_stm32f3xx.o(.constdata)
    .data                                    0x20000000   Section        8  hci_tl_interface.o(.data)
    .data                                    0x20000008   Section       16  app_x-cube-ble1.o(.data)
    user_button_init_state                   0x20000009   Data           1  app_x-cube-ble1.o(.data)
    user_button_pressed                      0x2000000a   Data           1  app_x-cube-ble1.o(.data)
    .data                                    0x20000018   Section       24  sample_service.o(.data)
    .data                                    0x20000030   Section        4  stm32f3xx_nucleo_bus.o(.data)
    SPI1InitCounter                          0x20000030   Data           4  stm32f3xx_nucleo_bus.o(.data)
    .data                                    0x20000034   Section       24  stm32f3xx_nucleo.o(.data)
    COM_ActiveLogPort                        0x20000034   Data           1  stm32f3xx_nucleo.o(.data)
    LED_PORT                                 0x20000038   Data           4  stm32f3xx_nucleo.o(.data)
    BUTTON_PORT                              0x2000003c   Data           4  stm32f3xx_nucleo.o(.data)
    .data                                    0x2000004c   Section       12  stm32f3xx_hal.o(.data)
    .data                                    0x20000058   Section        4  system_stm32f3xx.o(.data)
    .data                                    0x2000005c   Section       16  hci_tl.o(.data)
    .data                                    0x2000006c   Section        4  stdout.o(.data)
    .bss                                     0x20000070   Section     1080  main.o(.bss)
    .bss                                     0x200004a8   Section      255  hci_tl_interface.o(.bss)
    read_char_buf                            0x200004a8   Data         255  hci_tl_interface.o(.bss)
    .bss                                     0x200005a8   Section      100  stm32f3xx_nucleo_bus.o(.bss)
    .bss                                     0x2000060c   Section      112  stm32f3xx_nucleo.o(.bss)
    .bss                                     0x2000067c   Section      732  hci_tl.o(.bss)
    hciReadPacketBuffer                      0x2000067c   Data         700  hci_tl.o(.bss)
    hciContext                               0x20000938   Data          32  hci_tl.o(.bss)
    STACK                                    0x20000958   Section     1024  startup_stm32f303xe.o(STACK)

    Global Symbols

    Symbol Name                              Value     Ov Type        Size  Object(Section)

    BuildAttributes$$THM_ISAv4$E$P$D$K$B$S$7EM$VFPi3$EXTD16$VFPS$VFMA$PE$A:L22UL41UL21$X:L11$S22US41US21$IEEE1$IW$USESV6$~STKCKD$USESV7$~SHL$OSPACE$ROPI$EBA8$MICROLIB$REQ8$PRES8$EABIv2 0x00000000   Number         0  anon$$obj.o ABSOLUTE
    __ARM_use_no_argv                        0x00000000   Number         0  main.o ABSOLUTE
    _printf_a                                0x00000000   Number         0  stubs.o ABSOLUTE
    _printf_c                                0x00000000   Number         0  stubs.o ABSOLUTE
    _printf_charcount                        0x00000000   Number         0  stubs.o ABSOLUTE
    _printf_d                                0x00000000   Number         0  stubs.o ABSOLUTE
    _printf_e                                0x00000000   Number         0  stubs.o ABSOLUTE
    _printf_f                                0x00000000   Number         0  stubs.o ABSOLUTE
    _printf_flags                            0x00000000   Number         0  stubs.o ABSOLUTE
    _printf_fp_dec                           0x00000000   Number         0  stubs.o ABSOLUTE
    _printf_fp_hex                           0x00000000   Number         0  stubs.o ABSOLUTE
    _printf_g                                0x00000000   Number         0  stubs.o ABSOLUTE
    _printf_i                                0x00000000   Number         0  stubs.o ABSOLUTE
    _printf_int_dec                          0x00000000   Number         0  stubs.o ABSOLUTE
    _printf_l                                0x00000000   Number         0  stubs.o ABSOLUTE
    _printf_lc                               0x00000000   Number         0  stubs.o ABSOLUTE
    _printf_ll                               0x00000000   Number         0  stubs.o ABSOLUTE
    _printf_lld                              0x00000000   Number         0  stubs.o ABSOLUTE
    _printf_lli                              0x00000000   Number         0  stubs.o ABSOLUTE
    _printf_llo                              0x00000000   Number         0  stubs.o ABSOLUTE
    _printf_llu                              0x00000000   Number         0  stubs.o ABSOLUTE
    _printf_llx                              0x00000000   Number         0  stubs.o ABSOLUTE
    _printf_longlong_dec                     0x00000000   Number         0  stubs.o ABSOLUTE
    _printf_longlong_hex                     0x00000000   Number         0  stubs.o ABSOLUTE
    _printf_longlong_oct                     0x00000000   Number         0  stubs.o ABSOLUTE
    _printf_ls                               0x00000000   Number         0  stubs.o ABSOLUTE
    _printf_mbtowc                           0x00000000   Number         0  stubs.o ABSOLUTE
    _printf_n                                0x00000000   Number         0  stubs.o ABSOLUTE
    _printf_o                                0x00000000   Number         0  stubs.o ABSOLUTE
    _printf_p                                0x00000000   Number         0  stubs.o ABSOLUTE
    _printf_percent                          0x00000000   Number         0  stubs.o ABSOLUTE
    _printf_pre_padding                      0x00000000   Number         0  stubs.o ABSOLUTE
    _printf_return_value                     0x00000000   Number         0  stubs.o ABSOLUTE
    _printf_s                                0x00000000   Number         0  stubs.o ABSOLUTE
    _printf_sizespec                         0x00000000   Number         0  stubs.o ABSOLUTE
    _printf_str                              0x00000000   Number         0  stubs.o ABSOLUTE
    _printf_truncate_signed                  0x00000000   Number         0  stubs.o ABSOLUTE
    _printf_truncate_unsigned                0x00000000   Number         0  stubs.o ABSOLUTE
    _printf_u                                0x00000000   Number         0  stubs.o ABSOLUTE
    _printf_wc                               0x00000000   Number         0  stubs.o ABSOLUTE
    _printf_wctomb                           0x00000000   Number         0  stubs.o ABSOLUTE
    _printf_widthprec                        0x00000000   Number         0  stubs.o ABSOLUTE
    _printf_x                                0x00000000   Number         0  stubs.o ABSOLUTE
    __cpp_initialize__aeabi_                  - Undefined Weak Reference
    __cxa_finalize                            - Undefined Weak Reference
    __decompress                              - Undefined Weak Reference
    _clock_init                               - Undefined Weak Reference
    _microlib_exit                            - Undefined Weak Reference
    __Vectors_Size                           0x00000194   Number         0  startup_stm32f303xe.o ABSOLUTE
    __Vectors                                0x08000000   Data           4  startup_stm32f303xe.o(RESET)
    __Vectors_End                            0x08000194   Data           0  startup_stm32f303xe.o(RESET)
    __main                                   0x08000195   Thumb Code     0  entry.o(.ARM.Collect$$$$00000000)
    _main_stk                                0x08000195   Thumb Code     0  entry2.o(.ARM.Collect$$$$00000001)
    _main_scatterload                        0x08000199   Thumb Code     0  entry5.o(.ARM.Collect$$$$00000004)
    __main_after_scatterload                 0x0800019d   Thumb Code     0  entry5.o(.ARM.Collect$$$$00000004)
    _main_clock                              0x0800019d   Thumb Code     0  entry7b.o(.ARM.Collect$$$$00000008)
    _main_cpp_init                           0x0800019d   Thumb Code     0  entry8b.o(.ARM.Collect$$$$0000000A)
    _main_init                               0x0800019d   Thumb Code     0  entry9a.o(.ARM.Collect$$$$0000000B)
    __rt_final_cpp                           0x080001a5   Thumb Code     0  entry10a.o(.ARM.Collect$$$$0000000D)
    __rt_final_exit                          0x080001a5   Thumb Code     0  entry11a.o(.ARM.Collect$$$$0000000F)
    Reset_Handler                            0x080001a9   Thumb Code     8  startup_stm32f303xe.o(.text)
    ADC1_2_IRQHandler                        0x080001c3   Thumb Code     0  startup_stm32f303xe.o(.text)
    ADC3_IRQHandler                          0x080001c3   Thumb Code     0  startup_stm32f303xe.o(.text)
    ADC4_IRQHandler                          0x080001c3   Thumb Code     0  startup_stm32f303xe.o(.text)
    CAN_RX1_IRQHandler                       0x080001c3   Thumb Code     0  startup_stm32f303xe.o(.text)
    CAN_SCE_IRQHandler                       0x080001c3   Thumb Code     0  startup_stm32f303xe.o(.text)
    COMP1_2_3_IRQHandler                     0x080001c3   Thumb Code     0  startup_stm32f303xe.o(.text)
    COMP4_5_6_IRQHandler                     0x080001c3   Thumb Code     0  startup_stm32f303xe.o(.text)
    COMP7_IRQHandler                         0x080001c3   Thumb Code     0  startup_stm32f303xe.o(.text)
    DMA1_Channel1_IRQHandler                 0x080001c3   Thumb Code     0  startup_stm32f303xe.o(.text)
    DMA1_Channel2_IRQHandler                 0x080001c3   Thumb Code     0  startup_stm32f303xe.o(.text)
    DMA1_Channel3_IRQHandler                 0x080001c3   Thumb Code     0  startup_stm32f303xe.o(.text)
    DMA1_Channel4_IRQHandler                 0x080001c3   Thumb Code     0  startup_stm32f303xe.o(.text)
    DMA1_Channel5_IRQHandler                 0x080001c3   Thumb Code     0  startup_stm32f303xe.o(.text)
    DMA1_Channel6_IRQHandler                 0x080001c3   Thumb Code     0  startup_stm32f303xe.o(.text)
    DMA1_Channel7_IRQHandler                 0x080001c3   Thumb Code     0  startup_stm32f303xe.o(.text)
    DMA2_Channel1_IRQHandler                 0x080001c3   Thumb Code     0  startup_stm32f303xe.o(.text)
    DMA2_Channel2_IRQHandler                 0x080001c3   Thumb Code     0  startup_stm32f303xe.o(.text)
    DMA2_Channel3_IRQHandler                 0x080001c3   Thumb Code     0  startup_stm32f303xe.o(.text)
    DMA2_Channel4_IRQHandler                 0x080001c3   Thumb Code     0  startup_stm32f303xe.o(.text)
    DMA2_Channel5_IRQHandler                 0x080001c3   Thumb Code     0  startup_stm32f303xe.o(.text)
    EXTI0_IRQHandler                         0x080001c3   Thumb Code     0  startup_stm32f303xe.o(.text)
    EXTI1_IRQHandler                         0x080001c3   Thumb Code     0  startup_stm32f303xe.o(.text)
    EXTI2_TSC_IRQHandler                     0x080001c3   Thumb Code     0  startup_stm32f303xe.o(.text)
    EXTI3_IRQHandler                         0x080001c3   Thumb Code     0  startup_stm32f303xe.o(.text)
    EXTI4_IRQHandler                         0x080001c3   Thumb Code     0  startup_stm32f303xe.o(.text)
    EXTI9_5_IRQHandler                       0x080001c3   Thumb Code     0  startup_stm32f303xe.o(.text)
    FLASH_IRQHandler                         0x080001c3   Thumb Code     0  startup_stm32f303xe.o(.text)
    FMC_IRQHandler                           0x080001c3   Thumb Code     0  startup_stm32f303xe.o(.text)
    FPU_IRQHandler                           0x080001c3   Thumb Code     0  startup_stm32f303xe.o(.text)
    I2C1_ER_IRQHandler                       0x080001c3   Thumb Code     0  startup_stm32f303xe.o(.text)
    I2C1_EV_IRQHandler                       0x080001c3   Thumb Code     0  startup_stm32f303xe.o(.text)
    I2C2_ER_IRQHandler                       0x080001c3   Thumb Code     0  startup_stm32f303xe.o(.text)
    I2C2_EV_IRQHandler                       0x080001c3   Thumb Code     0  startup_stm32f303xe.o(.text)
    I2C3_ER_IRQHandler                       0x080001c3   Thumb Code     0  startup_stm32f303xe.o(.text)
    I2C3_EV_IRQHandler                       0x080001c3   Thumb Code     0  startup_stm32f303xe.o(.text)
    PVD_IRQHandler                           0x080001c3   Thumb Code     0  startup_stm32f303xe.o(.text)
    RCC_IRQHandler                           0x080001c3   Thumb Code     0  startup_stm32f303xe.o(.text)
    RTC_Alarm_IRQHandler                     0x080001c3   Thumb Code     0  startup_stm32f303xe.o(.text)
    RTC_WKUP_IRQHandler                      0x080001c3   Thumb Code     0  startup_stm32f303xe.o(.text)
    SPI1_IRQHandler                          0x080001c3   Thumb Code     0  startup_stm32f303xe.o(.text)
    SPI2_IRQHandler                          0x080001c3   Thumb Code     0  startup_stm32f303xe.o(.text)
    SPI3_IRQHandler                          0x080001c3   Thumb Code     0  startup_stm32f303xe.o(.text)
    SPI4_IRQHandler                          0x080001c3   Thumb Code     0  startup_stm32f303xe.o(.text)
    TAMP_STAMP_IRQHandler                    0x080001c3   Thumb Code     0  startup_stm32f303xe.o(.text)
    TIM1_BRK_TIM15_IRQHandler                0x080001c3   Thumb Code     0  startup_stm32f303xe.o(.text)
    TIM1_CC_IRQHandler                       0x080001c3   Thumb Code     0  startup_stm32f303xe.o(.text)
    TIM1_TRG_COM_TIM17_IRQHandler            0x080001c3   Thumb Code     0  startup_stm32f303xe.o(.text)
    TIM1_UP_TIM16_IRQHandler                 0x080001c3   Thumb Code     0  startup_stm32f303xe.o(.text)
    TIM20_BRK_IRQHandler                     0x080001c3   Thumb Code     0  startup_stm32f303xe.o(.text)
    TIM20_CC_IRQHandler                      0x080001c3   Thumb Code     0  startup_stm32f303xe.o(.text)
    TIM20_TRG_COM_IRQHandler                 0x080001c3   Thumb Code     0  startup_stm32f303xe.o(.text)
    TIM20_UP_IRQHandler                      0x080001c3   Thumb Code     0  startup_stm32f303xe.o(.text)
    TIM2_IRQHandler                          0x080001c3   Thumb Code     0  startup_stm32f303xe.o(.text)
    TIM3_IRQHandler                          0x080001c3   Thumb Code     0  startup_stm32f303xe.o(.text)
    TIM4_IRQHandler                          0x080001c3   Thumb Code     0  startup_stm32f303xe.o(.text)
    TIM6_DAC_IRQHandler                      0x080001c3   Thumb Code     0  startup_stm32f303xe.o(.text)
    TIM7_IRQHandler                          0x080001c3   Thumb Code     0  startup_stm32f303xe.o(.text)
    TIM8_BRK_IRQHandler                      0x080001c3   Thumb Code     0  startup_stm32f303xe.o(.text)
    TIM8_CC_IRQHandler                       0x080001c3   Thumb Code     0  startup_stm32f303xe.o(.text)
    TIM8_TRG_COM_IRQHandler                  0x080001c3   Thumb Code     0  startup_stm32f303xe.o(.text)
    TIM8_UP_IRQHandler                       0x080001c3   Thumb Code     0  startup_stm32f303xe.o(.text)
    UART4_IRQHandler                         0x080001c3   Thumb Code     0  startup_stm32f303xe.o(.text)
    UART5_IRQHandler                         0x080001c3   Thumb Code     0  startup_stm32f303xe.o(.text)
    USART1_IRQHandler                        0x080001c3   Thumb Code     0  startup_stm32f303xe.o(.text)
    USART2_IRQHandler                        0x080001c3   Thumb Code     0  startup_stm32f303xe.o(.text)
    USART3_IRQHandler                        0x080001c3   Thumb Code     0  startup_stm32f303xe.o(.text)
    USBWakeUp_IRQHandler                     0x080001c3   Thumb Code     0  startup_stm32f303xe.o(.text)
    USBWakeUp_RMP_IRQHandler                 0x080001c3   Thumb Code     0  startup_stm32f303xe.o(.text)
    USB_HP_CAN_TX_IRQHandler                 0x080001c3   Thumb Code     0  startup_stm32f303xe.o(.text)
    USB_HP_IRQHandler                        0x080001c3   Thumb Code     0  startup_stm32f303xe.o(.text)
    USB_LP_IRQHandler                        0x080001c3   Thumb Code     0  startup_stm32f303xe.o(.text)
    WWDG_IRQHandler                          0x080001c3   Thumb Code     0  startup_stm32f303xe.o(.text)
    fflush                                   0x080001cd   Thumb Code     4  fflush.o(.text)
    __aeabi_llsr                             0x080001d1   Thumb Code    32  llushr.o(.text)
    _ll_ushift_r                             0x080001d1   Thumb Code     0  llushr.o(.text)
    __aeabi_memcpy                           0x080001f1   Thumb Code    36  memcpya.o(.text)
    __aeabi_memcpy4                          0x080001f1   Thumb Code     0  memcpya.o(.text)
    __aeabi_memcpy8                          0x080001f1   Thumb Code     0  memcpya.o(.text)
    __aeabi_memset                           0x08000215   Thumb Code    14  memseta.o(.text)
    __aeabi_memset4                          0x08000215   Thumb Code     0  memseta.o(.text)
    __aeabi_memset8                          0x08000215   Thumb Code     0  memseta.o(.text)
    __aeabi_memclr                           0x08000223   Thumb Code     4  memseta.o(.text)
    __aeabi_memclr4                          0x08000223   Thumb Code     0  memseta.o(.text)
    __aeabi_memclr8                          0x08000223   Thumb Code     0  memseta.o(.text)
    _memset$wrapper                          0x08000227   Thumb Code    18  memseta.o(.text)
    __aeabi_uldivmod                         0x08000239   Thumb Code    98  uldiv.o(.text)
    __scatterload                            0x0800029d   Thumb Code    28  init.o(.text)
    __scatterload_rt2                        0x0800029d   Thumb Code     0  init.o(.text)
    __aeabi_llsl                             0x080002c1   Thumb Code    30  llshl.o(.text)
    _ll_shift_l                              0x080002c1   Thumb Code     0  llshl.o(.text)
    Add_Sample_Service                       0x080002e1   Thumb Code   132  sample_service.o(i.Add_Sample_Service)
    Attribute_Modified_CB                    0x08000399   Thumb Code    40  sample_service.o(i.Attribute_Modified_CB)
    BSP_COM_Init                             0x080003c5   Thumb Code   114  stm32f3xx_nucleo.o(i.BSP_COM_Init)
    BSP_GetTick                              0x08000445   Thumb Code     4  stm32f3xx_nucleo_bus.o(i.BSP_GetTick)
    BSP_LED_Init                             0x08000449   Thumb Code    74  stm32f3xx_nucleo.o(i.BSP_LED_Init)
    BSP_LED_Off                              0x080004a1   Thumb Code    24  stm32f3xx_nucleo.o(i.BSP_LED_Off)
    BSP_LED_On                               0x080004c1   Thumb Code    24  stm32f3xx_nucleo.o(i.BSP_LED_On)
    BSP_LED_Toggle                           0x080004e1   Thumb Code    22  stm32f3xx_nucleo.o(i.BSP_LED_Toggle)
    BSP_PB_Callback                          0x08000501   Thumb Code     8  app_x-cube-ble1.o(i.BSP_PB_Callback)
    BSP_PB_GetState                          0x0800050d   Thumb Code    28  stm32f3xx_nucleo.o(i.BSP_PB_GetState)
    BSP_PB_Init                              0x08000531   Thumb Code   154  stm32f3xx_nucleo.o(i.BSP_PB_Init)
    BSP_SPI1_Init                            0x080005dd   Thumb Code   114  stm32f3xx_nucleo_bus.o(i.BSP_SPI1_Init)
    BSP_SPI1_SendRecv                        0x08000661   Thumb Code    30  stm32f3xx_nucleo_bus.o(i.BSP_SPI1_SendRecv)
    BusFault_Handler                         0x0800068f   Thumb Code     2  stm32f3xx_it.o(i.BusFault_Handler)
    DebugMon_Handler                         0x08000691   Thumb Code     2  stm32f3xx_it.o(i.DebugMon_Handler)
    EXTI15_10_IRQHandler                     0x08000695   Thumb Code    18  stm32f3xx_it.o(i.EXTI15_10_IRQHandler)
    GAP_ConnectionComplete_CB                0x080006b1   Thumb Code    46  sample_service.o(i.GAP_ConnectionComplete_CB)
    GAP_DisconnectionComplete_CB             0x0800070d   Thumb Code    30  sample_service.o(i.GAP_DisconnectionComplete_CB)
    GATT_Notification_CB                     0x08000741   Thumb Code    18  sample_service.o(i.GATT_Notification_CB)
    HAL_Delay                                0x08000759   Thumb Code    32  stm32f3xx_hal.o(i.HAL_Delay)
    HAL_EXTI_GetHandle                       0x0800077d   Thumb Code    12  stm32f3xx_hal_exti.o(i.HAL_EXTI_GetHandle)
    HAL_EXTI_IRQHandler                      0x08000789   Thumb Code    30  stm32f3xx_hal_exti.o(i.HAL_EXTI_IRQHandler)
    HAL_EXTI_RegisterCallback                0x080007ad   Thumb Code    14  stm32f3xx_hal_exti.o(i.HAL_EXTI_RegisterCallback)
    HAL_GPIO_DeInit                          0x080007bd   Thumb Code   288  stm32f3xx_hal_gpio.o(i.HAL_GPIO_DeInit)
    HAL_GPIO_Init                            0x080008fd   Thumb Code   422  stm32f3xx_hal_gpio.o(i.HAL_GPIO_Init)
    HAL_GPIO_ReadPin                         0x08000ac9   Thumb Code    10  stm32f3xx_hal_gpio.o(i.HAL_GPIO_ReadPin)
    HAL_GPIO_TogglePin                       0x08000ad3   Thumb Code     8  stm32f3xx_hal_gpio.o(i.HAL_GPIO_TogglePin)
    HAL_GPIO_WritePin                        0x08000adb   Thumb Code    10  stm32f3xx_hal_gpio.o(i.HAL_GPIO_WritePin)
    HAL_GetTick                              0x08000ae5   Thumb Code     6  stm32f3xx_hal.o(i.HAL_GetTick)
    HAL_I2CEx_EnableFastModePlus             0x08000af1   Thumb Code    30  stm32f3xx_hal_i2c_ex.o(i.HAL_I2CEx_EnableFastModePlus)
    HAL_IncTick                              0x08000b19   Thumb Code    12  stm32f3xx_hal.o(i.HAL_IncTick)
    HAL_Init                                 0x08000b29   Thumb Code    32  stm32f3xx_hal.o(i.HAL_Init)
    HAL_InitTick                             0x08000b4d   Thumb Code    54  stm32f3xx_hal.o(i.HAL_InitTick)
    HAL_MspInit                              0x08000b8d   Thumb Code    38  stm32f3xx_hal_msp.o(i.HAL_MspInit)
    HAL_NVIC_EnableIRQ                       0x08000bb9   Thumb Code    22  stm32f3xx_hal_cortex.o(i.HAL_NVIC_EnableIRQ)
    HAL_NVIC_SetPriority                     0x08000bd1   Thumb Code    60  stm32f3xx_hal_cortex.o(i.HAL_NVIC_SetPriority)
    HAL_NVIC_SetPriorityGrouping             0x08000c11   Thumb Code    26  stm32f3xx_hal_cortex.o(i.HAL_NVIC_SetPriorityGrouping)
    HAL_PCD_DataInStageCallback              0x08000c35   Thumb Code     2  stm32f3xx_hal_pcd.o(i.HAL_PCD_DataInStageCallback)
    HAL_PCD_DataOutStageCallback             0x08000c37   Thumb Code     2  stm32f3xx_hal_pcd.o(i.HAL_PCD_DataOutStageCallback)
    HAL_PCD_EP_Receive                       0x08000c39   Thumb Code   162  stm32f3xx_hal_pcd.o(i.HAL_PCD_EP_Receive)
    HAL_PCD_EP_Transmit                      0x08000cdb   Thumb Code   204  stm32f3xx_hal_pcd.o(i.HAL_PCD_EP_Transmit)
    HAL_PCD_IRQHandler                       0x08000da7   Thumb Code   240  stm32f3xx_hal_pcd.o(i.HAL_PCD_IRQHandler)
    HAL_PCD_Init                             0x08000e97   Thumb Code   166  stm32f3xx_hal_pcd.o(i.HAL_PCD_Init)
    HAL_PCD_MspInit                          0x08000f3d   Thumb Code    50  stm32f3xx_hal_msp.o(i.HAL_PCD_MspInit)
    HAL_PCD_ResetCallback                    0x08000f79   Thumb Code     2  stm32f3xx_hal_pcd.o(i.HAL_PCD_ResetCallback)
    HAL_PCD_ResumeCallback                   0x08000f7b   Thumb Code     2  stm32f3xx_hal_pcd.o(i.HAL_PCD_ResumeCallback)
    HAL_PCD_SOFCallback                      0x08000f7d   Thumb Code     2  stm32f3xx_hal_pcd.o(i.HAL_PCD_SOFCallback)
    HAL_PCD_SetAddress                       0x08000f7f   Thumb Code    44  stm32f3xx_hal_pcd.o(i.HAL_PCD_SetAddress)
    HAL_PCD_SetupStageCallback               0x08000fab   Thumb Code     2  stm32f3xx_hal_pcd.o(i.HAL_PCD_SetupStageCallback)
    HAL_PCD_SuspendCallback                  0x08000fad   Thumb Code     2  stm32f3xx_hal_pcd.o(i.HAL_PCD_SuspendCallback)
    HAL_RCCEx_PeriphCLKConfig                0x08000fb1   Thumb Code   648  stm32f3xx_hal_rcc_ex.o(i.HAL_RCCEx_PeriphCLKConfig)
    HAL_RCC_ClockConfig                      0x08001245   Thumb Code   306  stm32f3xx_hal_rcc.o(i.HAL_RCC_ClockConfig)
    HAL_RCC_GetPCLK1Freq                     0x08001389   Thumb Code    34  stm32f3xx_hal_rcc.o(i.HAL_RCC_GetPCLK1Freq)
    HAL_RCC_GetPCLK2Freq                     0x080013b9   Thumb Code    34  stm32f3xx_hal_rcc.o(i.HAL_RCC_GetPCLK2Freq)
    HAL_RCC_GetSysClockFreq                  0x080013e9   Thumb Code    76  stm32f3xx_hal_rcc.o(i.HAL_RCC_GetSysClockFreq)
    HAL_RCC_OscConfig                        0x08001441   Thumb Code  1432  stm32f3xx_hal_rcc.o(i.HAL_RCC_OscConfig)
    HAL_RTC_Init                             0x080019d9   Thumb Code   166  stm32f3xx_hal_rtc.o(i.HAL_RTC_Init)
    HAL_RTC_MspInit                          0x08001a85   Thumb Code    32  stm32f3xx_hal_msp.o(i.HAL_RTC_MspInit)
    HAL_RTC_WaitForSynchro                   0x08001aad   Thumb Code    54  stm32f3xx_hal_rtc.o(i.HAL_RTC_WaitForSynchro)
    HAL_SPI_GetState                         0x08001ae3   Thumb Code     6  stm32f3xx_hal_spi.o(i.HAL_SPI_GetState)
    HAL_SPI_Init                             0x08001ae9   Thumb Code   182  stm32f3xx_hal_spi.o(i.HAL_SPI_Init)
    HAL_SPI_MspInit                          0x08001b9f   Thumb Code     2  stm32f3xx_hal_spi.o(i.HAL_SPI_MspInit)
    HAL_SPI_TransmitReceive                  0x08001ba1   Thumb Code   574  stm32f3xx_hal_spi.o(i.HAL_SPI_TransmitReceive)
    HAL_SYSTICK_Config                       0x08001ddf   Thumb Code    40  stm32f3xx_hal_cortex.o(i.HAL_SYSTICK_Config)
    HAL_UART_Init                            0x08001e07   Thumb Code   106  stm32f3xx_hal_uart.o(i.HAL_UART_Init)
    HAL_UART_MspInit                         0x08001e71   Thumb Code    90  stm32f3xx_hal_msp.o(i.HAL_UART_MspInit)
    HAL_UART_Transmit                        0x08001ed9   Thumb Code   180  stm32f3xx_hal_uart.o(i.HAL_UART_Transmit)
    HCI_TL_SPI_DeInit                        0x08001f8d   Thumb Code    38  hci_tl_interface.o(i.HCI_TL_SPI_DeInit)
    HCI_TL_SPI_Init                          0x08001fbd   Thumb Code    94  hci_tl_interface.o(i.HCI_TL_SPI_Init)
    HCI_TL_SPI_Receive                       0x0800202d   Thumb Code   120  hci_tl_interface.o(i.HCI_TL_SPI_Receive)
    HCI_TL_SPI_Reset                         0x080020b1   Thumb Code    44  hci_tl_interface.o(i.HCI_TL_SPI_Reset)
    HCI_TL_SPI_Send                          0x080020e1   Thumb Code   134  hci_tl_interface.o(i.HCI_TL_SPI_Send)
    HardFault_Handler                        0x08002179   Thumb Code     2  stm32f3xx_it.o(i.HardFault_Handler)
    MX_BlueNRG_MS_Init                       0x0800217d   Thumb Code   228  app_x-cube-ble1.o(i.MX_BlueNRG_MS_Init)
    MX_BlueNRG_MS_Process                    0x08002345   Thumb Code    98  app_x-cube-ble1.o(i.MX_BlueNRG_MS_Process)
    MX_SPI1_Init                             0x0800254d   Thumb Code    64  stm32f3xx_nucleo_bus.o(i.MX_SPI1_Init)
    MX_USART2_UART_Init                      0x08002591   Thumb Code    44  stm32f3xx_nucleo.o(i.MX_USART2_UART_Init)
    MemManage_Handler                        0x080025ed   Thumb Code     2  stm32f3xx_it.o(i.MemManage_Handler)
    Mesh_Start_Listen_Connection             0x080025f1   Thumb Code   222  app_x-cube-ble1.o(i.Mesh_Start_Listen_Connection)
    Mesh_Start_P2P_Connection                0x080027b1   Thumb Code   276  app_x-cube-ble1.o(i.Mesh_Start_P2P_Connection)
    NMI_Handler                              0x080029c1   Thumb Code     2  stm32f3xx_it.o(i.NMI_Handler)
    PCD_ReadPMA                              0x08002d11   Thumb Code    40  stm32f3xx_hal_pcd_ex.o(i.PCD_ReadPMA)
    PCD_WritePMA                             0x08002d39   Thumb Code    38  stm32f3xx_hal_pcd_ex.o(i.PCD_WritePMA)
    PendSV_Handler                           0x08002d5f   Thumb Code     2  stm32f3xx_it.o(i.PendSV_Handler)
    Process_En_Notification_BlueNRG_MS       0x08002d61   Thumb Code    76  app_x-cube-ble1.o(i.Process_En_Notification_BlueNRG_MS)
    RTC_EnterInitMode                        0x08002dbd   Thumb Code    58  stm32f3xx_hal_rtc.o(i.RTC_EnterInitMode)
    SVC_Handler                              0x08002f71   Thumb Code     2  stm32f3xx_it.o(i.SVC_Handler)
    SysTick_Handler                          0x08002f73   Thumb Code     4  stm32f3xx_it.o(i.SysTick_Handler)
    SystemClock_Config                       0x08002f79   Thumb Code   114  main.o(i.SystemClock_Config)
    SystemInit                               0x08002ff1   Thumb Code    82  system_stm32f3xx.o(i.SystemInit)
    UART_AdvFeatureConfig                    0x08003059   Thumb Code   200  stm32f3xx_hal_uart.o(i.UART_AdvFeatureConfig)
    UART_CheckIdleState                      0x08003121   Thumb Code    92  stm32f3xx_hal_uart.o(i.UART_CheckIdleState)
    UART_SetConfig                           0x0800317d   Thumb Code   434  stm32f3xx_hal_uart.o(i.UART_SetConfig)
    UART_WaitOnFlagUntilTimeout              0x08003355   Thumb Code   100  stm32f3xx_hal_uart.o(i.UART_WaitOnFlagUntilTimeout)
    USB_LP_CAN_RX0_IRQHandler                0x080033b9   Thumb Code     6  stm32f3xx_it.o(i.USB_LP_CAN_RX0_IRQHandler)
    UsageFault_Handler                       0x080033c5   Thumb Code     2  stm32f3xx_it.o(i.UsageFault_Handler)
    __0printf$8                              0x080033c9   Thumb Code    22  printf8.o(i.__0printf$8)
    __1printf$8                              0x080033c9   Thumb Code     0  printf8.o(i.__0printf$8)
    __2printf                                0x080033c9   Thumb Code     0  printf8.o(i.__0printf$8)
    __scatterload_copy                       0x080033e9   Thumb Code    14  handlers.o(i.__scatterload_copy)
    __scatterload_null                       0x080033f7   Thumb Code     2  handlers.o(i.__scatterload_null)
    __scatterload_zeroinit                   0x080033f9   Thumb Code    14  handlers.o(i.__scatterload_zeroinit)
    aci_gap_create_connection                0x0800386b   Thumb Code   132  bluenrg_gap_aci.o(i.aci_gap_create_connection)
    aci_gap_init_IDB05A1                     0x080038ef   Thumb Code   112  bluenrg_gap_aci.o(i.aci_gap_init_IDB05A1)
    aci_gap_set_auth_requirement             0x0800395f   Thumb Code   116  bluenrg_gap_aci.o(i.aci_gap_set_auth_requirement)
    aci_gap_set_discoverable                 0x080039d3   Thumb Code   204  bluenrg_gap_aci.o(i.aci_gap_set_discoverable)
    aci_gatt_add_char                        0x08003a9f   Thumb Code   182  bluenrg_gatt_aci.o(i.aci_gatt_add_char)
    aci_gatt_add_serv                        0x08003b55   Thumb Code   124  bluenrg_gatt_aci.o(i.aci_gatt_add_serv)
    aci_gatt_disc_charac_by_uuid             0x08003bd1   Thumb Code   136  bluenrg_gatt_aci.o(i.aci_gatt_disc_charac_by_uuid)
    aci_gatt_init                            0x08003c59   Thumb Code    58  bluenrg_gatt_aci.o(i.aci_gatt_init)
    aci_gatt_update_char_value               0x08003c93   Thumb Code   122  bluenrg_gatt_aci.o(i.aci_gatt_update_char_value)
    aci_gatt_write_charac_descriptor         0x08003d0d   Thumb Code   120  bluenrg_gatt_aci.o(i.aci_gatt_write_charac_descriptor)
    aci_gatt_write_without_response          0x08003d85   Thumb Code    98  bluenrg_gatt_aci.o(i.aci_gatt_write_without_response)
    aci_hal_set_tx_power_level               0x08003de7   Thumb Code    72  bluenrg_hal_aci.o(i.aci_hal_set_tx_power_level)
    aci_hal_write_config_data                0x08003e2f   Thumb Code    94  bluenrg_hal_aci.o(i.aci_hal_write_config_data)
    enableNotification                       0x08003e8d   Thumb Code    60  sample_service.o(i.enableNotification)
    fputc                                    0x08003ed1   Thumb Code    32  stm32f3xx_nucleo.o(i.fputc)
    getBlueNRGVersion                        0x08003ef9   Thumb Code    76  bluenrg_utils_small.o(i.getBlueNRGVersion)
    hci_init                                 0x08003f45   Thumb Code    80  hci_tl.o(i.hci_init)
    hci_le_read_local_version                0x08003fa1   Thumb Code   124  hci_le.o(i.hci_le_read_local_version)
    hci_le_set_scan_resp_data                0x0800401d   Thumb Code    96  hci_le.o(i.hci_le_set_scan_resp_data)
    hci_notify_asynch_evt                    0x0800407d   Thumb Code    94  hci_tl.o(i.hci_notify_asynch_evt)
    hci_register_io_bus                      0x080040e5   Thumb Code    24  hci_tl.o(i.hci_register_io_bus)
    hci_reset                                0x08004101   Thumb Code    54  hci_le.o(i.hci_reset)
    hci_send_req                             0x08004139   Thumb Code   382  hci_tl.o(i.hci_send_req)
    hci_tl_lowlevel_init                     0x080042c1   Thumb Code    72  hci_tl_interface.o(i.hci_tl_lowlevel_init)
    hci_tl_lowlevel_isr                      0x0800432d   Thumb Code    32  hci_tl_interface.o(i.hci_tl_lowlevel_isr)
    hci_user_evt_proc                        0x08004351   Thumb Code    50  hci_tl.o(i.hci_user_evt_proc)
    list_get_size                            0x0800438d   Thumb Code    28  ble_list.o(i.list_get_size)
    list_init_head                           0x080043a9   Thumb Code     6  ble_list.o(i.list_init_head)
    list_insert_head                         0x080043af   Thumb Code    24  ble_list.o(i.list_insert_head)
    list_insert_tail                         0x080043c7   Thumb Code    24  ble_list.o(i.list_insert_tail)
    list_is_empty                            0x080043df   Thumb Code    24  ble_list.o(i.list_is_empty)
    list_remove_head                         0x080043f7   Thumb Code    36  ble_list.o(i.list_remove_head)
    list_remove_node                         0x0800441b   Thumb Code    22  ble_list.o(i.list_remove_node)
    list_remove_tail                         0x08004431   Thumb Code    36  ble_list.o(i.list_remove_tail)
    main                                     0x08004455   Thumb Code    98  main.o(i.main)
    receiveData                              0x080044e9   Thumb Code    86  sample_service.o(i.receiveData)
    sendData                                 0x08004551   Thumb Code    52  sample_service.o(i.sendData)
    startReadRXCharHandle                    0x0800458d   Thumb Code    50  sample_service.o(i.startReadRXCharHandle)
    startReadTXCharHandle                    0x080045d5   Thumb Code    50  sample_service.o(i.startReadTXCharHandle)
    user_notify                              0x0800461d   Thumb Code   196  sample_service.o(i.user_notify)
    local_address                            0x0800471c   Data           6  app_x-cube-ble1.o(.constdata)
    aPLLMULFactorTable                       0x08004738   Data          16  stm32f3xx_hal_rcc.o(.constdata)
    aPredivFactorTable                       0x08004748   Data          16  stm32f3xx_hal_rcc.o(.constdata)
    AHBPrescTable                            0x08004758   Data          16  system_stm32f3xx.o(.constdata)
    APBPrescTable                            0x08004768   Data           8  system_stm32f3xx.o(.constdata)
    Region$$Table$$Base                      0x08004770   Number         0  anon$$obj.o(Region$$Table)
    Region$$Table$$Limit                     0x08004790   Number         0  anon$$obj.o(Region$$Table)
    hexti15                                  0x20000000   Data           8  hci_tl_interface.o(.data)
    bnrg_expansion_board                     0x20000008   Data           1  app_x-cube-ble1.o(.data)
    BLE_Role                                 0x2000000b   Data           1  app_x-cube-ble1.o(.data)
    service_handle                           0x2000000c   Data           2  app_x-cube-ble1.o(.data)
    dev_name_char_handle                     0x2000000e   Data           2  app_x-cube-ble1.o(.data)
    appearance_char_handle                   0x20000010   Data           2  app_x-cube-ble1.o(.data)
    bdaddr                                   0x20000012   Data           6  app_x-cube-ble1.o(.data)
    set_connectable                          0x20000018   Data           1  sample_service.o(.data)
    notification_enabled                     0x20000019   Data           1  sample_service.o(.data)
    start_read_tx_char_handle                0x2000001a   Data           1  sample_service.o(.data)
    start_read_rx_char_handle                0x2000001b   Data           1  sample_service.o(.data)
    end_read_tx_char_handle                  0x2000001c   Data           1  sample_service.o(.data)
    end_read_rx_char_handle                  0x2000001d   Data           1  sample_service.o(.data)
    Ack                                      0x2000001e   Data           1  sample_service.o(.data)
    connection_handle                        0x20000020   Data           2  sample_service.o(.data)
    tx_handle                                0x20000022   Data           2  sample_service.o(.data)
    rx_handle                                0x20000024   Data           2  sample_service.o(.data)
    sampleServHandle                         0x20000026   Data           2  sample_service.o(.data)
    TXCharHandle                             0x20000028   Data           2  sample_service.o(.data)
    RXCharHandle                             0x2000002a   Data           2  sample_service.o(.data)
    connected                                0x2000002c   Data           4  sample_service.o(.data)
    COM_USART                                0x20000040   Data           4  stm32f3xx_nucleo.o(.data)
    hpb_exti                                 0x20000044   Data           8  stm32f3xx_nucleo.o(.data)
    uwTickFreq                               0x2000004c   Data           1  stm32f3xx_hal.o(.data)
    uwTickPrio                               0x20000050   Data           4  stm32f3xx_hal.o(.data)
    uwTick                                   0x20000054   Data           4  stm32f3xx_hal.o(.data)
    SystemCoreClock                          0x20000058   Data           4  system_stm32f3xx.o(.data)
    hciReadPktPool                           0x2000005c   Data           8  hci_tl.o(.data)
    hciReadPktRxQueue                        0x20000064   Data           8  hci_tl.o(.data)
    __stdout                                 0x2000006c   Data           4  stdout.o(.data)
    hrtc                                     0x20000070   Data          32  main.o(.bss)
    huart3                                   0x20000090   Data         112  main.o(.bss)
    hpcd_USB_FS                              0x20000100   Data         936  main.o(.bss)
    hspi1                                    0x200005a8   Data         100  stm32f3xx_nucleo_bus.o(.bss)
    hcom_uart                                0x2000060c   Data         112  stm32f3xx_nucleo.o(.bss)
    __initial_sp                             0x20000d58   Data           0  startup_stm32f303xe.o(STACK)



==============================================================================

Memory Map of the image

  Image Entry point : 0x08000195

  Load Region LR_IROM1 (Base: 0x08000000, Size: 0x00004800, Max: 0x00080000, ABSOLUTE)

    Execution Region ER_IROM1 (Exec base: 0x08000000, Load base: 0x08000000, Size: 0x00004790, Max: 0x00080000, ABSOLUTE)

    Exec Addr    Load Addr    Size         Type   Attr      Idx    E Section Name        Object

    0x08000000   0x08000000   0x00000194   Data   RO            3    RESET               startup_stm32f303xe.o
    0x08000194   0x08000194   0x00000000   Code   RO         4903  * .ARM.Collect$$$$00000000  mc_w.l(entry.o)
    0x08000194   0x08000194   0x00000004   Code   RO         5178    .ARM.Collect$$$$00000001  mc_w.l(entry2.o)
    0x08000198   0x08000198   0x00000004   Code   RO         5181    .ARM.Collect$$$$00000004  mc_w.l(entry5.o)
    0x0800019c   0x0800019c   0x00000000   Code   RO         5183    .ARM.Collect$$$$00000008  mc_w.l(entry7b.o)
    0x0800019c   0x0800019c   0x00000000   Code   RO         5185    .ARM.Collect$$$$0000000A  mc_w.l(entry8b.o)
    0x0800019c   0x0800019c   0x00000008   Code   RO         5186    .ARM.Collect$$$$0000000B  mc_w.l(entry9a.o)
    0x080001a4   0x080001a4   0x00000000   Code   RO         5188    .ARM.Collect$$$$0000000D  mc_w.l(entry10a.o)
    0x080001a4   0x080001a4   0x00000000   Code   RO         5190    .ARM.Collect$$$$0000000F  mc_w.l(entry11a.o)
    0x080001a4   0x080001a4   0x00000004   Code   RO         5179    .ARM.Collect$$$$00002712  mc_w.l(entry2.o)
    0x080001a8   0x080001a8   0x00000024   Code   RO            4    .text               startup_stm32f303xe.o
    0x080001cc   0x080001cc   0x00000004   Code   RO         4906    .text               mc_w.l(fflush.o)
    0x080001d0   0x080001d0   0x00000020   Code   RO         4909    .text               mc_w.l(llushr.o)
    0x080001f0   0x080001f0   0x00000024   Code   RO         4911    .text               mc_w.l(memcpya.o)
    0x08000214   0x08000214   0x00000024   Code   RO         4913    .text               mc_w.l(memseta.o)
    0x08000238   0x08000238   0x00000062   Code   RO         5194    .text               mc_w.l(uldiv.o)
    0x0800029a   0x0800029a   0x00000002   PAD
    0x0800029c   0x0800029c   0x00000024   Code   RO         5207    .text               mc_w.l(init.o)
    0x080002c0   0x080002c0   0x0000001e   Code   RO         5209    .text               mc_w.l(llshl.o)
    0x080002de   0x080002de   0x00000002   PAD
    0x080002e0   0x080002e0   0x000000b8   Code   RO          432    i.Add_Sample_Service  sample_service.o
    0x08000398   0x08000398   0x0000002c   Code   RO          433    i.Attribute_Modified_CB  sample_service.o
    0x080003c4   0x080003c4   0x00000080   Code   RO          741    i.BSP_COM_Init      stm32f3xx_nucleo.o
    0x08000444   0x08000444   0x00000004   Code   RO          525    i.BSP_GetTick       stm32f3xx_nucleo_bus.o
    0x08000448   0x08000448   0x00000058   Code   RO          746    i.BSP_LED_Init      stm32f3xx_nucleo.o
    0x080004a0   0x080004a0   0x00000020   Code   RO          747    i.BSP_LED_Off       stm32f3xx_nucleo.o
    0x080004c0   0x080004c0   0x00000020   Code   RO          748    i.BSP_LED_On        stm32f3xx_nucleo.o
    0x080004e0   0x080004e0   0x00000020   Code   RO          749    i.BSP_LED_Toggle    stm32f3xx_nucleo.o
    0x08000500   0x08000500   0x0000000c   Code   RO          317    i.BSP_PB_Callback   app_x-cube-ble1.o
    0x0800050c   0x0800050c   0x00000024   Code   RO          752    i.BSP_PB_GetState   stm32f3xx_nucleo.o
    0x08000530   0x08000530   0x000000ac   Code   RO          754    i.BSP_PB_Init       stm32f3xx_nucleo.o
    0x080005dc   0x080005dc   0x00000084   Code   RO          527    i.BSP_SPI1_Init     stm32f3xx_nucleo_bus.o
    0x08000660   0x08000660   0x00000024   Code   RO          530    i.BSP_SPI1_SendRecv  stm32f3xx_nucleo_bus.o
    0x08000684   0x08000684   0x0000000a   Code   RO          755    i.BUTTON_USER_EXTI_Callback  stm32f3xx_nucleo.o
    0x0800068e   0x0800068e   0x00000002   Code   RO          592    i.BusFault_Handler  stm32f3xx_it.o
    0x08000690   0x08000690   0x00000002   Code   RO          593    i.DebugMon_Handler  stm32f3xx_it.o
    0x08000692   0x08000692   0x00000002   PAD
    0x08000694   0x08000694   0x0000001c   Code   RO          594    i.EXTI15_10_IRQHandler  stm32f3xx_it.o
    0x080006b0   0x080006b0   0x0000005c   Code   RO          434    i.GAP_ConnectionComplete_CB  sample_service.o
    0x0800070c   0x0800070c   0x00000034   Code   RO          435    i.GAP_DisconnectionComplete_CB  sample_service.o
    0x08000740   0x08000740   0x00000018   Code   RO          436    i.GATT_Notification_CB  sample_service.o
    0x08000758   0x08000758   0x00000024   Code   RO         2302    i.HAL_Delay         stm32f3xx_hal.o
    0x0800077c   0x0800077c   0x0000000c   Code   RO          281    i.HAL_EXTI_GetHandle  stm32f3xx_hal_exti.o
    0x08000788   0x08000788   0x00000024   Code   RO          282    i.HAL_EXTI_IRQHandler  stm32f3xx_hal_exti.o
    0x080007ac   0x080007ac   0x0000000e   Code   RO          283    i.HAL_EXTI_RegisterCallback  stm32f3xx_hal_exti.o
    0x080007ba   0x080007ba   0x00000002   PAD
    0x080007bc   0x080007bc   0x00000140   Code   RO         2616    i.HAL_GPIO_DeInit   stm32f3xx_hal_gpio.o
    0x080008fc   0x080008fc   0x000001cc   Code   RO         2619    i.HAL_GPIO_Init     stm32f3xx_hal_gpio.o
    0x08000ac8   0x08000ac8   0x0000000a   Code   RO         2621    i.HAL_GPIO_ReadPin  stm32f3xx_hal_gpio.o
    0x08000ad2   0x08000ad2   0x00000008   Code   RO         2622    i.HAL_GPIO_TogglePin  stm32f3xx_hal_gpio.o
    0x08000ada   0x08000ada   0x0000000a   Code   RO         2623    i.HAL_GPIO_WritePin  stm32f3xx_hal_gpio.o
    0x08000ae4   0x08000ae4   0x0000000c   Code   RO         2306    i.HAL_GetTick       stm32f3xx_hal.o
    0x08000af0   0x08000af0   0x00000028   Code   RO         3675    i.HAL_I2CEx_EnableFastModePlus  stm32f3xx_hal_i2c_ex.o
    0x08000b18   0x08000b18   0x00000010   Code   RO         2312    i.HAL_IncTick       stm32f3xx_hal.o
    0x08000b28   0x08000b28   0x00000024   Code   RO         2313    i.HAL_Init          stm32f3xx_hal.o
    0x08000b4c   0x08000b4c   0x00000040   Code   RO         2314    i.HAL_InitTick      stm32f3xx_hal.o
    0x08000b8c   0x08000b8c   0x0000002c   Code   RO          680    i.HAL_MspInit       stm32f3xx_hal_msp.o
    0x08000bb8   0x08000bb8   0x00000016   Code   RO         2787    i.HAL_NVIC_EnableIRQ  stm32f3xx_hal_cortex.o
    0x08000bce   0x08000bce   0x00000002   PAD
    0x08000bd0   0x08000bd0   0x00000040   Code   RO         2793    i.HAL_NVIC_SetPriority  stm32f3xx_hal_cortex.o
    0x08000c10   0x08000c10   0x00000024   Code   RO         2794    i.HAL_NVIC_SetPriorityGrouping  stm32f3xx_hal_cortex.o
    0x08000c34   0x08000c34   0x00000002   Code   RO         2041    i.HAL_PCD_DataInStageCallback  stm32f3xx_hal_pcd.o
    0x08000c36   0x08000c36   0x00000002   Code   RO         2042    i.HAL_PCD_DataOutStageCallback  stm32f3xx_hal_pcd.o
    0x08000c38   0x08000c38   0x000000a2   Code   RO         2053    i.HAL_PCD_EP_Receive  stm32f3xx_hal_pcd.o
    0x08000cda   0x08000cda   0x000000cc   Code   RO         2055    i.HAL_PCD_EP_Transmit  stm32f3xx_hal_pcd.o
    0x08000da6   0x08000da6   0x000000f0   Code   RO         2057    i.HAL_PCD_IRQHandler  stm32f3xx_hal_pcd.o
    0x08000e96   0x08000e96   0x000000a6   Code   RO         2060    i.HAL_PCD_Init      stm32f3xx_hal_pcd.o
    0x08000f3c   0x08000f3c   0x0000003c   Code   RO          682    i.HAL_PCD_MspInit   stm32f3xx_hal_msp.o
    0x08000f78   0x08000f78   0x00000002   Code   RO         2063    i.HAL_PCD_ResetCallback  stm32f3xx_hal_pcd.o
    0x08000f7a   0x08000f7a   0x00000002   Code   RO         2064    i.HAL_PCD_ResumeCallback  stm32f3xx_hal_pcd.o
    0x08000f7c   0x08000f7c   0x00000002   Code   RO         2065    i.HAL_PCD_SOFCallback  stm32f3xx_hal_pcd.o
    0x08000f7e   0x08000f7e   0x0000002c   Code   RO         2066    i.HAL_PCD_SetAddress  stm32f3xx_hal_pcd.o
    0x08000faa   0x08000faa   0x00000002   Code   RO         2067    i.HAL_PCD_SetupStageCallback  stm32f3xx_hal_pcd.o
    0x08000fac   0x08000fac   0x00000002   Code   RO         2070    i.HAL_PCD_SuspendCallback  stm32f3xx_hal_pcd.o
    0x08000fae   0x08000fae   0x00000002   PAD
    0x08000fb0   0x08000fb0   0x00000294   Code   RO         2576    i.HAL_RCCEx_PeriphCLKConfig  stm32f3xx_hal_rcc_ex.o
    0x08001244   0x08001244   0x00000144   Code   RO         2470    i.HAL_RCC_ClockConfig  stm32f3xx_hal_rcc.o
    0x08001388   0x08001388   0x00000030   Code   RO         2477    i.HAL_RCC_GetPCLK1Freq  stm32f3xx_hal_rcc.o
    0x080013b8   0x080013b8   0x00000030   Code   RO         2478    i.HAL_RCC_GetPCLK2Freq  stm32f3xx_hal_rcc.o
    0x080013e8   0x080013e8   0x00000058   Code   RO         2479    i.HAL_RCC_GetSysClockFreq  stm32f3xx_hal_rcc.o
    0x08001440   0x08001440   0x00000598   Code   RO         2482    i.HAL_RCC_OscConfig  stm32f3xx_hal_rcc.o
    0x080019d8   0x080019d8   0x000000ac   Code   RO         1646    i.HAL_RTC_Init      stm32f3xx_hal_rtc.o
    0x08001a84   0x08001a84   0x00000028   Code   RO          684    i.HAL_RTC_MspInit   stm32f3xx_hal_msp.o
    0x08001aac   0x08001aac   0x00000036   Code   RO         1654    i.HAL_RTC_WaitForSynchro  stm32f3xx_hal_rtc.o
    0x08001ae2   0x08001ae2   0x00000006   Code   RO          882    i.HAL_SPI_GetState  stm32f3xx_hal_spi.o
    0x08001ae8   0x08001ae8   0x000000b6   Code   RO          884    i.HAL_SPI_Init      stm32f3xx_hal_spi.o
    0x08001b9e   0x08001b9e   0x00000002   Code   RO          886    i.HAL_SPI_MspInit   stm32f3xx_hal_spi.o
    0x08001ba0   0x08001ba0   0x0000023e   Code   RO          893    i.HAL_SPI_TransmitReceive  stm32f3xx_hal_spi.o
    0x08001dde   0x08001dde   0x00000028   Code   RO         2798    i.HAL_SYSTICK_Config  stm32f3xx_hal_cortex.o
    0x08001e06   0x08001e06   0x0000006a   Code   RO         1250    i.HAL_UART_Init     stm32f3xx_hal_uart.o
    0x08001e70   0x08001e70   0x00000068   Code   RO          686    i.HAL_UART_MspInit  stm32f3xx_hal_msp.o
    0x08001ed8   0x08001ed8   0x000000b4   Code   RO         1258    i.HAL_UART_Transmit  stm32f3xx_hal_uart.o
    0x08001f8c   0x08001f8c   0x00000030   Code   RO          196    i.HCI_TL_SPI_DeInit  hci_tl_interface.o
    0x08001fbc   0x08001fbc   0x00000070   Code   RO          197    i.HCI_TL_SPI_Init   hci_tl_interface.o
    0x0800202c   0x0800202c   0x00000084   Code   RO          198    i.HCI_TL_SPI_Receive  hci_tl_interface.o
    0x080020b0   0x080020b0   0x00000030   Code   RO          199    i.HCI_TL_SPI_Reset  hci_tl_interface.o
    0x080020e0   0x080020e0   0x00000098   Code   RO          200    i.HCI_TL_SPI_Send   hci_tl_interface.o
    0x08002178   0x08002178   0x00000002   Code   RO          595    i.HardFault_Handler  stm32f3xx_it.o
    0x0800217a   0x0800217a   0x00000002   PAD
    0x0800217c   0x0800217c   0x000001c8   Code   RO          318    i.MX_BlueNRG_MS_Init  app_x-cube-ble1.o
    0x08002344   0x08002344   0x00000078   Code   RO          319    i.MX_BlueNRG_MS_Process  app_x-cube-ble1.o
    0x080023bc   0x080023bc   0x00000190   Code   RO           14    i.MX_GPIO_Init      main.o
    0x0800254c   0x0800254c   0x00000044   Code   RO          531    i.MX_SPI1_Init      stm32f3xx_nucleo_bus.o
    0x08002590   0x08002590   0x00000030   Code   RO          756    i.MX_USART2_UART_Init  stm32f3xx_nucleo.o
    0x080025c0   0x080025c0   0x0000002c   Code   RO           15    i.MX_USART3_UART_Init  main.o
    0x080025ec   0x080025ec   0x00000002   Code   RO          596    i.MemManage_Handler  stm32f3xx_it.o
    0x080025ee   0x080025ee   0x00000002   PAD
    0x080025f0   0x080025f0   0x000001c0   Code   RO          320    i.Mesh_Start_Listen_Connection  app_x-cube-ble1.o
    0x080027b0   0x080027b0   0x00000210   Code   RO          321    i.Mesh_Start_P2P_Connection  app_x-cube-ble1.o
    0x080029c0   0x080029c0   0x00000002   Code   RO          597    i.NMI_Handler       stm32f3xx_it.o
    0x080029c2   0x080029c2   0x00000020   Code   RO         2800    i.NVIC_SetPriority  stm32f3xx_hal_cortex.o
    0x080029e2   0x080029e2   0x00000002   PAD
    0x080029e4   0x080029e4   0x0000032c   Code   RO         2071    i.PCD_EP_ISR_Handler  stm32f3xx_hal_pcd.o
    0x08002d10   0x08002d10   0x00000028   Code   RO         2255    i.PCD_ReadPMA       stm32f3xx_hal_pcd_ex.o
    0x08002d38   0x08002d38   0x00000026   Code   RO         2256    i.PCD_WritePMA      stm32f3xx_hal_pcd_ex.o
    0x08002d5e   0x08002d5e   0x00000002   Code   RO          598    i.PendSV_Handler    stm32f3xx_it.o
    0x08002d60   0x08002d60   0x0000005c   Code   RO          322    i.Process_En_Notification_BlueNRG_MS  app_x-cube-ble1.o
    0x08002dbc   0x08002dbc   0x0000003a   Code   RO         1657    i.RTC_EnterInitMode  stm32f3xx_hal_rtc.o
    0x08002df6   0x08002df6   0x00000048   Code   RO          922    i.SPI_EndRxTxTransaction  stm32f3xx_hal_spi.o
    0x08002e3e   0x08002e3e   0x0000009e   Code   RO          927    i.SPI_WaitFifoStateUntilTimeout  stm32f3xx_hal_spi.o
    0x08002edc   0x08002edc   0x00000094   Code   RO          928    i.SPI_WaitFlagStateUntilTimeout  stm32f3xx_hal_spi.o
    0x08002f70   0x08002f70   0x00000002   Code   RO          599    i.SVC_Handler       stm32f3xx_it.o
    0x08002f72   0x08002f72   0x00000004   Code   RO          600    i.SysTick_Handler   stm32f3xx_it.o
    0x08002f76   0x08002f76   0x00000002   PAD
    0x08002f78   0x08002f78   0x00000078   Code   RO           16    i.SystemClock_Config  main.o
    0x08002ff0   0x08002ff0   0x00000068   Code   RO         3726    i.SystemInit        system_stm32f3xx.o
    0x08003058   0x08003058   0x000000c8   Code   RO         1263    i.UART_AdvFeatureConfig  stm32f3xx_hal_uart.o
    0x08003120   0x08003120   0x0000005c   Code   RO         1264    i.UART_CheckIdleState  stm32f3xx_hal_uart.o
    0x0800317c   0x0800317c   0x000001d8   Code   RO         1279    i.UART_SetConfig    stm32f3xx_hal_uart.o
    0x08003354   0x08003354   0x00000064   Code   RO         1281    i.UART_WaitOnFlagUntilTimeout  stm32f3xx_hal_uart.o
    0x080033b8   0x080033b8   0x0000000c   Code   RO          601    i.USB_LP_CAN_RX0_IRQHandler  stm32f3xx_it.o
    0x080033c4   0x080033c4   0x00000002   Code   RO          602    i.UsageFault_Handler  stm32f3xx_it.o
    0x080033c6   0x080033c6   0x00000002   PAD
    0x080033c8   0x080033c8   0x00000020   Code   RO         5124    i.__0printf$8       mc_w.l(printf8.o)
    0x080033e8   0x080033e8   0x0000000e   Code   RO         5217    i.__scatterload_copy  mc_w.l(handlers.o)
    0x080033f6   0x080033f6   0x00000002   Code   RO         5218    i.__scatterload_null  mc_w.l(handlers.o)
    0x080033f8   0x080033f8   0x0000000e   Code   RO         5219    i.__scatterload_zeroinit  mc_w.l(handlers.o)
    0x08003406   0x08003406   0x00000002   PAD
    0x08003408   0x08003408   0x00000410   Code   RO         5131    i._printf_core      mc_w.l(printf8.o)
    0x08003818   0x08003818   0x00000024   Code   RO         5132    i._printf_post_padding  mc_w.l(printf8.o)
    0x0800383c   0x0800383c   0x0000002e   Code   RO         5133    i._printf_pre_padding  mc_w.l(printf8.o)
    0x0800386a   0x0800386a   0x00000084   Code   RO         3768    i.aci_gap_create_connection  bluenrg_gap_aci.o
    0x080038ee   0x080038ee   0x00000070   Code   RO         3773    i.aci_gap_init_IDB05A1  bluenrg_gap_aci.o
    0x0800395e   0x0800395e   0x00000074   Code   RO         3779    i.aci_gap_set_auth_requirement  bluenrg_gap_aci.o
    0x080039d2   0x080039d2   0x000000cc   Code   RO         3784    i.aci_gap_set_discoverable  bluenrg_gap_aci.o
    0x08003a9e   0x08003a9e   0x000000b6   Code   RO         4042    i.aci_gatt_add_char  bluenrg_gatt_aci.o
    0x08003b54   0x08003b54   0x0000007c   Code   RO         4044    i.aci_gatt_add_serv  bluenrg_gatt_aci.o
    0x08003bd0   0x08003bd0   0x00000088   Code   RO         4053    i.aci_gatt_disc_charac_by_uuid  bluenrg_gatt_aci.o
    0x08003c58   0x08003c58   0x0000003a   Code   RO         4058    i.aci_gatt_init     bluenrg_gatt_aci.o
    0x08003c92   0x08003c92   0x0000007a   Code   RO         4071    i.aci_gatt_update_char_value  bluenrg_gatt_aci.o
    0x08003d0c   0x08003d0c   0x00000078   Code   RO         4073    i.aci_gatt_write_charac_descriptor  bluenrg_gatt_aci.o
    0x08003d84   0x08003d84   0x00000062   Code   RO         4079    i.aci_gatt_write_without_response  bluenrg_gatt_aci.o
    0x08003de6   0x08003de6   0x00000048   Code   RO         4324    i.aci_hal_set_tx_power_level  bluenrg_hal_aci.o
    0x08003e2e   0x08003e2e   0x0000005e   Code   RO         4327    i.aci_hal_write_config_data  bluenrg_hal_aci.o
    0x08003e8c   0x08003e8c   0x00000044   Code   RO          438    i.enableNotification  sample_service.o
    0x08003ed0   0x08003ed0   0x00000028   Code   RO          757    i.fputc             stm32f3xx_nucleo.o
    0x08003ef8   0x08003ef8   0x0000004c   Code   RO         4522    i.getBlueNRGVersion  bluenrg_utils_small.o
    0x08003f44   0x08003f44   0x0000005c   Code   RO         4549    i.hci_init          hci_tl.o
    0x08003fa0   0x08003fa0   0x0000007c   Code   RO         4619    i.hci_le_read_local_version  hci_le.o
    0x0800401c   0x0800401c   0x00000060   Code   RO         4630    i.hci_le_set_scan_resp_data  hci_le.o
    0x0800407c   0x0800407c   0x00000068   Code   RO         4550    i.hci_notify_asynch_evt  hci_tl.o
    0x080040e4   0x080040e4   0x0000001c   Code   RO         4551    i.hci_register_io_bus  hci_tl.o
    0x08004100   0x08004100   0x00000036   Code   RO         4636    i.hci_reset         hci_le.o
    0x08004136   0x08004136   0x00000002   PAD
    0x08004138   0x08004138   0x00000188   Code   RO         4552    i.hci_send_req      hci_tl.o
    0x080042c0   0x080042c0   0x0000006c   Code   RO          201    i.hci_tl_lowlevel_init  hci_tl_interface.o
    0x0800432c   0x0800432c   0x00000024   Code   RO          202    i.hci_tl_lowlevel_isr  hci_tl_interface.o
    0x08004350   0x08004350   0x0000003c   Code   RO         4553    i.hci_user_evt_proc  hci_tl.o
    0x0800438c   0x0800438c   0x0000001c   Code   RO         4812    i.list_get_size     ble_list.o
    0x080043a8   0x080043a8   0x00000006   Code   RO         4813    i.list_init_head    ble_list.o
    0x080043ae   0x080043ae   0x00000018   Code   RO         4814    i.list_insert_head  ble_list.o
    0x080043c6   0x080043c6   0x00000018   Code   RO         4817    i.list_insert_tail  ble_list.o
    0x080043de   0x080043de   0x00000018   Code   RO         4818    i.list_is_empty     ble_list.o
    0x080043f6   0x080043f6   0x00000024   Code   RO         4819    i.list_remove_head  ble_list.o
    0x0800441a   0x0800441a   0x00000016   Code   RO         4820    i.list_remove_node  ble_list.o
    0x08004430   0x08004430   0x00000024   Code   RO         4821    i.list_remove_tail  ble_list.o
    0x08004454   0x08004454   0x00000070   Code   RO           17    i.main              main.o
    0x080044c4   0x080044c4   0x00000024   Code   RO         4554    i.move_list         hci_tl.o
    0x080044e8   0x080044e8   0x00000068   Code   RO          439    i.receiveData       sample_service.o
    0x08004550   0x08004550   0x0000003c   Code   RO          440    i.sendData          sample_service.o
    0x0800458c   0x0800458c   0x00000048   Code   RO          441    i.startReadRXCharHandle  sample_service.o
    0x080045d4   0x080045d4   0x00000048   Code   RO          442    i.startReadTXCharHandle  sample_service.o
    0x0800461c   0x0800461c   0x00000100   Code   RO          443    i.user_notify       sample_service.o
    0x0800471c   0x0800471c   0x00000006   Data   RO          324    .constdata          app_x-cube-ble1.o
    0x08004722   0x08004722   0x00000002   PAD
    0x08004724   0x08004724   0x00000014   Data   RO          759    .constdata          stm32f3xx_nucleo.o
    0x08004738   0x08004738   0x00000020   Data   RO         2483    .constdata          stm32f3xx_hal_rcc.o
    0x08004758   0x08004758   0x00000010   Data   RO         3727    .constdata          system_stm32f3xx.o
    0x08004768   0x08004768   0x00000008   Data   RO         3728    .constdata          system_stm32f3xx.o
    0x08004770   0x08004770   0x00000020   Data   RO         5215    Region$$Table       anon$$obj.o


    Execution Region RW_IRAM1 (Exec base: 0x20000000, Load base: 0x08004790, Size: 0x00000d58, Max: 0x00010000, ABSOLUTE)

    Exec Addr    Load Addr    Size         Type   Attr      Idx    E Section Name        Object

    0x20000000   0x08004790   0x00000008   Data   RW          204    .data               hci_tl_interface.o
    0x20000008   0x08004798   0x00000010   Data   RW          326    .data               app_x-cube-ble1.o
    0x20000018   0x080047a8   0x00000018   Data   RW          444    .data               sample_service.o
    0x20000030   0x080047c0   0x00000004   Data   RW          533    .data               stm32f3xx_nucleo_bus.o
    0x20000034   0x080047c4   0x00000018   Data   RW          760    .data               stm32f3xx_nucleo.o
    0x2000004c   0x080047dc   0x0000000c   Data   RW         2320    .data               stm32f3xx_hal.o
    0x20000058   0x080047e8   0x00000004   Data   RW         3729    .data               system_stm32f3xx.o
    0x2000005c   0x080047ec   0x00000010   Data   RW         4556    .data               hci_tl.o
    0x2000006c   0x080047fc   0x00000004   Data   RW         4908    .data               mc_w.l(stdout.o)
    0x20000070        -       0x00000438   Zero   RW           18    .bss                main.o
    0x200004a8        -       0x000000ff   Zero   RW          203    .bss                hci_tl_interface.o
    0x200005a7   0x08004800   0x00000001   PAD
    0x200005a8        -       0x00000064   Zero   RW          532    .bss                stm32f3xx_nucleo_bus.o
    0x2000060c        -       0x00000070   Zero   RW          758    .bss                stm32f3xx_nucleo.o
    0x2000067c        -       0x000002dc   Zero   RW         4555    .bss                hci_tl.o
    0x20000958        -       0x00000400   Zero   RW            1    STACK               startup_stm32f303xe.o


==============================================================================

Image component sizes


      Code (inc. data)   RO Data    RW Data    ZI Data      Debug   Object Name

      1656        748          6         16          0      45847   app_x-cube-ble1.o
       200          0          0          0          0      10696   ble_list.o
       564          0          0          0          0       5617   bluenrg_gap_aci.o
       840          0          0          0          0       8025   bluenrg_gatt_aci.o
       166          0          0          0          0       2449   bluenrg_hal_aci.o
        76          0          0          0          0       1468   bluenrg_utils_small.o
       274          0          0          0          0       3116   hci_le.o
       712         46          0         16        732       6443   hci_tl.o
       636        102          0          8        255       7515   hci_tl_interface.o
       676         58          0          0       1080     665015   main.o
      1028        268          0         24          0       9835   sample_service.o
        36          8        404          0       1024        840   startup_stm32f303xe.o
       164         28          0         12          0      16721   stm32f3xx_hal.o
       194         14          0          0          0      30431   stm32f3xx_hal_cortex.o
        62          6          0          0          0       2255   stm32f3xx_hal_exti.o
       808         70          0          0          0       4574   stm32f3xx_hal_gpio.o
        40         10          0          0          0       1059   stm32f3xx_hal_i2c_ex.o
       248         38          0          0          0       2705   stm32f3xx_hal_msp.o
      1642          0          0          0          0      10272   stm32f3xx_hal_pcd.o
        78          0          0          0          0       2105   stm32f3xx_hal_pcd_ex.o
      1940         70         32          0          0       5768   stm32f3xx_hal_rcc.o
       660         12          0          0          0       1708   stm32f3xx_hal_rcc_ex.o
       284          6          0          0          0       2876   stm32f3xx_hal_rtc.o
      1142          0          0          0          0       6794   stm32f3xx_hal_spi.o
      1150         58          0          0          0       6067   stm32f3xx_hal_uart.o
        60         16          0          0          0       5125   stm32f3xx_it.o
       618         92         20         24        112      10311   stm32f3xx_nucleo.o
       240         28          0          4        100       3221   stm32f3xx_nucleo_bus.o
       104         22         24          4          0       1175   system_stm32f3xx.o

    ----------------------------------------------------------------------
     16318       1700        520        108       3304     880033   Object Totals
         0          0         32          0          0          0   (incl. Generated)
        20          0          2          0          1          0   (incl. Padding)

    ----------------------------------------------------------------------

      Code (inc. data)   RO Data    RW Data    ZI Data      Debug   Library Member Name

         0          0          0          0          0          0   entry.o
         0          0          0          0          0          0   entry10a.o
         0          0          0          0          0          0   entry11a.o
         8          4          0          0          0          0   entry2.o
         4          0          0          0          0          0   entry5.o
         0          0          0          0          0          0   entry7b.o
         0          0          0          0          0          0   entry8b.o
         8          4          0          0          0          0   entry9a.o
         4          0          0          0          0         68   fflush.o
        30          0          0          0          0          0   handlers.o
        36          8          0          0          0         68   init.o
        30          0          0          0          0         68   llshl.o
        32          0          0          0          0         68   llushr.o
        36          0          0          0          0         68   memcpya.o
        36          0          0          0          0        108   memseta.o
      1154         54          0          0          0        352   printf8.o
         0          0          0          4          0          0   stdout.o
        98          0          0          0          0         92   uldiv.o

    ----------------------------------------------------------------------
      1482         70          0          4          0        892   Library Totals
         6          0          0          0          0          0   (incl. Padding)

    ----------------------------------------------------------------------

      Code (inc. data)   RO Data    RW Data    ZI Data      Debug   Library Name

      1476         70          0          4          0        892   mc_w.l

    ----------------------------------------------------------------------
      1482         70          0          4          0        892   Library Totals

    ----------------------------------------------------------------------

==============================================================================


      Code (inc. data)   RO Data    RW Data    ZI Data      Debug   

     17800       1770        520        112       3304     867065   Grand Totals
     17800       1770        520        112       3304     867065   ELF Image Totals
     17800       1770        520        112          0          0   ROM Totals

==============================================================================

    Total RO  Size (Code + RO Data)                18320 (  17.89kB)
    Total RW  Size (RW Data + ZI Data)              3416 (   3.34kB)
    Total ROM Size (Code + RO Data + RW Data)      18432 (  18.00kB)

==============================================================================

