Component: ARM Compiler 5.06 update 6 (build 750) Tool: armlink [4d35ed]

==============================================================================

Section Cross References

    startup_stm32f303xe.o(RESET) refers to startup_stm32f303xe.o(STACK) for __initial_sp
    startup_stm32f303xe.o(RESET) refers to startup_stm32f303xe.o(.text) for Reset_Handler
    startup_stm32f303xe.o(RESET) refers to stm32f3xx_it.o(i.NMI_Handler) for NMI_Handler
    startup_stm32f303xe.o(RESET) refers to stm32f3xx_it.o(i.HardFault_Handler) for HardFault_Handler
    startup_stm32f303xe.o(RESET) refers to stm32f3xx_it.o(i.MemManage_Handler) for MemManage_Handler
    startup_stm32f303xe.o(RESET) refers to stm32f3xx_it.o(i.BusFault_Handler) for BusFault_Handler
    startup_stm32f303xe.o(RESET) refers to stm32f3xx_it.o(i.UsageFault_Handler) for UsageFault_Handler
    startup_stm32f303xe.o(RESET) refers to stm32f3xx_it.o(i.SVC_Handler) for SVC_Handler
    startup_stm32f303xe.o(RESET) refers to stm32f3xx_it.o(i.DebugMon_Handler) for DebugMon_Handler
    startup_stm32f303xe.o(RESET) refers to stm32f3xx_it.o(i.PendSV_Handler) for PendSV_Handler
    startup_stm32f303xe.o(RESET) refers to stm32f3xx_it.o(i.SysTick_Handler) for SysTick_Handler
    startup_stm32f303xe.o(RESET) refers to stm32f3xx_it.o(i.USB_LP_CAN_RX0_IRQHandler) for USB_LP_CAN_RX0_IRQHandler
    startup_stm32f303xe.o(RESET) refers to stm32f3xx_it.o(i.EXTI15_10_IRQHandler) for EXTI15_10_IRQHandler
    startup_stm32f303xe.o(.text) refers to system_stm32f3xx.o(i.SystemInit) for SystemInit
    startup_stm32f303xe.o(.text) refers to entry.o(.ARM.Collect$$$$00000000) for __main
    main.o(i.MX_GPIO_Init) refers to memseta.o(.text) for __aeabi_memclr4
    main.o(i.MX_GPIO_Init) refers to stm32f3xx_hal_gpio.o(i.HAL_GPIO_WritePin) for HAL_GPIO_WritePin
    main.o(i.MX_GPIO_Init) refers to stm32f3xx_hal_gpio.o(i.HAL_GPIO_Init) for HAL_GPIO_Init
    main.o(i.MX_GPIO_Init) refers to stm32f3xx_hal_i2c_ex.o(i.HAL_I2CEx_EnableFastModePlus) for HAL_I2CEx_EnableFastModePlus
    main.o(i.MX_GPIO_Init) refers to stm32f3xx_hal_cortex.o(i.HAL_NVIC_SetPriority) for HAL_NVIC_SetPriority
    main.o(i.MX_GPIO_Init) refers to stm32f3xx_hal_cortex.o(i.HAL_NVIC_EnableIRQ) for HAL_NVIC_EnableIRQ
    main.o(i.MX_USART3_UART_Init) refers to stm32f3xx_hal_uart.o(i.HAL_UART_Init) for HAL_UART_Init
    main.o(i.MX_USART3_UART_Init) refers to main.o(.bss) for .bss
    main.o(i.SystemClock_Config) refers to memseta.o(.text) for __aeabi_memclr4
    main.o(i.SystemClock_Config) refers to stm32f3xx_hal_rcc.o(i.HAL_RCC_OscConfig) for HAL_RCC_OscConfig
    main.o(i.SystemClock_Config) refers to stm32f3xx_hal_rcc.o(i.HAL_RCC_ClockConfig) for HAL_RCC_ClockConfig
    main.o(i.SystemClock_Config) refers to stm32f3xx_hal_rcc_ex.o(i.HAL_RCCEx_PeriphCLKConfig) for HAL_RCCEx_PeriphCLKConfig
    main.o(i.main) refers to stm32f3xx_hal.o(i.HAL_Init) for HAL_Init
    main.o(i.main) refers to main.o(i.SystemClock_Config) for SystemClock_Config
    main.o(i.main) refers to app_x-cube-ble1.o(i.initialize_Node) for initialize_Node
    main.o(i.main) refers to main.o(i.MX_GPIO_Init) for MX_GPIO_Init
    main.o(i.main) refers to stm32f3xx_hal_rtc.o(i.HAL_RTC_Init) for HAL_RTC_Init
    main.o(i.main) refers to main.o(i.MX_USART3_UART_Init) for MX_USART3_UART_Init
    main.o(i.main) refers to stm32f3xx_hal_pcd.o(i.HAL_PCD_Init) for HAL_PCD_Init
    main.o(i.main) refers to app_x-cube-ble1.o(i.Process_BlueNRG_MS_Init) for Process_BlueNRG_MS_Init
    main.o(i.main) refers to app_x-cube-ble1.o(i.Process_Mesh_Start_Listen_Connection) for Process_Mesh_Start_Listen_Connection
    main.o(i.main) refers to app_x-cube-ble1.o(i.Process_BlueNRG_MS) for Process_BlueNRG_MS
    main.o(i.main) refers to main.o(.bss) for .bss
    main.o(i.main) refers to sample_service.o(.data) for set_connectable
    hci_tl_interface.o(i.HCI_TL_SPI_DeInit) refers to stm32f3xx_hal_gpio.o(i.HAL_GPIO_DeInit) for HAL_GPIO_DeInit
    hci_tl_interface.o(i.HCI_TL_SPI_Init) refers to stm32f3xx_hal_gpio.o(i.HAL_GPIO_Init) for HAL_GPIO_Init
    hci_tl_interface.o(i.HCI_TL_SPI_Init) refers to stm32f3xx_nucleo_bus.o(i.BSP_SPI1_Init) for BSP_SPI1_Init
    hci_tl_interface.o(i.HCI_TL_SPI_Receive) refers to stm32f3xx_hal_gpio.o(i.HAL_GPIO_WritePin) for HAL_GPIO_WritePin
    hci_tl_interface.o(i.HCI_TL_SPI_Receive) refers to stm32f3xx_nucleo_bus.o(i.BSP_SPI1_SendRecv) for BSP_SPI1_SendRecv
    hci_tl_interface.o(i.HCI_TL_SPI_Reset) refers to stm32f3xx_hal_gpio.o(i.HAL_GPIO_WritePin) for HAL_GPIO_WritePin
    hci_tl_interface.o(i.HCI_TL_SPI_Reset) refers to stm32f3xx_hal.o(i.HAL_Delay) for HAL_Delay
    hci_tl_interface.o(i.HCI_TL_SPI_Send) refers to stm32f3xx_hal.o(i.HAL_GetTick) for HAL_GetTick
    hci_tl_interface.o(i.HCI_TL_SPI_Send) refers to stm32f3xx_hal_gpio.o(i.HAL_GPIO_WritePin) for HAL_GPIO_WritePin
    hci_tl_interface.o(i.HCI_TL_SPI_Send) refers to stm32f3xx_nucleo_bus.o(i.BSP_SPI1_SendRecv) for BSP_SPI1_SendRecv
[...]
    ..\Middlewares\ST\BlueNRG-MS\hci\hci_tl_patterns\Basic\hci_tl.c 0x00000000   Number         0  hci_tl.o ABSOLUTE
    ..\Middlewares\ST\BlueNRG-MS\utils\ble_list.c 0x00000000   Number         0  ble_list.o ABSOLUTE
    ..\Src\app_x-cube-ble1.c                 0x00000000   Number         0  app_x-cube-ble1.o ABSOLUTE
    ..\Src\hci_tl_interface.c                0x00000000   Number         0  hci_tl_interface.o ABSOLUTE
    ..\Src\main.c                            0x00000000   Number         0  main.o ABSOLUTE
    ..\Src\routing.c                         0x00000000   Number         0  routing.o ABSOLUTE
    ..\Src\sample_service.c                  0x00000000   Number         0  sample_service.o ABSOLUTE
    ..\Src\stm32f3xx_hal_exti.c              0x00000000   Number         0  stm32f3xx_hal_exti.o ABSOLUTE
    ..\Src\stm32f3xx_hal_msp.c               0x00000000   Number         0  stm32f3xx_hal_msp.o ABSOLUTE
    ..\Src\stm32f3xx_it.c                    0x00000000   Number         0  stm32f3xx_it.o ABSOLUTE
    ..\Src\stm32f3xx_nucleo_bus.c            0x00000000   Number         0  stm32f3xx_nucleo_bus.o ABSOLUTE
    ..\Src\system_stm32f3xx.c                0x00000000   Number         0  system_stm32f3xx.o ABSOLUTE
    ..\\Src\\routing.c                       0x00000000   Number         0  routing.o ABSOLUTE
    cdrcmple.s                               0x00000000   Number         0  cdrcmple.o ABSOLUTE
    dc.s                                     0x00000000   Number         0  dc.o ABSOLUTE
    handlers.s                               0x00000000   Number         0  handlers.o ABSOLUTE
    init.s                                   0x00000000   Number         0  init.o ABSOLUTE
    startup_stm32f303xe.s                    0x00000000   Number         0  startup_stm32f303xe.o ABSOLUTE
    RESET                                    0x08000000   Section      404  startup_stm32f303xe.o(RESET)
    .ARM.Collect$$$$00000000                 0x08000194   Section        0  entry.o(.ARM.Collect$$$$00000000)
    .ARM.Collect$$$$00000001                 0x08000194   Section        4  entry2.o(.ARM.Collect$$$$00000001)
    .ARM.Collect$$$$00000004                 0x08000198   Section        4  entry5.o(.ARM.Collect$$$$00000004)
    .ARM.Collect$$$$00000008                 0x0800019c   Section        0  entry7b.o(.ARM.Collect$$$$00000008)
    .ARM.Collect$$$$0000000A                 0x0800019c   Section        0  entry8b.o(.ARM.Collect$$$$0000000A)
    .ARM.Collect$$$$0000000B                 0x0800019c   Section        8  entry9a.o(.ARM.Collect$$$$0000000B)
    .ARM.Collect$$$$0000000D                 0x080001a4   Section        0  entry10a.o(.ARM.Collect$$$$0000000D)
    .ARM.Collect$$$$0000000F                 0x080001a4   Section        0  entry11a.o(.ARM.Collect$$$$0000000F)
    .ARM.Collect$$$$00002712                 0x080001a4   Section        4  entry2.o(.ARM.Collect$$$$00002712)
    __lit__00000000                          0x080001a4   Data           4  entry2.o(.ARM.Collect$$$$00002712)
    .text                                    0x080001a8   Section       36  startup_stm32f303xe.o(.text)
    $v0                                      0x080001a8   Number         0  startup_stm32f303xe.o(.text)
    .text                                    0x080001cc   Section        0  llushr.o(.text)
    .text                                    0x080001ec   Section        0  memcpya.o(.text)
    .text                                    0x08000210   Section        0  memseta.o(.text)
    .text                                    0x08000234   Section        0  uldiv.o(.text)
    .text                                    0x08000298   Section       36  init.o(.text)
    .text                                    0x080002bc   Section        0  llshl.o(.text)
    i.Add_Sample_Service                     0x080002dc   Section        0  sample_service.o(i.Add_Sample_Service)
    i.Attribute_Modified_CB                  0x08000394   Section        0  sample_service.o(i.Attribute_Modified_CB)
    i.BSP_COM_Init                           0x080003c0   Section        0  stm32f3xx_nucleo.o(i.BSP_COM_Init)
    i.BSP_GetTick                            0x08000440   Section        0  stm32f3xx_nucleo_bus.o(i.BSP_GetTick)
    i.BSP_LED_Init                           0x08000444   Section        0  stm32f3xx_nucleo.o(i.BSP_LED_Init)
    i.BSP_LED_Off                            0x0800049c   Section        0  stm32f3xx_nucleo.o(i.BSP_LED_Off)
    i.BSP_LED_On                             0x080004bc   Section        0  stm32f3xx_nucleo.o(i.BSP_LED_On)
    i.BSP_PB_Callback                        0x080004dc   Section        0  app_x-cube-ble1.o(i.BSP_PB_Callback)
    i.BSP_PB_GetState                        0x080004e8   Section        0  stm32f3xx_nucleo.o(i.BSP_PB_GetState)
    i.BSP_PB_Init                            0x0800050c   Section        0  stm32f3xx_nucleo.o(i.BSP_PB_Init)
    i.BSP_SPI1_Init                          0x080005b8   Section        0  stm32f3xx_nucleo_bus.o(i.BSP_SPI1_Init)
    i.BSP_SPI1_SendRecv                      0x0800063c   Section        0  stm32f3xx_nucleo_bus.o(i.BSP_SPI1_SendRecv)
    i.BUTTON_USER_EXTI_Callback              0x08000660   Section        0  stm32f3xx_nucleo.o(i.BUTTON_USER_EXTI_Callback)
    BUTTON_USER_EXTI_Callback                0x08000661   Thumb Code    10  stm32f3xx_nucleo.o(i.BUTTON_USER_EXTI_Callback)
    i.BusFault_Handler                       0x0800066a   Section        0  stm32f3xx_it.o(i.BusFault_Handler)
    i.DebugMon_Handler                       0x0800066c   Section        0  stm32f3xx_it.o(i.DebugMon_Handler)
    i.EXTI15_10_IRQHandler                   0x08000670   Section        0  stm32f3xx_it.o(i.EXTI15_10_IRQHandler)
    i.ForwardFrame                           0x0800068c   Section        0  sample_service.o(i.ForwardFrame)
    i.GAP_ConnectionComplete_CB              0x0800072c   Section        0  sample_service.o(i.GAP_ConnectionComplete_CB)
    i.GAP_DisconnectionComplete_CB           0x08000788   Section        0  sample_service.o(i.GAP_DisconnectionComplete_CB)
    i.GATT_Notification_CB                   0x080007bc   Section        0  sample_service.o(i.GATT_Notification_CB)
    i.HAL_Delay                              0x080007d4   Section        0  stm32f3xx_hal.o(i.HAL_Delay)
    i.HAL_EXTI_GetHandle                     0x080007f8   Section        0  stm32f3xx_hal_exti.o(i.HAL_EXTI_GetHandle)
    i.HAL_EXTI_IRQHandler                    0x08000804   Section        0  stm32f3xx_hal_exti.o(i.HAL_EXTI_IRQHandler)
    i.HAL_EXTI_RegisterCallback              0x08000828   Section        0  stm32f3xx_hal_exti.o(i.HAL_EXTI_RegisterCallback)
    i.HAL_GPIO_DeInit                        0x08000838   Section        0  stm32f3xx_hal_gpio.o(i.HAL_GPIO_DeInit)
    i.HAL_GPIO_Init                          0x08000978   Section        0  stm32f3xx_hal_gpio.o(i.HAL_GPIO_Init)
    i.HAL_GPIO_ReadPin                       0x08000b44   Section        0  stm32f3xx_hal_gpio.o(i.HAL_GPIO_ReadPin)
    i.HAL_GPIO_TogglePin                     0x08000b4e   Section        0  stm32f3xx_hal_gpio.o(i.HAL_GPIO_TogglePin)
    i.HAL_GPIO_WritePin                      0x08000b56   Section        0  stm32f3xx_hal_gpio.o(i.HAL_GPIO_WritePin)
    i.HAL_GetTick                            0x08000b60   Section        0  stm32f3xx_hal.o(i.HAL_GetTick)
    i.HAL_I2CEx_EnableFastModePlus           0x08000b6c   Section        0  stm32f3xx_hal_i2c_ex.o(i.HAL_I2CEx_EnableFastModePlus)
    i.HAL_IncTick                            0x08000b94   Section        0  stm32f3xx_hal.o(i.HAL_IncTick)
    i.HAL_Init                               0x08000ba4   Section        0  stm32f3xx_hal.o(i.HAL_Init)
    i.HAL_InitTick                           0x08000bc8   Section        0  stm32f3xx_hal.o(i.HAL_InitTick)
    i.HAL_MspInit                            0x08000c08   Section        0  stm32f3xx_hal_msp.o(i.HAL_MspInit)
    i.HAL_NVIC_EnableIRQ                     0x08000c34   Section        0  stm32f3xx_hal_cortex.o(i.HAL_NVIC_EnableIRQ)
    i.HAL_NVIC_SetPriority                   0x08000c4c   Section        0  stm32f3xx_hal_cortex.o(i.HAL_NVIC_SetPriority)
    i.HAL_NVIC_SetPriorityGrouping           0x08000c8c   Section        0  stm32f3xx_hal_cortex.o(i.HAL_NVIC_SetPriorityGrouping)
    i.HAL_PCD_DataInStageCallback            0x08000cb0   Section        0  stm32f3xx_hal_pcd.o(i.HAL_PCD_DataInStageCallback)
    i.HAL_PCD_DataOutStageCallback           0x08000cb2   Section        0  stm32f3xx_hal_pcd.o(i.HAL_PCD_DataOutStageCallback)
    i.HAL_PCD_EP_Receive                     0x08000cb4   Section        0  stm32f3xx_hal_pcd.o(i.HAL_PCD_EP_Receive)
    i.HAL_PCD_EP_Transmit                    0x08000d56   Section        0  stm32f3xx_hal_pcd.o(i.HAL_PCD_EP_Transmit)
    i.HAL_PCD_IRQHandler                     0x08000e22   Section        0  stm32f3xx_hal_pcd.o(i.HAL_PCD_IRQHandler)
    i.HAL_PCD_Init                           0x08000f12   Section        0  stm32f3xx_hal_pcd.o(i.HAL_PCD_Init)
    i.HAL_PCD_MspInit                        0x08000fb8   Section        0  stm32f3xx_hal_msp.o(i.HAL_PCD_MspInit)
    i.HAL_PCD_ResetCallback                  0x08000ff4   Section        0  stm32f3xx_hal_pcd.o(i.HAL_PCD_ResetCallback)
    i.HAL_PCD_ResumeCallback                 0x08000ff6   Section        0  stm32f3xx_hal_pcd.o(i.HAL_PCD_ResumeCallback)
    i.HAL_PCD_SOFCallback                    0x08000ff8   Section        0  stm32f3xx_hal_pcd.o(i.HAL_PCD_SOFCallback)
    i.HAL_PCD_SetAddress                     0x08000ffa   Section        0  stm32f3xx_hal_pcd.o(i.HAL_PCD_SetAddress)
    i.HAL_PCD_SetupStageCallback             0x08001026   Section        0  stm32f3xx_hal_pcd.o(i.HAL_PCD_SetupStageCallback)
    i.HAL_PCD_SuspendCallback                0x08001028   Section        0  stm32f3xx_hal_pcd.o(i.HAL_PCD_SuspendCallback)
    i.HAL_RCCEx_PeriphCLKConfig              0x0800102c   Section        0  stm32f3xx_hal_rcc_ex.o(i.HAL_RCCEx_PeriphCLKConfig)
    i.HAL_RCC_ClockConfig                    0x080012c0   Section        0  stm32f3xx_hal_rcc.o(i.HAL_RCC_ClockConfig)
    i.HAL_RCC_GetPCLK1Freq                   0x08001404   Section        0  stm32f3xx_hal_rcc.o(i.HAL_RCC_GetPCLK1Freq)
    i.HAL_RCC_GetPCLK2Freq                   0x08001434   Section        0  stm32f3xx_hal_rcc.o(i.HAL_RCC_GetPCLK2Freq)
    i.HAL_RCC_GetSysClockFreq                0x08001464   Section        0  stm32f3xx_hal_rcc.o(i.HAL_RCC_GetSysClockFreq)
    i.HAL_RCC_OscConfig                      0x080014bc   Section        0  stm32f3xx_hal_rcc.o(i.HAL_RCC_OscConfig)
    i.HAL_RTC_Init                           0x08001a54   Section        0  stm32f3xx_hal_rtc.o(i.HAL_RTC_Init)
    i.HAL_RTC_MspInit                        0x08001b00   Section        0  stm32f3xx_hal_msp.o(i.HAL_RTC_MspInit)
    i.HAL_RTC_WaitForSynchro                 0x08001b28   Section        0  stm32f3xx_hal_rtc.o(i.HAL_RTC_WaitForSynchro)
    i.HAL_SPI_GetState                       0x08001b5e   Section        0  stm32f3xx_hal_spi.o(i.HAL_SPI_GetState)
    i.HAL_SPI_Init                           0x08001b64   Section        0  stm32f3xx_hal_spi.o(i.HAL_SPI_Init)
    i.HAL_SPI_MspInit                        0x08001c1a   Section        0  stm32f3xx_hal_spi.o(i.HAL_SPI_MspInit)
    i.HAL_SPI_TransmitReceive                0x08001c1c   Section        0  stm32f3xx_hal_spi.o(i.HAL_SPI_TransmitReceive)
    i.HAL_SYSTICK_Config                     0x08001e5a   Section        0  stm32f3xx_hal_cortex.o(i.HAL_SYSTICK_Config)
    i.HAL_UART_Init                          0x08001e82   Section        0  stm32f3xx_hal_uart.o(i.HAL_UART_Init)
    i.HAL_UART_MspInit                       0x08001eec   Section        0  stm32f3xx_hal_msp.o(i.HAL_UART_MspInit)
    i.HAL_UART_Transmit                      0x08001f54   Section        0  stm32f3xx_hal_uart.o(i.HAL_UART_Transmit)
    i.HCI_TL_SPI_DeInit                      0x08002008   Section        0  hci_tl_interface.o(i.HCI_TL_SPI_DeInit)
    i.HCI_TL_SPI_Init                        0x08002038   Section        0  hci_tl_interface.o(i.HCI_TL_SPI_Init)
    i.HCI_TL_SPI_Receive                     0x080020a8   Section        0  hci_tl_interface.o(i.HCI_TL_SPI_Receive)
    i.HCI_TL_SPI_Reset                       0x0800212c   Section        0  hci_tl_interface.o(i.HCI_TL_SPI_Reset)
    i.HCI_TL_SPI_Send                        0x0800215c   Section        0  hci_tl_interface.o(i.HCI_TL_SPI_Send)
    i.HardFault_Handler                      0x080021f4   Section        0  stm32f3xx_it.o(i.HardFault_Handler)
    i.MX_GPIO_Init                           0x080021f8   Section        0  main.o(i.MX_GPIO_Init)
    MX_GPIO_Init                             0x080021f9   Thumb Code   370  main.o(i.MX_GPIO_Init)
    i.MX_SPI1_Init                           0x08002388   Section        0  stm32f3xx_nucleo_bus.o(i.MX_SPI1_Init)
    i.MX_USART2_UART_Init                    0x080023cc   Section        0  stm32f3xx_nucleo.o(i.MX_USART2_UART_Init)
    i.MX_USART3_UART_Init                    0x080023fc   Section        0  main.o(i.MX_USART3_UART_Init)
    MX_USART3_UART_Init                      0x080023fd   Thumb Code    36  main.o(i.MX_USART3_UART_Init)
    i.MemManage_Handler                      0x08002428   Section        0  stm32f3xx_it.o(i.MemManage_Handler)
    i.NMI_Handler                            0x0800242a   Section        0  stm32f3xx_it.o(i.NMI_Handler)
    i.NVIC_SetPriority                       0x0800242c   Section        0  stm32f3xx_hal_cortex.o(i.NVIC_SetPriority)
    NVIC_SetPriority                         0x0800242d   Thumb Code    32  stm32f3xx_hal_cortex.o(i.NVIC_SetPriority)
    i.PCD_EP_ISR_Handler                     0x0800244c   Section        0  stm32f3xx_hal_pcd.o(i.PCD_EP_ISR_Handler)
    PCD_EP_ISR_Handler                       0x0800244d   Thumb Code   812  stm32f3xx_hal_pcd.o(i.PCD_EP_ISR_Handler)
    i.PCD_ReadPMA                            0x08002778   Section        0  stm32f3xx_hal_pcd_ex.o(i.PCD_ReadPMA)
    i.PCD_WritePMA                           0x080027a0   Section        0  stm32f3xx_hal_pcd_ex.o(i.PCD_WritePMA)
    i.PendSV_Handler                         0x080027c6   Section        0  stm32f3xx_it.o(i.PendSV_Handler)
    i.Process_BlueNRG_MS                     0x080027c8   Section        0  app_x-cube-ble1.o(i.Process_BlueNRG_MS)
    i.Process_BlueNRG_MS_Init                0x080028e8   Section        0  app_x-cube-ble1.o(i.Process_BlueNRG_MS_Init)
    i.Process_Enable_Notification_BlueNRG_MS 0x08002aa0   Section        0  app_x-cube-ble1.o(i.Process_Enable_Notification_BlueNRG_MS)
    i.Process_Mesh_Start_BlueNRG_Connection  0x08002afc   Section        0  app_x-cube-ble1.o(i.Process_Mesh_Start_BlueNRG_Connection)
    i.Process_Mesh_Start_Listen_Connection   0x08002d00   Section        0  app_x-cube-ble1.o(i.Process_Mesh_Start_Listen_Connection)
    i.Process_frame_Deformulation            0x08002e98   Section        0  sample_service.o(i.Process_frame_Deformulation)
    i.Process_frame_formulation              0x08002ecc   Section        0  sample_service.o(i.Process_frame_formulation)
    i.RTC_EnterInitMode                      0x08002f5c   Section        0  stm32f3xx_hal_rtc.o(i.RTC_EnterInitMode)
    i.SPI_EndRxTxTransaction                 0x08002f96   Section        0  stm32f3xx_hal_spi.o(i.SPI_EndRxTxTransaction)
    SPI_EndRxTxTransaction                   0x08002f97   Thumb Code    72  stm32f3xx_hal_spi.o(i.SPI_EndRxTxTransaction)
    i.SPI_WaitFifoStateUntilTimeout          0x08002fde   Section        0  stm32f3xx_hal_spi.o(i.SPI_WaitFifoStateUntilTimeout)
    SPI_WaitFifoStateUntilTimeout            0x08002fdf   Thumb Code   158  stm32f3xx_hal_spi.o(i.SPI_WaitFifoStateUntilTimeout)
    i.SPI_WaitFlagStateUntilTimeout          0x0800307c   Section        0  stm32f3xx_hal_spi.o(i.SPI_WaitFlagStateUntilTimeout)
    SPI_WaitFlagStateUntilTimeout            0x0800307d   Thumb Code   148  stm32f3xx_hal_spi.o(i.SPI_WaitFlagStateUntilTimeout)
    i.SVC_Handler                            0x08003110   Section        0  stm32f3xx_it.o(i.SVC_Handler)
    i.SysTick_Handler                        0x08003112   Section        0  stm32f3xx_it.o(i.SysTick_Handler)
    i.SystemClock_Config                     0x08003118   Section        0  main.o(i.SystemClock_Config)
    i.SystemInit                             0x08003190   Section        0  system_stm32f3xx.o(i.SystemInit)
    i.UART_AdvFeatureConfig                  0x080031f8   Section        0  stm32f3xx_hal_uart.o(i.UART_AdvFeatureConfig)
    i.UART_CheckIdleState                    0x080032c0   Section        0  stm32f3xx_hal_uart.o(i.UART_CheckIdleState)
    i.UART_SetConfig                         0x0800331c   Section        0  stm32f3xx_hal_uart.o(i.UART_SetConfig)
    i.UART_WaitOnFlagUntilTimeout            0x080034f4   Section        0  stm32f3xx_hal_uart.o(i.UART_WaitOnFlagUntilTimeout)
    i.USB_LP_CAN_RX0_IRQHandler              0x08003558   Section        0  stm32f3xx_it.o(i.USB_LP_CAN_RX0_IRQHandler)
    i.UsageFault_Handler                     0x08003564   Section        0  stm32f3xx_it.o(i.UsageFault_Handler)
    i.__0printf$8                            0x08003568   Section        0  printf8.o(i.__0printf$8)
    i.__scatterload_copy                     0x08003588   Section       14  handlers.o(i.__scatterload_copy)
    i.__scatterload_null                     0x08003596   Section        2  handlers.o(i.__scatterload_null)
    i.__scatterload_zeroinit                 0x08003598   Section       14  handlers.o(i.__scatterload_zeroinit)
    i._printf_core                           0x080035a8   Section        0  printf8.o(i._printf_core)
    _printf_core                             0x080035a9   Thumb Code   996  printf8.o(i._printf_core)
    i._printf_post_padding                   0x080039b8   Section        0  printf8.o(i._printf_post_padding)
    _printf_post_padding                     0x080039b9   Thumb Code    36  printf8.o(i._printf_post_padding)
    i._printf_pre_padding                    0x080039dc   Section        0  printf8.o(i._printf_pre_padding)
    _printf_pre_padding                      0x080039dd   Thumb Code    46  printf8.o(i._printf_pre_padding)
    i.aci_gap_create_connection              0x08003a0a   Section        0  bluenrg_gap_aci.o(i.aci_gap_create_connection)
    i.aci_gap_init_IDB05A1                   0x08003a8e   Section        0  bluenrg_gap_aci.o(i.aci_gap_init_IDB05A1)
    i.aci_gap_set_auth_requirement           0x08003afe   Section        0  bluenrg_gap_aci.o(i.aci_gap_set_auth_requirement)
    i.aci_gap_set_discoverable               0x08003b72   Section        0  bluenrg_gap_aci.o(i.aci_gap_set_discoverable)
    i.aci_gap_terminate                      0x08003c3e   Section        0  bluenrg_gap_aci.o(i.aci_gap_terminate)
    i.aci_gatt_add_char                      0x08003c8a   Section        0  bluenrg_gatt_aci.o(i.aci_gatt_add_char)
    i.aci_gatt_add_serv                      0x08003d40   Section        0  bluenrg_gatt_aci.o(i.aci_gatt_add_serv)
    i.aci_gatt_disc_charac_by_uuid           0x08003dbc   Section        0  bluenrg_gatt_aci.o(i.aci_gatt_disc_charac_by_uuid)
    i.aci_gatt_init                          0x08003e44   Section        0  bluenrg_gatt_aci.o(i.aci_gatt_init)
    i.aci_gatt_update_char_value             0x08003e7e   Section        0  bluenrg_gatt_aci.o(i.aci_gatt_update_char_value)
    i.aci_gatt_write_charac_descriptor       0x08003ef8   Section        0  bluenrg_gatt_aci.o(i.aci_gatt_write_charac_descriptor)
    i.aci_gatt_write_without_response        0x08003f70   Section        0  bluenrg_gatt_aci.o(i.aci_gatt_write_without_response)
    i.aci_hal_set_tx_power_level             0x08003fd2   Section        0  bluenrg_hal_aci.o(i.aci_hal_set_tx_power_level)
    i.aci_hal_write_config_data              0x0800401a   Section        0  bluenrg_hal_aci.o(i.aci_hal_write_config_data)
    i.enableNotification                     0x08004078   Section        0  sample_service.o(i.enableNotification)
    i.fputc                                  0x080040bc   Section        0  stm32f3xx_nucleo.o(i.fputc)
    i.free                                   0x080040e4   Section        0  malloc.o(i.free)
    i.getBlueNRGVersion                      0x08004134   Section        0  bluenrg_utils_small.o(i.getBlueNRGVersion)
    i.hci_init                               0x08004180   Section        0  hci_tl.o(i.hci_init)
    i.hci_le_read_local_version              0x080041dc   Section        0  hci_le.o(i.hci_le_read_local_version)
    i.hci_le_set_scan_resp_data              0x08004258   Section        0  hci_le.o(i.hci_le_set_scan_resp_data)
    i.hci_notify_asynch_evt                  0x080042b8   Section        0  hci_tl.o(i.hci_notify_asynch_evt)
    i.hci_register_io_bus                    0x08004320   Section        0  hci_tl.o(i.hci_register_io_bus)
    i.hci_reset                              0x0800433c   Section        0  hci_le.o(i.hci_reset)
    i.hci_send_req                           0x08004374   Section        0  hci_tl.o(i.hci_send_req)
    i.hci_tl_lowlevel_init                   0x080044fc   Section        0  hci_tl_interface.o(i.hci_tl_lowlevel_init)
    i.hci_tl_lowlevel_isr                    0x08004568   Section        0  hci_tl_interface.o(i.hci_tl_lowlevel_isr)
    i.hci_user_evt_proc                      0x0800458c   Section        0  hci_tl.o(i.hci_user_evt_proc)
    i.initialize_Node                        0x080045c8   Section        0  app_x-cube-ble1.o(i.initialize_Node)
    i.list_get_size                          0x0800465c   Section        0  ble_list.o(i.list_get_size)
    i.list_init_head                         0x08004678   Section        0  ble_list.o(i.list_init_head)
    i.list_insert_head                       0x0800467e   Section        0  ble_list.o(i.list_insert_head)
    i.list_insert_tail                       0x08004696   Section        0  ble_list.o(i.list_insert_tail)
    i.list_is_empty                          0x080046ae   Section        0  ble_list.o(i.list_is_empty)
    i.list_remove_head                       0x080046c6   Section        0  ble_list.o(i.list_remove_head)
    i.list_remove_node                       0x080046ea   Section        0  ble_list.o(i.list_remove_node)
    i.list_remove_tail                       0x08004700   Section        0  ble_list.o(i.list_remove_tail)
    i.main                                   0x08004724   Section        0  main.o(i.main)
    i.malloc                                 0x08004798   Section        0  malloc.o(i.malloc)
    i.move_list                              0x08004804   Section        0  hci_tl.o(i.move_list)
    move_list                                0x08004805   Thumb Code    36  hci_tl.o(i.move_list)
    i.receiveData                            0x08004828   Section        0  sample_service.o(i.receiveData)
    i.sendData                               0x080049a4   Section        0  sample_service.o(i.sendData)
    i.startReadRXCharHandle                  0x080049e0   Section        0  sample_service.o(i.startReadRXCharHandle)
    i.startReadTXCharHandle                  0x08004a28   Section        0  sample_service.o(i.startReadTXCharHandle)
    i.user_notify                            0x08004a70   Section        0  sample_service.o(i.user_notify)
    .constdata                               0x08004b70   Section       39  app_x-cube-ble1.o(.constdata)
    .constdata                               0x08004b98   Section       20  stm32f3xx_nucleo.o(.constdata)
    BUTTON_IRQn                              0x08004b98   Data           1  stm32f3xx_nucleo.o(.constdata)
    LED_PIN                                  0x08004b9a   Data           2  stm32f3xx_nucleo.o(.constdata)
    BUTTON_PIN                               0x08004b9c   Data           2  stm32f3xx_nucleo.o(.constdata)
    ButtonCallback                           0x08004ba0   Data           4  stm32f3xx_nucleo.o(.constdata)
    BSP_BUTTON_PRIO                          0x08004ba4   Data           4  stm32f3xx_nucleo.o(.constdata)
    BUTTON_EXTI_LINE                         0x08004ba8   Data           4  stm32f3xx_nucleo.o(.constdata)
    .constdata                               0x08004bac   Section       32  stm32f3xx_hal_rcc.o(.constdata)
    .constdata                               0x08004bcc   Section       16  system_stm32f3xx.o(.constdata)
    .constdata                               0x08004bdc   Section        8  system_stm32f3xx.o(.constdata)
    .data                                    0x20000000   Section        8  hci_tl_interface.o(.data)
    .data                                    0x20000008   Section       40  app_x-cube-ble1.o(.data)
    user_button_init_state                   0x20000009   Data           1  app_x-cube-ble1.o(.data)
    user_button_pressed                      0x2000000a   Data           1  app_x-cube-ble1.o(.data)
    .data                                    0x20000030   Section       32  sample_service.o(.data)
    acknow_signal                            0x20000037   Data           1  sample_service.o(.data)
    .data                                    0x20000050   Section        4  stm32f3xx_nucleo_bus.o(.data)
    SPI1InitCounter                          0x20000050   Data           4  stm32f3xx_nucleo_bus.o(.data)
    .data                                    0x20000054   Section       24  stm32f3xx_nucleo.o(.data)
    COM_ActiveLogPort                        0x20000054   Data           1  stm32f3xx_nucleo.o(.data)
    LED_PORT                                 0x20000058   Data           4  stm32f3xx_nucleo.o(.data)
    BUTTON_PORT                              0x2000005c   Data           4  stm32f3xx_nucleo.o(.data)
    .data                                    0x2000006c   Section       12  stm32f3xx_hal.o(.data)
    .data                                    0x20000078   Section        4  system_stm32f3xx.o(.data)
    .data                                    0x2000007c   Section       16  hci_tl.o(.data)
    .data                                    0x2000008c   Section        4  stdout.o(.data)
    .data                                    0x20000090   Section        4  mvars.o(.data)
    .data                                    0x20000094   Section        4  mvars.o(.data)
    .bss                                     0x20000098   Section     1080  main.o(.bss)
    .bss                                     0x200004d0   Section      255  hci_tl_interface.o(.bss)
    read_char_buf                            0x200004d0   Data         255  hci_tl_interface.o(.bss)
    .bss                                     0x200005d0   Section      124  app_x-cube-ble1.o(.bss)
    .bss                                     0x2000064c   Section      100  stm32f3xx_nucleo_bus.o(.bss)
    .bss                                     0x200006b0   Section      112  stm32f3xx_nucleo.o(.bss)
    .bss                                     0x20000720   Section      732  hci_tl.o(.bss)
    hciReadPacketBuffer                      0x20000720   Data         700  hci_tl.o(.bss)
    hciContext                               0x200009dc   Data          32  hci_tl.o(.bss)
    HEAP                                     0x20000a00   Section      512  startup_stm32f303xe.o(HEAP)
    STACK                                    0x20000c00   Section     1024  startup_stm32f303xe.o(STACK)

    Global Symbols

    Symbol Name                              Value     Ov Type        Size  Object(Section)

    BuildAttributes$$THM_ISAv4$E$P$D$K$B$S$7EM$VFPi3$EXTD16$VFPS$VFMA$PE$A:L22UL41UL21$X:L11$S22US41US21$IEEE1$IW$USESV6$~STKCKD$USESV7$~SHL$OSPACE$ROPI$EBA8$MICROLIB$REQ8$PRES8$EABIv2 0x00000000   Number         0  anon$$obj.o ABSOLUTE
    __ARM_use_no_argv                        0x00000000   Number         0  main.o ABSOLUTE
    _printf_a                                0x00000000   Number         0  stubs.o ABSOLUTE
    _printf_c                                0x00000000   Number         0  stubs.o ABSOLUTE
    _printf_charcount                        0x00000000   Number         0  stubs.o ABSOLUTE
    _printf_d                                0x00000000   Number         0  stubs.o ABSOLUTE
    _printf_e                                0x00000000   Number         0  stubs.o ABSOLUTE
    _printf_f                                0x00000000   Number         0  stubs.o ABSOLUTE
    _printf_flags                            0x00000000   Number         0  stubs.o ABSOLUTE
    _printf_fp_dec                           0x00000000   Number         0  stubs.o ABSOLUTE
    _printf_fp_hex                           0x00000000   Number         0  stubs.o ABSOLUTE
    _printf_g                                0x00000000   Number         0  stubs.o ABSOLUTE
    _printf_i                                0x00000000   Number         0  stubs.o ABSOLUTE
    _printf_int_dec                          0x00000000   Number         0  stubs.o ABSOLUTE
    _printf_l                                0x00000000   Number         0  stubs.o ABSOLUTE
    _printf_lc                               0x00000000   Number         0  stubs.o ABSOLUTE
    _printf_ll                               0x00000000   Number         0  stubs.o ABSOLUTE
    _printf_lld                              0x00000000   Number         0  stubs.o ABSOLUTE
    _printf_lli                              0x00000000   Number         0  stubs.o ABSOLUTE
    _printf_llo                              0x00000000   Number         0  stubs.o ABSOLUTE
    _printf_llu                              0x00000000   Number         0  stubs.o ABSOLUTE
    _printf_llx                              0x00000000   Number         0  stubs.o ABSOLUTE
    _printf_longlong_dec                     0x00000000   Number         0  stubs.o ABSOLUTE
    _printf_longlong_hex                     0x00000000   Number         0  stubs.o ABSOLUTE
    _printf_longlong_oct                     0x00000000   Number         0  stubs.o ABSOLUTE
    _printf_ls                               0x00000000   Number         0  stubs.o ABSOLUTE
    _printf_mbtowc                           0x00000000   Number         0  stubs.o ABSOLUTE
    _printf_n                                0x00000000   Number         0  stubs.o ABSOLUTE
    _printf_o                                0x00000000   Number         0  stubs.o ABSOLUTE
    _printf_p                                0x00000000   Number         0  stubs.o ABSOLUTE
    _printf_percent                          0x00000000   Number         0  stubs.o ABSOLUTE
    _printf_pre_padding                      0x00000000   Number         0  stubs.o ABSOLUTE
    _printf_return_value                     0x00000000   Number         0  stubs.o ABSOLUTE
    _printf_s                                0x00000000   Number         0  stubs.o ABSOLUTE
    _printf_sizespec                         0x00000000   Number         0  stubs.o ABSOLUTE
    _printf_str                              0x00000000   Number         0  stubs.o ABSOLUTE
    _printf_truncate_signed                  0x00000000   Number         0  stubs.o ABSOLUTE
    _printf_truncate_unsigned                0x00000000   Number         0  stubs.o ABSOLUTE
    _printf_u                                0x00000000   Number         0  stubs.o ABSOLUTE
    _printf_wc                               0x00000000   Number         0  stubs.o ABSOLUTE
    _printf_wctomb                           0x00000000   Number         0  stubs.o ABSOLUTE
    _printf_widthprec                        0x00000000   Number         0  stubs.o ABSOLUTE
    _printf_x                                0x00000000   Number         0  stubs.o ABSOLUTE
    __cpp_initialize__aeabi_                  - Undefined Weak Reference
    __cxa_finalize                            - Undefined Weak Reference
    __decompress                              - Undefined Weak Reference
    _clock_init                               - Undefined Weak Reference
    _microlib_exit                            - Undefined Weak Reference
    __Vectors_Size                           0x00000194   Number         0  startup_stm32f303xe.o ABSOLUTE
    __Vectors                                0x08000000   Data           4  startup_stm32f303xe.o(RESET)
    __Vectors_End                            0x08000194   Data           0  startup_stm32f303xe.o(RESET)
    __main                                   0x08000195   Thumb Code     0  entry.o(.ARM.Collect$$$$00000000)
    _main_stk                                0x08000195   Thumb Code     0  entry2.o(.ARM.Collect$$$$00000001)
    _main_scatterload                        0x08000199   Thumb Code     0  entry5.o(.ARM.Collect$$$$00000004)
    __main_after_scatterload                 0x0800019d   Thumb Code     0  entry5.o(.ARM.Collect$$$$00000004)
    _main_clock                              0x0800019d   Thumb Code     0  entry7b.o(.ARM.Collect$$$$00000008)
    _main_cpp_init                           0x0800019d   Thumb Code     0  entry8b.o(.ARM.Collect$$$$0000000A)
    _main_init                               0x0800019d   Thumb Code     0  entry9a.o(.ARM.Collect$$$$0000000B)
    __rt_final_cpp                           0x080001a5   Thumb Code     0  entry10a.o(.ARM.Collect$$$$0000000D)
    __rt_final_exit                          0x080001a5   Thumb Code     0  entry11a.o(.ARM.Collect$$$$0000000F)
    Reset_Handler                            0x080001a9   Thumb Code     8  startup_stm32f303xe.o(.text)
    ADC1_2_IRQHandler                        0x080001c3   Thumb Code     0  startup_stm32f303xe.o(.text)
    ADC3_IRQHandler                          0x080001c3   Thumb Code     0  startup_stm32f303xe.o(.text)
    ADC4_IRQHandler                          0x080001c3   Thumb Code     0  startup_stm32f303xe.o(.text)
    CAN_RX1_IRQHandler                       0x080001c3   Thumb Code     0  startup_stm32f303xe.o(.text)
    CAN_SCE_IRQHandler                       0x080001c3   Thumb Code     0  startup_stm32f303xe.o(.text)
    COMP1_2_3_IRQHandler                     0x080001c3   Thumb Code     0  startup_stm32f303xe.o(.text)
    COMP4_5_6_IRQHandler                     0x080001c3   Thumb Code     0  startup_stm32f303xe.o(.text)
    COMP7_IRQHandler                         0x080001c3   Thumb Code     0  startup_stm32f303xe.o(.text)
    DMA1_Channel1_IRQHandler                 0x080001c3   Thumb Code     0  startup_stm32f303xe.o(.text)
    DMA1_Channel2_IRQHandler                 0x080001c3   Thumb Code     0  startup_stm32f303xe.o(.text)
    DMA1_Channel3_IRQHandler                 0x080001c3   Thumb Code     0  startup_stm32f303xe.o(.text)
    DMA1_Channel4_IRQHandler                 0x080001c3   Thumb Code     0  startup_stm32f303xe.o(.text)
    DMA1_Channel5_IRQHandler                 0x080001c3   Thumb Code     0  startup_stm32f303xe.o(.text)
    DMA1_Channel6_IRQHandler                 0x080001c3   Thumb Code     0  startup_stm32f303xe.o(.text)
    DMA1_Channel7_IRQHandler                 0x080001c3   Thumb Code     0  startup_stm32f303xe.o(.text)
    DMA2_Channel1_IRQHandler                 0x080001c3   Thumb Code     0  startup_stm32f303xe.o(.text)
    DMA2_Channel2_IRQHandler                 0x080001c3   Thumb Code     0  startup_stm32f303xe.o(.text)
    DMA2_Channel3_IRQHandler                 0x080001c3   Thumb Code     0  startup_stm32f303xe.o(.text)
    DMA2_Channel4_IRQHandler                 0x080001c3   Thumb Code     0  startup_stm32f303xe.o(.text)
    DMA2_Channel5_IRQHandler                 0x080001c3   Thumb Code     0  startup_stm32f303xe.o(.text)
    EXTI0_IRQHandler                         0x080001c3   Thumb Code     0  startup_stm32f303xe.o(.text)
    EXTI1_IRQHandler                         0x080001c3   Thumb Code     0  startup_stm32f303xe.o(.text)
    EXTI2_TSC_IRQHandler                     0x080001c3   Thumb Code     0  startup_stm32f303xe.o(.text)
    EXTI3_IRQHandler                         0x080001c3   Thumb Code     0  startup_stm32f303xe.o(.text)
    EXTI4_IRQHandler                         0x080001c3   Thumb Code     0  startup_stm32f303xe.o(.text)
    EXTI9_5_IRQHandler                       0x080001c3   Thumb Code     0  startup_stm32f303xe.o(.text)
    FLASH_IRQHandler                         0x080001c3   Thumb Code     0  startup_stm32f303xe.o(.text)
    FMC_IRQHandler                           0x080001c3   Thumb Code     0  startup_stm32f303xe.o(.text)
    FPU_IRQHandler                           0x080001c3   Thumb Code     0  startup_stm32f303xe.o(.text)
    I2C1_ER_IRQHandler                       0x080001c3   Thumb Code     0  startup_stm32f303xe.o(.text)
    I2C1_EV_IRQHandler                       0x080001c3   Thumb Code     0  startup_stm32f303xe.o(.text)
    I2C2_ER_IRQHandler                       0x080001c3   Thumb Code     0  startup_stm32f303xe.o(.text)
    I2C2_EV_IRQHandler                       0x080001c3   Thumb Code     0  startup_stm32f303xe.o(.text)
    I2C3_ER_IRQHandler                       0x080001c3   Thumb Code     0  startup_stm32f303xe.o(.text)
    I2C3_EV_IRQHandler                       0x080001c3   Thumb Code     0  startup_stm32f303xe.o(.text)
    PVD_IRQHandler                           0x080001c3   Thumb Code     0  startup_stm32f303xe.o(.text)
    RCC_IRQHandler                           0x080001c3   Thumb Code     0  startup_stm32f303xe.o(.text)
    RTC_Alarm_IRQHandler                     0x080001c3   Thumb Code     0  startup_stm32f303xe.o(.text)
    RTC_WKUP_IRQHandler                      0x080001c3   Thumb Code     0  startup_stm32f303xe.o(.text)
    SPI1_IRQHandler                          0x080001c3   Thumb Code     0  startup_stm32f303xe.o(.text)
    SPI2_IRQHandler                          0x080001c3   Thumb Code     0  startup_stm32f303xe.o(.text)
    SPI3_IRQHandler                          0x080001c3   Thumb Code     0  startup_stm32f303xe.o(.text)
    SPI4_IRQHandler                          0x080001c3   Thumb Code     0  startup_stm32f303xe.o(.text)
    TAMP_STAMP_IRQHandler                    0x080001c3   Thumb Code     0  startup_stm32f303xe.o(.text)
    TIM1_BRK_TIM15_IRQHandler                0x080001c3   Thumb Code     0  startup_stm32f303xe.o(.text)
    TIM1_CC_IRQHandler                       0x080001c3   Thumb Code     0  startup_stm32f303xe.o(.text)
    TIM1_TRG_COM_TIM17_IRQHandler            0x080001c3   Thumb Code     0  startup_stm32f303xe.o(.text)
    TIM1_UP_TIM16_IRQHandler                 0x080001c3   Thumb Code     0  startup_stm32f303xe.o(.text)
    TIM20_BRK_IRQHandler                     0x080001c3   Thumb Code     0  startup_stm32f303xe.o(.text)
    TIM20_CC_IRQHandler                      0x080001c3   Thumb Code     0  startup_stm32f303xe.o(.text)
    TIM20_TRG_COM_IRQHandler                 0x080001c3   Thumb Code     0  startup_stm32f303xe.o(.text)
    TIM20_UP_IRQHandler                      0x080001c3   Thumb Code     0  startup_stm32f303xe.o(.text)
    TIM2_IRQHandler                          0x080001c3   Thumb Code     0  startup_stm32f303xe.o(.text)
    TIM3_IRQHandler                          0x080001c3   Thumb Code     0  startup_stm32f303xe.o(.text)
    TIM4_IRQHandler                          0x080001c3   Thumb Code     0  startup_stm32f303xe.o(.text)
    TIM6_DAC_IRQHandler                      0x080001c3   Thumb Code     0  startup_stm32f303xe.o(.text)
    TIM7_IRQHandler                          0x080001c3   Thumb Code     0  startup_stm32f303xe.o(.text)
    TIM8_BRK_IRQHandler                      0x080001c3   Thumb Code     0  startup_stm32f303xe.o(.text)
    TIM8_CC_IRQHandler                       0x080001c3   Thumb Code     0  startup_stm32f303xe.o(.text)
    TIM8_TRG_COM_IRQHandler                  0x080001c3   Thumb Code     0  startup_stm32f303xe.o(.text)
    TIM8_UP_IRQHandler                       0x080001c3   Thumb Code     0  startup_stm32f303xe.o(.text)
    UART4_IRQHandler                         0x080001c3   Thumb Code     0  startup_stm32f303xe.o(.text)
    UART5_IRQHandler                         0x080001c3   Thumb Code     0  startup_stm32f303xe.o(.text)
    USART1_IRQHandler                        0x080001c3   Thumb Code     0  startup_stm32f303xe.o(.text)
    USART2_IRQHandler                        0x080001c3   Thumb Code     0  startup_stm32f303xe.o(.text)
    USART3_IRQHandler                        0x080001c3   Thumb Code     0  startup_stm32f303xe.o(.text)
    USBWakeUp_IRQHandler                     0x080001c3   Thumb Code     0  startup_stm32f303xe.o(.text)
    USBWakeUp_RMP_IRQHandler                 0x080001c3   Thumb Code     0  startup_stm32f303xe.o(.text)
    USB_HP_CAN_TX_IRQHandler                 0x080001c3   Thumb Code     0  startup_stm32f303xe.o(.text)
    USB_HP_IRQHandler                        0x080001c3   Thumb Code     0  startup_stm32f303xe.o(.text)
    USB_LP_IRQHandler                        0x080001c3   Thumb Code     0  startup_stm32f303xe.o(.text)
    WWDG_IRQHandler                          0x080001c3   Thumb Code     0  startup_stm32f303xe.o(.text)
    __aeabi_llsr                             0x080001cd   Thumb Code    32  llushr.o(.text)
    _ll_ushift_r                             0x080001cd   Thumb Code     0  llushr.o(.text)
    __aeabi_memcpy                           0x080001ed   Thumb Code    36  memcpya.o(.text)
    __aeabi_memcpy4                          0x080001ed   Thumb Code     0  memcpya.o(.text)
    __aeabi_memcpy8                          0x080001ed   Thumb Code     0  memcpya.o(.text)
    __aeabi_memset                           0x08000211   Thumb Code    14  memseta.o(.text)
    __aeabi_memset4                          0x08000211   Thumb Code     0  memseta.o(.text)
    __aeabi_memset8                          0x08000211   Thumb Code     0  memseta.o(.text)
    __aeabi_memclr                           0x0800021f   Thumb Code     4  memseta.o(.text)
    __aeabi_memclr4                          0x0800021f   Thumb Code     0  memseta.o(.text)
    __aeabi_memclr8                          0x0800021f   Thumb Code     0  memseta.o(.text)
    _memset$wrapper                          0x08000223   Thumb Code    18  memseta.o(.text)
    __aeabi_uldivmod                         0x08000235   Thumb Code    98  uldiv.o(.text)
    __scatterload                            0x08000299   Thumb Code    28  init.o(.text)
    __scatterload_rt2                        0x08000299   Thumb Code     0  init.o(.text)
    __aeabi_llsl                             0x080002bd   Thumb Code    30  llshl.o(.text)
    _ll_shift_l                              0x080002bd   Thumb Code     0  llshl.o(.text)
    Add_Sample_Service                       0x080002dd   Thumb Code   132  sample_service.o(i.Add_Sample_Service)
    Attribute_Modified_CB                    0x08000395   Thumb Code    40  sample_service.o(i.Attribute_Modified_CB)
    BSP_COM_Init                             0x080003c1   Thumb Code   114  stm32f3xx_nucleo.o(i.BSP_COM_Init)
    BSP_GetTick                              0x08000441   Thumb Code     4  stm32f3xx_nucleo_bus.o(i.BSP_GetTick)
    BSP_LED_Init                             0x08000445   Thumb Code    74  stm32f3xx_nucleo.o(i.BSP_LED_Init)
    BSP_LED_Off                              0x0800049d   Thumb Code    24  stm32f3xx_nucleo.o(i.BSP_LED_Off)
    BSP_LED_On                               0x080004bd   Thumb Code    24  stm32f3xx_nucleo.o(i.BSP_LED_On)
    BSP_PB_Callback                          0x080004dd   Thumb Code     8  app_x-cube-ble1.o(i.BSP_PB_Callback)
    BSP_PB_GetState                          0x080004e9   Thumb Code    28  stm32f3xx_nucleo.o(i.BSP_PB_GetState)
    BSP_PB_Init                              0x0800050d   Thumb Code   154  stm32f3xx_nucleo.o(i.BSP_PB_Init)
    BSP_SPI1_Init                            0x080005b9   Thumb Code   114  stm32f3xx_nucleo_bus.o(i.BSP_SPI1_Init)
    BSP_SPI1_SendRecv                        0x0800063d   Thumb Code    30  stm32f3xx_nucleo_bus.o(i.BSP_SPI1_SendRecv)
    BusFault_Handler                         0x0800066b   Thumb Code     2  stm32f3xx_it.o(i.BusFault_Handler)
    DebugMon_Handler                         0x0800066d   Thumb Code     2  stm32f3xx_it.o(i.DebugMon_Handler)
    EXTI15_10_IRQHandler                     0x08000671   Thumb Code    18  stm32f3xx_it.o(i.EXTI15_10_IRQHandler)
    ForwardFrame                             0x0800068d   Thumb Code   146  sample_service.o(i.ForwardFrame)
    GAP_ConnectionComplete_CB                0x0800072d   Thumb Code    46  sample_service.o(i.GAP_ConnectionComplete_CB)
    GAP_DisconnectionComplete_CB             0x08000789   Thumb Code    30  sample_service.o(i.GAP_DisconnectionComplete_CB)
    GATT_Notification_CB                     0x080007bd   Thumb Code    18  sample_service.o(i.GATT_Notification_CB)
    HAL_Delay                                0x080007d5   Thumb Code    32  stm32f3xx_hal.o(i.HAL_Delay)
    HAL_EXTI_GetHandle                       0x080007f9   Thumb Code    12  stm32f3xx_hal_exti.o(i.HAL_EXTI_GetHandle)
    HAL_EXTI_IRQHandler                      0x08000805   Thumb Code    30  stm32f3xx_hal_exti.o(i.HAL_EXTI_IRQHandler)
    HAL_EXTI_RegisterCallback                0x08000829   Thumb Code    14  stm32f3xx_hal_exti.o(i.HAL_EXTI_RegisterCallback)
    HAL_GPIO_DeInit                          0x08000839   Thumb Code   288  stm32f3xx_hal_gpio.o(i.HAL_GPIO_DeInit)
    HAL_GPIO_Init                            0x08000979   Thumb Code   422  stm32f3xx_hal_gpio.o(i.HAL_GPIO_Init)
    HAL_GPIO_ReadPin                         0x08000b45   Thumb Code    10  stm32f3xx_hal_gpio.o(i.HAL_GPIO_ReadPin)
    HAL_GPIO_TogglePin                       0x08000b4f   Thumb Code     8  stm32f3xx_hal_gpio.o(i.HAL_GPIO_TogglePin)
    HAL_GPIO_WritePin                        0x08000b57   Thumb Code    10  stm32f3xx_hal_gpio.o(i.HAL_GPIO_WritePin)
    HAL_GetTick                              0x08000b61   Thumb Code     6  stm32f3xx_hal.o(i.HAL_GetTick)
    HAL_I2CEx_EnableFastModePlus             0x08000b6d   Thumb Code    30  stm32f3xx_hal_i2c_ex.o(i.HAL_I2CEx_EnableFastModePlus)
    HAL_IncTick                              0x08000b95   Thumb Code    12  stm32f3xx_hal.o(i.HAL_IncTick)
    HAL_Init                                 0x08000ba5   Thumb Code    32  stm32f3xx_hal.o(i.HAL_Init)
    HAL_InitTick                             0x08000bc9   Thumb Code    54  stm32f3xx_hal.o(i.HAL_InitTick)
    HAL_MspInit                              0x08000c09   Thumb Code    38  stm32f3xx_hal_msp.o(i.HAL_MspInit)
    HAL_NVIC_EnableIRQ                       0x08000c35   Thumb Code    22  stm32f3xx_hal_cortex.o(i.HAL_NVIC_EnableIRQ)
    HAL_NVIC_SetPriority                     0x08000c4d   Thumb Code    60  stm32f3xx_hal_cortex.o(i.HAL_NVIC_SetPriority)
    HAL_NVIC_SetPriorityGrouping             0x08000c8d   Thumb Code    26  stm32f3xx_hal_cortex.o(i.HAL_NVIC_SetPriorityGrouping)
    HAL_PCD_DataInStageCallback              0x08000cb1   Thumb Code     2  stm32f3xx_hal_pcd.o(i.HAL_PCD_DataInStageCallback)
    HAL_PCD_DataOutStageCallback             0x08000cb3   Thumb Code     2  stm32f3xx_hal_pcd.o(i.HAL_PCD_DataOutStageCallback)
    HAL_PCD_EP_Receive                       0x08000cb5   Thumb Code   162  stm32f3xx_hal_pcd.o(i.HAL_PCD_EP_Receive)
    HAL_PCD_EP_Transmit                      0x08000d57   Thumb Code   204  stm32f3xx_hal_pcd.o(i.HAL_PCD_EP_Transmit)
    HAL_PCD_IRQHandler                       0x08000e23   Thumb Code   240  stm32f3xx_hal_pcd.o(i.HAL_PCD_IRQHandler)
    HAL_PCD_Init                             0x08000f13   Thumb Code   166  stm32f3xx_hal_pcd.o(i.HAL_PCD_Init)
    HAL_PCD_MspInit                          0x08000fb9   Thumb Code    50  stm32f3xx_hal_msp.o(i.HAL_PCD_MspInit)
    HAL_PCD_ResetCallback                    0x08000ff5   Thumb Code     2  stm32f3xx_hal_pcd.o(i.HAL_PCD_ResetCallback)
    HAL_PCD_ResumeCallback                   0x08000ff7   Thumb Code     2  stm32f3xx_hal_pcd.o(i.HAL_PCD_ResumeCallback)
    HAL_PCD_SOFCallback                      0x08000ff9   Thumb Code     2  stm32f3xx_hal_pcd.o(i.HAL_PCD_SOFCallback)
    HAL_PCD_SetAddress                       0x08000ffb   Thumb Code    44  stm32f3xx_hal_pcd.o(i.HAL_PCD_SetAddress)
    HAL_PCD_SetupStageCallback               0x08001027   Thumb Code     2  stm32f3xx_hal_pcd.o(i.HAL_PCD_SetupStageCallback)
    HAL_PCD_SuspendCallback                  0x08001029   Thumb Code     2  stm32f3xx_hal_pcd.o(i.HAL_PCD_SuspendCallback)
    HAL_RCCEx_PeriphCLKConfig                0x0800102d   Thumb Code   648  stm32f3xx_hal_rcc_ex.o(i.HAL_RCCEx_PeriphCLKConfig)
    HAL_RCC_ClockConfig                      0x080012c1   Thumb Code   306  stm32f3xx_hal_rcc.o(i.HAL_RCC_ClockConfig)
    HAL_RCC_GetPCLK1Freq                     0x08001405   Thumb Code    34  stm32f3xx_hal_rcc.o(i.HAL_RCC_GetPCLK1Freq)
    HAL_RCC_GetPCLK2Freq                     0x08001435   Thumb Code    34  stm32f3xx_hal_rcc.o(i.HAL_RCC_GetPCLK2Freq)
    HAL_RCC_GetSysClockFreq                  0x08001465   Thumb Code    76  stm32f3xx_hal_rcc.o(i.HAL_RCC_GetSysClockFreq)
    HAL_RCC_OscConfig                        0x080014bd   Thumb Code  1432  stm32f3xx_hal_rcc.o(i.HAL_RCC_OscConfig)
    HAL_RTC_Init                             0x08001a55   Thumb Code   166  stm32f3xx_hal_rtc.o(i.HAL_RTC_Init)
    HAL_RTC_MspInit                          0x08001b01   Thumb Code    32  stm32f3xx_hal_msp.o(i.HAL_RTC_MspInit)
    HAL_RTC_WaitForSynchro                   0x08001b29   Thumb Code    54  stm32f3xx_hal_rtc.o(i.HAL_RTC_WaitForSynchro)
    HAL_SPI_GetState                         0x08001b5f   Thumb Code     6  stm32f3xx_hal_spi.o(i.HAL_SPI_GetState)
    HAL_SPI_Init                             0x08001b65   Thumb Code   182  stm32f3xx_hal_spi.o(i.HAL_SPI_Init)
    HAL_SPI_MspInit                          0x08001c1b   Thumb Code     2  stm32f3xx_hal_spi.o(i.HAL_SPI_MspInit)
    HAL_SPI_TransmitReceive                  0x08001c1d   Thumb Code   574  stm32f3xx_hal_spi.o(i.HAL_SPI_TransmitReceive)
    HAL_SYSTICK_Config                       0x08001e5b   Thumb Code    40  stm32f3xx_hal_cortex.o(i.HAL_SYSTICK_Config)
    HAL_UART_Init                            0x08001e83   Thumb Code   106  stm32f3xx_hal_uart.o(i.HAL_UART_Init)
    HAL_UART_MspInit                         0x08001eed   Thumb Code    90  stm32f3xx_hal_msp.o(i.HAL_UART_MspInit)
    HAL_UART_Transmit                        0x08001f55   Thumb Code   180  stm32f3xx_hal_uart.o(i.HAL_UART_Transmit)
    HCI_TL_SPI_DeInit                        0x08002009   Thumb Code    38  hci_tl_interface.o(i.HCI_TL_SPI_DeInit)
    HCI_TL_SPI_Init                          0x08002039   Thumb Code    94  hci_tl_interface.o(i.HCI_TL_SPI_Init)
    HCI_TL_SPI_Receive                       0x080020a9   Thumb Code   120  hci_tl_interface.o(i.HCI_TL_SPI_Receive)
    HCI_TL_SPI_Reset                         0x0800212d   Thumb Code    44  hci_tl_interface.o(i.HCI_TL_SPI_Reset)
    HCI_TL_SPI_Send                          0x0800215d   Thumb Code   134  hci_tl_interface.o(i.HCI_TL_SPI_Send)
    HardFault_Handler                        0x080021f5   Thumb Code     2  stm32f3xx_it.o(i.HardFault_Handler)
    MX_SPI1_Init                             0x08002389   Thumb Code    64  stm32f3xx_nucleo_bus.o(i.MX_SPI1_Init)
    MX_USART2_UART_Init                      0x080023cd   Thumb Code    44  stm32f3xx_nucleo.o(i.MX_USART2_UART_Init)
    MemManage_Handler                        0x08002429   Thumb Code     2  stm32f3xx_it.o(i.MemManage_Handler)
    NMI_Handler                              0x0800242b   Thumb Code     2  stm32f3xx_it.o(i.NMI_Handler)
    PCD_ReadPMA                              0x08002779   Thumb Code    40  stm32f3xx_hal_pcd_ex.o(i.PCD_ReadPMA)
    PCD_WritePMA                             0x080027a1   Thumb Code    38  stm32f3xx_hal_pcd_ex.o(i.PCD_WritePMA)
    PendSV_Handler                           0x080027c7   Thumb Code     2  stm32f3xx_it.o(i.PendSV_Handler)
    Process_BlueNRG_MS                       0x080027c9   Thumb Code   264  app_x-cube-ble1.o(i.Process_BlueNRG_MS)
    Process_BlueNRG_MS_Init                  0x080028e9   Thumb Code   216  app_x-cube-ble1.o(i.Process_BlueNRG_MS_Init)
    Process_Enable_Notification_BlueNRG_MS   0x08002aa1   Thumb Code    76  app_x-cube-ble1.o(i.Process_Enable_Notification_BlueNRG_MS)
    Process_Mesh_Start_BlueNRG_Connection    0x08002afd   Thumb Code   268  app_x-cube-ble1.o(i.Process_Mesh_Start_BlueNRG_Connection)
    Process_Mesh_Start_Listen_Connection     0x08002d01   Thumb Code   200  app_x-cube-ble1.o(i.Process_Mesh_Start_Listen_Connection)
    Process_frame_Deformulation              0x08002e99   Thumb Code    52  sample_service.o(i.Process_frame_Deformulation)
    Process_frame_formulation                0x08002ecd   Thumb Code   130  sample_service.o(i.Process_frame_formulation)
    RTC_EnterInitMode                        0x08002f5d   Thumb Code    58  stm32f3xx_hal_rtc.o(i.RTC_EnterInitMode)
    SVC_Handler                              0x08003111   Thumb Code     2  stm32f3xx_it.o(i.SVC_Handler)
    SysTick_Handler                          0x08003113   Thumb Code     4  stm32f3xx_it.o(i.SysTick_Handler)
    SystemClock_Config                       0x08003119   Thumb Code   114  main.o(i.SystemClock_Config)
    SystemInit                               0x08003191   Thumb Code    82  system_stm32f3xx.o(i.SystemInit)
    UART_AdvFeatureConfig                    0x080031f9   Thumb Code   200  stm32f3xx_hal_uart.o(i.UART_AdvFeatureConfig)
    UART_CheckIdleState                      0x080032c1   Thumb Code    92  stm32f3xx_hal_uart.o(i.UART_CheckIdleState)
    UART_SetConfig                           0x0800331d   Thumb Code   434  stm32f3xx_hal_uart.o(i.UART_SetConfig)
    UART_WaitOnFlagUntilTimeout              0x080034f5   Thumb Code   100  stm32f3xx_hal_uart.o(i.UART_WaitOnFlagUntilTimeout)
    USB_LP_CAN_RX0_IRQHandler                0x08003559   Thumb Code     6  stm32f3xx_it.o(i.USB_LP_CAN_RX0_IRQHandler)
    UsageFault_Handler                       0x08003565   Thumb Code     2  stm32f3xx_it.o(i.UsageFault_Handler)
    __0printf$8                              0x08003569   Thumb Code    22  printf8.o(i.__0printf$8)
    __1printf$8                              0x08003569   Thumb Code     0  printf8.o(i.__0printf$8)
    __2printf                                0x08003569   Thumb Code     0  printf8.o(i.__0printf$8)
    __scatterload_copy                       0x08003589   Thumb Code    14  handlers.o(i.__scatterload_copy)
    __scatterload_null                       0x08003597   Thumb Code     2  handlers.o(i.__scatterload_null)
    __scatterload_zeroinit                   0x08003599   Thumb Code    14  handlers.o(i.__scatterload_zeroinit)
    aci_gap_create_connection                0x08003a0b   Thumb Code   132  bluenrg_gap_aci.o(i.aci_gap_create_connection)
    aci_gap_init_IDB05A1                     0x08003a8f   Thumb Code   112  bluenrg_gap_aci.o(i.aci_gap_init_IDB05A1)
    aci_gap_set_auth_requirement             0x08003aff   Thumb Code   116  bluenrg_gap_aci.o(i.aci_gap_set_auth_requirement)
    aci_gap_set_discoverable                 0x08003b73   Thumb Code   204  bluenrg_gap_aci.o(i.aci_gap_set_discoverable)
    aci_gap_terminate                        0x08003c3f   Thumb Code    76  bluenrg_gap_aci.o(i.aci_gap_terminate)
    aci_gatt_add_char                        0x08003c8b   Thumb Code   182  bluenrg_gatt_aci.o(i.aci_gatt_add_char)
    aci_gatt_add_serv                        0x08003d41   Thumb Code   124  bluenrg_gatt_aci.o(i.aci_gatt_add_serv)
    aci_gatt_disc_charac_by_uuid             0x08003dbd   Thumb Code   136  bluenrg_gatt_aci.o(i.aci_gatt_disc_charac_by_uuid)
    aci_gatt_init                            0x08003e45   Thumb Code    58  bluenrg_gatt_aci.o(i.aci_gatt_init)
    aci_gatt_update_char_value               0x08003e7f   Thumb Code   122  bluenrg_gatt_aci.o(i.aci_gatt_update_char_value)
    aci_gatt_write_charac_descriptor         0x08003ef9   Thumb Code   120  bluenrg_gatt_aci.o(i.aci_gatt_write_charac_descriptor)
    aci_gatt_write_without_response          0x08003f71   Thumb Code    98  bluenrg_gatt_aci.o(i.aci_gatt_write_without_response)
    aci_hal_set_tx_power_level               0x08003fd3   Thumb Code    72  bluenrg_hal_aci.o(i.aci_hal_set_tx_power_level)
    aci_hal_write_config_data                0x0800401b   Thumb Code    94  bluenrg_hal_aci.o(i.aci_hal_write_config_data)
    enableNotification                       0x08004079   Thumb Code    60  sample_service.o(i.enableNotification)
    fputc                                    0x080040bd   Thumb Code    32  stm32f3xx_nucleo.o(i.fputc)
    free                                     0x080040e5   Thumb Code    76  malloc.o(i.free)
    getBlueNRGVersion                        0x08004135   Thumb Code    76  bluenrg_utils_small.o(i.getBlueNRGVersion)
    hci_init                                 0x08004181   Thumb Code    80  hci_tl.o(i.hci_init)
    hci_le_read_local_version                0x080041dd   Thumb Code   124  hci_le.o(i.hci_le_read_local_version)
    hci_le_set_scan_resp_data                0x08004259   Thumb Code    96  hci_le.o(i.hci_le_set_scan_resp_data)
    hci_notify_asynch_evt                    0x080042b9   Thumb Code    94  hci_tl.o(i.hci_notify_asynch_evt)
    hci_register_io_bus                      0x08004321   Thumb Code    24  hci_tl.o(i.hci_register_io_bus)
    hci_reset                                0x0800433d   Thumb Code    54  hci_le.o(i.hci_reset)
    hci_send_req                             0x08004375   Thumb Code   382  hci_tl.o(i.hci_send_req)
    hci_tl_lowlevel_init                     0x080044fd   Thumb Code    72  hci_tl_interface.o(i.hci_tl_lowlevel_init)
    hci_tl_lowlevel_isr                      0x08004569   Thumb Code    32  hci_tl_interface.o(i.hci_tl_lowlevel_isr)
    hci_user_evt_proc                        0x0800458d   Thumb Code    50  hci_tl.o(i.hci_user_evt_proc)
    initialize_Node                          0x080045c9   Thumb Code   112  app_x-cube-ble1.o(i.initialize_Node)
    list_get_size                            0x0800465d   Thumb Code    28  ble_list.o(i.list_get_size)
    list_init_head                           0x08004679   Thumb Code     6  ble_list.o(i.list_init_head)
    list_insert_head                         0x0800467f   Thumb Code    24  ble_list.o(i.list_insert_head)
    list_insert_tail                         0x08004697   Thumb Code    24  ble_list.o(i.list_insert_tail)
    list_is_empty                            0x080046af   Thumb Code    24  ble_list.o(i.list_is_empty)
    list_remove_head                         0x080046c7   Thumb Code    36  ble_list.o(i.list_remove_head)
    list_remove_node                         0x080046eb   Thumb Code    22  ble_list.o(i.list_remove_node)
    list_remove_tail                         0x08004701   Thumb Code    36  ble_list.o(i.list_remove_tail)
    main                                     0x08004725   Thumb Code    98  main.o(i.main)
    malloc                                   0x08004799   Thumb Code    92  malloc.o(i.malloc)
    receiveData                              0x08004829   Thumb Code   358  sample_service.o(i.receiveData)
    sendData                                 0x080049a5   Thumb Code    52  sample_service.o(i.sendData)
    startReadRXCharHandle                    0x080049e1   Thumb Code    50  sample_service.o(i.startReadRXCharHandle)
    startReadTXCharHandle                    0x08004a29   Thumb Code    50  sample_service.o(i.startReadTXCharHandle)
    user_notify                              0x08004a71   Thumb Code   196  sample_service.o(i.user_notify)
    Node_name_1                              0x08004b70   Data          13  app_x-cube-ble1.o(.constdata)
    Node_name_2                              0x08004b7d   Data          13  app_x-cube-ble1.o(.constdata)
    Node_name_3                              0x08004b8a   Data          13  app_x-cube-ble1.o(.constdata)
    aPLLMULFactorTable                       0x08004bac   Data          16  stm32f3xx_hal_rcc.o(.constdata)
    aPredivFactorTable                       0x08004bbc   Data          16  stm32f3xx_hal_rcc.o(.constdata)
    AHBPrescTable                            0x08004bcc   Data          16  system_stm32f3xx.o(.constdata)
    APBPrescTable                            0x08004bdc   Data           8  system_stm32f3xx.o(.constdata)
    Region$$Table$$Base                      0x08004be4   Number         0  anon$$obj.o(Region$$Table)
    Region$$Table$$Limit                     0x08004c04   Number         0  anon$$obj.o(Region$$Table)
    hexti15                                  0x20000000   Data           8  hci_tl_interface.o(.data)
    bnrg_expansion_board                     0x20000008   Data           1  app_x-cube-ble1.o(.data)
    BLE_Role                                 0x2000000b   Data           1  app_x-cube-ble1.o(.data)
    service_handle                           0x2000000c   Data           2  app_x-cube-ble1.o(.data)
    dev_name_char_handle                     0x2000000e   Data           2  app_x-cube-ble1.o(.data)
    appearance_char_handle                   0x20000010   Data           2  app_x-cube-ble1.o(.data)
    Node_address_1                           0x20000012   Data           6  app_x-cube-ble1.o(.data)
    Node_address_2                           0x20000018   Data           6  app_x-cube-ble1.o(.data)
    Node_address_3                           0x2000001e   Data           6  app_x-cube-ble1.o(.data)
    bdaddr                                   0x20000024   Data           6  app_x-cube-ble1.o(.data)
    bdaddr_r                                 0x2000002a   Data           6  app_x-cube-ble1.o(.data)
    set_connectable                          0x20000030   Data           1  sample_service.o(.data)
    notification_enabled                     0x20000031   Data           1  sample_service.o(.data)
    start_read_tx_char_handle                0x20000032   Data           1  sample_service.o(.data)
    start_read_rx_char_handle                0x20000033   Data           1  sample_service.o(.data)
    end_read_tx_char_handle                  0x20000034   Data           1  sample_service.o(.data)
    end_read_rx_char_handle                  0x20000035   Data           1  sample_service.o(.data)
    Ack                                      0x20000036   Data           1  sample_service.o(.data)
    forward_routing                          0x20000038   Data           1  sample_service.o(.data)
    reason                                   0x20000039   Data           1  sample_service.o(.data)
    ret                                      0x2000003a   Data           1  sample_service.o(.data)
    connection_handle                        0x2000003c   Data           2  sample_service.o(.data)
    conn_handle                              0x2000003e   Data           2  sample_service.o(.data)
    tx_handle                                0x20000040   Data           2  sample_service.o(.data)
    rx_handle                                0x20000042   Data           2  sample_service.o(.data)
    sampleServHandle                         0x20000044   Data           2  sample_service.o(.data)
    TXCharHandle                             0x20000046   Data           2  sample_service.o(.data)
    RXCharHandle                             0x20000048   Data           2  sample_service.o(.data)
    connected                                0x2000004c   Data           4  sample_service.o(.data)
    COM_USART                                0x20000060   Data           4  stm32f3xx_nucleo.o(.data)
    hpb_exti                                 0x20000064   Data           8  stm32f3xx_nucleo.o(.data)
    uwTickFreq                               0x2000006c   Data           1  stm32f3xx_hal.o(.data)
    uwTickPrio                               0x20000070   Data           4  stm32f3xx_hal.o(.data)
    uwTick                                   0x20000074   Data           4  stm32f3xx_hal.o(.data)
    SystemCoreClock                          0x20000078   Data           4  system_stm32f3xx.o(.data)
    hciReadPktPool                           0x2000007c   Data           8  hci_tl.o(.data)
    hciReadPktRxQueue                        0x20000084   Data           8  hci_tl.o(.data)
    __stdout                                 0x2000008c   Data           4  stdout.o(.data)
    __microlib_freelist                      0x20000090   Data           4  mvars.o(.data)
    __microlib_freelist_initialised          0x20000094   Data           4  mvars.o(.data)
    hrtc                                     0x20000098   Data          32  main.o(.bss)
    huart3                                   0x200000b8   Data         112  main.o(.bss)
    hpcd_USB_FS                              0x20000128   Data         936  main.o(.bss)
    LOCAL_NAME                               0x200005d0   Data          13  app_x-cube-ble1.o(.bss)
    nodes                                    0x200005e0   Data         108  app_x-cube-ble1.o(.bss)
    hspi1                                    0x2000064c   Data         100  stm32f3xx_nucleo_bus.o(.bss)
    hcom_uart                                0x200006b0   Data         112  stm32f3xx_nucleo.o(.bss)
    __heap_base                              0x20000a00   Data           0  startup_stm32f303xe.o(HEAP)
    __heap_limit                             0x20000c00   Data           0  startup_stm32f303xe.o(HEAP)
    __initial_sp                             0x20001000   Data           0  startup_stm32f303xe.o(STACK)



==============================================================================

Memory Map of the image

  Image Entry point : 0x08000195

  Load Region LR_IROM1 (Base: 0x08000000, Size: 0x00004c9c, Max: 0x00080000, ABSOLUTE)

    Execution Region ER_IROM1 (Exec base: 0x08000000, Load base: 0x08000000, Size: 0x00004c04, Max: 0x00080000, ABSOLUTE)

    Exec Addr    Load Addr    Size         Type   Attr      Idx    E Section Name        Object

    0x08000000   0x08000000   0x00000194   Data   RO            3    RESET               startup_stm32f303xe.o
    0x08000194   0x08000194   0x00000000   Code   RO         4964  * .ARM.Collect$$$$00000000  mc_w.l(entry.o)
    0x08000194   0x08000194   0x00000004   Code   RO         5267    .ARM.Collect$$$$00000001  mc_w.l(entry2.o)
    0x08000198   0x08000198   0x00000004   Code   RO         5270    .ARM.Collect$$$$00000004  mc_w.l(entry5.o)
    0x0800019c   0x0800019c   0x00000000   Code   RO         5272    .ARM.Collect$$$$00000008  mc_w.l(entry7b.o)
    0x0800019c   0x0800019c   0x00000000   Code   RO         5274    .ARM.Collect$$$$0000000A  mc_w.l(entry8b.o)
    0x0800019c   0x0800019c   0x00000008   Code   RO         5275    .ARM.Collect$$$$0000000B  mc_w.l(entry9a.o)
    0x080001a4   0x080001a4   0x00000000   Code   RO         5277    .ARM.Collect$$$$0000000D  mc_w.l(entry10a.o)
    0x080001a4   0x080001a4   0x00000000   Code   RO         5279    .ARM.Collect$$$$0000000F  mc_w.l(entry11a.o)
    0x080001a4   0x080001a4   0x00000004   Code   RO         5268    .ARM.Collect$$$$00002712  mc_w.l(entry2.o)
    0x080001a8   0x080001a8   0x00000024   Code   RO            4    .text               startup_stm32f303xe.o
    0x080001cc   0x080001cc   0x00000020   Code   RO         4970    .text               mc_w.l(llushr.o)
    0x080001ec   0x080001ec   0x00000024   Code   RO         4972    .text               mc_w.l(memcpya.o)
    0x08000210   0x08000210   0x00000024   Code   RO         4974    .text               mc_w.l(memseta.o)
    0x08000234   0x08000234   0x00000062   Code   RO         5283    .text               mc_w.l(uldiv.o)
    0x08000296   0x08000296   0x00000002   PAD
    0x08000298   0x08000298   0x00000024   Code   RO         5298    .text               mc_w.l(init.o)
    0x080002bc   0x080002bc   0x0000001e   Code   RO         5300    .text               mc_w.l(llshl.o)
    0x080002da   0x080002da   0x00000002   PAD
    0x080002dc   0x080002dc   0x000000b8   Code   RO          451    i.Add_Sample_Service  sample_service.o
    0x08000394   0x08000394   0x0000002c   Code   RO          452    i.Attribute_Modified_CB  sample_service.o
    0x080003c0   0x080003c0   0x00000080   Code   RO          802    i.BSP_COM_Init      stm32f3xx_nucleo.o
    0x08000440   0x08000440   0x00000004   Code   RO          568    i.BSP_GetTick       stm32f3xx_nucleo_bus.o
    0x08000444   0x08000444   0x00000058   Code   RO          807    i.BSP_LED_Init      stm32f3xx_nucleo.o
    0x0800049c   0x0800049c   0x00000020   Code   RO          808    i.BSP_LED_Off       stm32f3xx_nucleo.o
    0x080004bc   0x080004bc   0x00000020   Code   RO          809    i.BSP_LED_On        stm32f3xx_nucleo.o
    0x080004dc   0x080004dc   0x0000000c   Code   RO          318    i.BSP_PB_Callback   app_x-cube-ble1.o
    0x080004e8   0x080004e8   0x00000024   Code   RO          813    i.BSP_PB_GetState   stm32f3xx_nucleo.o
    0x0800050c   0x0800050c   0x000000ac   Code   RO          815    i.BSP_PB_Init       stm32f3xx_nucleo.o
    0x080005b8   0x080005b8   0x00000084   Code   RO          570    i.BSP_SPI1_Init     stm32f3xx_nucleo_bus.o
    0x0800063c   0x0800063c   0x00000024   Code   RO          573    i.BSP_SPI1_SendRecv  stm32f3xx_nucleo_bus.o
    0x08000660   0x08000660   0x0000000a   Code   RO          816    i.BUTTON_USER_EXTI_Callback  stm32f3xx_nucleo.o
    0x0800066a   0x0800066a   0x00000002   Code   RO          635    i.BusFault_Handler  stm32f3xx_it.o
    0x0800066c   0x0800066c   0x00000002   Code   RO          636    i.DebugMon_Handler  stm32f3xx_it.o
    0x0800066e   0x0800066e   0x00000002   PAD
    0x08000670   0x08000670   0x0000001c   Code   RO          637    i.EXTI15_10_IRQHandler  stm32f3xx_it.o
    0x0800068c   0x0800068c   0x000000a0   Code   RO          453    i.ForwardFrame      sample_service.o
    0x0800072c   0x0800072c   0x0000005c   Code   RO          454    i.GAP_ConnectionComplete_CB  sample_service.o
    0x08000788   0x08000788   0x00000034   Code   RO          455    i.GAP_DisconnectionComplete_CB  sample_service.o
    0x080007bc   0x080007bc   0x00000018   Code   RO          456    i.GATT_Notification_CB  sample_service.o
    0x080007d4   0x080007d4   0x00000024   Code   RO         2363    i.HAL_Delay         stm32f3xx_hal.o
    0x080007f8   0x080007f8   0x0000000c   Code   RO          282    i.HAL_EXTI_GetHandle  stm32f3xx_hal_exti.o
    0x08000804   0x08000804   0x00000024   Code   RO          283    i.HAL_EXTI_IRQHandler  stm32f3xx_hal_exti.o
    0x08000828   0x08000828   0x0000000e   Code   RO          284    i.HAL_EXTI_RegisterCallback  stm32f3xx_hal_exti.o
    0x08000836   0x08000836   0x00000002   PAD
    0x08000838   0x08000838   0x00000140   Code   RO         2677    i.HAL_GPIO_DeInit   stm32f3xx_hal_gpio.o
    0x08000978   0x08000978   0x000001cc   Code   RO         2680    i.HAL_GPIO_Init     stm32f3xx_hal_gpio.o
    0x08000b44   0x08000b44   0x0000000a   Code   RO         2682    i.HAL_GPIO_ReadPin  stm32f3xx_hal_gpio.o
    0x08000b4e   0x08000b4e   0x00000008   Code   RO         2683    i.HAL_GPIO_TogglePin  stm32f3xx_hal_gpio.o
    0x08000b56   0x08000b56   0x0000000a   Code   RO         2684    i.HAL_GPIO_WritePin  stm32f3xx_hal_gpio.o
    0x08000b60   0x08000b60   0x0000000c   Code   RO         2367    i.HAL_GetTick       stm32f3xx_hal.o
    0x08000b6c   0x08000b6c   0x00000028   Code   RO         3736    i.HAL_I2CEx_EnableFastModePlus  stm32f3xx_hal_i2c_ex.o
    0x08000b94   0x08000b94   0x00000010   Code   RO         2373    i.HAL_IncTick       stm32f3xx_hal.o
    0x08000ba4   0x08000ba4   0x00000024   Code   RO         2374    i.HAL_Init          stm32f3xx_hal.o
    0x08000bc8   0x08000bc8   0x00000040   Code   RO         2375    i.HAL_InitTick      stm32f3xx_hal.o
    0x08000c08   0x08000c08   0x0000002c   Code   RO          723    i.HAL_MspInit       stm32f3xx_hal_msp.o
    0x08000c34   0x08000c34   0x00000016   Code   RO         2848    i.HAL_NVIC_EnableIRQ  stm32f3xx_hal_cortex.o
    0x08000c4a   0x08000c4a   0x00000002   PAD
    0x08000c4c   0x08000c4c   0x00000040   Code   RO         2854    i.HAL_NVIC_SetPriority  stm32f3xx_hal_cortex.o
    0x08000c8c   0x08000c8c   0x00000024   Code   RO         2855    i.HAL_NVIC_SetPriorityGrouping  stm32f3xx_hal_cortex.o
    0x08000cb0   0x08000cb0   0x00000002   Code   RO         2102    i.HAL_PCD_DataInStageCallback  stm32f3xx_hal_pcd.o
    0x08000cb2   0x08000cb2   0x00000002   Code   RO         2103    i.HAL_PCD_DataOutStageCallback  stm32f3xx_hal_pcd.o
    0x08000cb4   0x08000cb4   0x000000a2   Code   RO         2114    i.HAL_PCD_EP_Receive  stm32f3xx_hal_pcd.o
    0x08000d56   0x08000d56   0x000000cc   Code   RO         2116    i.HAL_PCD_EP_Transmit  stm32f3xx_hal_pcd.o
    0x08000e22   0x08000e22   0x000000f0   Code   RO         2118    i.HAL_PCD_IRQHandler  stm32f3xx_hal_pcd.o
    0x08000f12   0x08000f12   0x000000a6   Code   RO         2121    i.HAL_PCD_Init      stm32f3xx_hal_pcd.o
    0x08000fb8   0x08000fb8   0x0000003c   Code   RO          725    i.HAL_PCD_MspInit   stm32f3xx_hal_msp.o
    0x08000ff4   0x08000ff4   0x00000002   Code   RO         2124    i.HAL_PCD_ResetCallback  stm32f3xx_hal_pcd.o
    0x08000ff6   0x08000ff6   0x00000002   Code   RO         2125    i.HAL_PCD_ResumeCallback  stm32f3xx_hal_pcd.o
    0x08000ff8   0x08000ff8   0x00000002   Code   RO         2126    i.HAL_PCD_SOFCallback  stm32f3xx_hal_pcd.o
    0x08000ffa   0x08000ffa   0x0000002c   Code   RO         2127    i.HAL_PCD_SetAddress  stm32f3xx_hal_pcd.o
    0x08001026   0x08001026   0x00000002   Code   RO         2128    i.HAL_PCD_SetupStageCallback  stm32f3xx_hal_pcd.o
    0x08001028   0x08001028   0x00000002   Code   RO         2131    i.HAL_PCD_SuspendCallback  stm32f3xx_hal_pcd.o
    0x0800102a   0x0800102a   0x00000002   PAD
    0x0800102c   0x0800102c   0x00000294   Code   RO         2637    i.HAL_RCCEx_PeriphCLKConfig  stm32f3xx_hal_rcc_ex.o
    0x080012c0   0x080012c0   0x00000144   Code   RO         2531    i.HAL_RCC_ClockConfig  stm32f3xx_hal_rcc.o
    0x08001404   0x08001404   0x00000030   Code   RO         2538    i.HAL_RCC_GetPCLK1Freq  stm32f3xx_hal_rcc.o
    0x08001434   0x08001434   0x00000030   Code   RO         2539    i.HAL_RCC_GetPCLK2Freq  stm32f3xx_hal_rcc.o
    0x08001464   0x08001464   0x00000058   Code   RO         2540    i.HAL_RCC_GetSysClockFreq  stm32f3xx_hal_rcc.o
    0x080014bc   0x080014bc   0x00000598   Code   RO         2543    i.HAL_RCC_OscConfig  stm32f3xx_hal_rcc.o
    0x08001a54   0x08001a54   0x000000ac   Code   RO         1707    i.HAL_RTC_Init      stm32f3xx_hal_rtc.o
    0x08001b00   0x08001b00   0x00000028   Code   RO          727    i.HAL_RTC_MspInit   stm32f3xx_hal_msp.o
    0x08001b28   0x08001b28   0x00000036   Code   RO         1715    i.HAL_RTC_WaitForSynchro  stm32f3xx_hal_rtc.o
    0x08001b5e   0x08001b5e   0x00000006   Code   RO          943    i.HAL_SPI_GetState  stm32f3xx_hal_spi.o
    0x08001b64   0x08001b64   0x000000b6   Code   RO          945    i.HAL_SPI_Init      stm32f3xx_hal_spi.o
    0x08001c1a   0x08001c1a   0x00000002   Code   RO          947    i.HAL_SPI_MspInit   stm32f3xx_hal_spi.o
    0x08001c1c   0x08001c1c   0x0000023e   Code   RO          954    i.HAL_SPI_TransmitReceive  stm32f3xx_hal_spi.o
    0x08001e5a   0x08001e5a   0x00000028   Code   RO         2859    i.HAL_SYSTICK_Config  stm32f3xx_hal_cortex.o
    0x08001e82   0x08001e82   0x0000006a   Code   RO         1311    i.HAL_UART_Init     stm32f3xx_hal_uart.o
    0x08001eec   0x08001eec   0x00000068   Code   RO          729    i.HAL_UART_MspInit  stm32f3xx_hal_msp.o
    0x08001f54   0x08001f54   0x000000b4   Code   RO         1319    i.HAL_UART_Transmit  stm32f3xx_hal_uart.o
    0x08002008   0x08002008   0x00000030   Code   RO          197    i.HCI_TL_SPI_DeInit  hci_tl_interface.o
    0x08002038   0x08002038   0x00000070   Code   RO          198    i.HCI_TL_SPI_Init   hci_tl_interface.o
    0x080020a8   0x080020a8   0x00000084   Code   RO          199    i.HCI_TL_SPI_Receive  hci_tl_interface.o
    0x0800212c   0x0800212c   0x00000030   Code   RO          200    i.HCI_TL_SPI_Reset  hci_tl_interface.o
    0x0800215c   0x0800215c   0x00000098   Code   RO          201    i.HCI_TL_SPI_Send   hci_tl_interface.o
    0x080021f4   0x080021f4   0x00000002   Code   RO          638    i.HardFault_Handler  stm32f3xx_it.o
    0x080021f6   0x080021f6   0x00000002   PAD
    0x080021f8   0x080021f8   0x00000190   Code   RO           14    i.MX_GPIO_Init      main.o
    0x08002388   0x08002388   0x00000044   Code   RO          574    i.MX_SPI1_Init      stm32f3xx_nucleo_bus.o
    0x080023cc   0x080023cc   0x00000030   Code   RO          817    i.MX_USART2_UART_Init  stm32f3xx_nucleo.o
    0x080023fc   0x080023fc   0x0000002c   Code   RO           15    i.MX_USART3_UART_Init  main.o
    0x08002428   0x08002428   0x00000002   Code   RO          639    i.MemManage_Handler  stm32f3xx_it.o
    0x0800242a   0x0800242a   0x00000002   Code   RO          640    i.NMI_Handler       stm32f3xx_it.o
    0x0800242c   0x0800242c   0x00000020   Code   RO         2861    i.NVIC_SetPriority  stm32f3xx_hal_cortex.o
    0x0800244c   0x0800244c   0x0000032c   Code   RO         2132    i.PCD_EP_ISR_Handler  stm32f3xx_hal_pcd.o
    0x08002778   0x08002778   0x00000028   Code   RO         2316    i.PCD_ReadPMA       stm32f3xx_hal_pcd_ex.o
    0x080027a0   0x080027a0   0x00000026   Code   RO         2317    i.PCD_WritePMA      stm32f3xx_hal_pcd_ex.o
    0x080027c6   0x080027c6   0x00000002   Code   RO          641    i.PendSV_Handler    stm32f3xx_it.o
    0x080027c8   0x080027c8   0x00000120   Code   RO          319    i.Process_BlueNRG_MS  app_x-cube-ble1.o
    0x080028e8   0x080028e8   0x000001b8   Code   RO          320    i.Process_BlueNRG_MS_Init  app_x-cube-ble1.o
    0x08002aa0   0x08002aa0   0x0000005c   Code   RO          321    i.Process_Enable_Notification_BlueNRG_MS  app_x-cube-ble1.o
    0x08002afc   0x08002afc   0x00000204   Code   RO          323    i.Process_Mesh_Start_BlueNRG_Connection  app_x-cube-ble1.o
    0x08002d00   0x08002d00   0x00000198   Code   RO          324    i.Process_Mesh_Start_Listen_Connection  app_x-cube-ble1.o
    0x08002e98   0x08002e98   0x00000034   Code   RO          459    i.Process_frame_Deformulation  sample_service.o
    0x08002ecc   0x08002ecc   0x00000090   Code   RO          460    i.Process_frame_formulation  sample_service.o
    0x08002f5c   0x08002f5c   0x0000003a   Code   RO         1718    i.RTC_EnterInitMode  stm32f3xx_hal_rtc.o
    0x08002f96   0x08002f96   0x00000048   Code   RO          983    i.SPI_EndRxTxTransaction  stm32f3xx_hal_spi.o
    0x08002fde   0x08002fde   0x0000009e   Code   RO          988    i.SPI_WaitFifoStateUntilTimeout  stm32f3xx_hal_spi.o
    0x0800307c   0x0800307c   0x00000094   Code   RO          989    i.SPI_WaitFlagStateUntilTimeout  stm32f3xx_hal_spi.o
    0x08003110   0x08003110   0x00000002   Code   RO          642    i.SVC_Handler       stm32f3xx_it.o
    0x08003112   0x08003112   0x00000004   Code   RO          643    i.SysTick_Handler   stm32f3xx_it.o
    0x08003116   0x08003116   0x00000002   PAD
    0x08003118   0x08003118   0x00000078   Code   RO           16    i.SystemClock_Config  main.o
    0x08003190   0x08003190   0x00000068   Code   RO         3787    i.SystemInit        system_stm32f3xx.o
    0x080031f8   0x080031f8   0x000000c8   Code   RO         1324    i.UART_AdvFeatureConfig  stm32f3xx_hal_uart.o
    0x080032c0   0x080032c0   0x0000005c   Code   RO         1325    i.UART_CheckIdleState  stm32f3xx_hal_uart.o
    0x0800331c   0x0800331c   0x000001d8   Code   RO         1340    i.UART_SetConfig    stm32f3xx_hal_uart.o
    0x080034f4   0x080034f4   0x00000064   Code   RO         1342    i.UART_WaitOnFlagUntilTimeout  stm32f3xx_hal_uart.o
    0x08003558   0x08003558   0x0000000c   Code   RO          644    i.USB_LP_CAN_RX0_IRQHandler  stm32f3xx_it.o
    0x08003564   0x08003564   0x00000002   Code   RO          645    i.UsageFault_Handler  stm32f3xx_it.o
    0x08003566   0x08003566   0x00000002   PAD
    0x08003568   0x08003568   0x00000020   Code   RO         5185    i.__0printf$8       mc_w.l(printf8.o)
    0x08003588   0x08003588   0x0000000e   Code   RO         5308    i.__scatterload_copy  mc_w.l(handlers.o)
    0x08003596   0x08003596   0x00000002   Code   RO         5309    i.__scatterload_null  mc_w.l(handlers.o)
    0x08003598   0x08003598   0x0000000e   Code   RO         5310    i.__scatterload_zeroinit  mc_w.l(handlers.o)
    0x080035a6   0x080035a6   0x00000002   PAD
    0x080035a8   0x080035a8   0x00000410   Code   RO         5192    i._printf_core      mc_w.l(printf8.o)
    0x080039b8   0x080039b8   0x00000024   Code   RO         5193    i._printf_post_padding  mc_w.l(printf8.o)
    0x080039dc   0x080039dc   0x0000002e   Code   RO         5194    i._printf_pre_padding  mc_w.l(printf8.o)
    0x08003a0a   0x08003a0a   0x00000084   Code   RO         3829    i.aci_gap_create_connection  bluenrg_gap_aci.o
    0x08003a8e   0x08003a8e   0x00000070   Code   RO         3834    i.aci_gap_init_IDB05A1  bluenrg_gap_aci.o
    0x08003afe   0x08003afe   0x00000074   Code   RO         3840    i.aci_gap_set_auth_requirement  bluenrg_gap_aci.o
    0x08003b72   0x08003b72   0x000000cc   Code   RO         3845    i.aci_gap_set_discoverable  bluenrg_gap_aci.o
    0x08003c3e   0x08003c3e   0x0000004c   Code   RO         3863    i.aci_gap_terminate  bluenrg_gap_aci.o
    0x08003c8a   0x08003c8a   0x000000b6   Code   RO         4103    i.aci_gatt_add_char  bluenrg_gatt_aci.o
    0x08003d40   0x08003d40   0x0000007c   Code   RO         4105    i.aci_gatt_add_serv  bluenrg_gatt_aci.o
    0x08003dbc   0x08003dbc   0x00000088   Code   RO         4114    i.aci_gatt_disc_charac_by_uuid  bluenrg_gatt_aci.o
    0x08003e44   0x08003e44   0x0000003a   Code   RO         4119    i.aci_gatt_init     bluenrg_gatt_aci.o
    0x08003e7e   0x08003e7e   0x0000007a   Code   RO         4132    i.aci_gatt_update_char_value  bluenrg_gatt_aci.o
    0x08003ef8   0x08003ef8   0x00000078   Code   RO         4134    i.aci_gatt_write_charac_descriptor  bluenrg_gatt_aci.o
    0x08003f70   0x08003f70   0x00000062   Code   RO         4140    i.aci_gatt_write_without_response  bluenrg_gatt_aci.o
    0x08003fd2   0x08003fd2   0x00000048   Code   RO         4385    i.aci_hal_set_tx_power_level  bluenrg_hal_aci.o
    0x0800401a   0x0800401a   0x0000005e   Code   RO         4388    i.aci_hal_write_config_data  bluenrg_hal_aci.o
    0x08004078   0x08004078   0x00000044   Code   RO          461    i.enableNotification  sample_service.o
    0x080040bc   0x080040bc   0x00000028   Code   RO          818    i.fputc             stm32f3xx_nucleo.o
    0x080040e4   0x080040e4   0x00000050   Code   RO         5239    i.free              mc_w.l(malloc.o)
    0x08004134   0x08004134   0x0000004c   Code   RO         4583    i.getBlueNRGVersion  bluenrg_utils_small.o
    0x08004180   0x08004180   0x0000005c   Code   RO         4610    i.hci_init          hci_tl.o
    0x080041dc   0x080041dc   0x0000007c   Code   RO         4680    i.hci_le_read_local_version  hci_le.o
    0x08004258   0x08004258   0x00000060   Code   RO         4691    i.hci_le_set_scan_resp_data  hci_le.o
    0x080042b8   0x080042b8   0x00000068   Code   RO         4611    i.hci_notify_asynch_evt  hci_tl.o
    0x08004320   0x08004320   0x0000001c   Code   RO         4612    i.hci_register_io_bus  hci_tl.o
    0x0800433c   0x0800433c   0x00000036   Code   RO         4697    i.hci_reset         hci_le.o
    0x08004372   0x08004372   0x00000002   PAD
    0x08004374   0x08004374   0x00000188   Code   RO         4613    i.hci_send_req      hci_tl.o
    0x080044fc   0x080044fc   0x0000006c   Code   RO          202    i.hci_tl_lowlevel_init  hci_tl_interface.o
    0x08004568   0x08004568   0x00000024   Code   RO          203    i.hci_tl_lowlevel_isr  hci_tl_interface.o
    0x0800458c   0x0800458c   0x0000003c   Code   RO         4614    i.hci_user_evt_proc  hci_tl.o
    0x080045c8   0x080045c8   0x00000094   Code   RO          326    i.initialize_Node   app_x-cube-ble1.o
    0x0800465c   0x0800465c   0x0000001c   Code   RO         4873    i.list_get_size     ble_list.o
    0x08004678   0x08004678   0x00000006   Code   RO         4874    i.list_init_head    ble_list.o
    0x0800467e   0x0800467e   0x00000018   Code   RO         4875    i.list_insert_head  ble_list.o
    0x08004696   0x08004696   0x00000018   Code   RO         4878    i.list_insert_tail  ble_list.o
    0x080046ae   0x080046ae   0x00000018   Code   RO         4879    i.list_is_empty     ble_list.o
    0x080046c6   0x080046c6   0x00000024   Code   RO         4880    i.list_remove_head  ble_list.o
    0x080046ea   0x080046ea   0x00000016   Code   RO         4881    i.list_remove_node  ble_list.o
    0x08004700   0x08004700   0x00000024   Code   RO         4882    i.list_remove_tail  ble_list.o
    0x08004724   0x08004724   0x00000074   Code   RO           17    i.main              main.o
    0x08004798   0x08004798   0x0000006c   Code   RO         5240    i.malloc            mc_w.l(malloc.o)
    0x08004804   0x08004804   0x00000024   Code   RO         4615    i.move_list         hci_tl.o
    0x08004828   0x08004828   0x0000017c   Code   RO          462    i.receiveData       sample_service.o
    0x080049a4   0x080049a4   0x0000003c   Code   RO          463    i.sendData          sample_service.o
    0x080049e0   0x080049e0   0x00000048   Code   RO          464    i.startReadRXCharHandle  sample_service.o
    0x08004a28   0x08004a28   0x00000048   Code   RO          465    i.startReadTXCharHandle  sample_service.o
    0x08004a70   0x08004a70   0x00000100   Code   RO          466    i.user_notify       sample_service.o
    0x08004b70   0x08004b70   0x00000027   Data   RO          328    .constdata          app_x-cube-ble1.o
    0x08004b97   0x08004b97   0x00000001   PAD
    0x08004b98   0x08004b98   0x00000014   Data   RO          820    .constdata          stm32f3xx_nucleo.o
    0x08004bac   0x08004bac   0x00000020   Data   RO         2544    .constdata          stm32f3xx_hal_rcc.o
    0x08004bcc   0x08004bcc   0x00000010   Data   RO         3788    .constdata          system_stm32f3xx.o
    0x08004bdc   0x08004bdc   0x00000008   Data   RO         3789    .constdata          system_stm32f3xx.o
    0x08004be4   0x08004be4   0x00000020   Data   RO         5306    Region$$Table       anon$$obj.o


    Execution Region RW_IRAM1 (Exec base: 0x20000000, Load base: 0x08004c04, Size: 0x00001000, Max: 0x00010000, ABSOLUTE)

    Exec Addr    Load Addr    Size         Type   Attr      Idx    E Section Name        Object

    0x20000000   0x08004c04   0x00000008   Data   RW          205    .data               hci_tl_interface.o
    0x20000008   0x08004c0c   0x00000028   Data   RW          329    .data               app_x-cube-ble1.o
    0x20000030   0x08004c34   0x00000020   Data   RW          467    .data               sample_service.o
    0x20000050   0x08004c54   0x00000004   Data   RW          576    .data               stm32f3xx_nucleo_bus.o
    0x20000054   0x08004c58   0x00000018   Data   RW          821    .data               stm32f3xx_nucleo.o
    0x2000006c   0x08004c70   0x0000000c   Data   RW         2381    .data               stm32f3xx_hal.o
    0x20000078   0x08004c7c   0x00000004   Data   RW         3790    .data               system_stm32f3xx.o
    0x2000007c   0x08004c80   0x00000010   Data   RW         4617    .data               hci_tl.o
    0x2000008c   0x08004c90   0x00000004   Data   RW         4969    .data               mc_w.l(stdout.o)
    0x20000090   0x08004c94   0x00000004   Data   RW         5285    .data               mc_w.l(mvars.o)
    0x20000094   0x08004c98   0x00000004   Data   RW         5286    .data               mc_w.l(mvars.o)
    0x20000098        -       0x00000438   Zero   RW           18    .bss                main.o
    0x200004d0        -       0x000000ff   Zero   RW          204    .bss                hci_tl_interface.o
    0x200005cf   0x08004c9c   0x00000001   PAD
    0x200005d0        -       0x0000007c   Zero   RW          327    .bss                app_x-cube-ble1.o
    0x2000064c        -       0x00000064   Zero   RW          575    .bss                stm32f3xx_nucleo_bus.o
    0x200006b0        -       0x00000070   Zero   RW          819    .bss                stm32f3xx_nucleo.o
    0x20000720        -       0x000002dc   Zero   RW         4616    .bss                hci_tl.o
    0x200009fc   0x08004c9c   0x00000004   PAD
    0x20000a00        -       0x00000200   Zero   RW            2    HEAP                startup_stm32f303xe.o
    0x20000c00        -       0x00000400   Zero   RW            1    STACK               startup_stm32f303xe.o


==============================================================================

Image component sizes


      Code (inc. data)   RO Data    RW Data    ZI Data      Debug   Object Name

      1904        760         39         40        124      47801   app_x-cube-ble1.o
       200          0          0          0          0      10776   ble_list.o
       640          0          0          0          0       6517   bluenrg_gap_aci.o
       840          0          0          0          0       8089   bluenrg_gatt_aci.o
       166          0          0          0          0       2473   bluenrg_hal_aci.o
        76          0          0          0          0       1484   bluenrg_utils_small.o
       274          0          0          0          0       3148   hci_le.o
       712         46          0         16        732       6507   hci_tl.o
       636        102          0          8        255       7611   hci_tl_interface.o
       680         62          0          0       1080     665253   main.o
      1660        300          0         32          0      13183   sample_service.o
        36          8        404          0       1536        848   startup_stm32f303xe.o
       164         28          0         12          0      16785   stm32f3xx_hal.o
       194         14          0          0          0      30479   stm32f3xx_hal_cortex.o
        62          6          0          0          0       2287   stm32f3xx_hal_exti.o
       808         70          0          0          0       4622   stm32f3xx_hal_gpio.o
        40         10          0          0          0       1075   stm32f3xx_hal_i2c_ex.o
       248         38          0          0          0       2745   stm32f3xx_hal_msp.o
      1642          0          0          0          0      10384   stm32f3xx_hal_pcd.o
        78          0          0          0          0       2129   stm32f3xx_hal_pcd_ex.o
      1940         70         32          0          0       5824   stm32f3xx_hal_rcc.o
       660         12          0          0          0       1724   stm32f3xx_hal_rcc_ex.o
       284          6          0          0          0       2908   stm32f3xx_hal_rtc.o
      1142          0          0          0          0       6858   stm32f3xx_hal_spi.o
      1150         58          0          0          0       6123   stm32f3xx_hal_uart.o
        60         16          0          0          0       5213   stm32f3xx_it.o
       586         82         20         24        112       9798   stm32f3xx_nucleo.o
       240         28          0          4        100       3269   stm32f3xx_nucleo_bus.o
       104         22         24          4          0       1199   system_stm32f3xx.o

    ----------------------------------------------------------------------
     17242       1738        552        140       3944     887112   Object Totals
         0          0         32          0          0          0   (incl. Generated)
        16          0          1          0          5          0   (incl. Padding)

    ----------------------------------------------------------------------

      Code (inc. data)   RO Data    RW Data    ZI Data      Debug   Library Member Name

         0          0          0          0          0          0   entry.o
         0          0          0          0          0          0   entry10a.o
         0          0          0          0          0          0   entry11a.o
         8          4          0          0          0          0   entry2.o
         4          0          0          0          0          0   entry5.o
         0          0          0          0          0          0   entry7b.o
         0          0          0          0          0          0   entry8b.o
         8          4          0          0          0          0   entry9a.o
        30          0          0          0          0          0   handlers.o
        36          8          0          0          0         68   init.o
        30          0          0          0          0         68   llshl.o
        32          0          0          0          0         68   llushr.o
       188         20          0          0          0        160   malloc.o
        36          0          0          0          0         68   memcpya.o
        36          0          0          0          0        108   memseta.o
         0          0          0          8          0          0   mvars.o
      1154         54          0          0          0        352   printf8.o
         0          0          0          4          0          0   stdout.o
        98          0          0          0          0         92   uldiv.o

    ----------------------------------------------------------------------
      1666         90          0         12          0        984   Library Totals
         6          0          0          0          0          0   (incl. Padding)

    ----------------------------------------------------------------------

      Code (inc. data)   RO Data    RW Data    ZI Data      Debug   Library Name

      1660         90          0         12          0        984   mc_w.l

    ----------------------------------------------------------------------
      1666         90          0         12          0        984   Library Totals

    ----------------------------------------------------------------------

==============================================================================


      Code (inc. data)   RO Data    RW Data    ZI Data      Debug   

     18908       1828        552        152       3944     873732   Grand Totals
     18908       1828        552        152       3944     873732   ELF Image Totals
     18908       1828        552        152          0          0   ROM Totals

==============================================================================

    Total RO  Size (Code + RO Data)                19460 (  19.00kB)
    Total RW  Size (RW Data + ZI Data)              4096 (   4.00kB)
    Total ROM Size (Code + RO Data + RW Data)      19612 (  19.15kB)

==============================================================================

